 BerconMaps_2019_64

 Timestamp is 5ce85eae (Fri May 24 17:14:22 2019)

 Preferred load address is 0000000180000000

 Start         Length     Name                   Class
 0001:00000000 000079b0H .text$di                CODE
 0001:000079b0 000225a0H .text$mn                CODE
 0001:00029f50 00000020H .text$mn$00             CODE
 0001:00029f70 00000b60H .text$x                 CODE
 0001:0002aad0 000001dfH .text$yd                CODE
 0002:00000000 000008b0H .idata$5                DATA
 0002:000008b0 00000010H .00cfg                  DATA
 0002:000008c0 00000008H .CRT$XCA                DATA
 0002:000008c8 000000f8H .CRT$XCU                DATA
 0002:000009c0 00000008H .CRT$XCZ                DATA
 0002:000009c8 00000008H .CRT$XIA                DATA
 0002:000009d0 00000008H .CRT$XIZ                DATA
 0002:000009d8 00000008H .CRT$XPA                DATA
 0002:000009e0 00000008H .CRT$XPZ                DATA
 0002:000009e8 00000008H .CRT$XTA                DATA
 0002:000009f0 00000010H .CRT$XTZ                DATA
 0002:000009f8 00000000H .gfids$y                DATA
 0002:00000a00 00006270H .rdata                  DATA
 0002:00006c70 000020d4H .rdata$r                DATA
 0002:00008d44 000002b4H .rdata$zzzdbg           DATA
 0002:00008ff8 00000008H .rtc$IAA                DATA
 0002:00009000 00000008H .rtc$IZZ                DATA
 0002:00009008 00000008H .rtc$TAA                DATA
 0002:00009010 00000010H .rtc$TZZ                DATA
 0002:00009020 000039b8H .xdata                  DATA
 0002:0000c9d8 000001d8H .xdata$x                DATA
 0002:0000cbb0 00000104H .edata                  DATA
 0002:0000ccb4 00000118H .idata$2                DATA
 0002:0000cdcc 00000014H .idata$3                DATA
 0002:0000cde0 000008b0H .idata$4                DATA
 0002:0000d690 00002c56H .idata$6                DATA
 0003:00000000 00000730H .data                   DATA
 0003:00000730 000009f0H .data$r                 DATA
 0003:00001120 00000b68H .bss                    DATA
 0004:00000000 00001d1cH .pdata                  DATA
 0005:00000000 000009b0H .rsrc$01                DATA
 0005:000009b0 00019ae8H .rsrc$02                DATA

  Address         Publics by Value              Rva+Base               Lib:Object

 0000:00000000       __hybrid_code_map_count    0000000000000000     <absolute>
 0000:00000000       __guard_fids_count         0000000000000000     <absolute>
 0000:00000000       __enclave_config           0000000000000000     <absolute>
 0000:00000000       __volatile_metadata        0000000000000000     <absolute>
 0000:00000000       __dynamic_value_reloc_table 0000000000000000     <absolute>
 0000:00000000       __guard_iat_table          0000000000000000     <absolute>
 0000:00000000       ___safe_se_handler_table   0000000000000000     <absolute>
 0000:00000000       __guard_longjmp_table      0000000000000000     <absolute>
 0000:00000000       ___safe_se_handler_count   0000000000000000     <absolute>
 0000:00000000       __guard_fids_table         0000000000000000     <absolute>
 0000:00000000       __guard_iat_count          0000000000000000     <absolute>
 0000:00000000       __hybrid_code_map          0000000000000000     <absolute>
 0000:00000000       __guard_longjmp_count      0000000000000000     <absolute>
 0000:00000000       __hybrid_auxiliary_iat     0000000000000000     <absolute>
 0000:00000100       __guard_flags              0000000000000100     <absolute>
 0000:00000000       __ImageBase                0000000180000000     <linker-defined>
 0001:000079b0       ?SubTexmapOn@ISubMap@@UEAAHH@Z 00000001800089b0 f i BerconDistortion.obj
 0001:000079b0       ?OkToCreate@ClassDesc@@UEAAHPEAVInterface@@@Z 00000001800089b0 f i BerconDistortion.obj
 0001:000079b0       ?SupportTexDisplay@BerconDistortion@@UEAAHXZ 00000001800089b0 f i BerconDistortion.obj
 0001:000079b0       ?IsPublic@BerconNoiseClassDesc@@UEAAHXZ 00000001800089b0 f i BerconNoise.obj
 0001:000079b0       ?LoadMapFiles@Texmap@@UEAAHH@Z 00000001800089b0 f i BerconDistortion.obj
 0001:000079b0       ?LibShutdown@@YAHXZ        00000001800089b0 f i DllEntry.obj
 0001:000079b0       ?NumSubs@BerconTile@@UEAAHXZ 00000001800089b0 f i BerconTile.obj
 0001:000079b0       ?GetMapChannel@Texmap@@UEAAHXZ 00000001800089b0 f i BerconDistortion.obj
 0001:000079b0       ?GetSelKeyCoords@Animatable@@UEAAHAEAHAEAMK@Z 00000001800089b0 f i BerconDistortion.obj
 0001:000079b0       ?CanTransferReference@ReferenceMaker@@UEAAHH@Z 00000001800089b0 f i BerconDistortion.obj
 0001:000079b0       ?GetTransparencyHint@MtlBase@@UEAAHHAEAVInterval@@@Z 00000001800089b0 f i BerconDistortion.obj
 0001:000079b0       ?IsPublic@BerconWoodClassDesc@@UEAAHXZ 00000001800089b0 f i BerconWood.obj
 0001:000079b0       ?LibInitialize@@YAHXZ      00000001800089b0 f i DllEntry.obj
 0001:000079b0       ?IsRealDependency@ReferenceMaker@@UEAAHPEAVReferenceTarget@@@Z 00000001800089b0 f i BerconDistortion.obj
 0001:000079b0       ?CanCopyAnim@Animatable@@UEAAHXZ 00000001800089b0 f i BerconDistortion.obj
 0001:000079b0       ?IsPublic@BerconDistortionClassDesc@@UEAAHXZ 00000001800089b0 f i BerconDistortion.obj
 0001:000079b0       ?IsRefTarget@ReferenceTarget@@UEAAHXZ 00000001800089b0 f i BerconDistortion.obj
 0001:000079b0       ?SupportTexDisplay@BerconTile@@UEAAHXZ 00000001800089b0 f i BerconTile.obj
 0001:000079b0       ?SupportTexDisplay@BerconWood@@UEAAHXZ 00000001800089b0 f i BerconWood.obj
 0001:000079b0       ?IsRefMaker@ReferenceMaker@@UEAAHXZ 00000001800089b0 f i BerconDistortion.obj
 0001:000079b0       ?SupportTexDisplay@BerconNoise@@UEAAHXZ 00000001800089b0 f i BerconNoise.obj
 0001:000079b0       ?GetTrackVSpace@Animatable@@UEAAHH@Z 00000001800089b0 f i BerconDistortion.obj
 0001:000079b0       ?IsEnabled@IGradient@@UEAAHXZ 00000001800089b0 f i BerconGradient.obj
 0001:000079b0       ?NumSubs@BerconNoise@@UEAAHXZ 00000001800089b0 f i BerconNoise.obj
 0001:000079b0       ?NumSubs@BerconWood@@UEAAHXZ 00000001800089b0 f i BerconWood.obj
 0001:000079b0       ?SupportTexDisplay@BerconGradient@@UEAAHXZ 00000001800089b0 f i BerconGradient.obj
 0001:000079b0       ?IsPublic@BerconGradientClassDesc@@UEAAHXZ 00000001800089b0 f i BerconGradient.obj
 0001:000079b0       ?IsPublic@BerconTileClassDesc@@UEAAHXZ 00000001800089b0 f i BerconTile.obj
 0001:000079b0       ?CanAssignController@Animatable@@UEAAHH@Z 00000001800089b0 f i BerconDistortion.obj
 0001:000079b0       ?BuildMaps@MtlBase@@UEAAHHAEAVRenderMapsContext@@@Z 00000001800089b0 f i BerconDistortion.obj
 0001:000079b0       ?CanMakeUnique@Animatable@@UEAAHXZ 00000001800089b0 f i BerconDistortion.obj
 0001:000079b0       _get_startup_argv_mode     00000001800089b0 f i MSVCRT:argv_mode.obj
 0001:000079c0       ?Create@BerconDistortionClassDesc@@UEAAPEAXH@Z 00000001800089c0 f i BerconDistortion.obj
 0001:00007a00       ?ClassName@BerconDistortionClassDesc@@UEAAPEB_WXZ 0000000180008a00 f i BerconDistortion.obj
 0001:00007a10       ?SuperClassID@BerconDistortionClassDesc@@UEAAKXZ 0000000180008a10 f i BerconDistortion.obj
 0001:00007a10       ?SuperClassID@BerconDistortion@@UEAAKXZ 0000000180008a10 f i BerconDistortion.obj
 0001:00007a10       ?SuperClassID@BerconNoise@@UEAAKXZ 0000000180008a10 f i BerconNoise.obj
 0001:00007a10       ?SuperClassID@BerconGradientClassDesc@@UEAAKXZ 0000000180008a10 f i BerconGradient.obj
 0001:00007a10       ?SuperClassID@BerconWood@@UEAAKXZ 0000000180008a10 f i BerconWood.obj
 0001:00007a10       ?SuperClassID@BerconGradient@@UEAAKXZ 0000000180008a10 f i BerconGradient.obj
 0001:00007a10       ?SuperClassID@BerconTile@@UEAAKXZ 0000000180008a10 f i BerconTile.obj
 0001:00007a10       ?SuperClassID@BerconNoiseClassDesc@@UEAAKXZ 0000000180008a10 f i BerconNoise.obj
 0001:00007a10       ?SuperClassID@BerconTileClassDesc@@UEAAKXZ 0000000180008a10 f i BerconTile.obj
 0001:00007a10       ?SuperClassID@BerconWoodClassDesc@@UEAAKXZ 0000000180008a10 f i BerconWood.obj
 0001:00007a20       ?ClassID@BerconDistortionClassDesc@@UEAA?AVClass_ID@@XZ 0000000180008a20 f i BerconDistortion.obj
 0001:00007a20       ?ClassID@BerconDistortion@@UEAA?AVClass_ID@@XZ 0000000180008a20 f i BerconDistortion.obj
 0001:00007a40       ?Category@BerconGradientClassDesc@@UEAAPEB_WXZ 0000000180008a40 f i BerconGradient.obj
 0001:00007a40       ?Category@BerconDistortionClassDesc@@UEAAPEB_WXZ 0000000180008a40 f i BerconDistortion.obj
 0001:00007a40       ?Category@BerconNoiseClassDesc@@UEAAPEB_WXZ 0000000180008a40 f i BerconNoise.obj
 0001:00007a40       ?Category@BerconTileClassDesc@@UEAAPEB_WXZ 0000000180008a40 f i BerconTile.obj
 0001:00007a40       ?Category@BerconWoodClassDesc@@UEAAPEB_WXZ 0000000180008a40 f i BerconWood.obj
 0001:00007a50       ?InternalName@BerconDistortionClassDesc@@UEAAPEB_WXZ 0000000180008a50 f i BerconDistortion.obj
 0001:00007a60       ?HInstance@BerconNoiseClassDesc@@UEAAPEAUHINSTANCE__@@XZ 0000000180008a60 f i BerconNoise.obj
 0001:00007a60       ?HInstance@BerconGradientClassDesc@@UEAAPEAUHINSTANCE__@@XZ 0000000180008a60 f i BerconGradient.obj
 0001:00007a60       ?HInstance@BerconTileClassDesc@@UEAAPEAUHINSTANCE__@@XZ 0000000180008a60 f i BerconTile.obj
 0001:00007a60       ?HInstance@BerconWoodClassDesc@@UEAAPEAUHINSTANCE__@@XZ 0000000180008a60 f i BerconWood.obj
 0001:00007a60       ?HInstance@BerconDistortionClassDesc@@UEAAPEAUHINSTANCE__@@XZ 0000000180008a60 f i BerconDistortion.obj
 0001:00007a70       ??_GBerconDistortionClassDesc@@UEAAPEAXI@Z 0000000180008a70 f i BerconDistortion.obj
 0001:00007a70       ??_EBerconDistortionClassDesc@@UEAAPEAXI@Z 0000000180008a70 f i BerconDistortion.obj
 0001:00007ae0       ?SetUserDlgProc@ClassDesc2@@UEAA_NPEAVParamBlockDesc2@@PEAVParamMap2UserDlgProc@@@Z 0000000180008ae0 f i BerconDistortion.obj
 0001:00007af0       ?GetTheXYZGen@BerconNoise@@UEAAPEAVXYZGen@@XZ 0000000180008af0 f i BerconNoise.obj
 0001:00007af0       ?InvisibleProperty@Animatable@@UEAAHXZ 0000000180008af0 f i BerconDistortion.obj
 0001:00007af0       ?DebugFile@BerconSC@@UEAAPEAU_iobuf@@XZ 0000000180008af0 f i BerconDistortion.obj
 0001:00007af0       ?BypassTreeView@Animatable@@UEAAHXZ 0000000180008af0 f i BerconDistortion.obj
 0001:00007af0       ?CopyTrack@Animatable@@UEAAPEAVTrackClipObject@@VInterval@@K@Z 0000000180008af0 f i BerconDistortion.obj
 0001:00007af0       ?GetRenderInstance@RenderGlobalContext@@UEAAPEAVRenderInstance@@H@Z 0000000180008af0 f i BerconDistortion.obj
 0001:00007af0       ?PaintFCurves@Animatable@@UEAAHPEAVParamDimensionBase@@PEAUHDC__@@AEAVBox2@@2MHMHK@Z 0000000180008af0 f i BerconDistortion.obj
 0001:00007af0       ?Load@ClassDesc@@UEAA?AW4IOResult@@PEAVILoad@@@Z 0000000180008af0 f i BerconDistortion.obj
 0001:00007af0       ?GetToolTip@ResourceMakerCallback@@UEAAHHAEAVWStr@@PEAVICurveCtl@@@Z 0000000180008af0 f i BerconGradient.obj
 0001:00007af0       ?GetNSuperSample@ShadeContext@@UEAAHXZ 0000000180008af0 f i BerconDistortion.obj
 0001:00007af0       ?GetAAFilterKernel@RenderGlobalContext@@UEAAPEAVFilterKernel@@XZ 0000000180008af0 f i BerconDistortion.obj
 0001:00007af0       ?DebugFile@RenderGlobalContext@@UEAAPEAU_iobuf@@XZ 0000000180008af0 f i BerconDistortion.obj
 0001:00007af0       ?BypassPropertyLevel@Animatable@@UEAAHXZ 0000000180008af0 f i BerconDistortion.obj
 0001:00007af0       ?EndCreate@ClassDesc@@UEAAHPEAVInterface@@@Z 0000000180008af0 f i BerconDistortion.obj
 0001:00007af0       ?GetCache@ShadeContext@@UEAAHPEAVTexmap@@AEAVAColor@@@Z 0000000180008af0 f i BerconDistortion.obj
 0001:00007af0       __scrt_stub_for_is_c_termination_complete 0000000180008af0 f i MSVCRT:ucrt_stubs.obj
 0001:00007af0       ?CanCopyTrack@Animatable@@UEAAHVInterval@@K@Z 0000000180008af0 f i BerconDistortion.obj
 0001:00007af0       ?RenderEnd@Animatable@@UEAAHH@Z 0000000180008af0 f i BerconDistortion.obj
 0001:00007af0       ?GetCache@ShadeContext@@UEAAHPEAVTexmap@@AEAM@Z 0000000180008af0 f i BerconDistortion.obj
 0001:00007af0       ?SupportsMultiMapsInViewport@MtlBase@@UEAAHXZ 0000000180008af0 f i BerconDistortion.obj
 0001:00007af0       ?GetTheUVGen@Texmap@@UEAAPEAVUVGen@@XZ 0000000180008af0 f i BerconDistortion.obj
 0001:00007af0       ?SupportTimeOperations@Animatable@@UEAAHXZ 0000000180008af0 f i BerconDistortion.obj
 0001:00007af0       ?PaintSubFCurves@Animatable@@UEAAHHPEAVParamDimensionBase@@PEAUHDC__@@AEAVBox2@@2MHMHK@Z 0000000180008af0 f i BerconDistortion.obj
 0001:00007af0       ?Execute@RenderGlobalContext@@UEAA_JH_K00@Z 0000000180008af0 f i BerconDistortion.obj
 0001:00007af0       ?SetDlgThing@BerconDistortion@@UEAAHPEAVParamDlg@@@Z 0000000180008af0 f i BerconDistortion.obj
 0001:00007af0       ?BeginCreate@ClassDesc@@UEAAHPEAVInterface@@@Z 0000000180008af0 f i BerconDistortion.obj
 0001:00007af0       ?GetViewParams@RenderGlobalContext@@UEAAPEAVViewParams@@XZ 0000000180008af0 f i BerconDistortion.obj
 0001:00007af0       ?GetSubFCurveExtents@Animatable@@UEAAHHPEAVParamDimensionBase@@AEAM1K@Z 0000000180008af0 f i BerconDistortion.obj
 0001:00007af0       _is_c_termination_complete 0000000180008af0 f i MSVCRT:ucrt_stubs.obj
 0001:00007af0       ?CanManipulateNode@ClassDesc@@UEAAHPEAVINode@@@Z 0000000180008af0 f i BerconDistortion.obj
 0001:00007af0       ?ChildAnim@Animatable@@UEAAPEAV1@H@Z 0000000180008af0 f i BerconDistortion.obj
 0001:00007af0       ?CanPasteTrack@Animatable@@UEAAHPEAVTrackClipObject@@VInterval@@K@Z 0000000180008af0 f i BerconDistortion.obj
 0001:00007af0       ?SelectSubAnim@Animatable@@UEAAHH@Z 0000000180008af0 f i BerconDistortion.obj
 0001:00007af0       ?CanCopySubTrack@Animatable@@UEAAHHVInterval@@K@Z 0000000180008af0 f i BerconDistortion.obj
 0001:00007af0       ?CanDeleteSubAnim@Animatable@@UEAAHH@Z 0000000180008af0 f i BerconDistortion.obj
 0001:00007af0       ?SetSelKeyCoordsExpr@Animatable@@UEAAHPEAVParamDimension@@PEB_W1K@Z 0000000180008af0 f i BerconDistortion.obj
 0001:00007af0       ?TrackViewWinProc@Animatable@@UEAA_JPEAUHWND__@@I_K_J@Z 0000000180008af0 f i BerconDistortion.obj
 0001:00007af0       ?IsCurveSelected@Animatable@@UEAAHXZ 0000000180008af0 f i BerconDistortion.obj
 0001:00007af0       ?CopySubTrack@Animatable@@UEAAPEAVTrackClipObject@@HVInterval@@K@Z 0000000180008af0 f i BerconDistortion.obj
 0001:00007af0       ?GetKeySelState@Animatable@@UEAAHAEAVBitArray@@VInterval@@K@Z 0000000180008af0 f i BerconDistortion.obj
 0001:00007af0       ?IsMultiMtl@MtlBase@@UEAAHXZ 0000000180008af0 f i BerconDistortion.obj
 0001:00007af0       ?NumSelKeys@Animatable@@UEAAHXZ 0000000180008af0 f i BerconDistortion.obj
 0001:00007af0       ?GetActionTable@ClassDesc@@UEAAPEAVActionTable@@H@Z 0000000180008af0 f i BerconDistortion.obj
 0001:00007af0       ?RenderBegin@Animatable@@UEAAHHK@Z 0000000180008af0 f i BerconDistortion.obj
 0001:00007af0       ?NumChildren@Animatable@@UEAAHXZ 0000000180008af0 f i BerconDistortion.obj
 0001:00007af0       ?Execute@IGradient@@UEAA_JH_K00@Z 0000000180008af0 f i BerconGradient.obj
 0001:00007af0       ?Antialias@ShadeContext@@UEAAHXZ 0000000180008af0 f i BerconDistortion.obj
 0001:00007af0       ?GetEvalObject@ShadeContext@@UEAAPEAVObject@@XZ 0000000180008af0 f i BerconDistortion.obj
 0001:00007af0       ?TrackParamsType@Animatable@@UEAAHXZ 0000000180008af0 f i BerconDistortion.obj
 0001:00007af0       ?HandleOwnViewPerturb@Texmap@@UEAAHXZ 0000000180008af0 f i BerconDistortion.obj
 0001:00007af0       ?GetFCurveExtents@Animatable@@UEAAHPEAVParamDimensionBase@@AEAM1K@Z 0000000180008af0 f i BerconDistortion.obj
 0001:00007af0       ?CanManipulate@ClassDesc@@UEAAHPEAVReferenceTarget@@@Z 0000000180008af0 f i BerconDistortion.obj
 0001:00007af0       ?NumRenderInstances@RenderGlobalContext@@UEAAHXZ 0000000180008af0 f i BerconDistortion.obj
 0001:00007af0       ?AssignController@Animatable@@UEAAHPEAV1@H@Z 0000000180008af0 f i BerconDistortion.obj
 0001:00007af0       ?DebugFile@ShadeContext@@UEAAPEAU_iobuf@@XZ 0000000180008af0 f i BerconDistortion.obj
 0001:00007af0       ?HasClassParams@ClassDesc@@UEAAHXZ 0000000180008af0 f i BerconDistortion.obj
 0001:00007af0       ?NumActionTables@ClassDesc@@UEAAHXZ 0000000180008af0 f i BerconDistortion.obj
 0001:00007af0       ?IsHighDynamicRange@Texmap@@UEBAHXZ 0000000180008af0 f i BerconDistortion.obj
 0001:00007af0       ?Execute@ShadeContext@@UEAA_JH_K00@Z 0000000180008af0 f i BerconDistortion.obj
 0001:00007af0       ?GetParamMap@ClassDesc@@UEAAPEAVIParamMap2@@PEAVParamBlockDesc2@@@Z 0000000180008af0 f i BerconDistortion.obj
 0001:00007af0       ?GetTheXYZGen@Texmap@@UEAAPEAVXYZGen@@XZ 0000000180008af0 f i BerconDistortion.obj
 0001:00007af0       ?IsKeySelected@Animatable@@UEAAHH@Z 0000000180008af0 f i BerconDistortion.obj
 0001:00007af0       ?GetUserDlgProc@ClassDesc@@UEAAPEAVParamMap2UserDlgProc@@PEAVParamBlockDesc2@@@Z 0000000180008af0 f i BerconDistortion.obj
 0001:00007af0       ?GetCache@ShadeContext@@UEAAHPEAVTexmap@@AEAVPoint3@@@Z 0000000180008af0 f i BerconDistortion.obj
 0001:00007af0       ?SetKeyBufferPresent@Animatable@@UEAAHXZ 0000000180008af0 f i BerconDistortion.obj
 0001:00007af0       ?SetCustomImageList@ResourceMakerCallback@@UEAAHAEAPEAU_IMAGELIST@@PEAVICurveCtl@@@Z 0000000180008af0 f i BerconGradient.obj
 0001:00007af0       ?IsTextureSuperSampleOn@ShadeContext@@UEAAHXZ 0000000180008af0 f i BerconDistortion.obj
 0001:00007af0       ?CreateManipulator@ClassDesc@@UEAAPEAVManipulator@@PEAVINode@@@Z 0000000180008af0 f i BerconDistortion.obj
 0001:00007af0       ?BumpBasisVectors@ShadeContext@@UEAAHQEAVPoint3@@HH@Z 0000000180008af0 f i BerconDistortion.obj
 0001:00007af0       ?GetNextKeyTime@Animatable@@UEAAHHKAEAH@Z 0000000180008af0 f i BerconDistortion.obj
 0001:00007af0       ?ShouldPersistWeakRef@ReferenceMaker@@UEAAHPEAVReferenceTarget@@@Z 0000000180008af0 f i BerconDistortion.obj
 0001:00007af0       ?Node@ShadeContext@@UEAAPEAVINode@@XZ 0000000180008af0 f i BerconDistortion.obj
 0001:00007af0       ?IntersectWorld@RenderGlobalContext@@UEAAHAEAVRay@@HAEAUISect@@AEAVISectList@@H@Z 0000000180008af0 f i BerconDistortion.obj
 0001:00007af0       ?NeedsToSave@ClassDesc@@UEAAHXZ 0000000180008af0 f i BerconDistortion.obj
 0001:00007af0       ?IsSubCurveSelected@Animatable@@UEAAHH@Z 0000000180008af0 f i BerconDistortion.obj
 0001:00007af0       ?Save@ClassDesc@@UEAA?AW4IOResult@@PEAVISave@@@Z 0000000180008af0 f i BerconDistortion.obj
 0001:00007af0       ?CreateQtWidget@ClassDesc2@@UEAAPEAVQMaxParamBlockWidget@MaxSDK@@AEAVReferenceMaker@@AEAVIParamBlock2@@FAEAVWStr@@AEAH3@Z 0000000180008af0 f i BerconDistortion.obj
 0001:00007af0       ?IsManipulator@ClassDesc@@UEAAHXZ 0000000180008af0 f i BerconDistortion.obj
 0001:00007af0       ?CreateManipulator@ClassDesc@@UEAAPEAVManipulator@@PEAVReferenceTarget@@PEAVINode@@@Z 0000000180008af0 f i BerconDistortion.obj
 0001:00007af0       ?IsKeyAtTime@Animatable@@UEAAHHK@Z 0000000180008af0 f i BerconDistortion.obj
 0001:00007af0       ?Execute@ICustomControl@@UEAA_JH_K00@Z 0000000180008af0 f i BerconGradient.obj
 0001:00007af0       ?GetUVWSource@Texmap@@UEAAHXZ 0000000180008af0 f i BerconDistortion.obj
 0001:00007af0       ?Execute@ClassDesc@@UEAA_JH_K00@Z 0000000180008af0 f i BerconDistortion.obj
 0001:00007af0       ?IsSuperSampleOn@ShadeContext@@UEAAHXZ 0000000180008af0 f i BerconDistortion.obj
 0001:00007af0       ?GetKeyTimes@Animatable@@UEAAHAEAV?$Tab@H@@VInterval@@K@Z 0000000180008af0 f i BerconDistortion.obj
 0001:00007af0       ?ProjType@ShadeContext@@UEAAHXZ 0000000180008af0 f i BerconDistortion.obj
 0001:00007af0       ?GetKeyTime@Animatable@@UEAAHH@Z 0000000180008af0 f i BerconDistortion.obj
 0001:00007af0       ?CanPasteSubTrack@Animatable@@UEAAHHPEAVTrackClipObject@@VInterval@@K@Z 0000000180008af0 f i BerconDistortion.obj
 0001:00007b00       ?GetSystemNodes@Animatable@@UEAAXAEAVINodeTab@@W4SysNodeContext@@@Z 0000000180008b00 f i BerconDistortion.obj
 0001:00007b00       ?Enable@IGradient@@UEAAXH@Z 0000000180008b00 f i BerconGradient.obj
 0001:00007b00       ?PasteSubTrack@Animatable@@UEAAXHPEAVTrackClipObject@@VInterval@@K@Z 0000000180008b00 f i BerconDistortion.obj
 0001:00007b00       ?__global_delete@@YAXPEAX_K@Z 0000000180008b00 f i BerconDistortion.obj
 0001:00007b00       ?PasteTrack@Animatable@@UEAAXPEAVTrackClipObject@@VInterval@@K@Z 0000000180008b00 f i BerconDistortion.obj
 0001:00007b00       ?CloneSelectedKeys@Animatable@@UEAAXH@Z 0000000180008b00 f i BerconDistortion.obj
 0001:00007b00       ?RevertSetKeyBuffer@Animatable@@UEAAXXZ 0000000180008b00 f i BerconDistortion.obj
 0001:00007b00       ?SetNormal@ShadeContext@@UEAAXVPoint3@@@Z 0000000180008b00 f i BerconDistortion.obj
 0001:00007b00       ?LocalMappingsRequired@MtlBase@@UEAAXHAEAVBitArray@@0@Z 0000000180008b00 f i BerconDistortion.obj
 0001:00007b00       ?PutCache@ShadeContext@@UEAAXPEAVTexmap@@AEBVAColor@@@Z 0000000180008b00 f i BerconDistortion.obj
 0001:00007b00       ?RefDeleted@ReferenceTarget@@UEAAXXZ 0000000180008b00 f i BerconDistortion.obj
 0001:00007b00       ?CommitSetKeyBuffer@Animatable@@UEAAXH@Z 0000000180008b00 f i BerconDistortion.obj
 0001:00007b00       ?Enable2@IGradient@@UEAAXH@Z 0000000180008b00 f i BerconGradient.obj
 0001:00007b00       ?__empty_global_delete@@YAXPEAX_K@Z 0000000180008b00 f i BerconDistortion.obj
 0001:00007b00       ?AdjustTangents@Animatable@@UEAAXVTrackHitRecord@@PEAVParamDimensionBase@@AEAVBox2@@MHMHHHK@Z 0000000180008b00 f i BerconDistortion.obj
 0001:00007b00       ?IntersectRay@RenderGlobalContext@@UEAAXPEAVRenderInstance@@AEAVRay@@AEAUISect@@AEAVISectList@@H@Z 0000000180008b00 f i BerconDistortion.obj
 0001:00007b00       ?Disable@IGradient@@UEAAXXZ 0000000180008b00 f i BerconGradient.obj
 0001:00007b00       ?FreeAllBitmaps@Animatable@@UEAAXXZ 0000000180008b00 f i BerconDistortion.obj
 0001:00007b00       ?SelectCurve@Animatable@@UEAAXH@Z 0000000180008b00 f i BerconDistortion.obj
 0001:00007b00       ?RefAddedUndoRedo@ReferenceTarget@@UEAAXPEAVReferenceMaker@@@Z 0000000180008b00 f i BerconDistortion.obj
 0001:00007b00       ?TossCache@ShadeContext@@UEAAXPEAVTexmap@@@Z 0000000180008b00 f i BerconDistortion.obj
 0001:00007b00       ?BeginEditParams@Animatable@@UEAAXPEAVIObjParam@@KPEAV1@@Z 0000000180008b00 f i BerconDistortion.obj
 0001:00007b00       ?MoveKeys@Animatable@@UEAAXPEAVParamDimensionBase@@MK@Z 0000000180008b00 f i BerconDistortion.obj
 0001:00007b00       ?SetIOR@ShadeContext@@UEAAXM@Z 0000000180008b00 f i BerconDistortion.obj
 0001:00007b00       ?ScaleTime@Animatable@@UEAAXVInterval@@M@Z 0000000180008b00 f i BerconDistortion.obj
 0001:00007b00       ?DP@ShadeContext@@UEAAXAEAVPoint3@@0@Z 0000000180008b00 f i BerconDistortion.obj
 0001:00007b00       ?FreeCaches@Animatable@@UEAAXXZ 0000000180008b00 f i BerconDistortion.obj
 0001:00007b00       ?EditTrackParams@Animatable@@UEAAXHPEAVParamDimensionBase@@PEB_WPEAUHWND__@@PEAVIObjParam@@K@Z 0000000180008b00 f i BerconDistortion.obj
 0001:00007b00       ?SelectKeyByIndex@Animatable@@UEAAXHH@Z 0000000180008b00 f i BerconDistortion.obj
 0001:00007b00       ?InsertTime@Animatable@@UEAAXHH@Z 0000000180008b00 f i BerconDistortion.obj
 0001:00007b00       ?ReverseTime@Animatable@@UEAAXVInterval@@K@Z 0000000180008b00 f i BerconDistortion.obj
 0001:00007b00       ?EditClassParams@ClassDesc@@UEAAXPEAUHWND__@@@Z 0000000180008b00 f i BerconDistortion.obj
 0001:00007b00       ?SelectKeys@Animatable@@UEAAXAEAV?$Tab@VTrackHitRecord@@@@K@Z 0000000180008b00 f i BerconDistortion.obj
 0001:00007b00       ?ResetCallback@ResourceMakerCallback@@UEAAXHPEAVICurveCtl@@@Z 0000000180008b00 f i BerconGradient.obj
 0001:00007b00       ?PutCache@ShadeContext@@UEAAXPEAVTexmap@@AEBVPoint3@@@Z 0000000180008b00 f i BerconDistortion.obj
 0001:00007b00       ?SetTooltip@IGradient@@UEAAX_NPEB_W@Z 0000000180008b00 f i BerconGradient.obj
 0001:00007b00       ?DeleteSubAnim@Animatable@@UEAAXH@Z 0000000180008b00 f i BerconDistortion.obj
 0001:00007b00       ?DeleteKeys@Animatable@@UEAAXK@Z 0000000180008b00 f i BerconDistortion.obj
 0001:00007b00       ?SetupGfxMultiMaps@MtlBase@@UEAAXHPEAVMaterial@@AEAVMtlMakerCallback@@@Z 0000000180008b00 f i BerconDistortion.obj
 0001:00007b00       ?SetSelKeyCoords@Animatable@@UEAAXHMK@Z 0000000180008b00 f i BerconDistortion.obj
 0001:00007b00       ?RefDeletedUndoRedo@ReferenceTarget@@UEAAXXZ 0000000180008b00 f i BerconDistortion.obj
 0001:00007b00       ?SetParamBlock@ParamMap2UserDlgProc@@UEAAXPEAVIParamBlock2@@@Z 0000000180008b00 f i BerconDistortion.obj
 0001:00007b00       ?PutCache@ShadeContext@@UEAAXPEAVTexmap@@M@Z 0000000180008b00 f i BerconDistortion.obj
 0001:00007b00       ?FlagKey@Animatable@@UEAAXVTrackHitRecord@@@Z 0000000180008b00 f i BerconDistortion.obj
 0001:00007b00       ?CopyKeysFromTime@Animatable@@UEAAXHHK@Z 0000000180008b00 f i BerconDistortion.obj
 0001:00007b00       ?DeleteKeyAtTime@Animatable@@UEAAXH@Z 0000000180008b00 f i BerconDistortion.obj
 0001:00007b00       ?SetOutputLevel@Texmap@@UEAAXHM@Z 0000000180008b00 f i BerconDistortion.obj
 0001:00007b00       ?SelectSubKeys@Animatable@@UEAAXHAEAV?$Tab@VTrackHitRecord@@@@K@Z 0000000180008b00 f i BerconDistortion.obj
 0001:00007b00       ?DeleteTime@Animatable@@UEAAXVInterval@@K@Z 0000000180008b00 f i BerconDistortion.obj
 0001:00007b00       ?AddNewKey@Animatable@@UEAAXHK@Z 0000000180008b00 f i BerconDistortion.obj
 0001:00007b00       ?SetThing@ParamMap2UserDlgProc@@UEAAXPEAVReferenceTarget@@@Z 0000000180008b00 f i BerconDistortion.obj
 0001:00007b00       ?ScaleKeyValues@Animatable@@UEAAXPEAVParamDimensionBase@@MMK@Z 0000000180008b00 f i BerconDistortion.obj
 0001:00007b00       ?EditTimeRange@Animatable@@UEAAXVInterval@@K@Z 0000000180008b00 f i BerconDistortion.obj
 0001:00007b00       ?NewCurveCreatedCallback@ResourceMakerCallback@@UEAAXHPEAVICurveCtl@@@Z 0000000180008b00 f i BerconGradient.obj
 0001:00007b00       ?DeleteKeyByIndex@Animatable@@UEAAXH@Z 0000000180008b00 f i BerconDistortion.obj
 0001:00007b00       ?Update@ParamMap2UserDlgProc@@UEAAXH@Z 0000000180008b00 f i BerconDistortion.obj
 0001:00007b00       ?SelectSubCurve@Animatable@@UEAAXHH@Z 0000000180008b00 f i BerconDistortion.obj
 0001:00007b00       _guard_check_icall_nop     0000000180008b00 f i MSVCRT:guard_support.obj
 0001:00007b00       ?EndEditParams@Animatable@@UEAAXPEAVIObjParam@@KPEAV1@@Z 0000000180008b00 f i BerconDistortion.obj
 0001:00007b00       ?AdjustTangents@Animatable@@UEAAXVTrackHitRecord@@PEAVParamDimensionBase@@MMK@Z 0000000180008b00 f i BerconDistortion.obj
 0001:00007b00       ?NotifyTarget@ReferenceTarget@@UEAAXHPEAVReferenceMaker@@@Z 0000000180008b00 f i BerconDistortion.obj
 0001:00007b10       ?InitialRollupPageState@ClassDesc@@UEAAKXZ 0000000180008b10 f i BerconDistortion.obj
 0001:00007b20       ?DrawRepresentation@ClassDesc@@UEAA_NKPEAUHDC__@@AEAVBox2@@@Z 0000000180008b20 f i BerconDistortion.obj
 0001:00007b20       ?UseOnlyInternalNameForMAXScriptExposure@ClassDesc@@UEAA_NXZ 0000000180008b20 f i BerconDistortion.obj
 0001:00007b20       ?IsLocalOutputMeaningful@Texmap@@UEAA_NAEAVShadeContext@@@Z 0000000180008b20 f i BerconDistortion.obj
 0001:00007b20       ?GetMacroRecorderName@Animatable@@UEAA_N_NAEAVWStr@@@Z 0000000180008b20 f i BerconDistortion.obj
 0001:00007b30       ?NumInterfaces@ClassDesc@@UEAAHXZ 0000000180008b30 f i BerconDistortion.obj
 0001:00007b40       ?GetInterfaceAt@ClassDesc@@UEAAPEAVFPInterface@@H@Z 0000000180008b40 f i BerconDistortion.obj
 0001:00007c20       ?ClearInterfaces@ClassDesc@@UEAAXXZ 0000000180008c20 f i BerconDistortion.obj
 0001:00007c30       ?SubClassID@ClassDesc@@UEAA?AVClass_ID@@XZ 0000000180008c30 f i BerconDistortion.obj
 0001:00007c40       ?What@TabOutOfRangeException@Util@MaxSDK@@UEBAPEB_WXZ 0000000180008c40 f i BerconDistortion.obj
 0001:00007c60       ??1TabOutOfRangeException@Util@MaxSDK@@UEAA@XZ 0000000180008c60 f i BerconDistortion.obj
 0001:00007c80       ??0TabOutOfRangeException@Util@MaxSDK@@QEAA@AEBV012@@Z 0000000180008c80 f i BerconDistortion.obj
 0001:00007cc0       ??_ETabOutOfRangeException@Util@MaxSDK@@UEAAPEAXI@Z 0000000180008cc0 f i BerconDistortion.obj
 0001:00007cc0       ??_GTabOutOfRangeException@Util@MaxSDK@@UEAAPEAXI@Z 0000000180008cc0 f i BerconDistortion.obj
 0001:00007d30       ??_EXYZ_Desc@@UEAAPEAXI@Z  0000000180008d30 f i BerconDistortion.obj
 0001:00007d30       ??_GXYZ_Desc@@UEAAPEAXI@Z  0000000180008d30 f i BerconDistortion.obj
 0001:00007da0       ??0BerconDistortion@@QEAA@XZ 0000000180008da0 f   BerconDistortion.obj
 0001:00007f60       ??0BerconSC@@QEAA@QEAVShadeContext@@@Z 0000000180008f60 f i BerconDistortion.obj
 0001:00008130       ??0TabOutOfRangeException@Util@MaxSDK@@QEAA@PEB_W@Z 0000000180009130 f i BerconDistortion.obj
 0001:00008160       ??0VertexNormalsControl@@QEAA@XZ 0000000180009160 f i BerconDistortion.obj
 0001:00008190       ??0XYZ_Desc@@QEAA@PEAVClassDesc2@@HHHHHHH@Z 0000000180009190 f i BerconDistortion.obj
 0001:00009460       ??1?$Tab@PEAVBaseInterface@@@@QEAA@XZ 000000018000a460 f i BerconDistortion.obj
 0001:00009460       ??1?$Tab@PEAVVertexNormalsCallback@@@@QEAA@XZ 000000018000a460 f i BerconDistortion.obj
 0001:00009480       ??1BerconSC@@UEAA@XZ       000000018000a480 f i BerconDistortion.obj
 0001:000094d0       ??1ParamMap2UserDlgProc@@UEAA@XZ 000000018000a4d0 f i BerconDistortion.obj
 0001:000094e0       ??1ShadeOutput@@UEAA@XZ    000000018000a4e0 f i BerconDistortion.obj
 0001:000094e0       ??1RenderGlobalContext@@UEAA@XZ 000000018000a4e0 f i BerconDistortion.obj
 0001:00009500       ??1ShadeContext@@UEAA@XZ   000000018000a500 f i BerconDistortion.obj
 0001:00009540       ??1Texmap@@UEAA@XZ         000000018000a540 f i BerconDistortion.obj
 0001:00009560       ??_EBerconDistortion@@WEA@EAAPEAXI@Z 000000018000a560 f i BerconDistortion.obj
 0001:0000956c       ??_EBerconSC@@WCII@EAAPEAXI@Z 000000018000a56c f i BerconDistortion.obj
 0001:00009580       ??_GBaseInterfaceServer@@UEAAPEAXI@Z 000000018000a580 f i BerconDistortion.obj
 0001:00009580       ??_EBaseInterfaceServer@@UEAAPEAXI@Z 000000018000a580 f i BerconDistortion.obj
 0001:000095d0       ??_GBerconDistortion@@UEAAPEAXI@Z 000000018000a5d0 f i BerconDistortion.obj
 0001:000095d0       ??_EBerconDistortion@@UEAAPEAXI@Z 000000018000a5d0 f i BerconDistortion.obj
 0001:00009670       ??_EBerconSC@@UEAAPEAXI@Z  000000018000a670 f i BerconDistortion.obj
 0001:00009670       ??_GBerconSC@@UEAAPEAXI@Z  000000018000a670 f i BerconDistortion.obj
 0001:00009700       ??_GBerconXYZDlgProc@@UEAAPEAXI@Z 000000018000a700 f i BerconDistortion.obj
 0001:00009700       ??_EBerconWoodDlgProc@@UEAAPEAXI@Z 000000018000a700 f i BerconWood.obj
 0001:00009700       ??_EBerconNoiseDlgProc@@UEAAPEAXI@Z 000000018000a700 f i BerconNoise.obj
 0001:00009700       ??_GBerconNoiseDlgProc@@UEAAPEAXI@Z 000000018000a700 f i BerconNoise.obj
 0001:00009700       ??_EBerconXYZDlgProc@@UEAAPEAXI@Z 000000018000a700 f i BerconDistortion.obj
 0001:00009700       ??_EBerconTileDlgProc@@UEAAPEAXI@Z 000000018000a700 f i BerconTile.obj
 0001:00009700       ??_GBerconWoodDlgProc@@UEAAPEAXI@Z 000000018000a700 f i BerconWood.obj
 0001:00009700       ??_GBerconTileDlgProc@@UEAAPEAXI@Z 000000018000a700 f i BerconTile.obj
 0001:00009750       ??_EInterfaceServer@@UEAAPEAXI@Z 000000018000a750 f i BerconDistortion.obj
 0001:00009750       ??_GInterfaceServer@@UEAAPEAXI@Z 000000018000a750 f i BerconDistortion.obj
 0001:000097a0       ??_EParamMap2UserDlgProc@@UEAAPEAXI@Z 000000018000a7a0 f i BerconDistortion.obj
 0001:000097a0       ??_GParamMap2UserDlgProc@@UEAAPEAXI@Z 000000018000a7a0 f i BerconDistortion.obj
 0001:000097e0       ??_GRenderGlobalContext@@UEAAPEAXI@Z 000000018000a7e0 f i BerconDistortion.obj
 0001:000097e0       ??_ERenderGlobalContext@@UEAAPEAXI@Z 000000018000a7e0 f i BerconDistortion.obj
 0001:00009850       ??_GShadeContext@@UEAAPEAXI@Z 000000018000a850 f i BerconDistortion.obj
 0001:00009850       ??_EShadeContext@@UEAAPEAXI@Z 000000018000a850 f i BerconDistortion.obj
 0001:000098d0       ??_EShadeOutput@@UEAAPEAXI@Z 000000018000a8d0 f i BerconDistortion.obj
 0001:000098d0       ??_GShadeOutput@@UEAAPEAXI@Z 000000018000a8d0 f i BerconDistortion.obj
 0001:00009940       ?ActivateTexDisplay@BerconDistortion@@UEAAXH@Z 000000018000a940 f i BerconDistortion.obj
 0001:00009970       ?Antialias@BerconSC@@UEAAHXZ 000000018000a970 f i BerconDistortion.obj
 0001:00009980       ?BarycentricCoords@BerconSC@@UEAA?AVPoint3@@XZ 000000018000a980 f i BerconDistortion.obj
 0001:000099a0       ?BarycentricCoords@ShadeContext@@UEAA?AVPoint3@@XZ 000000018000a9a0 f i BerconDistortion.obj
 0001:000099b0       ?BumpBasisVectors@BerconSC@@UEAAHQEAVPoint3@@HH@Z 000000018000a9b0 f i BerconDistortion.obj
 0001:000099d0       ?BypassTrackBar@Animatable@@UEAAHXZ 000000018000a9d0 f i BerconDistortion.obj
 0001:000099e0       ?CamFarRange@BerconSC@@UEAAMXZ 000000018000a9e0 f i BerconDistortion.obj
 0001:00009a00       ?RayConeAngle@ShadeContext@@UEAAMXZ 000000018000aa00 f i BerconDistortion.obj
 0001:00009a00       ?CamFarRange@ShadeContext@@UEAAMXZ 000000018000aa00 f i BerconDistortion.obj
 0001:00009a00       ?GetAAFilterSize@RenderGlobalContext@@UEAAMXZ 000000018000aa00 f i BerconDistortion.obj
 0001:00009a00       ?CamNearRange@ShadeContext@@UEAAMXZ 000000018000aa00 f i BerconDistortion.obj
 0001:00009a00       ?Curve@ShadeContext@@UEAAMXZ 000000018000aa00 f i BerconDistortion.obj
 0001:00009a10       ?CamNearRange@BerconSC@@UEAAMXZ 000000018000aa10 f i BerconDistortion.obj
 0001:00009a30       ?CamPos@BerconSC@@UEAA?AVPoint3@@XZ 000000018000aa30 f i BerconDistortion.obj
 0001:00009a60       ?ClassID@BerconSC@@UEAA?AVClass_ID@@XZ 000000018000aa60 f i BerconDistortion.obj
 0001:00009a80       ?SurfacePtScreen@ShadeContext@@UEAA?AVPoint2@@XZ 000000018000aa80 f i BerconDistortion.obj
 0001:00009a80       ?ClassID@ShadeContext@@UEAA?AVClass_ID@@XZ 000000018000aa80 f i BerconDistortion.obj
 0001:00009a90       ?Clone@BerconDistortion@@UEAAPEAVReferenceTarget@@AEAVRemapDir@@@Z 000000018000aa90 f   BerconDistortion.obj
 0001:00009bc0       ?CreateParamDlg@BerconDistortion@@UEAAPEAVParamDlg@@PEAUHWND__@@PEAVIMtlParams@@@Z 000000018000abc0 f   BerconDistortion.obj
 0001:00009c40       ?CurTime@BerconSC@@UEAAHXZ 000000018000ac40 f i BerconDistortion.obj
 0001:00009c50       ?Curve@BerconSC@@UEAAMXZ   000000018000ac50 f i BerconDistortion.obj
 0001:00009c70       ?DP@BerconSC@@UEAA?AVPoint3@@XZ 000000018000ac70 f i BerconDistortion.obj
 0001:00009ca0       ?DP@BerconSC@@UEAAXAEAVPoint3@@0@Z 000000018000aca0 f i BerconDistortion.obj
 0001:00009cc0       ?DPObj@BerconSC@@UEAA?AVPoint3@@XZ 000000018000acc0 f i BerconDistortion.obj
 0001:00009cf0       ?DPObjRelBox@BerconSC@@UEAA?AVPoint3@@XZ 000000018000acf0 f i BerconDistortion.obj
 0001:00009d20       ?DPdUVW@BerconSC@@UEAAXQEAVPoint3@@H@Z 000000018000ad20 f i BerconDistortion.obj
 0001:00009d40       ?DUVW@BerconSC@@UEAA?AVPoint3@@H@Z 000000018000ad40 f i BerconDistortion.obj
 0001:00009d64       ?DebugFile@BerconSC@@WCII@EAAPEAU_iobuf@@XZ 000000018000ad64 f i BerconDistortion.obj
 0001:00009d70       ?DeleteThis@BerconDistortion@@UEAAXXZ 000000018000ad70 f i BerconDistortion.obj
 0001:00009d70       ?DeleteThis@BerconXYZDlgProc@@UEAAXXZ 000000018000ad70 f i BerconDistortion.obj
 0001:00009d70       ?DeleteThis@BerconNoise@@UEAAXXZ 000000018000ad70 f i BerconNoise.obj
 0001:00009d70       ?DeleteThis@BerconWood@@UEAAXXZ 000000018000ad70 f i BerconWood.obj
 0001:00009d70       ?DeleteThis@BerconNoiseDlgProc@@UEAAXXZ 000000018000ad70 f i BerconNoise.obj
 0001:00009d70       ?DeleteThis@BerconGradient@@UEAAXXZ 000000018000ad70 f i BerconGradient.obj
 0001:00009d70       ?DeleteThis@BerconWoodDlgProc@@UEAAXXZ 000000018000ad70 f i BerconWood.obj
 0001:00009d70       ?DeleteThis@BerconTileDlgProc@@UEAAXXZ 000000018000ad70 f i BerconTile.obj
 0001:00009d70       ?DeleteThis@BerconGradientDlgProc@@UEAAXXZ 000000018000ad70 f i BerconGradient.obj
 0001:00009d90       ?DiffuseIllum@BerconSC@@UEAA?AVColor@@XZ 000000018000ad90 f i BerconDistortion.obj
 0001:00009dc0       ?DlgProc@BerconXYZDlgProc@@UEAA_JHPEAVIParamMap2@@PEAUHWND__@@I_K_J@Z 000000018000adc0 f i BerconDistortion.obj
 0001:0000a2d0       ?EditTrack@Animatable@@UEAAXXZ 000000018000b2d0 f i BerconDistortion.obj
 0001:0000a300       ?EvalColor@BerconDistortion@@UEAA?AVAColor@@AEAVShadeContext@@@Z 000000018000b300 f   BerconDistortion.obj
 0001:0000a4a0       ?EvalEnvironMap@BerconSC@@UEAA?AVAColor@@PEAVTexmap@@VPoint3@@@Z 000000018000b4a0 f i BerconDistortion.obj
 0001:0000a4f0       ?EvalGlobalEnvironMap@BerconSC@@UEAA?AVAColor@@VPoint3@@@Z 000000018000b4f0 f i BerconDistortion.obj
 0001:0000a540       ?EvalGlobalEnvironMap@RenderGlobalContext@@UEAA?AVAColor@@AEAVShadeContext@@AEAVRay@@H@Z 000000018000b540 f i BerconDistortion.obj
 0001:0000a560       ?EvalGlobalEnvironMap@ShadeContext@@UEAA?AVAColor@@VPoint3@@@Z 000000018000b560 f i BerconDistortion.obj
 0001:0000a570       ?EvalMono@BerconDistortion@@UEAAMAEAVShadeContext@@@Z 000000018000b570 f   BerconDistortion.obj
 0001:0000a6e0       ?EvalNormalPerturb@BerconDistortion@@UEAA?AVPoint3@@AEAVShadeContext@@@Z 000000018000b6e0 f   BerconDistortion.obj
 0001:0000a850       ?Execute@BerconSC@@UEAA_JH_K00@Z 000000018000b850 f i BerconDistortion.obj
 0001:0000a864       ?Execute@BerconSC@@WCII@EAA_JH_K00@Z 000000018000b864 f i BerconDistortion.obj
 0001:0000a870       ?FaceNumber@BerconSC@@UEAAHXZ 000000018000b870 f i BerconDistortion.obj
 0001:0000a880       ?GNormal@BerconSC@@UEAA?AVPoint3@@XZ 000000018000b880 f i BerconDistortion.obj
 0001:0000a8b0       ?GetActiveTexHandle@BerconDistortion@@UEAA_KHAEAVTexHandleMaker@@@Z 000000018000b8b0 f   BerconDistortion.obj
 0001:0000a970       ?GetBGColor@BerconSC@@UEAAXAEAVColor@@0H@Z 000000018000b970 f i BerconDistortion.obj
 0001:0000a990       ?GetBerconDistortionDesc@@YAPEAVClassDesc2@@XZ 000000018000b990 f   BerconDistortion.obj
 0001:0000a9a0       ?GetCache@BerconSC@@UEAAHPEAVTexmap@@AEAM@Z 000000018000b9a0 f i BerconDistortion.obj
 0001:0000a9c0       ?GetCache@BerconSC@@UEAAHPEAVTexmap@@AEAVAColor@@@Z 000000018000b9c0 f i BerconDistortion.obj
 0001:0000a9e0       ?GetCache@BerconSC@@UEAAHPEAVTexmap@@AEAVPoint3@@@Z 000000018000b9e0 f i BerconDistortion.obj
 0001:0000aa00       ?GetClassName@BerconDistortion@@UEAAXAEAVWStr@@@Z 000000018000ba00 f i BerconDistortion.obj
 0001:0000aa30       ?GetEvalObject@BerconSC@@UEAAPEAVObject@@XZ 000000018000ba30 f i BerconDistortion.obj
 0001:0000aa40       ?NodeID@ShadeContext@@UEAAHXZ 000000018000ba40 f i BerconDistortion.obj
 0001:0000aa40       ?GetFlagKeyIndex@Animatable@@UEAAHXZ 000000018000ba40 f i BerconDistortion.obj
 0001:0000aa40       ?GetKeyIndex@Animatable@@UEAAHH@Z 000000018000ba40 f i BerconDistortion.obj
 0001:0000aa40       ?NumKeys@Animatable@@UEAAHXZ 000000018000ba40 f i BerconDistortion.obj
 0001:0000aa50       ?GetIOR@BerconSC@@UEAAMXZ  000000018000ba50 f i BerconDistortion.obj
 0001:0000aa70       ?GetSampleSizeScale@ShadeContext@@UEAAMXZ 000000018000ba70 f i BerconDistortion.obj
 0001:0000aa70       ?GetIOR@ShadeContext@@UEAAMXZ 000000018000ba70 f i BerconDistortion.obj
 0001:0000aa80       ?GetInterface@MtlBase@@UEAAPEAVBaseInterface@@VInterface_ID@@@Z 000000018000ba80 f i BerconDistortion.obj
 0001:0000aab0       ?GetNSuperSample@BerconSC@@UEAAHXZ 000000018000bab0 f i BerconDistortion.obj
 0001:0000aad0       ?GetParamBlock@BerconDistortion@@UEAAPEAVIParamBlock2@@H@Z 000000018000bad0 f i BerconDistortion.obj
 0001:0000aaf0       ?GetParamBlockByID@BerconDistortion@@UEAAPEAVIParamBlock2@@F@Z 000000018000baf0 f i BerconDistortion.obj
 0001:0000ab40       ?GetParamDimension@Animatable@@UEAAPEAVParamDimension@@H@Z 000000018000bb40 f i BerconDistortion.obj
 0001:0000ab50       ?GetRefTarget@MtlBase@@UEAAPEAVReferenceTarget@@XZ 000000018000bb50 f i BerconDistortion.obj
 0001:0000ab60       ?GetReference@BerconDistortion@@UEAAPEAVReferenceTarget@@H@Z 000000018000bb60 f   BerconDistortion.obj
 0001:0000ab60       ?SubAnim@BerconDistortion@@UEAAPEAVAnimatable@@H@Z 000000018000bb60 f   BerconDistortion.obj
 0001:0000ab90       ?GetRenderElement@BerconSC@@UEAAPEAVIRenderElement@@H@Z 000000018000bb90 f i BerconDistortion.obj
 0001:0000abb0       ?GetRenderElement@ShadeContext@@UEAAPEAVIRenderElement@@H@Z 000000018000bbb0 f i BerconDistortion.obj
 0001:0000abd0       ?GetSampleSizeScale@BerconSC@@UEAAMXZ 000000018000bbd0 f i BerconDistortion.obj
 0001:0000abf0       ?GetSubAnimCurveColor@Animatable@@UEAAKH@Z 000000018000bbf0 f i BerconDistortion.obj
 0001:0000ac00       ?GetSubTexmap@BerconDistortion@@UEAAPEAVTexmap@@H@Z 000000018000bc00 f i BerconDistortion.obj
 0001:0000ac10       ?GetSubTexmapSlotName@BerconDistortion@@UEAA?AVWStr@@H@Z 000000018000bc10 f   BerconDistortion.obj
 0001:0000aca0       ?GetTextureTiling@Texmap@@UEAAHXZ 000000018000bca0 f i BerconDistortion.obj
 0001:0000aca0       ?NumParamBlocks@BerconNoise@@UEAAHXZ 000000018000bca0 f i BerconNoise.obj
 0001:0000aca0       ?NumParamBlocks@BerconWood@@UEAAHXZ 000000018000bca0 f i BerconWood.obj
 0001:0000aca0       ?NumSubTexmaps@BerconDistortion@@UEAAHXZ 000000018000bca0 f i BerconDistortion.obj
 0001:0000aca0       ?NumParamBlocks@BerconTile@@UEAAHXZ 000000018000bca0 f i BerconTile.obj
 0001:0000acb0       ?GetUVTransform@Texmap@@UEAAXAEAVMatrix3@@@Z 000000018000bcb0 f i BerconDistortion.obj
 0001:0000acc0       ?HitTestFCurves@Animatable@@UEAAHPEAVParamDimensionBase@@AEAV?$Tab@VTrackHitRecord@@@@AEAVBox2@@2MHMHK@Z 000000018000bcc0 f i BerconDistortion.obj
 0001:0000acc0       ?HitTestSubFCurves@Animatable@@UEAAHHPEAVParamDimensionBase@@AEAV?$Tab@VTrackHitRecord@@@@AEAVBox2@@2MHMHK@Z 000000018000bcc0 f i BerconDistortion.obj
 0001:0000acd0       ?PaintSubTrack@Animatable@@UEAAHHPEAVParamDimensionBase@@PEAUHDC__@@AEAVBox2@@2MHK@Z 000000018000bcd0 f i BerconDistortion.obj
 0001:0000acd0       ?NumParamBlocks@BerconGradient@@UEAAHXZ 000000018000bcd0 f i BerconGradient.obj
 0001:0000acd0       ?HitTestTrack@Animatable@@UEAAHAEAV?$Tab@VTrackHitRecord@@@@AEAVBox2@@1MHK@Z 000000018000bcd0 f i BerconDistortion.obj
 0001:0000acd0       ?NumParamBlocks@BerconDistortion@@UEAAHXZ 000000018000bcd0 f i BerconDistortion.obj
 0001:0000acd0       ?PaintTrack@Animatable@@UEAAHPEAVParamDimensionBase@@PEAUHDC__@@AEAVBox2@@2MHK@Z 000000018000bcd0 f i BerconDistortion.obj
 0001:0000ace0       ?InMtlEditor@BerconSC@@UEAAHXZ 000000018000bce0 f i BerconDistortion.obj
 0001:0000acf0       ?InitSlotType@Texmap@@UEAAXH@Z 000000018000bcf0 f i BerconDistortion.obj
 0001:0000ad00       __vcrt_uninitialize_critical 000000018000bd00 f i MSVCRT:ucrt_stubs.obj
 0001:0000ad00       __vcrt_initialize          000000018000bd00 f i MSVCRT:ucrt_stubs.obj
 0001:0000ad00       __acrt_thread_detach       000000018000bd00 f i MSVCRT:ucrt_stubs.obj
 0001:0000ad00       __scrt_stub_for_acrt_uninitialize_critical 000000018000bd00 f i MSVCRT:ucrt_stubs.obj
 0001:0000ad00       __vcrt_uninitialize        000000018000bd00 f i MSVCRT:ucrt_stubs.obj
 0001:0000ad00       __scrt_stub_for_acrt_initialize 000000018000bd00 f i MSVCRT:ucrt_stubs.obj
 0001:0000ad00       __acrt_uninitialize_critical 000000018000bd00 f i MSVCRT:ucrt_stubs.obj
 0001:0000ad00       __vcrt_thread_detach       000000018000bd00 f i MSVCRT:ucrt_stubs.obj
 0001:0000ad00       __scrt_stub_for_acrt_thread_detach 000000018000bd00 f i MSVCRT:ucrt_stubs.obj
 0001:0000ad00       __vcrt_thread_attach       000000018000bd00 f i MSVCRT:ucrt_stubs.obj
 0001:0000ad00       ?IsParamBlockDesc2Used@Animatable@@UEAA_NPEAVParamBlockDesc2@@@Z 000000018000bd00 f i BerconDistortion.obj
 0001:0000ad00       __scrt_stub_for_acrt_thread_attach 000000018000bd00 f i MSVCRT:ucrt_stubs.obj
 0001:0000ad00       __scrt_stub_for_acrt_uninitialize 000000018000bd00 f i MSVCRT:ucrt_stubs.obj
 0001:0000ad00       __acrt_initialize          000000018000bd00 f i MSVCRT:ucrt_stubs.obj
 0001:0000ad00       __acrt_uninitialize        000000018000bd00 f i MSVCRT:ucrt_stubs.obj
 0001:0000ad00       __acrt_thread_attach       000000018000bd00 f i MSVCRT:ucrt_stubs.obj
 0001:0000ad10       ?IsSubClassOf@Animatable@@UEAAHVClass_ID@@@Z 000000018000bd10 f i BerconDistortion.obj
 0001:0000ad50       ?IsSuperSampleOn@BerconSC@@UEAAHXZ 000000018000bd50 f i BerconDistortion.obj
 0001:0000ad70       ?IsTextureSuperSampleOn@BerconSC@@UEAAHXZ 000000018000bd70 f i BerconDistortion.obj
 0001:0000ad90       ?Light@BerconSC@@UEAAPEAVLightDesc@@H@Z 000000018000bd90 f i BerconDistortion.obj
 0001:0000ada0       ?LocalRequirements@BerconDistortion@@UEAAKH@Z 000000018000bda0 f i BerconDistortion.obj
 0001:0000adc0       ?MapSlotType@Texmap@@UEAAHH@Z 000000018000bdc0 f i BerconDistortion.obj
 0001:0000add0       ?MappingsRequired@BerconDistortion@@UEAAXHAEAVBitArray@@0@Z 000000018000bdd0 f i BerconDistortion.obj
 0001:0000adf0       ?NRenderElements@BerconSC@@UEAAHXZ 000000018000bdf0 f i BerconDistortion.obj
 0001:0000ae10       ?NRenderElements@ShadeContext@@UEAAHXZ 000000018000be10 f i BerconDistortion.obj
 0001:0000ae30       ?Node@BerconSC@@UEAAPEAVINode@@XZ 000000018000be30 f i BerconDistortion.obj
 0001:0000ae40       ?NodeID@BerconSC@@UEAAHXZ  000000018000be40 f i BerconDistortion.obj
 0001:0000ae50       ?Normal@BerconSC@@UEAA?AVPoint3@@XZ 000000018000be50 f i BerconDistortion.obj
 0001:0000ae70       ?NotifyDependents@ReferenceMaker@@EEAA?AW4RefResult@@AEBVInterval@@_KIKHPEAVReferenceTarget@@@Z 000000018000be70 f i BerconDistortion.obj
 0001:0000aea0       ?NotifyForeground@ReferenceTarget@@UEAAXH@Z 000000018000bea0 f i BerconDistortion.obj
 0001:0000af00       ?NotifyRefChanged@BerconDistortion@@UEAA?AW4RefResult@@AEBVInterval@@PEAVReferenceTarget@@AEA_KIH@Z 000000018000bf00 f   BerconDistortion.obj
 0001:0000afa0       ?LibNumberClasses@@YAHXZ   000000018000bfa0 f i DllEntry.obj
 0001:0000afa0       ?NumSubs@BerconDistortion@@UEAAHXZ 000000018000bfa0 f i BerconDistortion.obj
 0001:0000afa0       ?NumRefs@BerconDistortion@@UEAAHXZ 000000018000bfa0 f i BerconDistortion.obj
 0001:0000afb0       ?ObjectBox@BerconSC@@UEAA?AVBox3@@XZ 000000018000bfb0 f i BerconDistortion.obj
 0001:0000afe0       ?OrigNormal@BerconSC@@UEAA?AVPoint3@@XZ 000000018000bfe0 f i BerconDistortion.obj
 0001:0000b000       ?OrigNormal@ShadeContext@@UEAA?AVPoint3@@XZ 000000018000c000 f i BerconDistortion.obj
 0001:0000b020       ?OrigView@BerconSC@@UEAA?AVPoint3@@XZ 000000018000c020 f i BerconDistortion.obj
 0001:0000b050       ?OrigView@ShadeContext@@UEAA?AVPoint3@@XZ 000000018000c050 f i BerconDistortion.obj
 0001:0000b070       ?P@BerconSC@@UEAA?AVPoint3@@XZ 000000018000c070 f i BerconDistortion.obj
 0001:0000b0f0       ?PObj@BerconSC@@UEAA?AVPoint3@@XZ 000000018000c0f0 f i BerconDistortion.obj
 0001:0000b170       ?PObjRelBox@BerconSC@@UEAA?AVPoint3@@XZ 000000018000c170 f i BerconDistortion.obj
 0001:0000b1a0       ?PointFrom@BerconSC@@UEAA?AVPoint3@@AEBV2@W4RefFrame@@@Z 000000018000c1a0 f i BerconDistortion.obj
 0001:0000b1d0       ?PointTo@BerconSC@@UEAA?AVPoint3@@AEBV2@W4RefFrame@@@Z 000000018000c1d0 f i BerconDistortion.obj
 0001:0000b200       ?ProjType@BerconSC@@UEAAHXZ 000000018000c200 f i BerconDistortion.obj
 0001:0000b210       ?PutCache@BerconSC@@UEAAXPEAVTexmap@@AEBVAColor@@@Z 000000018000c210 f i BerconDistortion.obj
 0001:0000b230       ?PutCache@BerconSC@@UEAAXPEAVTexmap@@AEBVPoint3@@@Z 000000018000c230 f i BerconDistortion.obj
 0001:0000b250       ?PutCache@BerconSC@@UEAAXPEAVTexmap@@M@Z 000000018000c250 f i BerconDistortion.obj
 0001:0000b270       ?RayConeAngle@BerconSC@@UEAAMXZ 000000018000c270 f i BerconDistortion.obj
 0001:0000b290       ?RayDiam@BerconSC@@UEAAMXZ 000000018000c290 f i BerconDistortion.obj
 0001:0000b2b0       ?RayDiam@ShadeContext@@UEAAMXZ 000000018000c2b0 f i BerconDistortion.obj
 0001:0000b2d0       ?ReflectVector@BerconSC@@UEAA?AVPoint3@@XZ 000000018000c2d0 f i BerconDistortion.obj
 0001:0000b300       ?RefractVector@BerconSC@@UEAA?AVPoint3@@M@Z 000000018000c300 f i BerconDistortion.obj
 0001:0000b330       ?SubNumToRefNum@BerconTile@@UEAAHH@Z 000000018000c330 f i BerconTile.obj
 0001:0000b330       ?SubNumToRefNum@BerconWood@@UEAAHH@Z 000000018000c330 f i BerconWood.obj
 0001:0000b330       ?SubNumToRefNum@BerconDistortion@@UEAAHH@Z 000000018000c330 f i BerconDistortion.obj
 0001:0000b330       ?RemapRefOnLoad@ReferenceMaker@@UEAAHH@Z 000000018000c330 f i BerconDistortion.obj
 0001:0000b330       ?SubNumToRefNum@BerconGradient@@UEAAHH@Z 000000018000c330 f i BerconGradient.obj
 0001:0000b330       ?SubNumToRefNum@BerconNoise@@UEAAHH@Z 000000018000c330 f i BerconNoise.obj
 0001:0000b340       ?Reset@BerconDistortion@@UEAAXXZ 000000018000c340 f   BerconDistortion.obj
 0001:0000b3c0       ?ScreenCoord@BerconSC@@UEAA?AVIPoint2@@XZ 000000018000c3c0 f i BerconDistortion.obj
 0001:0000b3f0       ?ScreenUV@BerconSC@@UEAAXAEAVPoint2@@0@Z 000000018000c3f0 f i BerconDistortion.obj
 0001:0000b440       ?Set@BitArray@@QEAAXH@Z    000000018000c440 f i BerconDistortion.obj
 0001:0000b4e0       ?SetGBufferID@BerconSC@@UEAAXH@Z 000000018000c4e0 f i BerconDistortion.obj
 0001:0000b500       ?SetGBufferID@ShadeContext@@UEAAXH@Z 000000018000c500 f i BerconDistortion.obj
 0001:0000b510       ?SetIOR@BerconSC@@UEAAXM@Z 000000018000c510 f i BerconDistortion.obj
 0001:0000b530       ?SetNormal@BerconSC@@UEAAXVPoint3@@@Z 000000018000c530 f i BerconDistortion.obj
 0001:0000b570       ?SetReference@BerconDistortion@@EEAAXHPEAVReferenceTarget@@@Z 000000018000c570 f   BerconDistortion.obj
 0001:0000b5a0       ?SetSubTexmap@BerconDistortion@@UEAAXHPEAVTexmap@@@Z 000000018000c5a0 f   BerconDistortion.obj
 0001:0000b620       ?SetThing@BerconXYZDlgProc@@UEAAXPEAVReferenceTarget@@@Z 000000018000c620 f i BerconDistortion.obj
 0001:0000b630       ?SetView@BerconSC@@UEAAXVPoint3@@@Z 000000018000c630 f i BerconDistortion.obj
 0001:0000b670       ?SubAnimName@BerconDistortion@@UEAA?AVWStr@@H@Z 000000018000c670 f   BerconDistortion.obj
 0001:0000b6f0       ?SurfacePtScreen@BerconSC@@UEAA?AVPoint2@@XZ 000000018000c6f0 f i BerconDistortion.obj
 0001:0000b720       ?TossCache@BerconSC@@UEAAXPEAVTexmap@@@Z 000000018000c720 f i BerconDistortion.obj
 0001:0000b740       ?UVW@BerconSC@@UEAA?AVPoint3@@H@Z 000000018000c740 f i BerconDistortion.obj
 0001:0000b810       ?UVWNormal@BerconSC@@UEAA?AVPoint3@@H@Z 000000018000c810 f i BerconDistortion.obj
 0001:0000b840       ?UVWNormal@ShadeContext@@UEAA?AVPoint3@@H@Z 000000018000c840 f i BerconDistortion.obj
 0001:0000b850       ?Update@BerconDistortion@@UEAAXHAEAVInterval@@@Z 000000018000c850 f   BerconDistortion.obj
 0001:0000b970       ?Update@ParamMap2UserDlgProc@@UEAAXHAEAVInterval@@PEAVIParamMap2@@@Z 000000018000c970 f i BerconDistortion.obj
 0001:0000b980       ?V@BerconSC@@UEAA?AVPoint3@@XZ 000000018000c980 f i BerconDistortion.obj
 0001:0000b9b0       ?Validity@BerconDistortion@@UEAA?AVInterval@@H@Z 000000018000c9b0 f   BerconDistortion.obj
 0001:0000ba00       ?VectorFrom@BerconSC@@UEAA?AVPoint3@@AEBV2@W4RefFrame@@@Z 000000018000ca00 f i BerconDistortion.obj
 0001:0000ba30       ?VectorFromNoScale@BerconSC@@UEAA?AVPoint3@@AEBV2@W4RefFrame@@@Z 000000018000ca30 f i BerconDistortion.obj
 0001:0000ba60       ?VectorTo@BerconSC@@UEAA?AVPoint3@@AEBV2@W4RefFrame@@@Z 000000018000ca60 f i BerconDistortion.obj
 0001:0000ba90       ?VectorToNoScale@BerconSC@@UEAA?AVPoint3@@AEBV2@W4RefFrame@@@Z 000000018000ca90 f i BerconDistortion.obj
 0001:0000bac0       ?getDistVector@BerconDistortion@@QEAA?AVPoint3@@AEAVShadeContext@@@Z 000000018000cac0 f   BerconDistortion.obj
 0001:0000bbc0       ?Create@BerconGradientClassDesc@@UEAAPEAXH@Z 000000018000cbc0 f i BerconGradient.obj
 0001:0000bc00       ?ClassName@BerconGradientClassDesc@@UEAAPEB_WXZ 000000018000cc00 f i BerconGradient.obj
 0001:0000bc10       ?ClassID@BerconGradient@@UEAA?AVClass_ID@@XZ 000000018000cc10 f i BerconGradient.obj
 0001:0000bc10       ?ClassID@BerconGradientClassDesc@@UEAA?AVClass_ID@@XZ 000000018000cc10 f i BerconGradient.obj
 0001:0000bc30       ?InternalName@BerconGradientClassDesc@@UEAAPEB_WXZ 000000018000cc30 f i BerconGradient.obj
 0001:0000bc40       ??_GBerconNoiseClassDesc@@UEAAPEAXI@Z 000000018000cc40 f i BerconNoise.obj
 0001:0000bc40       ??_EBerconGradientClassDesc@@UEAAPEAXI@Z 000000018000cc40 f i BerconGradient.obj
 0001:0000bc40       ??_EBerconWoodClassDesc@@UEAAPEAXI@Z 000000018000cc40 f i BerconWood.obj
 0001:0000bc40       ??_EBerconNoiseClassDesc@@UEAAPEAXI@Z 000000018000cc40 f i BerconNoise.obj
 0001:0000bc40       ??_GBerconGradientClassDesc@@UEAAPEAXI@Z 000000018000cc40 f i BerconGradient.obj
 0001:0000bc40       ??_GBerconWoodClassDesc@@UEAAPEAXI@Z 000000018000cc40 f i BerconWood.obj
 0001:0000bcb0       ??0BerconGradient@@QEAA@XZ 000000018000ccb0 f   BerconGradient.obj
 0001:0000be80       ??1ICustomControl@@UEAA@XZ 000000018000ce80 f i BerconGradient.obj
 0001:0000bea0       ??_EBerconGradient@@WEA@EAAPEAXI@Z 000000018000cea0 f i BerconGradient.obj
 0001:0000beb0       ??_GBerconGradient@@UEAAPEAXI@Z 000000018000ceb0 f i BerconGradient.obj
 0001:0000beb0       ??_EBerconGradient@@UEAAPEAXI@Z 000000018000ceb0 f i BerconGradient.obj
 0001:0000bfc0       ??_EBerconGradientDlgProc@@UEAAPEAXI@Z 000000018000cfc0 f i BerconGradient.obj
 0001:0000bfc0       ??_GBerconGradientDlgProc@@UEAAPEAXI@Z 000000018000cfc0 f i BerconGradient.obj
 0001:0000c010       ??_GICustomControl@@UEAAPEAXI@Z 000000018000d010 f i BerconGradient.obj
 0001:0000c010       ??_EICustomControl@@UEAAPEAXI@Z 000000018000d010 f i BerconGradient.obj
 0001:0000c080       ??_GIGradient@@UEAAPEAXI@Z 000000018000d080 f i BerconGradient.obj
 0001:0000c080       ??_EIGradient@@UEAAPEAXI@Z 000000018000d080 f i BerconGradient.obj
 0001:0000c120       ?ActivateTexDisplay@BerconGradient@@UEAAXH@Z 000000018000d120 f i BerconGradient.obj
 0001:0000c150       ?Clone@BerconGradient@@UEAAPEAVReferenceTarget@@AEAVRemapDir@@@Z 000000018000d150 f   BerconGradient.obj
 0001:0000c300       ?CreateParamDlg@BerconGradient@@UEAAPEAVParamDlg@@PEAUHWND__@@PEAVIMtlParams@@@Z 000000018000d300 f   BerconGradient.obj
 0001:0000c410       ?DiscardTexHandle@BerconGradient@@QEAAXXZ 000000018000d410 f i BerconGradient.obj
 0001:0000c440       ?DlgProc@BerconGradientDlgProc@@UEAA_JHPEAVIParamMap2@@PEAUHWND__@@I_K_J@Z 000000018000d440 f   BerconGradient.obj
 0001:0000d1a0       ?EnableStuff@BerconGradient@@QEAAXXZ 000000018000e1a0 f   BerconGradient.obj
 0001:0000d500       ?EvalColor@BerconGradient@@UEAA?AVAColor@@AEAVShadeContext@@@Z 000000018000e500 f   BerconGradient.obj
 0001:0000d6e0       ?EvalMono@BerconGradient@@UEAAMAEAVShadeContext@@@Z 000000018000e6e0 f   BerconGradient.obj
 0001:0000d6e0       ?EvalMono@BerconNoise@@UEAAMAEAVShadeContext@@@Z 000000018000e6e0 f   BerconNoise.obj
 0001:0000d6e0       ?EvalMono@BerconWood@@UEAAMAEAVShadeContext@@@Z 000000018000e6e0 f   BerconWood.obj
 0001:0000d710       ?EvalNormalPerturb@BerconGradient@@UEAA?AVPoint3@@AEAVShadeContext@@@Z 000000018000e710 f   BerconGradient.obj
 0001:0000dbe0       ?GetActiveTexHandle@BerconGradient@@UEAA_KHAEAVTexHandleMaker@@@Z 000000018000ebe0 f   BerconGradient.obj
 0001:0000dca0       ?GetBerconGradientDesc@@YAPEAVClassDesc2@@XZ 000000018000eca0 f   BerconGradient.obj
 0001:0000dcb0       ?GetClassName@BerconGradient@@UEAAXAEAVWStr@@@Z 000000018000ecb0 f i BerconGradient.obj
 0001:0000dce0       ?GetHwnd@IGradient@@UEAAPEAUHWND__@@XZ 000000018000ece0 f i BerconGradient.obj
 0001:0000dcf0       ?GetInterface@BerconWood@@UEAAPEAXK@Z 000000018000ecf0 f i BerconWood.obj
 0001:0000dcf0       ?GetInterface@BerconTile@@UEAAPEAXK@Z 000000018000ecf0 f i BerconTile.obj
 0001:0000dcf0       ?GetInterface@BerconNoise@@UEAAPEAXK@Z 000000018000ecf0 f i BerconNoise.obj
 0001:0000dcf0       ?GetInterface@BerconGradient@@UEAAPEAXK@Z 000000018000ecf0 f i BerconGradient.obj
 0001:0000dcf8       ?GetInterface@BerconGradient@@WJA@EAAPEAXK@Z 000000018000ecf8 f i BerconGradient.obj
 0001:0000dcf8       ?GetInterface@BerconNoise@@WJA@EAAPEAXK@Z 000000018000ecf8 f i BerconNoise.obj
 0001:0000dcf8       ?GetInterface@BerconWood@@WJA@EAAPEAXK@Z 000000018000ecf8 f i BerconWood.obj
 0001:0000dcf8       ?GetInterface@BerconTile@@WJA@EAAPEAXK@Z 000000018000ecf8 f i BerconTile.obj
 0001:0000dd10       ?GetParamBlock@BerconGradient@@UEAAPEAVIParamBlock2@@H@Z 000000018000ed10 f i BerconGradient.obj
 0001:0000dd30       ?GetParamBlockByID@BerconGradient@@UEAAPEAVIParamBlock2@@F@Z 000000018000ed30 f i BerconGradient.obj
 0001:0000dda0       ?GetReference@BerconGradient@@UEAAPEAVReferenceTarget@@H@Z 000000018000eda0 f   BerconGradient.obj
 0001:0000de30       ?GetSubTexmap@BerconGradient@@UEAAPEAVTexmap@@H@Z 000000018000ee30 f   BerconGradient.obj
 0001:0000de70       ?GetSubTexmapSlotName@BerconGradient@@UEAA?AVWStr@@H@Z 000000018000ee70 f   BerconGradient.obj
 0001:0000df30       ?LocalRequirements@BerconGradient@@UEAAKH@Z 000000018000ef30 f i BerconGradient.obj
 0001:0000df50       ?MappingsRequired@BerconGradient@@UEAAXHAEAVBitArray@@0@Z 000000018000ef50 f i BerconGradient.obj
 0001:0000df70       ?NotifyRefChanged@BerconGradient@@UEAA?AW4RefResult@@AEBVInterval@@PEAVReferenceTarget@@AEA_KIH@Z 000000018000ef70 f   BerconGradient.obj
 0001:0000e070       ?NumRefs@BerconGradient@@UEAAHXZ 000000018000f070 f   BerconGradient.obj
 0001:0000e070       ?NumSubs@BerconGradient@@UEAAHXZ 000000018000f070 f   BerconGradient.obj
 0001:0000e080       ?NumSubTexmaps@BerconGradient@@UEAAHXZ 000000018000f080 f i BerconGradient.obj
 0001:0000e090       ?RenderBegin@BerconGradient@@UEAAHHK@Z 000000018000f090 f i BerconGradient.obj
 0001:0000e0b0       ?RenderEnd@BerconGradient@@UEAAHH@Z 000000018000f0b0 f i BerconGradient.obj
 0001:0000e0c0       ?Reset@BerconGradient@@UEAAXXZ 000000018000f0c0 f   BerconGradient.obj
 0001:0000e3b0       ?SetDlgThing@BerconGradient@@UEAAHPEAVParamDlg@@@Z 000000018000f3b0 f   BerconGradient.obj
 0001:0000e3f0       ?SetReference@BerconGradient@@EEAAXHPEAVReferenceTarget@@@Z 000000018000f3f0 f   BerconGradient.obj
 0001:0000e580       ?SetSubTexmap@BerconGradient@@UEAAXHPEAVTexmap@@@Z 000000018000f580 f   BerconGradient.obj
 0001:0000e610       ?SetThing@BerconGradientDlgProc@@UEAAXPEAVReferenceTarget@@@Z 000000018000f610 f i BerconGradient.obj
 0001:0000e6c0       ?SubAnim@BerconGradient@@UEAAPEAVAnimatable@@H@Z 000000018000f6c0 f   BerconGradient.obj
 0001:0000e750       ?SubAnimName@BerconGradient@@UEAA?AVWStr@@H@Z 000000018000f750 f   BerconGradient.obj
 0001:0000e7e0       ?Update@BerconGradient@@UEAAXHAEAVInterval@@@Z 000000018000f7e0 f   BerconGradient.obj
 0001:0000eef0       ?Validity@BerconGradient@@UEAA?AVInterval@@H@Z 000000018000fef0 f   BerconGradient.obj
 0001:0000ef40       ?countKeys@BerconGradient@@QEAAHXZ 000000018000ff40 f   BerconGradient.obj
 0001:0000efe0       ?getGradientValue@BerconGradient@@QEAAMAEAVShadeContext@@@Z 000000018000ffe0 f   BerconGradient.obj
 0001:0000f470       ?getGradientValueDist@BerconGradient@@QEAAMAEAVShadeContext@@@Z 0000000180010470 f   BerconGradient.obj
 0001:0000f800       ?getGradientValueNormal@BerconGradient@@QEAAMAEAVShadeContext@@@Z 0000000180010800 f   BerconGradient.obj
 0001:0000fbb0       ?getGradientValueUVW@BerconGradient@@QEAAMVPoint3@@@Z 0000000180010bb0 f   BerconGradient.obj
 0001:0000ff40       ?gradAddKey@BerconGradient@@UEAAXM@Z 0000000180010f40 f   BerconGradient.obj
 0001:00010050       ?gradDelKey@BerconGradient@@UEAAXH@Z 0000000180011050 f   BerconGradient.obj
 0001:00010130       ?gradMoveKey@BerconGradient@@UEAAXHM@Z 0000000180011130 f   BerconGradient.obj
 0001:00010200       ?gradReset@BerconGradient@@UEAAXXZ 0000000180011200 f i BerconGradient.obj
 0001:00010210       ?gradSelKey@BerconGradient@@UEAAXXZ 0000000180011210 f   BerconGradient.obj
 0001:000102c0       ?keyNumChanged@BerconGradient@@QEAAXH@Z 00000001800112c0 f   BerconGradient.obj
 0001:00010350       ?keyPosChanged@BerconGradient@@QEAAXM@Z 0000000180011350 f   BerconGradient.obj
 0001:00010410       ?limitRange@BerconGradient@@QEAAHAEAM@Z 0000000180011410 f   BerconGradient.obj
 0001:000104e0       ?resetKeys@BerconGradient@@QEAAXXZ 00000001800114e0 f   BerconGradient.obj
 0001:000105d0       ?Create@BerconTileClassDesc@@UEAAPEAXH@Z 00000001800115d0 f i BerconTile.obj
 0001:00010610       ?ClassName@BerconTileClassDesc@@UEAAPEB_WXZ 0000000180011610 f i BerconTile.obj
 0001:00010620       ?ClassID@BerconTileClassDesc@@UEAA?AVClass_ID@@XZ 0000000180011620 f i BerconTile.obj
 0001:00010620       ?ClassID@BerconTile@@UEAA?AVClass_ID@@XZ 0000000180011620 f i BerconTile.obj
 0001:00010640       ?InternalName@BerconTileClassDesc@@UEAAPEB_WXZ 0000000180011640 f i BerconTile.obj
 0001:00010650       ??_GBerconTileClassDesc@@UEAAPEAXI@Z 0000000180011650 f i BerconTile.obj
 0001:00010650       ??_EBerconTileClassDesc@@UEAAPEAXI@Z 0000000180011650 f i BerconTile.obj
 0001:000106c0       ??0BerconTile@@QEAA@XZ     00000001800116c0 f   BerconTile.obj
 0001:000109d0       ??1?$basic_string@_WU?$char_traits@_W@std@@V?$allocator@_W@2@@std@@QEAA@XZ 00000001800119d0 f i BerconTile.obj
 0001:000109f0       ??1?$vector@MV?$allocator@M@std@@@std@@QEAA@XZ 00000001800119f0 f i BerconTile.obj
 0001:00010a60       ??1?$vector@VTileRow@@V?$allocator@VTileRow@@@std@@@std@@QEAA@XZ 0000000180011a60 f i BerconTile.obj
 0001:00010b10       ??1TilePattern@@QEAA@XZ    0000000180011b10 f i BerconTile.obj
 0001:00010b40       ??_EBerconTile@@WEA@EAAPEAXI@Z 0000000180011b40 f i BerconTile.obj
 0001:00010b50       ??_EBerconTile@@UEAAPEAXI@Z 0000000180011b50 f i BerconTile.obj
 0001:00010b50       ??_GBerconTile@@UEAAPEAXI@Z 0000000180011b50 f i BerconTile.obj
 0001:00010c30       ?ActivateTexDisplay@BerconTile@@UEAAXH@Z 0000000180011c30 f i BerconTile.obj
 0001:00010c60       ?Clone@BerconTile@@UEAAPEAVReferenceTarget@@AEAVRemapDir@@@Z 0000000180011c60 f   BerconTile.obj
 0001:00010de0       ?CreateParamDlg@BerconTile@@UEAAPEAVParamDlg@@PEAUHWND__@@PEAVIMtlParams@@@Z 0000000180011de0 f   BerconTile.obj
 0001:00010f00       ?DeleteThis@BerconTile@@UEAAXXZ 0000000180011f00 f i BerconTile.obj
 0001:00010fb0       ?DiscardTexHandle@BerconTile@@QEAAXXZ 0000000180011fb0 f i BerconTile.obj
 0001:00010fe0       ?DlgProc@BerconTileDlgProc@@UEAA_JHPEAVIParamMap2@@PEAUHWND__@@I_K_J@Z 0000000180011fe0 f   BerconTile.obj
 0001:000115c0       ?EnableStuff@BerconTile@@QEAAXH@Z 00000001800125c0 f   BerconTile.obj
 0001:00011a30       ?EvalColor@BerconTile@@UEAA?AVAColor@@AEAVShadeContext@@@Z 0000000180012a30 f   BerconTile.obj
 0001:00012020       ?EvalMono@BerconTile@@UEAAMAEAVShadeContext@@@Z 0000000180013020 f   BerconTile.obj
 0001:00012050       ?EvalNormalPerturb@BerconTile@@UEAA?AVPoint3@@AEAVShadeContext@@@Z 0000000180013050 f   BerconTile.obj
 0001:000129b0       ?EvalParameters@BerconTile@@QEAA?AVTileParam@@AEAVShadeContext@@@Z 00000001800139b0 f   BerconTile.obj
 0001:00012ad0       ?GetActiveTexHandle@BerconTile@@UEAA_KHAEAVTexHandleMaker@@@Z 0000000180013ad0 f   BerconTile.obj
 0001:00012b90       ?GetBerconTileDesc@@YAPEAVClassDesc2@@XZ 0000000180013b90 f   BerconTile.obj
 0001:00012ba0       ?GetClassName@BerconTile@@UEAAXAEAVWStr@@@Z 0000000180013ba0 f i BerconTile.obj
 0001:00012bd0       ?GetParamBlock@BerconTile@@UEAAPEAVIParamBlock2@@H@Z 0000000180013bd0 f i BerconTile.obj
 0001:00012c00       ?GetParamBlockByID@BerconTile@@UEAAPEAVIParamBlock2@@F@Z 0000000180013c00 f i BerconTile.obj
 0001:00012ca0       ?SubAnim@BerconTile@@UEAAPEAVAnimatable@@H@Z 0000000180013ca0 f   BerconTile.obj
 0001:00012ca0       ?GetReference@BerconTile@@UEAAPEAVReferenceTarget@@H@Z 0000000180013ca0 f   BerconTile.obj
 0001:00012cf0       ?GetSubTexmap@BerconTile@@UEAAPEAVTexmap@@H@Z 0000000180013cf0 f i BerconTile.obj
 0001:00012d00       ?GetSubTexmapSlotName@BerconTile@@UEAA?AVWStr@@H@Z 0000000180013d00 f   BerconTile.obj
 0001:00012df0       ?LocalRequirements@BerconTile@@UEAAKH@Z 0000000180013df0 f i BerconTile.obj
 0001:00012e10       ?MappingsRequired@BerconTile@@UEAAXHAEAVBitArray@@0@Z 0000000180013e10 f i BerconTile.obj
 0001:00012e30       ?NotifyRefChanged@BerconTile@@UEAA?AW4RefResult@@AEBVInterval@@PEAVReferenceTarget@@AEA_KIH@Z 0000000180013e30 f   BerconTile.obj
 0001:00012f20       ?NumRefs@BerconTile@@UEAAHXZ 0000000180013f20 f i BerconTile.obj
 0001:00012f30       ?NumSubTexmaps@BerconTile@@UEAAHXZ 0000000180013f30 f i BerconTile.obj
 0001:00012f40       ?Reset@BerconTile@@UEAAXXZ 0000000180013f40 f   BerconTile.obj
 0001:00013540       ?SetDlgThing@BerconTile@@UEAAHPEAVParamDlg@@@Z 0000000180014540 f   BerconTile.obj
 0001:00013580       ?SetReference@BerconTile@@EEAAXHPEAVReferenceTarget@@@Z 0000000180014580 f   BerconTile.obj
 0001:000135d0       ?SetSubTexmap@BerconTile@@UEAAXHPEAVTexmap@@@Z 00000001800145d0 f   BerconTile.obj
 0001:000136c0       ?SetThing@BerconTileDlgProc@@UEAAXPEAVReferenceTarget@@@Z 00000001800146c0 f i BerconTile.obj
 0001:000136f0       ?SubAnimName@BerconTile@@UEAA?AVWStr@@H@Z 00000001800146f0 f   BerconTile.obj
 0001:00013790       ?Update@BerconTile@@UEAAXHAEAVInterval@@@Z 0000000180014790 f   BerconTile.obj
 0001:00014140       ?Validity@BerconTile@@UEAA?AVInterval@@H@Z 0000000180015140 f   BerconTile.obj
 0001:00014190       ?_Tidy_deallocate@?$basic_string@_WU?$char_traits@_W@std@@V?$allocator@_W@2@@std@@QEAAXXZ 0000000180015190 f i BerconTile.obj
 0001:00014200       ?_Xlen@?$basic_string@_WU?$char_traits@_W@std@@V?$allocator@_W@2@@std@@SAXXZ 0000000180015200 f i BerconTile.obj
 0001:00014220       ?allocate@?$allocator@_W@std@@QEAAPEA_W_K@Z 0000000180015220 f i BerconTile.obj
 0001:000142a0       ?assign@?$basic_string@_WU?$char_traits@_W@std@@V?$allocator@_W@2@@std@@QEAAAEAV12@QEB_W_K@Z 00000001800152a0 f i BerconTile.obj
 0001:000143d0       ?getColor@BerconTile@@QEAA?AVAColor@@AEAVShadeContext@@H@Z 00000001800153d0 f i BerconTile.obj
 0001:00014470       ?getDistVector@BerconTile@@QEAA?AVPoint3@@AEAVShadeContext@@@Z 0000000180015470 f   BerconTile.obj
 0001:000145a0       ?getFloat@BerconTile@@QEAAMAEAVShadeContext@@H@Z 00000001800155a0 f i BerconTile.obj
 0001:000145f0       ?getNormal@BerconTile@@QEAA?AVPoint3@@AEAVShadeContext@@H@Z 00000001800155f0 f i BerconTile.obj
 0001:00014780       ?Create@BerconWoodClassDesc@@UEAAPEAXH@Z 0000000180015780 f i BerconWood.obj
 0001:000147c0       ?ClassName@BerconWoodClassDesc@@UEAAPEB_WXZ 00000001800157c0 f i BerconWood.obj
 0001:000147d0       ?ClassID@BerconWood@@UEAA?AVClass_ID@@XZ 00000001800157d0 f i BerconWood.obj
 0001:000147d0       ?ClassID@BerconWoodClassDesc@@UEAA?AVClass_ID@@XZ 00000001800157d0 f i BerconWood.obj
 0001:000147f0       ?InternalName@BerconWoodClassDesc@@UEAAPEB_WXZ 00000001800157f0 f i BerconWood.obj
 0001:00014800       ??0BerconWood@@QEAA@XZ     0000000180015800 f   BerconWood.obj
 0001:000149d4       ??_EBerconWood@@WEA@EAAPEAXI@Z 00000001800159d4 f i BerconWood.obj
 0001:000149e0       ??_EBerconWood@@UEAAPEAXI@Z 00000001800159e0 f i BerconWood.obj
 0001:000149e0       ??_GBerconWood@@UEAAPEAXI@Z 00000001800159e0 f i BerconWood.obj
 0001:00014a90       ?ActivateTexDisplay@BerconWood@@UEAAXH@Z 0000000180015a90 f i BerconWood.obj
 0001:00014ac0       ?Clone@BerconWood@@UEAAPEAVReferenceTarget@@AEAVRemapDir@@@Z 0000000180015ac0 f   BerconWood.obj
 0001:00014c40       ?CreateParamDlg@BerconWood@@UEAAPEAVParamDlg@@PEAUHWND__@@PEAVIMtlParams@@@Z 0000000180015c40 f   BerconWood.obj
 0001:00014d40       ?DiscardTexHandle@BerconWood@@QEAAXXZ 0000000180015d40 f i BerconWood.obj
 0001:00014d70       ?DlgProc@BerconWoodDlgProc@@UEAA_JHPEAVIParamMap2@@PEAUHWND__@@I_K_J@Z 0000000180015d70 f   BerconWood.obj
 0001:00014ef0       ?EnableStuff@BerconWood@@QEAAXXZ 0000000180015ef0 f   BerconWood.obj
 0001:000150a0       ?EvalColor@BerconWood@@UEAA?AVAColor@@AEAVShadeContext@@@Z 00000001800160a0 f   BerconWood.obj
 0001:000156f0       ?EvalNormalPerturb@BerconWood@@UEAA?AVPoint3@@AEAVShadeContext@@@Z 00000001800166f0 f   BerconWood.obj
 0001:000160a0       ?EvalParameters@BerconWood@@QEAA?AVWoodParam@@AEAVShadeContext@@@Z 00000001800170a0 f   BerconWood.obj
 0001:00016490       ?GetActiveTexHandle@BerconWood@@UEAA_KHAEAVTexHandleMaker@@@Z 0000000180017490 f   BerconWood.obj
 0001:00016550       ?GetBerconWoodDesc@@YAPEAVClassDesc2@@XZ 0000000180017550 f   BerconWood.obj
 0001:00016560       ?GetClassName@BerconWood@@UEAAXAEAVWStr@@@Z 0000000180017560 f i BerconWood.obj
 0001:00016590       ?GetParamBlock@BerconWood@@UEAAPEAVIParamBlock2@@H@Z 0000000180017590 f i BerconWood.obj
 0001:000165c0       ?GetParamBlockByID@BerconWood@@UEAAPEAVIParamBlock2@@F@Z 00000001800175c0 f i BerconWood.obj
 0001:00016660       ?SubAnim@BerconWood@@UEAAPEAVAnimatable@@H@Z 0000000180017660 f   BerconWood.obj
 0001:00016660       ?GetReference@BerconWood@@UEAAPEAVReferenceTarget@@H@Z 0000000180017660 f   BerconWood.obj
 0001:000166b0       ?GetSubTexmap@BerconWood@@UEAAPEAVTexmap@@H@Z 00000001800176b0 f i BerconWood.obj
 0001:000166c0       ?GetSubTexmapSlotName@BerconWood@@UEAA?AVWStr@@H@Z 00000001800176c0 f   BerconWood.obj
 0001:000168f0       ?LocalRequirements@BerconWood@@UEAAKH@Z 00000001800178f0 f i BerconWood.obj
 0001:00016910       ?MappingsRequired@BerconWood@@UEAAXHAEAVBitArray@@0@Z 0000000180017910 f i BerconWood.obj
 0001:00016930       ?NotifyRefChanged@BerconWood@@UEAA?AW4RefResult@@AEBVInterval@@PEAVReferenceTarget@@AEA_KIH@Z 0000000180017930 f   BerconWood.obj
 0001:00016a20       ?NumRefs@BerconWood@@UEAAHXZ 0000000180017a20 f i BerconWood.obj
 0001:00016a30       ?NumSubTexmaps@BerconWood@@UEAAHXZ 0000000180017a30 f i BerconWood.obj
 0001:00016a40       ?Reset@BerconWood@@UEAAXXZ 0000000180017a40 f   BerconWood.obj
 0001:00016f70       ?SetDlgThing@BerconWood@@UEAAHPEAVParamDlg@@@Z 0000000180017f70 f   BerconWood.obj
 0001:00016fb0       ?SetReference@BerconWood@@EEAAXHPEAVReferenceTarget@@@Z 0000000180017fb0 f   BerconWood.obj
 0001:00017000       ?SetSubTexmap@BerconWood@@UEAAXHPEAVTexmap@@@Z 0000000180018000 f   BerconWood.obj
 0001:000170f0       ?SetThing@BerconWoodDlgProc@@UEAAXPEAVReferenceTarget@@@Z 00000001800180f0 f i BerconWood.obj
 0001:00017100       ?SubAnimName@BerconWood@@UEAA?AVWStr@@H@Z 0000000180018100 f   BerconWood.obj
 0001:000171f0       ?Update@BerconWood@@UEAAXHAEAVInterval@@@Z 00000001800181f0 f   BerconWood.obj
 0001:00017960       ?Validity@BerconWood@@UEAA?AVInterval@@H@Z 0000000180018960 f   BerconWood.obj
 0001:000179b0       ?applyDistortion@BerconWood@@QEAAXAEAVShadeContext@@AEAVPoint3@@@Z 00000001800189b0 f   BerconWood.obj
 0001:00017ae0       ?GetString@@YAPEA_WH@Z     0000000180018ae0 f   DllEntry.obj
 0001:00017b30       ?LibClassDesc@@YAPEAVClassDesc@@H@Z 0000000180018b30 f   DllEntry.obj
 0001:00017ba0       ?LibDescription@@YAPEB_WXZ 0000000180018ba0 f   DllEntry.obj
 0001:00017bf0       ?LibVersion@@YAKXZ         0000000180018bf0 f   DllEntry.obj
 0001:00017c00       CommctrlIsolationAwarePrivatetRgCebPnQQeRff_pbZPgYQP_QYY 0000000180018c00 f i DllEntry.obj
 0001:00017cd0       DllMain                    0000000180018cd0 f   DllEntry.obj
 0001:00017d30       IsolationAwareInitCommonControls 0000000180018d30 f i DllEntry.obj
 0001:00017e20       IsolationAwarePrivatenPgViNgRzlnPgpgk 0000000180018e20 f i DllEntry.obj
 0001:00017eb0       IsolationAwarePrivatezlybNQyVOeNelJ 0000000180018eb0 f i DllEntry.obj
 0001:00017ec0       WinbaseIsolationAwarePrivatetRgzlnPgpgk 0000000180018ec0 f i DllEntry.obj
 0001:000180a0       ?EnableStuff@BerconXYZ@@AEAAXPEAVIParamBlock2@@H@Z 00000001800190a0 f   BerconCommon.obj
 0001:00018370       ?get@BerconXYZ@@AEAAHAEAVShadeContext@@AEAVPoint3@@11VMatrix3@@PEAH@Z 0000000180019370 f   BerconCommon.obj
 0001:00018820       ?get@BerconXYZ@@AEAAHAEAVShadeContext@@AEAVPoint3@@VMatrix3@@PEAH@Z 0000000180019820 f   BerconCommon.obj
 0001:00018ab0       ?get@BerconXYZ@@QEAAHAEAVShadeContext@@AEAVPoint3@@11@Z 0000000180019ab0 f   BerconCommon.obj
 0001:00018ba0       ?get@BerconXYZ@@QEAAHAEAVShadeContext@@AEAVPoint3@@11PEAV3@@Z 0000000180019ba0 f   BerconCommon.obj
 0001:00018f50       ?get@BerconXYZ@@QEAAHAEAVShadeContext@@AEAVPoint3@@@Z 0000000180019f50 f   BerconCommon.obj
 0001:00019020       ?get@BerconXYZ@@QEAAHAEAVShadeContext@@AEAVPoint3@@PEAV3@@Z 000000018001a020 f   BerconCommon.obj
 0001:000193b0       ?getBasis@BerconXYZ@@AEAAXVMatrix3@@PEAVPoint3@@@Z 000000018001a3b0 f   BerconCommon.obj
 0001:00019560       ?random@BerconXYZ@@AEAA?AVMatrix3@@AEAVShadeContext@@PEAV2@@Z 000000018001a560 f   BerconCommon.obj
 0001:00019980       ?reset@BerconXYZ@@QEAAXPEAVIParamBlock2@@AEAVInterval@@HHHH@Z 000000018001a980 f   BerconCommon.obj
 0001:00019f00       ?update@BerconXYZ@@QEAAXPEAVIParamBlock2@@HAEAVInterval@@@Z 000000018001af00 f   BerconCommon.obj
 0001:0001a6e0       ?update@BerconXYZ@@QEAAXXZ 000000018001b6e0 f   BerconCommon.obj
 0001:0001a880       ?Create@BerconNoiseClassDesc@@UEAAPEAXH@Z 000000018001b880 f i BerconNoise.obj
 0001:0001a8c0       ?ClassName@BerconNoiseClassDesc@@UEAAPEB_WXZ 000000018001b8c0 f i BerconNoise.obj
 0001:0001a8d0       ?ClassID@BerconNoiseClassDesc@@UEAA?AVClass_ID@@XZ 000000018001b8d0 f i BerconNoise.obj
 0001:0001a8d0       ?ClassID@BerconNoise@@UEAA?AVClass_ID@@XZ 000000018001b8d0 f i BerconNoise.obj
 0001:0001a8f0       ?InternalName@BerconNoiseClassDesc@@UEAAPEB_WXZ 000000018001b8f0 f i BerconNoise.obj
 0001:0001a900       ??0BerconNoise@@QEAA@XZ    000000018001b900 f   BerconNoise.obj
 0001:0001ab64       ??_EBerconNoise@@WEA@EAAPEAXI@Z 000000018001bb64 f i BerconNoise.obj
 0001:0001ab70       ??_GBerconNoise@@UEAAPEAXI@Z 000000018001bb70 f i BerconNoise.obj
 0001:0001ab70       ??_EBerconNoise@@UEAAPEAXI@Z 000000018001bb70 f i BerconNoise.obj
 0001:0001ac20       ?ActivateTexDisplay@BerconNoise@@UEAAXH@Z 000000018001bc20 f i BerconNoise.obj
 0001:0001ac50       ?Clone@BerconNoise@@UEAAPEAVReferenceTarget@@AEAVRemapDir@@@Z 000000018001bc50 f   BerconNoise.obj
 0001:0001adf0       ?CreateParamDlg@BerconNoise@@UEAAPEAVParamDlg@@PEAUHWND__@@PEAVIMtlParams@@@Z 000000018001bdf0 f   BerconNoise.obj
 0001:0001aef0       ?DiscardTexHandle@BerconNoise@@QEAAXXZ 000000018001bef0 f i BerconNoise.obj
 0001:0001af20       ?DlgProc@BerconNoiseDlgProc@@UEAA_JHPEAVIParamMap2@@PEAUHWND__@@I_K_J@Z 000000018001bf20 f   BerconNoise.obj
 0001:0001b450       ?EnableStuff@BerconNoise@@QEAAXXZ 000000018001c450 f   BerconNoise.obj
 0001:0001b770       ?EvalColor@BerconNoise@@UEAA?AVAColor@@AEAVShadeContext@@@Z 000000018001c770 f   BerconNoise.obj
 0001:0001bbc0       ?EvalNormalPerturb@BerconNoise@@UEAA?AVPoint3@@AEAVShadeContext@@@Z 000000018001cbc0 f   BerconNoise.obj
 0001:0001c180       ?EvalParameters@BerconNoise@@QEAA?AVNoiseParams@@PEAVShadeContext@@@Z 000000018001d180 f   BerconNoise.obj
 0001:0001c570       ?GetActiveTexHandle@BerconNoise@@UEAA_KHAEAVTexHandleMaker@@@Z 000000018001d570 f   BerconNoise.obj
 0001:0001c630       ?GetBerconNoiseDesc@@YAPEAVClassDesc2@@XZ 000000018001d630 f   BerconNoise.obj
 0001:0001c640       ?GetClassName@BerconNoise@@UEAAXAEAVWStr@@@Z 000000018001d640 f i BerconNoise.obj
 0001:0001c670       ?GetParamBlock@BerconNoise@@UEAAPEAVIParamBlock2@@H@Z 000000018001d670 f i BerconNoise.obj
 0001:0001c6a0       ?GetParamBlockByID@BerconNoise@@UEAAPEAVIParamBlock2@@F@Z 000000018001d6a0 f i BerconNoise.obj
 0001:0001c740       ?GetReference@BerconNoise@@UEAAPEAVReferenceTarget@@H@Z 000000018001d740 f   BerconNoise.obj
 0001:0001c740       ?SubAnim@BerconNoise@@UEAAPEAVAnimatable@@H@Z 000000018001d740 f   BerconNoise.obj
 0001:0001c790       ?GetSubTexmap@BerconNoise@@UEAAPEAVTexmap@@H@Z 000000018001d790 f i BerconNoise.obj
 0001:0001c7a0       ?GetSubTexmapSlotName@BerconNoise@@UEAA?AVWStr@@H@Z 000000018001d7a0 f   BerconNoise.obj
 0001:0001c980       ?LocalRequirements@BerconNoise@@UEAAKH@Z 000000018001d980 f i BerconNoise.obj
 0001:0001c9a0       ?MappingsRequired@BerconNoise@@UEAAXHAEAVBitArray@@0@Z 000000018001d9a0 f i BerconNoise.obj
 0001:0001c9c0       ?NotifyRefChanged@BerconNoise@@UEAA?AW4RefResult@@AEBVInterval@@PEAVReferenceTarget@@AEA_KIH@Z 000000018001d9c0 f   BerconNoise.obj
 0001:0001cac0       ?NumRefs@BerconNoise@@UEAAHXZ 000000018001dac0 f i BerconNoise.obj
 0001:0001cad0       ?NumSubTexmaps@BerconNoise@@UEAAHXZ 000000018001dad0 f i BerconNoise.obj
 0001:0001cae0       ?Reset@BerconNoise@@UEAAXXZ 000000018001dae0 f   BerconNoise.obj
 0001:0001cf80       ?SetDlgThing@BerconNoise@@UEAAHPEAVParamDlg@@@Z 000000018001df80 f   BerconNoise.obj
 0001:0001cfc0       ?SetReference@BerconNoise@@EEAAXHPEAVReferenceTarget@@@Z 000000018001dfc0 f   BerconNoise.obj
 0001:0001d010       ?SetSubTexmap@BerconNoise@@UEAAXHPEAVTexmap@@@Z 000000018001e010 f   BerconNoise.obj
 0001:0001d0e0       ?SetThing@BerconNoiseDlgProc@@UEAAXPEAVReferenceTarget@@@Z 000000018001e0e0 f i BerconNoise.obj
 0001:0001d0f0       ?SubAnimName@BerconNoise@@UEAA?AVWStr@@H@Z 000000018001e0f0 f   BerconNoise.obj
 0001:0001d1e0       ?Update@BerconNoise@@UEAAXHAEAVInterval@@@Z 000000018001e1e0 f   BerconNoise.obj
 0001:0001d870       ?Validity@BerconNoise@@UEAA?AVInterval@@H@Z 000000018001e870 f   BerconNoise.obj
 0001:0001d8c0       ?applyDistortion@BerconNoise@@QEAAXAEAVShadeContext@@AEAVPoint3@@@Z 000000018001e8c0 f   BerconNoise.obj
 0001:0001d9f0       ?fBm@Fractal@@SAMVPoint3@@AEAVNoiseParams@@@Z 000000018001e9f0 f   fractal.obj
 0001:0001db60       ?fBm@Fractal@@SAMVPoint3@@MAEAVNoiseParams@@@Z 000000018001eb60 f   fractal.obj
 0001:0001dd00       ?fBmTurb@Fractal@@SAMVPoint3@@AEAVNoiseParams@@@Z 000000018001ed00 f   fractal.obj
 0001:0001dea0       ?fBmTurb@Fractal@@SAMVPoint3@@MAEAVNoiseParams@@@Z 000000018001eea0 f   fractal.obj
 0001:0001e060       ?fractal@Fractal@@SAMVPoint3@@AEAVNoiseParams@@@Z 000000018001f060 f   fractal.obj
 0001:0001e1a0       ?fractal@Fractal@@SAMVPoint3@@MAEAVNoiseParams@@@Z 000000018001f1a0 f   fractal.obj
 0001:0001e300       ?grain@Fractal@@SAMVPoint3@@MM@Z 000000018001f300 f   fractal.obj
 0001:0001e4a0       ?heteroTerrain@Fractal@@SAMVPoint3@@AEAVNoiseParams@@@Z 000000018001f4a0 f   fractal.obj
 0001:0001e6a0       ?hybridMultiFractal@Fractal@@SAMVPoint3@@AEAVNoiseParams@@@Z 000000018001f6a0 f   fractal.obj
 0001:0001e900       ?hybridMultiFractal@Fractal@@SAMVPoint3@@MAEAVNoiseParams@@@Z 000000018001f900 f   fractal.obj
 0001:0001eb80       ?ridgedMultiFractal@Fractal@@SAMVPoint3@@AEAVNoiseParams@@@Z 000000018001fb80 f   fractal.obj
 0001:0001ed30       ?ridgedMultiFractal@Fractal@@SAMVPoint3@@MAEAVNoiseParams@@@Z 000000018001fd30 f   fractal.obj
 0001:0001ef00       ?turbulence@Fractal@@SAMVPoint3@@AEAVNoiseParams@@@Z 000000018001ff00 f   fractal.obj
 0001:0001f060       ?turbulence@Fractal@@SAMVPoint3@@MAEAVNoiseParams@@@Z 0000000180020060 f   fractal.obj
 0001:0001f1f0       ?addKey@GradientRamp@@QEAAXHMVAColor@@PEAVTexmap@@@Z 00000001800201f0 f   GradientRamp.obj
 0001:0001f410       ?dragging@GradientRamp@@QEAAXHH_N00@Z 0000000180020410 f   GradientRamp.obj
 0001:0001f480       ?getBump@GradientRamp@@QEAA?AVPoint3@@MV2@AEAVShadeContext@@@Z 0000000180020480 f   GradientRamp.obj
 0001:0001f820       ?getColor@GradientRamp@@QEAA?AVAColor@@M@Z 0000000180020820 f   GradientRamp.obj
 0001:0001fa60       ?getColor@GradientRamp@@QEAA?AVAColor@@MAEAVShadeContext@@@Z 0000000180020a60 f   GradientRamp.obj
 0001:0001feb0       ?getSubtex@GradientRamp@@QEAAPEAVTexmap@@H@Z 0000000180020eb0 f   GradientRamp.obj
 0001:0001ff50       ?interpolate@GradientRamp@@QEAAMMMM@Z 0000000180020f50 f   GradientRamp.obj
 0001:0001ffb0       ?invalidate@GradientRamp@@QEAAXXZ 0000000180020fb0 f   GradientRamp.obj
 0001:0001ffd0       ?leftDown@GradientRamp@@QEAAXHH_N00@Z 0000000180020fd0 f   GradientRamp.obj
 0001:00020060       ?leftUp@GradientRamp@@QEAAXHH_N00@Z 0000000180021060 f   GradientRamp.obj
 0001:00020190       ?paint@GradientRamp@@QEAAXPEAUHDC__@@@Z 0000000180021190 f   GradientRamp.obj
 0001:00020620       ?popup@GradientRamp@@QEAAXHHH@Z 0000000180021620 f   GradientRamp.obj
 0001:00020760       ?reset@GradientRamp@@QEAAXXZ 0000000180021760 f   GradientRamp.obj
 0001:00020820       ?setHWND@GradientRamp@@QEAAXPEAUHWND__@@@Z 0000000180021820 f   GradientRamp.obj
 0001:00020860       ?setSubtex@GradientRamp@@QEAAXHPEAVTexmap@@@Z 0000000180021860 f   GradientRamp.obj
[...]
 0004:00001818       $pdata$?_Xlength@?$vector@V?$basic_string@_WU?$char_traits@_W@std@@V?$allocator@_W@2@@std@@V?$allocator@V?$basic_string@_WU?$char_traits@_W@std@@V?$allocator@_W@2@@std@@@2@@std@@CAXXZ 0000000180040818     tile.obj
 0004:00001818       $pdata$?_Xlength@?$vector@VTileRow@@V?$allocator@VTileRow@@@std@@@std@@CAXXZ 0000000180040818     tile.obj
 0004:00001818       $pdata$?_Xlength@?$vector@MV?$allocator@M@std@@@std@@CAXXZ 0000000180040818     tile.obj
 0004:00001824       $pdata$?_Xran@?$_String_val@U?$_Simple_types@_W@std@@@std@@SAXXZ 0000000180040824     tile.obj
 0004:00001830       $pdata$?allocate@?$allocator@M@std@@QEAAPEAM_K@Z 0000000180040830     tile.obj
 0004:0000183c       $pdata$?corner@Tile@@CA?AVTilePoint@@MMMMAEAVTileParam@@@Z 000000018004083c     tile.obj
 0004:00001848       $pdata$?deallocate@?$allocator@M@std@@QEAAXQEAM_K@Z 0000000180040848     tile.obj
 0004:00001854       $pdata$?deallocate@?$allocator@V?$basic_string@_WU?$char_traits@_W@std@@V?$allocator@_W@2@@std@@@std@@QEAAXQEAV?$basic_string@_WU?$char_traits@_W@std@@V?$allocator@_W@2@@2@_K@Z 0000000180040854     tile.obj
 0004:00001854       $pdata$?deallocate@?$allocator@VTileRow@@@std@@QEAAXQEAVTileRow@@_K@Z 0000000180040854     tile.obj
 0004:00001860       $pdata$?deallocate@?$allocator@_W@std@@QEAAXQEA_W_K@Z 0000000180040860     tile.obj
 0004:0000186c       $pdata$?draw@Tile@@SA?AVTilePoint@@VPoint3@@AEAVTileParam@@@Z 000000018004086c     tile.obj
 0004:00001878       $pdata$0$?draw@Tile@@SA?AVTilePoint@@VPoint3@@AEAVTileParam@@@Z 0000000180040878     tile.obj
 0004:00001884       $pdata$1$?draw@Tile@@SA?AVTilePoint@@VPoint3@@AEAVTileParam@@@Z 0000000180040884     tile.obj
 0004:00001890       $pdata$?drawTile@Tile@@CA?AVTilePoint@@VPoint3@@QEAMAEAVTileParam@@HH@Z 0000000180040890     tile.obj
 0004:0000189c       $pdata$0$?drawTile@Tile@@CA?AVTilePoint@@VPoint3@@QEAMAEAVTileParam@@HH@Z 000000018004089c     tile.obj
 0004:000018a8       $pdata$1$?drawTile@Tile@@CA?AVTilePoint@@VPoint3@@QEAMAEAVTileParam@@HH@Z 00000001800408a8     tile.obj
 0004:000018b4       $pdata$?find_first_not_of@?$basic_string@_WU?$char_traits@_W@std@@V?$allocator@_W@2@@std@@QEBA_KAEBV12@_K@Z 00000001800408b4     tile.obj
 0004:000018c0       $pdata$?find_first_of@?$basic_string@_WU?$char_traits@_W@std@@V?$allocator@_W@2@@std@@QEBA_KAEBV12@_K@Z 00000001800408c0     tile.obj
 0004:000018cc       $pdata$?overflow@?$basic_stringbuf@_WU?$char_traits@_W@std@@V?$allocator@_W@2@@std@@MEAAGG@Z 00000001800408cc     tile.obj
 0004:000018d8       $pdata$0$?overflow@?$basic_stringbuf@_WU?$char_traits@_W@std@@V?$allocator@_W@2@@std@@MEAAGG@Z 00000001800408d8     tile.obj
 0004:000018e4       $pdata$1$?overflow@?$basic_stringbuf@_WU?$char_traits@_W@std@@V?$allocator@_W@2@@std@@MEAAGG@Z 00000001800408e4     tile.obj
 0004:000018f0       $pdata$?parsePattern@@YAHV?$basic_string@_WU?$char_traits@_W@std@@V?$allocator@_W@2@@std@@PEAVTilePattern@@@Z 00000001800408f0     tile.obj
 0004:000018fc       $pdata$?rowcol@@YAHAEAM0AEAHMMAEAV?$vector@MV?$allocator@M@std@@@std@@MMM@Z 00000001800408fc     tile.obj
 0004:00001908       $pdata$5$?rowcol@@YAHAEAM0AEAHMMAEAV?$vector@MV?$allocator@M@std@@@std@@MMM@Z 0000000180040908     tile.obj
 0004:00001914       $pdata$6$?rowcol@@YAHAEAM0AEAHMMAEAV?$vector@MV?$allocator@M@std@@@std@@MMM@Z 0000000180040914     tile.obj
 0004:00001920       $pdata$?seekoff@?$basic_stringbuf@_WU?$char_traits@_W@std@@V?$allocator@_W@2@@std@@MEAA?AV?$fpos@U_Mbstatet@@@2@_JHH@Z 0000000180040920     tile.obj
 0004:0000192c       $pdata$?seekpos@?$basic_stringbuf@_WU?$char_traits@_W@std@@V?$allocator@_W@2@@std@@MEAA?AV?$fpos@U_Mbstatet@@@2@V32@H@Z 000000018004092c     tile.obj
 0004:00001938       $pdata$0$?seekpos@?$basic_stringbuf@_WU?$char_traits@_W@std@@V?$allocator@_W@2@@std@@MEAA?AV?$fpos@U_Mbstatet@@@2@V32@H@Z 0000000180040938     tile.obj
 0004:00001944       $pdata$1$?seekpos@?$basic_stringbuf@_WU?$char_traits@_W@std@@V?$allocator@_W@2@@std@@MEAA?AV?$fpos@U_Mbstatet@@@2@V32@H@Z 0000000180040944     tile.obj
 0004:00001950       $pdata$?setPattern@TilePattern@@QEAAXV?$basic_string@_WU?$char_traits@_W@std@@V?$allocator@_W@2@@std@@@Z 0000000180040950     tile.obj
 0004:0000195c       $pdata$?setPreset@TilePattern@@QEAAXH@Z 000000018004095c     tile.obj
 0004:00001968       $pdata$?tokenize@@YAXAEBV?$basic_string@_WU?$char_traits@_W@std@@V?$allocator@_W@2@@std@@AEAV?$vector@V?$basic_string@_WU?$char_traits@_W@std@@V?$allocator@_W@2@@std@@V?$allocator@V?$basic_string@_WU?$char_traits@_W@std@@V?$allocator@_W@2@@std@@@2@@2@0@Z 0000000180040968     tile.obj
 0004:00001974       $pdata$?uvMapping@Tile@@CAXAEAVTilePoint@@VPoint3@@QEAMAEAVTileParam@@H@Z 0000000180040974     tile.obj
 0004:00001980       $pdata$0$?uvMapping@Tile@@CAXAEAVTilePoint@@VPoint3@@QEAMAEAVTileParam@@H@Z 0000000180040980     tile.obj
 0004:0000198c       $pdata$8$?uvMapping@Tile@@CAXAEAVTilePoint@@VPoint3@@QEAMAEAVTileParam@@H@Z 000000018004098c     tile.obj
 0004:00001998       $pdata$9$?uvMapping@Tile@@CAXAEAVTilePoint@@VPoint3@@QEAMAEAVTileParam@@H@Z 0000000180040998     tile.obj
 0004:000019a4       $pdata$10$?uvMapping@Tile@@CAXAEAVTilePoint@@VPoint3@@QEAMAEAVTileParam@@H@Z 00000001800409a4     tile.obj
 0004:000019b0       $pdata$11$?uvMapping@Tile@@CAXAEAVTilePoint@@VPoint3@@QEAMAEAVTileParam@@H@Z 00000001800409b0     tile.obj
 0004:000019bc       $pdata$12$?uvMapping@Tile@@CAXAEAVTilePoint@@VPoint3@@QEAMAEAVTileParam@@H@Z 00000001800409bc     tile.obj
 0004:000019c8       $pdata$13$?uvMapping@Tile@@CAXAEAVTilePoint@@VPoint3@@QEAMAEAVTileParam@@H@Z 00000001800409c8     tile.obj
 0004:000019d4       $pdata$14$?uvMapping@Tile@@CAXAEAVTilePoint@@VPoint3@@QEAMAEAVTileParam@@H@Z 00000001800409d4     tile.obj
 0004:000019e0       $pdata$?add@Worley@@CAXJJJQEBNHPEANH@Z 00000001800409e0     worley.obj
 0004:000019ec       $pdata$10$?add@Worley@@CAXJJJQEBNHPEANH@Z 00000001800409ec     worley.obj
 0004:000019f8       $pdata$11$?add@Worley@@CAXJJJQEBNHPEANH@Z 00000001800409f8     worley.obj
 0004:00001a04       $pdata$12$?add@Worley@@CAXJJJQEBNHPEANH@Z 0000000180040a04     worley.obj
 0004:00001a10       $pdata$?noise@Worley@@SAXQEBNHPEANH@Z 0000000180040a10     worley.obj
 0004:00001a1c       $pdata$??_Gtype_info@@UEAAPEAXI@Z 0000000180040a1c     MSVCRT:std_type_info_static.obj
 0004:00001a28       $pdata$__scrt_acquire_startup_lock 0000000180040a28     MSVCRT:utility.obj
 0004:00001a34       $pdata$__scrt_dllmain_after_initialize_c 0000000180040a34     MSVCRT:utility.obj
 0004:00001a40       $pdata$__scrt_dllmain_before_initialize_c 0000000180040a40     MSVCRT:utility.obj
 0004:00001a4c       $pdata$__scrt_dllmain_crt_thread_attach 0000000180040a4c     MSVCRT:utility.obj
 0004:00001a58       $pdata$__scrt_dllmain_crt_thread_detach 0000000180040a58     MSVCRT:utility.obj
 0004:00001a64       $pdata$__scrt_dllmain_exception_filter 0000000180040a64     MSVCRT:utility.obj
 0004:00001a70       $pdata$__scrt_dllmain_uninitialize_c 0000000180040a70     MSVCRT:utility.obj
 0004:00001a7c       $pdata$__scrt_dllmain_uninitialize_critical 0000000180040a7c     MSVCRT:utility.obj
 0004:00001a88       $pdata$__scrt_initialize_crt 0000000180040a88     MSVCRT:utility.obj
 0004:00001a94       $pdata$__scrt_initialize_onexit_tables 0000000180040a94     MSVCRT:utility.obj
 0004:00001aa0       $pdata$__scrt_is_nonwritable_in_current_image 0000000180040aa0     MSVCRT:utility.obj
 0004:00001aac       $pdata$__scrt_release_startup_lock 0000000180040aac     MSVCRT:utility.obj
 0004:00001ab8       $pdata$__scrt_uninitialize_crt 0000000180040ab8     MSVCRT:utility.obj
 0004:00001ac4       $pdata$_onexit             0000000180040ac4     MSVCRT:utility.obj
 0004:00001ad0       $pdata$atexit              0000000180040ad0     MSVCRT:utility.obj
 0004:00001adc       $pdata$??2@YAPEAX_K@Z      0000000180040adc     MSVCRT:new_scalar.obj
 0004:00001af4       $pdata$?dllmain_crt_dispatch@@YAHQEAUHINSTANCE__@@KQEAX@Z 0000000180040af4     MSVCRT:dll_dllmain.obj
 0004:00001b00       $pdata$?dllmain_crt_process_attach@@YAHQEAUHINSTANCE__@@QEAX@Z 0000000180040b00     MSVCRT:dll_dllmain.obj
 0004:00001b0c       $pdata$?dllmain_crt_process_detach@@YAH_N@Z 0000000180040b0c     MSVCRT:dll_dllmain.obj
 0004:00001b18       $pdata$?dllmain_dispatch@@YAHQEAUHINSTANCE__@@KQEAX@Z 0000000180040b18     MSVCRT:dll_dllmain.obj
 0004:00001b24       $pdata$_DllMainCRTStartup  0000000180040b24     MSVCRT:dll_dllmain.obj
 0004:00001b30       $pdata$__isa_available_init 0000000180040b30     MSVCRT:cpu_disp.obj
 0004:00001b3c       $pdata$__scrt_fastfail     0000000180040b3c     MSVCRT:utility_desktop.obj
 0004:00001b48       $pdata$??0bad_alloc@std@@QEAA@AEBV01@@Z 0000000180040b48     MSVCRT:throw_bad_alloc.obj
 0004:00001b54       $pdata$??0bad_array_new_length@std@@QEAA@AEBV01@@Z 0000000180040b54     MSVCRT:throw_bad_alloc.obj
 0004:00001b60       $pdata$??0exception@std@@QEAA@AEBV01@@Z 0000000180040b60     MSVCRT:throw_bad_alloc.obj
 0004:00001b6c       $pdata$??_Gexception@std@@UEAAPEAXI@Z 0000000180040b6c     MSVCRT:throw_bad_alloc.obj
 0004:00001b6c       $pdata$??_Gbad_array_new_length@std@@UEAAPEAXI@Z 0000000180040b6c     MSVCRT:throw_bad_alloc.obj
 0004:00001b6c       $pdata$??_Gbad_alloc@std@@UEAAPEAXI@Z 0000000180040b6c     MSVCRT:throw_bad_alloc.obj
 0004:00001b78       $pdata$?__scrt_throw_std_bad_alloc@@YAXXZ 0000000180040b78     MSVCRT:throw_bad_alloc.obj
 0004:00001b84       $pdata$?__scrt_throw_std_bad_array_new_length@@YAXXZ 0000000180040b84     MSVCRT:throw_bad_alloc.obj
 0004:00001b90       $pdata$__security_init_cookie 0000000180040b90     MSVCRT:gs_support.obj
 0004:00001b9c       $pdata$__scrt_initialize_default_local_stdio_options 0000000180040b9c     MSVCRT:default_local_stdio_options.obj
 0004:00001ba8       $pdata$_RTC_Initialize     0000000180040ba8     MSVCRT:initsect.obj
 0004:00001bb4       $pdata$_RTC_Terminate      0000000180040bb4     MSVCRT:initsect.obj
 0004:00001bcc       $pdata$?dtor$0@?0??SubAnimName@BerconNoise@@UEAA?AVWStr@@H@Z@4HA 0000000180040bcc     BerconNoise.obj
 0004:00001bcc       $pdata$?dtor$0@?0??GetSubTexmapSlotName@BerconTile@@UEAA?AVWStr@@H@Z@4HA 0000000180040bcc     BerconTile.obj
 0004:00001bcc       $pdata$?dtor$0@?0??SubAnimName@BerconTile@@UEAA?AVWStr@@H@Z@4HA 0000000180040bcc     BerconTile.obj
 0004:00001bcc       $pdata$?dtor$0@?0??SubAnimName@BerconGradient@@UEAA?AVWStr@@H@Z@4HA 0000000180040bcc     BerconGradient.obj
 0004:00001bcc       $pdata$?dtor$0@?0??GetSubTexmapSlotName@BerconNoise@@UEAA?AVWStr@@H@Z@4HA 0000000180040bcc     BerconNoise.obj
 0004:00001bcc       $pdata$?dtor$0@?0??GetSubTexmapSlotName@BerconGradient@@UEAA?AVWStr@@H@Z@4HA 0000000180040bcc     BerconGradient.obj
 0004:00001bcc       $pdata$?dtor$0@?0??GetSubTexmapSlotName@BerconDistortion@@UEAA?AVWStr@@H@Z@4HA 0000000180040bcc     BerconDistortion.obj
 0004:00001bcc       $pdata$?dtor$0@?0??SubAnimName@BerconDistortion@@UEAA?AVWStr@@H@Z@4HA 0000000180040bcc     BerconDistortion.obj
 0004:00001bcc       $pdata$?dtor$0@?0??GetSubTexmapSlotName@BerconWood@@UEAA?AVWStr@@H@Z@4HA 0000000180040bcc     BerconWood.obj
 0004:00001bcc       $pdata$?dtor$0@?0??SubAnimName@BerconWood@@UEAA?AVWStr@@H@Z@4HA 0000000180040bcc     BerconWood.obj
 0004:00001bd8       $pdata$?dtor$1@?0???0BerconGradient@@QEAA@XZ@4HA 0000000180040bd8     BerconGradient.obj
 0004:00001be4       $pdata$CommctrlIsolationAwarePrivatetRgCebPnQQeRff_pbZPgYQP_QYY$fin$0 0000000180040be4     DllEntry.obj
 0004:00001bf0       $pdata$IsolationAwareInitCommonControls$fin$0 0000000180040bf0     DllEntry.obj
 0004:00001bfc       $pdata$WinbaseIsolationAwarePrivatetRgzlnPgpgk$fin$0 0000000180040bfc     DllEntry.obj
 0004:00001c08       $pdata$IsolationAwareRegisterClassExW$fin$0 0000000180040c08     IGradient.obj
 0004:00001c14       $pdata$?catch$0@?0???$_Emplace_reallocate@M@?$vector@MV?$allocator@M@std@@@std@@QEAAPEAMQEAM$$QEAM@Z@4HA 0000000180040c14     tile.obj
 0004:00001c14       $pdata$?catch$0@?0???$_Emplace_reallocate@AEBM@?$vector@MV?$allocator@M@std@@@std@@QEAAPEAMQEAMAEBM@Z@4HA 0000000180040c14     tile.obj
 0004:00001c20       $pdata$?catch$2@?0???$_Emplace_reallocate@AEBVTileRow@@@?$vector@VTileRow@@V?$allocator@VTileRow@@@std@@@std@@QEAAPEAVTileRow@@QEAV2@AEBV2@@Z@4HA 0000000180040c20     tile.obj
 0004:00001c2c       $pdata$?catch$0@?0???$_Emplace_reallocate@V?$basic_string@_WU?$char_traits@_W@std@@V?$allocator@_W@2@@std@@@?$vector@V?$basic_string@_WU?$char_traits@_W@std@@V?$allocator@_W@2@@std@@V?$allocator@V?$basic_string@_WU?$char_traits@_W@std@@V?$allocator@_W@2@@std@@@2@@std@@QEAAPEAV?$basic_string@_WU?$char_traits@_W@std@@V?$allocator@_W@2@@1@QEAV21@$$QEAV21@@Z@4HA 0000000180040c2c     tile.obj
 0004:00001c38       $pdata$?catch$0@?0???0?$vector@MV?$allocator@M@std@@@std@@QEAA@AEBV01@@Z@4HA 0000000180040c38     tile.obj
 0004:00001c44       $pdata$?dtor$10@?0??parsePattern@@YAHV?$basic_string@_WU?$char_traits@_W@std@@V?$allocator@_W@2@@std@@PEAVTilePattern@@@Z@4HA 0000000180040c44     tile.obj
 0004:00001c50       $pdata$?dtor$13@?0??parsePattern@@YAHV?$basic_string@_WU?$char_traits@_W@std@@V?$allocator@_W@2@@std@@PEAVTilePattern@@@Z@4HA 0000000180040c50     tile.obj
 0004:00001c5c       $pdata$?dtor$17@?0??parsePattern@@YAHV?$basic_string@_WU?$char_traits@_W@std@@V?$allocator@_W@2@@std@@PEAVTilePattern@@@Z@4HA 0000000180040c5c     tile.obj
 0004:00001c68       $pdata$?dtor$1@?0??tokenize@@YAXAEBV?$basic_string@_WU?$char_traits@_W@std@@V?$allocator@_W@2@@std@@AEAV?$vector@V?$basic_string@_WU?$char_traits@_W@std@@V?$allocator@_W@2@@std@@V?$allocator@V?$basic_string@_WU?$char_traits@_W@std@@V?$allocator@_W@2@@std@@@2@@2@0@Z@4HA 0000000180040c68     tile.obj
 0004:00001c74       $pdata$__scrt_is_nonwritable_in_current_image$filt$0 0000000180040c74     MSVCRT:utility.obj
 0004:00001c80       $pdata$?fin$0@?0??dllmain_crt_process_attach@@YAHQEAUHINSTANCE__@@QEAX@Z@4HA 0000000180040c80     MSVCRT:dll_dllmain.obj
 0004:00001c8c       $pdata$?fin$0@?0??dllmain_crt_process_detach@@YAH_N@Z@4HA 0000000180040c8c     MSVCRT:dll_dllmain.obj
 0004:00001c98       $pdata$?filt$0@?0??dllmain_dispatch@@YAHQEAUHINSTANCE__@@KQEAX@Z@4HA 0000000180040c98     MSVCRT:dll_dllmain.obj
 0004:00001ca4       $pdata$??__FBerconDistortionDesc@@YAXXZ 0000000180040ca4     BerconDistortion.obj
 0004:00001cb0       $pdata$??__Fxyz_blk@@YAXXZ 0000000180040cb0     BerconDistortion.obj
 0004:00001cbc       $pdata$??__FBerconGradientDesc@@YAXXZ 0000000180040cbc     BerconGradient.obj
 0004:00001cc8       $pdata$??__Fxyz_blk@@YAXXZ 0000000180040cc8     BerconGradient.obj
 0004:00001cd4       $pdata$??__FBerconTileDesc@@YAXXZ 0000000180040cd4     BerconTile.obj
 0004:00001ce0       $pdata$??__Fxyz_blk@@YAXXZ 0000000180040ce0     BerconTile.obj
 0004:00001cec       $pdata$??__FBerconWoodDesc@@YAXXZ 0000000180040cec     BerconWood.obj
 0004:00001cf8       $pdata$??__Fxyz_blk@@YAXXZ 0000000180040cf8     BerconWood.obj
 0004:00001d04       $pdata$??__FBerconNoiseDesc@@YAXXZ 0000000180040d04     BerconNoise.obj
 0004:00001d10       $pdata$??__Fxyz_blk@@YAXXZ 0000000180040d10     BerconNoise.obj
 0005:000009b0       $R000000                   00000001800419b0     BerconNoise.res
 0005:00000a68       $R0000B8                   0000000180041a68     BerconNoise.res
 0005:00000a98       $R0000E8                   0000000180041a98     BerconNoise.res
 0005:00000b40       $R000190                   0000000180041b40     BerconNoise.res
 0005:00000cd0       $R000320                   0000000180041cd0     BerconNoise.res
 0005:00000d78       $R0003C8                   0000000180041d78     BerconNoise.res
 0005:00000e20       $R000470                   0000000180041e20     BerconNoise.res
 0005:00000f10       $R000560                   0000000180041f10     BerconNoise.res
 0005:00000fb8       $R000608                   0000000180041fb8     BerconNoise.res
 0005:00001e20       $R001470                   0000000180042e20     BerconNoise.res
 0005:000030b0       $R002700                   00000001800440b0     BerconNoise.res
 0005:00004888       $R003ED8                   0000000180045888     BerconNoise.res
 0005:00005290       $R0048E0                   0000000180046290     BerconNoise.res
 0005:000054d8       $R004B28                   00000001800464d8     BerconNoise.res
 0005:00005650       $R004CA0                   0000000180046650     BerconNoise.res
 0005:00005e40       $R005490                   0000000180046e40     BerconNoise.res
 0005:00006a40       $R006090                   0000000180047a40     BerconNoise.res
 0005:00007b98       $R0071E8                   0000000180048b98     BerconNoise.res
 0005:00008d00       $R008350                   0000000180049d00     BerconNoise.res
 0005:00009cb8       $R009308                   000000018004acb8     BerconNoise.res
 0005:0000ad50       $R00A3A0                   000000018004bd50     BerconNoise.res
 0005:0000b6d0       $R00AD20                   000000018004c6d0     BerconNoise.res
 0005:0000b6d8       $R00AD28                   000000018004c6d8     BerconNoise.res
 0005:0000b6e0       $R00AD30                   000000018004c6e0     BerconNoise.res
 0005:0000b6e8       $R00AD38                   000000018004c6e8     BerconNoise.res
 0005:0000b7a8       $R00ADF8                   000000018004c7a8     BerconNoise.res
 0005:000188f0       $R017F40                   00000001800598f0     BerconNoise.res
 0005:00018a68       $R0180B8                   0000000180059a68     BerconNoise.res
 0005:00018ad0       $R018120                   0000000180059ad0     BerconNoise.res
 0005:00018c38       $R018288                   0000000180059c38     BerconNoise.res
 0005:00018c88       $R0182D8                   0000000180059c88     BerconNoise.res
 0005:00018e50       $R0184A0                   0000000180059e50     BerconNoise.res
 0005:00019028       $R018678                   000000018005a028     BerconNoise.res
 0005:00019200       $R018850                   000000018005a200     BerconNoise.res
 0005:00019300       $R018950                   000000018005a300     BerconNoise.res
 0005:000193d0       $R018A20                   000000018005a3d0     BerconNoise.res
 0005:000194f8       $R018B48                   000000018005a4f8     BerconNoise.res
 0005:000195f8       $R018C48                   000000018005a5f8     BerconNoise.res
 0005:00019770       $R018DC0                   000000018005a770     BerconNoise.res
 0005:000198f0       $R018F40                   000000018005a8f0     BerconNoise.res
 0005:00019aa0       $R0190F0                   000000018005aaa0     BerconNoise.res
 0005:00019b80       $R0191D0                   000000018005ab80     BerconNoise.res
 0005:00019cc0       $R019310                   000000018005acc0     BerconNoise.res
 0005:00019e38       $R019488                   000000018005ae38     BerconNoise.res
 0005:0001a048       $R019698                   000000018005b048     BerconNoise.res
 0005:0001a200       $R019850                   000000018005b200     BerconNoise.res
 0005:0001a318       $R019968                   000000018005b318     BerconNoise.res

 Exports

  ordinal    name

        1    ?LibDescription@@YAPEB_WXZ (wchar_t const * __cdecl LibDescription(void))
               exported name: LibDescription
        2    ?LibNumberClasses@@YAHXZ (int __cdecl LibNumberClasses(void))
               exported name: LibNumberClasses
        3    ?LibClassDesc@@YAPEAVClassDesc@@H@Z (class ClassDesc * __cdecl LibClassDesc(int))
               exported name: LibClassDesc
        4    ?LibVersion@@YAKXZ (unsigned long __cdecl LibVersion(void))
               exported name: LibVersion
        5    ??0VertexNormalsControl@@QEAA@XZ (public: __cdecl VertexNormalsControl::VertexNormalsControl(void))
        6    ?LibInitialize@@YAHXZ (int __cdecl LibInitialize(void))
        7    ?LibShutdown@@YAHXZ (int __cdecl LibShutdown(void))
