 BerconMaps_2020_64_AVX2

 Timestamp is 5ce56032 (Wed May 22 10:44:02 2019)

 Preferred load address is 0000000180000000

 Start         Length     Name                   Class
 0001:00000000 00007a50H .text$di                CODE
 0001:00007a50 00022240H .text$mn                CODE
 0001:00029c90 00000020H .text$mn$00             CODE
 0001:00029cb0 00000e20H .text$x                 CODE
 0001:0002aad0 000001dfH .text$yd                CODE
 0002:00000000 000008b0H .idata$5                DATA
 0002:000008b0 00000010H .00cfg                  DATA
 0002:000008c0 00000008H .CRT$XCA                DATA
 0002:000008c8 000000f0H .CRT$XCU                DATA
 0002:000009b8 00000008H .CRT$XCZ                DATA
 0002:000009c0 00000008H .CRT$XIA                DATA
 0002:000009c8 00000008H .CRT$XIZ                DATA
 0002:000009d0 00000008H .CRT$XPA                DATA
 0002:000009d8 00000008H .CRT$XPZ                DATA
 0002:000009e0 00000008H .CRT$XTA                DATA
 0002:000009e8 00000018H .CRT$XTZ                DATA
 0002:00000a00 000065d0H .rdata                  DATA
 0002:00006fd0 00002244H .rdata$r                DATA
 0002:00009214 000002ccH .rdata$zzzdbg           DATA
 0002:000094e0 00000008H .rtc$IAA                DATA
 0002:000094e8 00000008H .rtc$IZZ                DATA
 0002:000094f0 00000008H .rtc$TAA                DATA
 0002:000094f8 00000008H .rtc$TZZ                DATA
 0002:00009500 00003c78H .xdata                  DATA
 0002:0000d178 000001d8H .xdata$x                DATA
 0002:0000d350 00000104H .edata                  DATA
 0002:0000d454 00000118H .idata$2                DATA
 0002:0000d56c 00000014H .idata$3                DATA
 0002:0000d580 000008b0H .idata$4                DATA
 0002:0000de30 00002c70H .idata$6                DATA
 0003:00000000 00000730H .data                   DATA
 0003:00000730 00000a60H .data$r                 DATA
 0003:00001190 00000d78H .bss                    DATA
 0004:00000000 00001f5cH .pdata                  DATA
 0005:00000000 0000002cH .gfids$y                DATA
 0006:00000000 00000950H .rsrc$01                DATA
 0006:00000950 00019a80H .rsrc$02                DATA

  Address         Publics by Value              Rva+Base               Lib:Object

 0000:00000000       __dynamic_value_reloc_table 0000000000000000     <absolute>
 0000:00000000       __guard_fids_count         0000000000000000     <absolute>
 0000:00000000       __guard_iat_table          0000000000000000     <absolute>
 0000:00000000       ___safe_se_handler_table   0000000000000000     <absolute>
 0000:00000000       __guard_iat_count          0000000000000000     <absolute>
 0000:00000000       ___safe_se_handler_count   0000000000000000     <absolute>
 0000:00000000       __guard_longjmp_table      0000000000000000     <absolute>
 0000:00000000       __guard_longjmp_count      0000000000000000     <absolute>
 0000:00000000       __guard_fids_table         0000000000000000     <absolute>
 0000:00000100       __guard_flags              0000000000000100     <absolute>
 0000:00000000       __ImageBase                0000000180000000     <linker-defined>
 0001:00007a50       ?SetUserDlgProc@ClassDesc2@@UEAA_NPEAVParamBlockDesc2@@PEAVParamMap2UserDlgProc@@@Z 0000000180008a50 f i BerconDistortion.obj
 0001:00007a60       ?CreateQtWidget@ClassDesc2@@UEAAPEAVQMaxParamBlockWidget@MaxSDK@@AEAVReferenceMaker@@AEAVIParamBlock2@@FAEAVWStr@@AEAH3AEAVClass_ID@@@Z 0000000180008a60 f i BerconDistortion.obj
 0001:00007a70       ??_EXYZ_Desc@@UEAAPEAXI@Z  0000000180008a70 f i BerconDistortion.obj
 0001:00007a70       ??_GXYZ_Desc@@UEAAPEAXI@Z  0000000180008a70 f i BerconDistortion.obj
 0001:00007ad0       ?What@TabOutOfRangeException@Util@MaxSDK@@UEBAPEB_WXZ 0000000180008ad0 f i BerconDistortion.obj
 0001:00007af0       ??1TabOutOfRangeException@Util@MaxSDK@@UEAA@XZ 0000000180008af0 f i BerconDistortion.obj
 0001:00007b10       ??0TabOutOfRangeException@Util@MaxSDK@@QEAA@AEBV012@@Z 0000000180008b10 f i BerconDistortion.obj
 0001:00007b50       ??_GTabOutOfRangeException@Util@MaxSDK@@UEAAPEAXI@Z 0000000180008b50 f i BerconDistortion.obj
 0001:00007b50       ??_ETabOutOfRangeException@Util@MaxSDK@@UEAAPEAXI@Z 0000000180008b50 f i BerconDistortion.obj
 0001:00007bb0       ?InitialRollupPageState@ClassDesc@@UEAAKXZ 0000000180008bb0 f i BerconDistortion.obj
 0001:00007bc0       ?NumInterfaces@ClassDesc@@UEAAHXZ 0000000180008bc0 f i BerconDistortion.obj
 0001:00007bd0       ?Create@BerconDistortionClassDesc@@UEAAPEAXH@Z 0000000180008bd0 f i BerconDistortion.obj
 0001:00007c10       ?GetInterfaceAt@ClassDesc@@UEAAPEAVFPInterface@@H@Z 0000000180008c10 f i BerconDistortion.obj
 0001:00007c30       ?ClassName@BerconDistortionClassDesc@@UEAAPEB_WXZ 0000000180008c30 f i BerconDistortion.obj
 0001:00007c40       ?InternalName@BerconDistortionClassDesc@@UEAAPEB_WXZ 0000000180008c40 f i BerconDistortion.obj
 0001:00007c50       ?ClearInterfaces@ClassDesc@@UEAAXXZ 0000000180008c50 f i BerconDistortion.obj
 0001:00007c60       ?SubClassID@ClassDesc@@UEAA?AVClass_ID@@XZ 0000000180008c60 f i BerconDistortion.obj
 0001:00007c70       ??_EBerconDistortionClassDesc@@UEAAPEAXI@Z 0000000180008c70 f i BerconDistortion.obj
 0001:00007c70       ??_GBerconDistortionClassDesc@@UEAAPEAXI@Z 0000000180008c70 f i BerconDistortion.obj
 0001:00007cd0       ??0BerconDistortion@@QEAA@XZ 0000000180008cd0 f   BerconDistortion.obj
 0001:00007e00       ??0BerconSC@@QEAA@QEAVShadeContext@@@Z 0000000180008e00 f i BerconDistortion.obj
 0001:00007fe0       ??0BerconXYZ@@QEAA@XZ      0000000180008fe0 f i BerconDistortion.obj
 0001:00008050       ??0VertexNormalsControl@@QEAA@XZ 0000000180009050 f i BerconDistortion.obj
 0001:00008080       ??0XYZ_Desc@@QEAA@PEAVClassDesc2@@HHHHHHH@Z 0000000180009080 f i BerconDistortion.obj
 0001:00009350       ??1?$Tab@PEAVBaseInterface@@@@UEAA@XZ 000000018000a350 f i BerconDistortion.obj
 0001:00009380       ??1?$Tab@PEAVVertexNormalsCallback@@@@UEAA@XZ 000000018000a380 f i BerconDistortion.obj
 0001:000093b0       ??1BerconSC@@UEAA@XZ       000000018000a3b0 f i BerconDistortion.obj
 0001:00009400       ??1ParamMap2UserDlgProc@@UEAA@XZ 000000018000a400 f i BerconDistortion.obj
 0001:00009410       ??1RenderGlobalContext@@UEAA@XZ 000000018000a410 f i BerconDistortion.obj
 0001:00009430       ??1ShadeContext@@UEAA@XZ   000000018000a430 f i BerconDistortion.obj
 0001:00009470       ??1ShadeOutput@@UEAA@XZ    000000018000a470 f i BerconDistortion.obj
 0001:00009490       ??1Texmap@@UEAA@XZ         000000018000a490 f i BerconDistortion.obj
 0001:000094b0       ??A?$Tab@PEAVFPInterface@@@@QEBAAEAPEAVFPInterface@@_J@Z 000000018000a4b0 f i BerconDistortion.obj
 0001:000095a4       ??_EBerconDistortion@@WEI@EAAPEAXI@Z 000000018000a5a4 f i BerconDistortion.obj
 0001:000095b0       ??_EBerconSC@@WCJA@EAAPEAXI@Z 000000018000a5b0 f i BerconDistortion.obj
 0001:000095c0       ??_E?$Tab@PEAVBaseInterface@@@@UEAAPEAXI@Z 000000018000a5c0 f i BerconDistortion.obj
 0001:000095c0       ??_G?$Tab@PEAVBaseInterface@@@@UEAAPEAXI@Z 000000018000a5c0 f i BerconDistortion.obj
 0001:00009620       ??_G?$Tab@PEAVVertexNormalsCallback@@@@UEAAPEAXI@Z 000000018000a620 f i BerconDistortion.obj
 0001:00009620       ??_E?$Tab@PEAVVertexNormalsCallback@@@@UEAAPEAXI@Z 000000018000a620 f i BerconDistortion.obj
 0001:00009680       ??_EBaseInterfaceServer@@UEAAPEAXI@Z 000000018000a680 f i BerconDistortion.obj
 0001:00009680       ??_GBaseInterfaceServer@@UEAAPEAXI@Z 000000018000a680 f i BerconDistortion.obj
 0001:000096d0       ??_GBerconDistortion@@UEAAPEAXI@Z 000000018000a6d0 f i BerconDistortion.obj
 0001:000096d0       ??_EBerconDistortion@@UEAAPEAXI@Z 000000018000a6d0 f i BerconDistortion.obj
 0001:00009760       ??_GBerconSC@@UEAAPEAXI@Z  000000018000a760 f i BerconDistortion.obj
 0001:00009760       ??_EBerconSC@@UEAAPEAXI@Z  000000018000a760 f i BerconDistortion.obj
 0001:000097e0       ??_EBerconXYZDlgProc@@UEAAPEAXI@Z 000000018000a7e0 f i BerconDistortion.obj
 0001:000097e0       ??_GBerconXYZDlgProc@@UEAAPEAXI@Z 000000018000a7e0 f i BerconDistortion.obj
 0001:00009830       ??_EInterfaceServer@@UEAAPEAXI@Z 000000018000a830 f i BerconDistortion.obj
 0001:00009830       ??_GInterfaceServer@@UEAAPEAXI@Z 000000018000a830 f i BerconDistortion.obj
 0001:00009880       ??_GParamMap2UserDlgProc@@UEAAPEAXI@Z 000000018000a880 f i BerconDistortion.obj
 0001:00009880       ??_EParamMap2UserDlgProc@@UEAAPEAXI@Z 000000018000a880 f i BerconDistortion.obj
 0001:000098c0       ??_GRenderGlobalContext@@UEAAPEAXI@Z 000000018000a8c0 f i BerconDistortion.obj
 0001:000098c0       ??_ERenderGlobalContext@@UEAAPEAXI@Z 000000018000a8c0 f i BerconDistortion.obj
 0001:00009920       ??_GShadeContext@@UEAAPEAXI@Z 000000018000a920 f i BerconDistortion.obj
 0001:00009920       ??_EShadeContext@@UEAAPEAXI@Z 000000018000a920 f i BerconDistortion.obj
 0001:00009990       ??_GShadeOutput@@UEAAPEAXI@Z 000000018000a990 f i BerconDistortion.obj
 0001:00009990       ??_EShadeOutput@@UEAAPEAXI@Z 000000018000a990 f i BerconDistortion.obj
 0001:000099f0       ?ActivateTexDisplay@BerconDistortion@@UEAAXH@Z 000000018000a9f0 f i BerconDistortion.obj
 0001:00009a20       ?Antialias@BerconSC@@UEAAHXZ 000000018000aa20 f i BerconDistortion.obj
 0001:00009a30       ?BarycentricCoords@BerconSC@@UEAA?AVPoint3@@XZ 000000018000aa30 f i BerconDistortion.obj
 0001:00009a50       ?BarycentricCoords@ShadeContext@@UEAA?AVPoint3@@XZ 000000018000aa50 f i BerconDistortion.obj
 0001:00009a60       ?BumpBasisVectors@BerconSC@@UEAAHQEAVPoint3@@HH@Z 000000018000aa60 f i BerconDistortion.obj
 0001:00009a80       ?BypassTrackBar@Animatable@@UEAAHXZ 000000018000aa80 f i BerconDistortion.obj
 0001:00009a90       ?CamFarRange@BerconSC@@UEAAMXZ 000000018000aa90 f i BerconDistortion.obj
 0001:00009ab0       ?CamNearRange@BerconSC@@UEAAMXZ 000000018000aab0 f i BerconDistortion.obj
 0001:00009ad0       ?CamPos@BerconSC@@UEAA?AVPoint3@@XZ 000000018000aad0 f i BerconDistortion.obj
 0001:00009b00       ?ClassID@BerconDistortionClassDesc@@UEAA?AVClass_ID@@XZ 000000018000ab00 f i BerconDistortion.obj
 0001:00009b00       ?ClassID@BerconDistortion@@UEAA?AVClass_ID@@XZ 000000018000ab00 f i BerconDistortion.obj
 0001:00009b20       ?ClassID@BerconSC@@UEAA?AVClass_ID@@XZ 000000018000ab20 f i BerconDistortion.obj
 0001:00009b40       ?ClassID@ShadeContext@@UEAA?AVClass_ID@@XZ 000000018000ab40 f i BerconDistortion.obj
 0001:00009b40       ?SurfacePtScreen@ShadeContext@@UEAA?AVPoint2@@XZ 000000018000ab40 f i BerconDistortion.obj
 0001:00009b50       ?Clone@BerconDistortion@@UEAAPEAVReferenceTarget@@AEAVRemapDir@@@Z 000000018000ab50 f   BerconDistortion.obj
 0001:00009c80       ?CreateParamDlg@BerconDistortion@@UEAAPEAVParamDlg@@PEAUHWND__@@PEAVIMtlParams@@@Z 000000018000ac80 f   BerconDistortion.obj
 0001:00009d00       ?CurTime@BerconSC@@UEAAHXZ 000000018000ad00 f i BerconDistortion.obj
 0001:00009d10       ?Curve@BerconSC@@UEAAMXZ   000000018000ad10 f i BerconDistortion.obj
 0001:00009d30       ?DP@BerconSC@@UEAA?AVPoint3@@XZ 000000018000ad30 f i BerconDistortion.obj
 0001:00009d60       ?DP@BerconSC@@UEAAXAEAVPoint3@@0@Z 000000018000ad60 f i BerconDistortion.obj
 0001:00009d80       ?DPObj@BerconSC@@UEAA?AVPoint3@@XZ 000000018000ad80 f i BerconDistortion.obj
 0001:00009db0       ?DPObjRelBox@BerconSC@@UEAA?AVPoint3@@XZ 000000018000adb0 f i BerconDistortion.obj
 0001:00009de0       ?DPdUVW@BerconSC@@UEAAXQEAVPoint3@@H@Z 000000018000ade0 f i BerconDistortion.obj
 0001:00009e00       ?DUVW@BerconSC@@UEAA?AVPoint3@@H@Z 000000018000ae00 f i BerconDistortion.obj
 0001:00009e24       ?DebugFile@BerconSC@@WCJA@EAAPEAU_iobuf@@XZ 000000018000ae24 f i BerconDistortion.obj
 0001:00009e30       ?PutCache@ShadeContext@@UEAAXPEAVTexmap@@AEBVAColor@@@Z 000000018000ae30 f i BerconDistortion.obj
 0001:00009e30       ?EditTimeRange@Animatable@@UEAAXVInterval@@K@Z 000000018000ae30 f i BerconDistortion.obj
 0001:00009e30       ?PasteTrack@Animatable@@UEAAXPEAVTrackClipObject@@VInterval@@K@Z 000000018000ae30 f i BerconDistortion.obj
 0001:00009e30       ?SelectSubCurve@Animatable@@UEAAXHH@Z 000000018000ae30 f i BerconDistortion.obj
 0001:00009e30       ?CopyKeysFromTime@Animatable@@UEAAXHHK@Z 000000018000ae30 f i BerconDistortion.obj
 0001:00009e30       ?RefAddedUndoRedo@ReferenceTarget@@UEAAXPEAVReferenceMaker@@@Z 000000018000ae30 f i BerconDistortion.obj
 0001:00009e30       ?EditClassParams@ClassDesc@@UEAAXPEAUHWND__@@@Z 000000018000ae30 f i BerconDistortion.obj
 0001:00009e30       ?FlagKey@Animatable@@UEAAXVTrackHitRecord@@@Z 000000018000ae30 f i BerconDistortion.obj
 0001:00009e30       ?DeleteSubAnim@Animatable@@UEAAXH@Z 000000018000ae30 f i BerconDistortion.obj
 0001:00009e30       ?AdjustTangents@Animatable@@UEAAXVTrackHitRecord@@PEAVParamDimensionBase@@MMK@Z 000000018000ae30 f i BerconDistortion.obj
 0001:00009e30       ?GetSystemNodes@Animatable@@UEAAXAEAVINodeTab@@W4SysNodeContext@@@Z 000000018000ae30 f i BerconDistortion.obj
 0001:00009e30       ?SelectCurve@Animatable@@UEAAXH@Z 000000018000ae30 f i BerconDistortion.obj
 0001:00009e30       ?InsertTime@Animatable@@UEAAXHH@Z 000000018000ae30 f i BerconDistortion.obj
 0001:00009e30       ?FreeAllBitmaps@Animatable@@UEAAXXZ 000000018000ae30 f i BerconDistortion.obj
 0001:00009e30       ?RefDeleted@ReferenceTarget@@UEAAXXZ 000000018000ae30 f i BerconDistortion.obj
 0001:00009e30       ?SetIOR@ShadeContext@@UEAAXM@Z 000000018000ae30 f i BerconDistortion.obj
 0001:00009e30       ?SetNormal@ShadeContext@@UEAAXVPoint3@@@Z 000000018000ae30 f i BerconDistortion.obj
 0001:00009e30       ?SetParamBlock@ParamMap2UserDlgProc@@UEAAXPEAVIParamBlock2@@@Z 000000018000ae30 f i BerconDistortion.obj
 0001:00009e30       ?SetThing@ParamMap2UserDlgProc@@UEAAXPEAVReferenceTarget@@@Z 000000018000ae30 f i BerconDistortion.obj
 0001:00009e30       ?PutCache@ShadeContext@@UEAAXPEAVTexmap@@M@Z 000000018000ae30 f i BerconDistortion.obj
 0001:00009e30       ?__global_delete@@YAXPEAX_K@Z 000000018000ae30 f i BerconDistortion.obj
 0001:00009e30       ?SetOutputLevel@Texmap@@UEAAXHM@Z 000000018000ae30 f i BerconDistortion.obj
 0001:00009e30       ?LocalMappingsRequired@MtlBase@@UEAAXHAEAVBitArray@@0@Z 000000018000ae30 f i BerconDistortion.obj
 0001:00009e30       ?Enable2@IGradient@@UEAAXH@Z 000000018000ae30 f i BerconGradient.obj
 0001:00009e30       ?SelectKeyByIndex@Animatable@@UEAAXHH@Z 000000018000ae30 f i BerconDistortion.obj
 0001:00009e30       ?SetSelKeyCoords@Animatable@@UEAAXHMK@Z 000000018000ae30 f i BerconDistortion.obj
 0001:00009e30       ??3@YAXPEAX0@Z             000000018000ae30 f i tile.obj
 0001:00009e30       ?Disable@IGradient@@UEAAXXZ 000000018000ae30 f i BerconGradient.obj
 0001:00009e30       ?PasteSubTrack@Animatable@@UEAAXHPEAVTrackClipObject@@VInterval@@K@Z 000000018000ae30 f i BerconDistortion.obj
 0001:00009e30       ?BeginEditParams@Animatable@@UEAAXPEAVIObjParam@@KPEAV1@@Z 000000018000ae30 f i BerconDistortion.obj
 0001:00009e30       ?PutCache@ShadeContext@@UEAAXPEAVTexmap@@AEBVPoint3@@@Z 000000018000ae30 f i BerconDistortion.obj
 0001:00009e30       ?RefDeletedUndoRedo@ReferenceTarget@@UEAAXXZ 000000018000ae30 f i BerconDistortion.obj
 0001:00009e30       ?ScaleTime@Animatable@@UEAAXVInterval@@M@Z 000000018000ae30 f i BerconDistortion.obj
 0001:00009e30       ?RevertSetKeyBuffer@Animatable@@UEAAXXZ 000000018000ae30 f i BerconDistortion.obj
 0001:00009e30       ?IntersectRay@RenderGlobalContext@@UEAAXPEAVRenderInstance@@AEAVRay@@AEAUISect@@AEAVISectList@@H@Z 000000018000ae30 f i BerconDistortion.obj
 0001:00009e30       _guard_check_icall_nop     000000018000ae30 f i MSVCRT:guard_support.obj
 0001:00009e30       ?Enable@IGradient@@UEAAXH@Z 000000018000ae30 f i BerconGradient.obj
 0001:00009e30       ?DeleteKeyAtTime@Animatable@@UEAAXH@Z 000000018000ae30 f i BerconDistortion.obj
 0001:00009e30       ?ResetCallback@ResourceMakerCallback@@UEAAXHPEAVICurveCtl@@@Z 000000018000ae30 f i BerconGradient.obj
 0001:00009e30       ?DP@ShadeContext@@UEAAXAEAVPoint3@@0@Z 000000018000ae30 f i BerconDistortion.obj
 0001:00009e30       ?CommitSetKeyBuffer@Animatable@@UEAAXH@Z 000000018000ae30 f i BerconDistortion.obj
 0001:00009e30       ?TossCache@ShadeContext@@UEAAXPEAVTexmap@@@Z 000000018000ae30 f i BerconDistortion.obj
 0001:00009e30       ?AdjustTangents@Animatable@@UEAAXVTrackHitRecord@@PEAVParamDimensionBase@@AEAVBox2@@MHMHHHK@Z 000000018000ae30 f i BerconDistortion.obj
 0001:00009e30       ?FreeCaches@Animatable@@UEAAXXZ 000000018000ae30 f i BerconDistortion.obj
 0001:00009e30       ?NotifyTarget@ReferenceTarget@@UEAAXHPEAVReferenceMaker@@@Z 000000018000ae30 f i BerconDistortion.obj
 0001:00009e30       ?DeleteKeys@Animatable@@UEAAXK@Z 000000018000ae30 f i BerconDistortion.obj
 0001:00009e30       ?SelectSubKeys@Animatable@@UEAAXHAEAV?$Tab@VTrackHitRecord@@@@K@Z 000000018000ae30 f i BerconDistortion.obj
 0001:00009e30       ?EditTrackParams@Animatable@@UEAAXHPEAVParamDimensionBase@@PEB_WPEAUHWND__@@PEAVIObjParam@@K@Z 000000018000ae30 f i BerconDistortion.obj
 0001:00009e30       ?AddNewKey@Animatable@@UEAAXHK@Z 000000018000ae30 f i BerconDistortion.obj
 0001:00009e30       ?SetTooltip@IGradient@@UEAAX_NPEB_W@Z 000000018000ae30 f i BerconGradient.obj
 0001:00009e30       ?ScaleKeyValues@Animatable@@UEAAXPEAVParamDimensionBase@@MMK@Z 000000018000ae30 f i BerconDistortion.obj
 0001:00009e30       ?DeleteKeyByIndex@Animatable@@UEAAXH@Z 000000018000ae30 f i BerconDistortion.obj
 0001:00009e30       ?DeleteTime@Animatable@@UEAAXVInterval@@K@Z 000000018000ae30 f i BerconDistortion.obj
 0001:00009e30       ?NewCurveCreatedCallback@ResourceMakerCallback@@UEAAXHPEAVICurveCtl@@@Z 000000018000ae30 f i BerconGradient.obj
 0001:00009e30       ?SetupGfxMultiMaps@MtlBase@@UEAAXHPEAVMaterial@@AEAVMtlMakerCallback@@@Z 000000018000ae30 f i BerconDistortion.obj
 0001:00009e30       ?ReverseTime@Animatable@@UEAAXVInterval@@K@Z 000000018000ae30 f i BerconDistortion.obj
 0001:00009e30       ?CloneSelectedKeys@Animatable@@UEAAXH@Z 000000018000ae30 f i BerconDistortion.obj
 0001:00009e30       ?SelectKeys@Animatable@@UEAAXAEAV?$Tab@VTrackHitRecord@@@@K@Z 000000018000ae30 f i BerconDistortion.obj
 0001:00009e30       ?MoveKeys@Animatable@@UEAAXPEAVParamDimensionBase@@MK@Z 000000018000ae30 f i BerconDistortion.obj
 0001:00009e30       ?Update@ParamMap2UserDlgProc@@UEAAXH@Z 000000018000ae30 f i BerconDistortion.obj
 0001:00009e30       ?EndEditParams@Animatable@@UEAAXPEAVIObjParam@@KPEAV1@@Z 000000018000ae30 f i BerconDistortion.obj
 0001:00009e30       ?__empty_global_delete@@YAXPEAX_K@Z 000000018000ae30 f i BerconDistortion.obj
 0001:00009e40       ?DiffuseIllum@BerconSC@@UEAA?AVColor@@XZ 000000018000ae40 f i BerconDistortion.obj
 0001:00009e70       ?DlgProc@BerconXYZDlgProc@@UEAA_JHPEAVIParamMap2@@PEAUHWND__@@I_K_J@Z 000000018000ae70 f i BerconDistortion.obj
 0001:0000a380       ?EditTrack@Animatable@@UEAAXXZ 000000018000b380 f i BerconDistortion.obj
 0001:0000a3b0       ?EvalColor@BerconDistortion@@UEAA?AVAColor@@AEAVShadeContext@@@Z 000000018000b3b0 f   BerconDistortion.obj
 0001:0000a540       ?EvalEnvironMap@BerconSC@@UEAA?AVAColor@@PEAVTexmap@@VPoint3@@@Z 000000018000b540 f i BerconDistortion.obj
 0001:0000a590       ?EvalGlobalEnvironMap@BerconSC@@UEAA?AVAColor@@VPoint3@@@Z 000000018000b590 f i BerconDistortion.obj
 0001:0000a5e0       ?EvalGlobalEnvironMap@RenderGlobalContext@@UEAA?AVAColor@@AEAVShadeContext@@AEAVRay@@H@Z 000000018000b5e0 f i BerconDistortion.obj
 0001:0000a600       ?EvalGlobalEnvironMap@ShadeContext@@UEAA?AVAColor@@VPoint3@@@Z 000000018000b600 f i BerconDistortion.obj
 0001:0000a610       ?EvalMono@BerconDistortion@@UEAAMAEAVShadeContext@@@Z 000000018000b610 f   BerconDistortion.obj
 0001:0000a7a0       ?EvalNormalPerturb@BerconDistortion@@UEAA?AVPoint3@@AEAVShadeContext@@@Z 000000018000b7a0 f   BerconDistortion.obj
 0001:0000a930       ?Execute@BerconSC@@UEAA_JH_K00@Z 000000018000b930 f i BerconDistortion.obj
 0001:0000a944       ?Execute@BerconSC@@WCJA@EAA_JH_K00@Z 000000018000b944 f i BerconDistortion.obj
 0001:0000a950       ?FaceNumber@BerconSC@@UEAAHXZ 000000018000b950 f i BerconDistortion.obj
 0001:0000a960       ?GNormal@BerconSC@@UEAA?AVPoint3@@XZ 000000018000b960 f i BerconDistortion.obj
 0001:0000a990       ?CamFarRange@ShadeContext@@UEAAMXZ 000000018000b990 f i BerconDistortion.obj
 0001:0000a990       ?GetAAFilterSize@RenderGlobalContext@@UEAAMXZ 000000018000b990 f i BerconDistortion.obj
 0001:0000a990       ?CamNearRange@ShadeContext@@UEAAMXZ 000000018000b990 f i BerconDistortion.obj
 0001:0000a990       ?RayConeAngle@ShadeContext@@UEAAMXZ 000000018000b990 f i BerconDistortion.obj
 0001:0000a990       ?Curve@ShadeContext@@UEAAMXZ 000000018000b990 f i BerconDistortion.obj
 0001:0000a9a0       ?GetActiveTexHandle@BerconDistortion@@UEAA_KHAEAVTexHandleMaker@@@Z 000000018000b9a0 f   BerconDistortion.obj
 0001:0000aa60       ?GetBGColor@BerconSC@@UEAAXAEAVColor@@0H@Z 000000018000ba60 f i BerconDistortion.obj
 0001:0000aa80       ?GetBerconDistortionDesc@@YAPEAVClassDesc2@@XZ 000000018000ba80 f   BerconDistortion.obj
 0001:0000aa90       ?GetCache@BerconSC@@UEAAHPEAVTexmap@@AEAM@Z 000000018000ba90 f i BerconDistortion.obj
 0001:0000aab0       ?GetCache@BerconSC@@UEAAHPEAVTexmap@@AEAVAColor@@@Z 000000018000bab0 f i BerconDistortion.obj
 0001:0000aad0       ?GetCache@BerconSC@@UEAAHPEAVTexmap@@AEAVPoint3@@@Z 000000018000bad0 f i BerconDistortion.obj
 0001:0000aaf0       ?GetClassName@BerconDistortion@@UEAAXAEAVWStr@@@Z 000000018000baf0 f i BerconDistortion.obj
 0001:0000ab20       ?GetEvalObject@BerconSC@@UEAAPEAVObject@@XZ 000000018000bb20 f i BerconDistortion.obj
 0001:0000ab30       ?GetIOR@BerconSC@@UEAAMXZ  000000018000bb30 f i BerconDistortion.obj
 0001:0000ab50       ?GetIOR@ShadeContext@@UEAAMXZ 000000018000bb50 f i BerconDistortion.obj
 0001:0000ab50       ?GetSampleSizeScale@ShadeContext@@UEAAMXZ 000000018000bb50 f i BerconDistortion.obj
 0001:0000ab60       ?GetInterface@MtlBase@@UEAAPEAVBaseInterface@@VInterface_ID@@@Z 000000018000bb60 f i BerconDistortion.obj
 0001:0000ab90       ?GetKeyIndex@Animatable@@UEAAHH@Z 000000018000bb90 f i BerconDistortion.obj
 0001:0000ab90       ?GetFlagKeyIndex@Animatable@@UEAAHXZ 000000018000bb90 f i BerconDistortion.obj
 0001:0000ab90       ?NumKeys@Animatable@@UEAAHXZ 000000018000bb90 f i BerconDistortion.obj
 0001:0000ab90       ?NodeID@ShadeContext@@UEAAHXZ 000000018000bb90 f i BerconDistortion.obj
 0001:0000aba0       ?IsLocalOutputMeaningful@Texmap@@UEAA_NAEAVShadeContext@@@Z 000000018000bba0 f i BerconDistortion.obj
 0001:0000aba0       ?UseOnlyInternalNameForMAXScriptExposure@ClassDesc@@UEAA_NXZ 000000018000bba0 f i BerconDistortion.obj
 0001:0000aba0       ?GetMacroRecorderName@Animatable@@UEAA_N_NAEAVWStr@@@Z 000000018000bba0 f i BerconDistortion.obj
 0001:0000aba0       ?DrawRepresentation@ClassDesc@@UEAA_NKPEAUHDC__@@AEAVBox2@@@Z 000000018000bba0 f i BerconDistortion.obj
 0001:0000abb0       ?GetNSuperSample@BerconSC@@UEAAHXZ 000000018000bbb0 f i BerconDistortion.obj
 0001:0000abd0       ?GetParamBlock@BerconDistortion@@UEAAPEAVIParamBlock2@@H@Z 000000018000bbd0 f i BerconDistortion.obj
 0001:0000abf0       ?GetParamBlockByID@BerconDistortion@@UEAAPEAVIParamBlock2@@F@Z 000000018000bbf0 f i BerconDistortion.obj
 0001:0000ac40       ?GetParamDimension@Animatable@@UEAAPEAVParamDimension@@H@Z 000000018000bc40 f i BerconDistortion.obj
 0001:0000ac50       ?GetRefTarget@MtlBase@@UEAAPEAVReferenceTarget@@XZ 000000018000bc50 f i BerconDistortion.obj
 0001:0000ac60       ?GetRenderElement@BerconSC@@UEAAPEAVIRenderElement@@H@Z 000000018000bc60 f i BerconDistortion.obj
 0001:0000ac80       ?GetRenderElement@ShadeContext@@UEAAPEAVIRenderElement@@H@Z 000000018000bc80 f i BerconDistortion.obj
 0001:0000aca0       ?GetSampleSizeScale@BerconSC@@UEAAMXZ 000000018000bca0 f i BerconDistortion.obj
 0001:0000acc0       ?GetSubAnimCurveColor@Animatable@@UEAAKH@Z 000000018000bcc0 f i BerconDistortion.obj
 0001:0000acd0       ?GetSubTexmap@BerconDistortion@@UEAAPEAVTexmap@@H@Z 000000018000bcd0 f i BerconDistortion.obj
 0001:0000ace0       ?GetSubTexmapSlotName@BerconDistortion@@UEAA?AVWStr@@H@Z 000000018000bce0 f   BerconDistortion.obj
 0001:0000ad70       ?NumSubTexmaps@BerconDistortion@@UEAAHXZ 000000018000bd70 f i BerconDistortion.obj
 0001:0000ad70       ?GetTextureTiling@Texmap@@UEAAHXZ 000000018000bd70 f i BerconDistortion.obj
 0001:0000ad70       ?NumParamBlocks@BerconTile@@UEAAHXZ 000000018000bd70 f i BerconTile.obj
 0001:0000ad70       ?NumParamBlocks@BerconNoise@@UEAAHXZ 000000018000bd70 f i BerconNoise.obj
 0001:0000ad80       ?GetUVTransform@Texmap@@UEAAXAEAVMatrix3@@@Z 000000018000bd80 f i BerconDistortion.obj
 0001:0000ad90       ?NumParamBlocks@BerconWood@@UEAAHXZ 000000018000bd90 f i BerconWood.obj
 0001:0000ad90       ?HitTestFCurves@Animatable@@UEAAHPEAVParamDimensionBase@@AEAV?$Tab@VTrackHitRecord@@@@AEAVBox2@@2MHMHK@Z 000000018000bd90 f i BerconDistortion.obj
 0001:0000ad90       ?HitTestSubFCurves@Animatable@@UEAAHHPEAVParamDimensionBase@@AEAV?$Tab@VTrackHitRecord@@@@AEAVBox2@@2MHMHK@Z 000000018000bd90 f i BerconDistortion.obj
 0001:0000ada0       ?PaintTrack@Animatable@@UEAAHPEAVParamDimensionBase@@PEAUHDC__@@AEAVBox2@@2MHK@Z 000000018000bda0 f i BerconDistortion.obj
 0001:0000ada0       ?NumParamBlocks@BerconGradient@@UEAAHXZ 000000018000bda0 f i BerconGradient.obj
 0001:0000ada0       ?PaintSubTrack@Animatable@@UEAAHHPEAVParamDimensionBase@@PEAUHDC__@@AEAVBox2@@2MHK@Z 000000018000bda0 f i BerconDistortion.obj
 0001:0000ada0       ?NumParamBlocks@BerconDistortion@@UEAAHXZ 000000018000bda0 f i BerconDistortion.obj
 0001:0000ada0       ?HitTestTrack@Animatable@@UEAAHAEAV?$Tab@VTrackHitRecord@@@@AEAVBox2@@1MHK@Z 000000018000bda0 f i BerconDistortion.obj
 0001:0000adb0       ?InMtlEditor@BerconSC@@UEAAHXZ 000000018000bdb0 f i BerconDistortion.obj
 0001:0000adc0       ?InitSlotType@Texmap@@UEAAXH@Z 000000018000bdc0 f i BerconDistortion.obj
 0001:0000add0       ?IsSubClassOf@Animatable@@UEAAHVClass_ID@@@Z 000000018000bdd0 f i BerconDistortion.obj
 0001:0000ae10       ?IsSuperSampleOn@BerconSC@@UEAAHXZ 000000018000be10 f i BerconDistortion.obj
 0001:0000ae30       ?IsTextureSuperSampleOn@BerconSC@@UEAAHXZ 000000018000be30 f i BerconDistortion.obj
 0001:0000ae50       ?Light@BerconSC@@UEAAPEAVLightDesc@@H@Z 000000018000be50 f i BerconDistortion.obj
 0001:0000ae60       ?LocalRequirements@BerconDistortion@@UEAAKH@Z 000000018000be60 f i BerconDistortion.obj
 0001:0000ae80       ?MapSlotType@Texmap@@UEAAHH@Z 000000018000be80 f i BerconDistortion.obj
 0001:0000ae90       ?MappingsRequired@BerconDistortion@@UEAAXHAEAVBitArray@@0@Z 000000018000be90 f i BerconDistortion.obj
 0001:0000aeb0       ?NRenderElements@BerconSC@@UEAAHXZ 000000018000beb0 f i BerconDistortion.obj
 0001:0000aed0       ?NRenderElements@ShadeContext@@UEAAHXZ 000000018000bed0 f i BerconDistortion.obj
 0001:0000aef0       ?Node@BerconSC@@UEAAPEAVINode@@XZ 000000018000bef0 f i BerconDistortion.obj
 0001:0000af00       ?NodeID@BerconSC@@UEAAHXZ  000000018000bf00 f i BerconDistortion.obj
 0001:0000af10       ?Normal@BerconSC@@UEAA?AVPoint3@@XZ 000000018000bf10 f i BerconDistortion.obj
 0001:0000af30       ?NotifyDependents@ReferenceMaker@@EEAA?AW4RefResult@@AEBVInterval@@_KIKHPEAVReferenceTarget@@@Z 000000018000bf30 f i BerconDistortion.obj
 0001:0000af60       ?NotifyForeground@ReferenceTarget@@UEAAXH@Z 000000018000bf60 f i BerconDistortion.obj
 0001:0000afc0       ?NotifyRefChanged@BerconDistortion@@UEAA?AW4RefResult@@AEBVInterval@@PEAVReferenceTarget@@AEA_KIH@Z 000000018000bfc0 f   BerconDistortion.obj
 0001:0000b050       ?LibNumberClasses@@YAHXZ   000000018000c050 f i DllEntry.obj
 0001:0000b050       ?NumRefs@BerconDistortion@@UEAAHXZ 000000018000c050 f i BerconDistortion.obj
 0001:0000b050       ?NumSubs@BerconDistortion@@UEAAHXZ 000000018000c050 f i BerconDistortion.obj
 0001:0000b060       ?ObjectBox@BerconSC@@UEAA?AVBox3@@XZ 000000018000c060 f i BerconDistortion.obj
 0001:0000b090       ?OrigNormal@BerconSC@@UEAA?AVPoint3@@XZ 000000018000c090 f i BerconDistortion.obj
 0001:0000b0b0       ?OrigNormal@ShadeContext@@UEAA?AVPoint3@@XZ 000000018000c0b0 f i BerconDistortion.obj
 0001:0000b0d0       ?OrigView@BerconSC@@UEAA?AVPoint3@@XZ 000000018000c0d0 f i BerconDistortion.obj
 0001:0000b100       ?OrigView@ShadeContext@@UEAA?AVPoint3@@XZ 000000018000c100 f i BerconDistortion.obj
 0001:0000b120       ?P@BerconSC@@UEAA?AVPoint3@@XZ 000000018000c120 f i BerconDistortion.obj
 0001:0000b190       ?PObj@BerconSC@@UEAA?AVPoint3@@XZ 000000018000c190 f i BerconDistortion.obj
 0001:0000b200       ?PObjRelBox@BerconSC@@UEAA?AVPoint3@@XZ 000000018000c200 f i BerconDistortion.obj
 0001:0000b230       ?PointFrom@BerconSC@@UEAA?AVPoint3@@AEBV2@W4RefFrame@@@Z 000000018000c230 f i BerconDistortion.obj
 0001:0000b260       ?PointTo@BerconSC@@UEAA?AVPoint3@@AEBV2@W4RefFrame@@@Z 000000018000c260 f i BerconDistortion.obj
 0001:0000b290       ?ProjType@BerconSC@@UEAAHXZ 000000018000c290 f i BerconDistortion.obj
 0001:0000b2a0       ?PutCache@BerconSC@@UEAAXPEAVTexmap@@AEBVAColor@@@Z 000000018000c2a0 f i BerconDistortion.obj
 0001:0000b2c0       ?PutCache@BerconSC@@UEAAXPEAVTexmap@@AEBVPoint3@@@Z 000000018000c2c0 f i BerconDistortion.obj
 0001:0000b2e0       ?PutCache@BerconSC@@UEAAXPEAVTexmap@@M@Z 000000018000c2e0 f i BerconDistortion.obj
 0001:0000b300       ?RayConeAngle@BerconSC@@UEAAMXZ 000000018000c300 f i BerconDistortion.obj
 0001:0000b320       ?RayDiam@BerconSC@@UEAAMXZ 000000018000c320 f i BerconDistortion.obj
 0001:0000b340       ?RayDiam@ShadeContext@@UEAAMXZ 000000018000c340 f i BerconDistortion.obj
 0001:0000b360       ?ReflectVector@BerconSC@@UEAA?AVPoint3@@XZ 000000018000c360 f i BerconDistortion.obj
 0001:0000b390       ?RefractVector@BerconSC@@UEAA?AVPoint3@@M@Z 000000018000c390 f i BerconDistortion.obj
 0001:0000b3c0       ?Reset@BerconDistortion@@UEAAXXZ 000000018000c3c0 f   BerconDistortion.obj
 0001:0000b440       ?ScaledToRGB@BerconSC@@UEBAPEAVToneOperator@@XZ 000000018000c440 f i BerconDistortion.obj
 0001:0000b440       ?IsPhysicalSpace@BerconSC@@UEBAPEAVToneOperator@@XZ 000000018000c440 f i BerconDistortion.obj
 0001:0000b440       ?ScaleRGB@BerconSC@@UEBAPEAVToneOperator@@M@Z 000000018000c440 f i BerconDistortion.obj
 0001:0000b440       ?ScaledToRGB@BerconSC@@UEBAPEAVToneOperator@@M@Z 000000018000c440 f i BerconDistortion.obj
 0001:0000b470       ?ScreenCoord@BerconSC@@UEAA?AVIPoint2@@XZ 000000018000c470 f i BerconDistortion.obj
 0001:0000b4a0       ?ScreenUV@BerconSC@@UEAAXAEAVPoint2@@0@Z 000000018000c4a0 f i BerconDistortion.obj
 0001:0000b4f0       ?Set@BitArray@@QEAAXH@Z    000000018000c4f0 f i BerconDistortion.obj
 0001:0000b5a0       ?SetGBufferID@BerconSC@@UEAAXH@Z 000000018000c5a0 f i BerconDistortion.obj
 0001:0000b5c0       ?SetGBufferID@ShadeContext@@UEAAXH@Z 000000018000c5c0 f i BerconDistortion.obj
 0001:0000b5d0       ?SetIOR@BerconSC@@UEAAXM@Z 000000018000c5d0 f i BerconDistortion.obj
 0001:0000b5f0       ?SetNormal@BerconSC@@UEAAXVPoint3@@@Z 000000018000c5f0 f i BerconDistortion.obj
 0001:0000b630       ?SetReference@BerconDistortion@@UEAAXHPEAVReferenceTarget@@@Z 000000018000c630 f   BerconDistortion.obj
 0001:0000b660       ?SetSubTexmap@BerconDistortion@@UEAAXHPEAVTexmap@@@Z 000000018000c660 f   BerconDistortion.obj
 0001:0000b6d0       ?SetThing@BerconXYZDlgProc@@UEAAXPEAVReferenceTarget@@@Z 000000018000c6d0 f i BerconDistortion.obj
 0001:0000b6e0       ?SetView@BerconSC@@UEAAXVPoint3@@@Z 000000018000c6e0 f i BerconDistortion.obj
 0001:0000b720       ?SubAnim@BerconDistortion@@UEAAPEAVAnimatable@@H@Z 000000018000c720 f   BerconDistortion.obj
 0001:0000b720       ?GetReference@BerconDistortion@@UEAAPEAVReferenceTarget@@H@Z 000000018000c720 f   BerconDistortion.obj
 0001:0000b750       ?SubAnimName@BerconDistortion@@UEAA?AVWStr@@H@Z 000000018000c750 f   BerconDistortion.obj
 0001:0000b7d0       ?SurfacePtScreen@BerconSC@@UEAA?AVPoint2@@XZ 000000018000c7d0 f i BerconDistortion.obj
 0001:0000b800       ?TossCache@BerconSC@@UEAAXPEAVTexmap@@@Z 000000018000c800 f i BerconDistortion.obj
 0001:0000b820       ?UVW@BerconSC@@UEAA?AVPoint3@@H@Z 000000018000c820 f i BerconDistortion.obj
 0001:0000b900       ?UVWNormal@BerconSC@@UEAA?AVPoint3@@H@Z 000000018000c900 f i BerconDistortion.obj
 0001:0000b930       ?UVWNormal@ShadeContext@@UEAA?AVPoint3@@H@Z 000000018000c930 f i BerconDistortion.obj
 0001:0000b940       ?Update@BerconDistortion@@UEAAXHAEAVInterval@@@Z 000000018000c940 f   BerconDistortion.obj
 0001:0000ba60       ?Update@ParamMap2UserDlgProc@@UEAAXHAEAVInterval@@PEAVIParamMap2@@@Z 000000018000ca60 f i BerconDistortion.obj
 0001:0000ba70       ?V@BerconSC@@UEAA?AVPoint3@@XZ 000000018000ca70 f i BerconDistortion.obj
 0001:0000baa0       ?Validity@BerconDistortion@@UEAA?AVInterval@@H@Z 000000018000caa0 f   BerconDistortion.obj
 0001:0000baf0       ?VectorFrom@BerconSC@@UEAA?AVPoint3@@AEBV2@W4RefFrame@@@Z 000000018000caf0 f i BerconDistortion.obj
 0001:0000bb20       ?VectorFromNoScale@BerconSC@@UEAA?AVPoint3@@AEBV2@W4RefFrame@@@Z 000000018000cb20 f i BerconDistortion.obj
 0001:0000bb50       ?VectorTo@BerconSC@@UEAA?AVPoint3@@AEBV2@W4RefFrame@@@Z 000000018000cb50 f i BerconDistortion.obj
 0001:0000bb80       ?VectorToNoScale@BerconSC@@UEAA?AVPoint3@@AEBV2@W4RefFrame@@@Z 000000018000cb80 f i BerconDistortion.obj
 0001:0000bbb0       ?getDistVector@BerconDistortion@@QEAA?AVPoint3@@AEAVShadeContext@@@Z 000000018000cbb0 f   BerconDistortion.obj
 0001:0000bca0       ?Create@BerconGradientClassDesc@@UEAAPEAXH@Z 000000018000cca0 f i BerconGradient.obj
 0001:0000bce0       ?ClassName@BerconGradientClassDesc@@UEAAPEB_WXZ 000000018000cce0 f i BerconGradient.obj
 0001:0000bcf0       ?ClassID@BerconGradient@@UEAA?AVClass_ID@@XZ 000000018000ccf0 f i BerconGradient.obj
 0001:0000bcf0       ?ClassID@BerconGradientClassDesc@@UEAA?AVClass_ID@@XZ 000000018000ccf0 f i BerconGradient.obj
 0001:0000bd10       ?Category@BerconDistortionClassDesc@@UEAAPEB_WXZ 000000018000cd10 f i BerconDistortion.obj
 0001:0000bd10       ?Category@BerconNoiseClassDesc@@UEAAPEB_WXZ 000000018000cd10 f i BerconNoise.obj
 0001:0000bd10       ?Category@BerconGradientClassDesc@@UEAAPEB_WXZ 000000018000cd10 f i BerconGradient.obj
 0001:0000bd10       ?Category@BerconTileClassDesc@@UEAAPEB_WXZ 000000018000cd10 f i BerconTile.obj
 0001:0000bd10       ?Category@BerconWoodClassDesc@@UEAAPEB_WXZ 000000018000cd10 f i BerconWood.obj
 0001:0000bd20       ?InternalName@BerconGradientClassDesc@@UEAAPEB_WXZ 000000018000cd20 f i BerconGradient.obj
 0001:0000bd30       ??_GBerconGradientClassDesc@@UEAAPEAXI@Z 000000018000cd30 f i BerconGradient.obj
 0001:0000bd30       ??_EBerconGradientClassDesc@@UEAAPEAXI@Z 000000018000cd30 f i BerconGradient.obj
 0001:0000bd90       ??0BerconGradient@@QEAA@XZ 000000018000cd90 f   BerconGradient.obj
 0001:0000bef0       ??0IGradient@@QEAA@PEAUHWND__@@PEAVGradientRamp@@@Z 000000018000cef0 f i BerconGradient.obj
 0001:0000bf50       ??1BerconGradient@@UEAA@XZ 000000018000cf50 f   BerconGradient.obj
 0001:0000c020       ??1ICustomControl@@UEAA@XZ 000000018000d020 f i BerconGradient.obj
 0001:0000c040       ??_EBerconGradient@@WEI@EAAPEAXI@Z 000000018000d040 f i BerconGradient.obj
 0001:0000c050       ??_EBerconGradient@@UEAAPEAXI@Z 000000018000d050 f i BerconGradient.obj
 0001:0000c050       ??_GBerconGradient@@UEAAPEAXI@Z 000000018000d050 f i BerconGradient.obj
 0001:0000c0a0       ??_EBerconGradientDlgProc@@UEAAPEAXI@Z 000000018000d0a0 f i BerconGradient.obj
 0001:0000c0a0       ??_GBerconGradientDlgProc@@UEAAPEAXI@Z 000000018000d0a0 f i BerconGradient.obj
 0001:0000c0f0       ??_EICustomControl@@UEAAPEAXI@Z 000000018000d0f0 f i BerconGradient.obj
 0001:0000c0f0       ??_GICustomControl@@UEAAPEAXI@Z 000000018000d0f0 f i BerconGradient.obj
 0001:0000c150       ??_GIGradient@@UEAAPEAXI@Z 000000018000d150 f i BerconGradient.obj
 0001:0000c150       ??_EIGradient@@UEAAPEAXI@Z 000000018000d150 f i BerconGradient.obj
 0001:0000c1e0       ?ActivateTexDisplay@BerconGradient@@UEAAXH@Z 000000018000d1e0 f i BerconGradient.obj
 0001:0000c210       ?Clone@BerconGradient@@UEAAPEAVReferenceTarget@@AEAVRemapDir@@@Z 000000018000d210 f   BerconGradient.obj
 0001:0000c3c0       ?CreateParamDlg@BerconGradient@@UEAAPEAVParamDlg@@PEAUHWND__@@PEAVIMtlParams@@@Z 000000018000d3c0 f   BerconGradient.obj
 0001:0000c4d0       ?DeleteThis@BerconTile@@UEAAXXZ 000000018000d4d0 f i BerconTile.obj
 0001:0000c4d0       ?DeleteThis@BerconGradient@@UEAAXXZ 000000018000d4d0 f i BerconGradient.obj
 0001:0000c4d0       ?DeleteThis@BerconDistortion@@UEAAXXZ 000000018000d4d0 f i BerconDistortion.obj
 0001:0000c4d0       ?DeleteThis@BerconXYZDlgProc@@UEAAXXZ 000000018000d4d0 f i BerconDistortion.obj
 0001:0000c4d0       ?DeleteThis@BerconNoiseDlgProc@@UEAAXXZ 000000018000d4d0 f i BerconNoise.obj
 0001:0000c4d0       ?DeleteThis@BerconNoise@@UEAAXXZ 000000018000d4d0 f i BerconNoise.obj
 0001:0000c4d0       ?DeleteThis@BerconWood@@UEAAXXZ 000000018000d4d0 f i BerconWood.obj
 0001:0000c4d0       ?DeleteThis@BerconGradientDlgProc@@UEAAXXZ 000000018000d4d0 f i BerconGradient.obj
 0001:0000c4d0       ?DeleteThis@BerconTileDlgProc@@UEAAXXZ 000000018000d4d0 f i BerconTile.obj
 0001:0000c4d0       ?DeleteThis@BerconWoodDlgProc@@UEAAXXZ 000000018000d4d0 f i BerconWood.obj
 0001:0000c4f0       ?DiscardTexHandle@BerconGradient@@QEAAXXZ 000000018000d4f0 f i BerconGradient.obj
 0001:0000c520       ?DlgProc@BerconGradientDlgProc@@UEAA_JHPEAVIParamMap2@@PEAUHWND__@@I_K_J@Z 000000018000d520 f   BerconGradient.obj
 0001:0000d1c0       ?EnableStuff@BerconGradient@@QEAAXXZ 000000018000e1c0 f   BerconGradient.obj
 0001:0000d520       ?EvalColor@BerconGradient@@UEAA?AVAColor@@AEAVShadeContext@@@Z 000000018000e520 f   BerconGradient.obj
 0001:0000d700       ?EvalNormalPerturb@BerconGradient@@UEAA?AVPoint3@@AEAVShadeContext@@@Z 000000018000e700 f   BerconGradient.obj
 0001:0000dc20       ?GetActiveTexHandle@BerconGradient@@UEAA_KHAEAVTexHandleMaker@@@Z 000000018000ec20 f   BerconGradient.obj
 0001:0000dce0       ?GetBerconGradientDesc@@YAPEAVClassDesc2@@XZ 000000018000ece0 f   BerconGradient.obj
 0001:0000dcf0       ?GetClassName@BerconGradient@@UEAAXAEAVWStr@@@Z 000000018000ecf0 f i BerconGradient.obj
 0001:0000dd20       ?GetHwnd@IGradient@@UEAAPEAUHWND__@@XZ 000000018000ed20 f i BerconGradient.obj
 0001:0000dd30       ?GetParamBlock@BerconGradient@@UEAAPEAVIParamBlock2@@H@Z 000000018000ed30 f i BerconGradient.obj
 0001:0000dd50       ?GetParamBlockByID@BerconGradient@@UEAAPEAVIParamBlock2@@F@Z 000000018000ed50 f i BerconGradient.obj
 0001:0000ddc0       ?GetReference@BerconGradient@@UEAAPEAVReferenceTarget@@H@Z 000000018000edc0 f   BerconGradient.obj
 0001:0000de50       ?GetSubTexmap@BerconGradient@@UEAAPEAVTexmap@@H@Z 000000018000ee50 f   BerconGradient.obj
 0001:0000de90       ?GetSubTexmapSlotName@BerconGradient@@UEAA?AVWStr@@H@Z 000000018000ee90 f   BerconGradient.obj
 0001:0000df40       ?LocalRequirements@BerconGradient@@UEAAKH@Z 000000018000ef40 f i BerconGradient.obj
 0001:0000df60       ?MappingsRequired@BerconGradient@@UEAAXHAEAVBitArray@@0@Z 000000018000ef60 f i BerconGradient.obj
 0001:0000df80       ?NotifyRefChanged@BerconGradient@@UEAA?AW4RefResult@@AEBVInterval@@PEAVReferenceTarget@@AEA_KIH@Z 000000018000ef80 f   BerconGradient.obj
 0001:0000e090       ?NumSubTexmaps@BerconGradient@@UEAAHXZ 000000018000f090 f i BerconGradient.obj
 0001:0000e0a0       ?NumSubs@BerconGradient@@UEAAHXZ 000000018000f0a0 f i BerconGradient.obj
 0001:0000e0a0       ?NumRefs@BerconGradient@@UEAAHXZ 000000018000f0a0 f i BerconGradient.obj
 0001:0000e0b0       ?RenderBegin@BerconGradient@@UEAAHHK@Z 000000018000f0b0 f i BerconGradient.obj
 0001:0000e0d0       ?RenderEnd@BerconGradient@@UEAAHH@Z 000000018000f0d0 f i BerconGradient.obj
 0001:0000e0e0       ?Reset@BerconGradient@@UEAAXXZ 000000018000f0e0 f   BerconGradient.obj
 0001:0000e3d0       ?SetDlgThing@BerconGradient@@UEAAHPEAVParamDlg@@@Z 000000018000f3d0 f   BerconGradient.obj
 0001:0000e410       ?SetReference@BerconGradient@@UEAAXHPEAVReferenceTarget@@@Z 000000018000f410 f   BerconGradient.obj
 0001:0000e520       ?SetSubTexmap@BerconGradient@@UEAAXHPEAVTexmap@@@Z 000000018000f520 f   BerconGradient.obj
 0001:0000e5b0       ?SetThing@BerconGradientDlgProc@@UEAAXPEAVReferenceTarget@@@Z 000000018000f5b0 f i BerconGradient.obj
 0001:0000e660       ?SubAnim@BerconGradient@@UEAAPEAVAnimatable@@H@Z 000000018000f660 f   BerconGradient.obj
 0001:0000e6f0       ?SubAnimName@BerconGradient@@UEAA?AVWStr@@H@Z 000000018000f6f0 f   BerconGradient.obj
 0001:0000e780       ?SubNumToRefNum@BerconTile@@UEAAHH@Z 000000018000f780 f i BerconTile.obj
 0001:0000e780       ?SubNumToRefNum@BerconNoise@@UEAAHH@Z 000000018000f780 f i BerconNoise.obj
 0001:0000e780       ?SubNumToRefNum@BerconDistortion@@UEAAHH@Z 000000018000f780 f i BerconDistortion.obj
 0001:0000e780       ?SubNumToRefNum@BerconGradient@@UEAAHH@Z 000000018000f780 f i BerconGradient.obj
 0001:0000e780       ?SubNumToRefNum@BerconWood@@UEAAHH@Z 000000018000f780 f i BerconWood.obj
 0001:0000e780       ?RemapRefOnLoad@ReferenceMaker@@UEAAHH@Z 000000018000f780 f i BerconDistortion.obj
 0001:0000e790       ?Update@BerconGradient@@UEAAXHAEAVInterval@@@Z 000000018000f790 f   BerconGradient.obj
 0001:0000eea0       ?Validity@BerconGradient@@UEAA?AVInterval@@H@Z 000000018000fea0 f   BerconGradient.obj
 0001:0000eef0       ?countKeys@BerconGradient@@QEAAHXZ 000000018000fef0 f   BerconGradient.obj
 0001:0000ef90       ?getGradientValue@BerconGradient@@QEAAMAEAVShadeContext@@@Z 000000018000ff90 f   BerconGradient.obj
 0001:0000f2c0       ?getGradientValueDist@BerconGradient@@QEAAMAEAVShadeContext@@@Z 00000001800102c0 f   BerconGradient.obj
 0001:0000f650       ?getGradientValueNormal@BerconGradient@@QEAAMAEAVShadeContext@@@Z 0000000180010650 f   BerconGradient.obj
 0001:0000fa20       ?getGradientValueUVW@BerconGradient@@QEAAMVPoint3@@@Z 0000000180010a20 f   BerconGradient.obj
 0001:0000fdc0       ?gradAddKey@BerconGradient@@UEAAXM@Z 0000000180010dc0 f   BerconGradient.obj
 0001:0000fed0       ?gradDelKey@BerconGradient@@UEAAXH@Z 0000000180010ed0 f   BerconGradient.obj
 0001:0000ffb0       ?gradMoveKey@BerconGradient@@UEAAXHM@Z 0000000180010fb0 f   BerconGradient.obj
 0001:00010080       ?gradReset@BerconGradient@@UEAAXXZ 0000000180011080 f i BerconGradient.obj
 0001:00010090       ?gradSelKey@BerconGradient@@UEAAXXZ 0000000180011090 f   BerconGradient.obj
 0001:00010140       ?keyColorChanged@BerconGradient@@QEAAXVAColor@@@Z 0000000180011140 f   BerconGradient.obj
 0001:000101f0       ?keyNumChanged@BerconGradient@@QEAAXH@Z 00000001800111f0 f   BerconGradient.obj
 0001:00010280       ?keyPosChanged@BerconGradient@@QEAAXM@Z 0000000180011280 f   BerconGradient.obj
 0001:00010350       ?limitRange@BerconGradient@@QEAAHAEAM@Z 0000000180011350 f   BerconGradient.obj
 0001:00010430       ?resetKeys@BerconGradient@@QEAAXXZ 0000000180011430 f   BerconGradient.obj
 0001:00010530       ?seedRandomGen@BerconGradient@@QEAAXAEAVShadeContext@@@Z 0000000180011530 f   BerconGradient.obj
 0001:000106a0       ?setKeyTex@BerconGradient@@QEAAXPEAVTexmap@@@Z 00000001800116a0 f   BerconGradient.obj
 0001:00010730       ?Create@BerconTileClassDesc@@UEAAPEAXH@Z 0000000180011730 f i BerconTile.obj
 0001:00010770       ?ClassName@BerconTileClassDesc@@UEAAPEB_WXZ 0000000180011770 f i BerconTile.obj
 0001:00010780       ?InternalName@BerconTileClassDesc@@UEAAPEB_WXZ 0000000180011780 f i BerconTile.obj
 0001:00010790       ??_GBerconTileClassDesc@@UEAAPEAXI@Z 0000000180011790 f i BerconTile.obj
 0001:00010790       ??_EBerconTileClassDesc@@UEAAPEAXI@Z 0000000180011790 f i BerconTile.obj
 0001:000107f0       ??$_Destroy_range1@V?$allocator@VTileRow@@@std@@PEAVTileRow@@@std@@YAXPEAVTileRow@@0AEAU?$_Wrap_alloc@V?$allocator@VTileRow@@@std@@@0@U?$integral_constant@_N$0A@@0@@Z 00000001800117f0 f i BerconTile.obj
 0001:000108e0       ??0BerconTile@@QEAA@XZ     00000001800118e0 f   BerconTile.obj
 0001:00010a20       ??1?$basic_string@_WU?$char_traits@_W@std@@V?$allocator@_W@2@@std@@QEAA@XZ 0000000180011a20 f i BerconTile.obj
 0001:00010a70       ??1?$vector@MV?$allocator@M@std@@@std@@QEAA@XZ 0000000180011a70 f i BerconTile.obj
 0001:00010ab0       ??1?$vector@VTileRow@@V?$allocator@VTileRow@@@std@@@std@@QEAA@XZ 0000000180011ab0 f i BerconTile.obj
 0001:00010b10       ??1BerconTile@@UEAA@XZ     0000000180011b10 f   BerconTile.obj
 0001:00010b90       ??1TilePattern@@QEAA@XZ    0000000180011b90 f i BerconTile.obj
 0001:00010c30       ??_EBerconTile@@WEI@EAAPEAXI@Z 0000000180011c30 f i BerconTile.obj
 0001:00010c40       ??_EBerconTile@@UEAAPEAXI@Z 0000000180011c40 f i BerconTile.obj
 0001:00010c40       ??_GBerconTile@@UEAAPEAXI@Z 0000000180011c40 f i BerconTile.obj
 0001:00010c90       ??_GBerconTileDlgProc@@UEAAPEAXI@Z 0000000180011c90 f i BerconTile.obj
 0001:00010c90       ??_EBerconTileDlgProc@@UEAAPEAXI@Z 0000000180011c90 f i BerconTile.obj
 0001:00010ce0       ?ActivateTexDisplay@BerconTile@@UEAAXH@Z 0000000180011ce0 f i BerconTile.obj
 0001:00010d10       ?ClassID@BerconTile@@UEAA?AVClass_ID@@XZ 0000000180011d10 f i BerconTile.obj
 0001:00010d10       ?ClassID@BerconTileClassDesc@@UEAA?AVClass_ID@@XZ 0000000180011d10 f i BerconTile.obj
 0001:00010d30       ?Clone@BerconTile@@UEAAPEAVReferenceTarget@@AEAVRemapDir@@@Z 0000000180011d30 f   BerconTile.obj
 0001:00010eb0       ?CreateParamDlg@BerconTile@@UEAAPEAVParamDlg@@PEAUHWND__@@PEAVIMtlParams@@@Z 0000000180011eb0 f   BerconTile.obj
 0001:00010fd0       ?DiscardTexHandle@BerconTile@@QEAAXXZ 0000000180011fd0 f i BerconTile.obj
 0001:00011000       ?DlgProc@BerconTileDlgProc@@UEAA_JHPEAVIParamMap2@@PEAUHWND__@@I_K_J@Z 0000000180012000 f   BerconTile.obj
 0001:000115e0       ?EnableStuff@BerconTile@@QEAAXH@Z 00000001800125e0 f   BerconTile.obj
 0001:00011a50       ?EvalColor@BerconTile@@UEAA?AVAColor@@AEAVShadeContext@@@Z 0000000180012a50 f   BerconTile.obj
 0001:00011fe0       ?EvalNormalPerturb@BerconTile@@UEAA?AVPoint3@@AEAVShadeContext@@@Z 0000000180012fe0 f   BerconTile.obj
 0001:00012940       ?EvalParameters@BerconTile@@QEAA?AVTileParam@@AEAVShadeContext@@@Z 0000000180013940 f   BerconTile.obj
 0001:00012a40       ?GetActiveTexHandle@BerconTile@@UEAA_KHAEAVTexHandleMaker@@@Z 0000000180013a40 f   BerconTile.obj
 0001:00012b00       ?GetBerconTileDesc@@YAPEAVClassDesc2@@XZ 0000000180013b00 f   BerconTile.obj
 0001:00012b10       ?GetClassName@BerconTile@@UEAAXAEAVWStr@@@Z 0000000180013b10 f i BerconTile.obj
 0001:00012b40       ?GetParamBlock@BerconTile@@UEAAPEAVIParamBlock2@@H@Z 0000000180013b40 f i BerconTile.obj
 0001:00012b70       ?GetParamBlockByID@BerconTile@@UEAAPEAVIParamBlock2@@F@Z 0000000180013b70 f i BerconTile.obj
 0001:00012c10       ?GetSubTexmap@BerconTile@@UEAAPEAVTexmap@@H@Z 0000000180013c10 f i BerconTile.obj
 0001:00012c20       ?GetSubTexmapSlotName@BerconTile@@UEAA?AVWStr@@H@Z 0000000180013c20 f   BerconTile.obj
 0001:00012d10       ?LocalRequirements@BerconTile@@UEAAKH@Z 0000000180013d10 f i BerconTile.obj
 0001:00012d30       ?MappingsRequired@BerconTile@@UEAAXHAEAVBitArray@@0@Z 0000000180013d30 f i BerconTile.obj
 0001:00012d50       ?NotifyRefChanged@BerconTile@@UEAA?AW4RefResult@@AEBVInterval@@PEAVReferenceTarget@@AEA_KIH@Z 0000000180013d50 f   BerconTile.obj
 0001:00012e40       ?NumSubTexmaps@BerconTile@@UEAAHXZ 0000000180013e40 f i BerconTile.obj
 0001:00012e50       ?NumSubs@BerconTile@@UEAAHXZ 0000000180013e50 f i BerconTile.obj
 0001:00012e50       ?NumRefs@BerconTile@@UEAAHXZ 0000000180013e50 f i BerconTile.obj
 0001:00012e60       ?Reset@BerconTile@@UEAAXXZ 0000000180013e60 f   BerconTile.obj
 0001:000134b0       ?SetDlgThing@BerconTile@@UEAAHPEAVParamDlg@@@Z 00000001800144b0 f   BerconTile.obj
 0001:000134f0       ?SetReference@BerconTile@@UEAAXHPEAVReferenceTarget@@@Z 00000001800144f0 f   BerconTile.obj
 0001:00013540       ?SetSubTexmap@BerconTile@@UEAAXHPEAVTexmap@@@Z 0000000180014540 f   BerconTile.obj
 0001:00013630       ?SetThing@BerconTileDlgProc@@UEAAXPEAVReferenceTarget@@@Z 0000000180014630 f i BerconTile.obj
 0001:00013660       ?SubAnim@BerconTile@@UEAAPEAVAnimatable@@H@Z 0000000180014660 f   BerconTile.obj
 0001:00013660       ?GetReference@BerconTile@@UEAAPEAVReferenceTarget@@H@Z 0000000180014660 f   BerconTile.obj
 0001:000136b0       ?SubAnimName@BerconTile@@UEAA?AVWStr@@H@Z 00000001800146b0 f   BerconTile.obj
 0001:00013750       ?Update@BerconTile@@UEAAXHAEAVInterval@@@Z 0000000180014750 f   BerconTile.obj
 0001:00013f90       ?Validity@BerconTile@@UEAA?AVInterval@@H@Z 0000000180014f90 f   BerconTile.obj
 0001:00013fe0       ?_Copy@?$basic_string@_WU?$char_traits@_W@std@@V?$allocator@_W@2@@std@@QEAAX_K0@Z 0000000180014fe0 f i BerconTile.obj
 0001:00014110       ?allocate@?$allocator@_W@std@@QEAAPEA_W_K@Z 0000000180015110 f i BerconTile.obj
 0001:00014190       ?assign@?$basic_string@_WU?$char_traits@_W@std@@V?$allocator@_W@2@@std@@QEAAAEAV12@AEBV12@_K1@Z 0000000180015190 f i BerconTile.obj
 0001:000142d0       ?assign@?$basic_string@_WU?$char_traits@_W@std@@V?$allocator@_W@2@@std@@QEAAAEAV12@PEB_W_K@Z 00000001800152d0 f i BerconTile.obj
 0001:00014420       ?checkValues@TileParam@@QEAAXXZ 0000000180015420 f i BerconTile.obj
 0001:00014540       ?deallocate@?$allocator@M@std@@QEAAXPEAM_K@Z 0000000180015540 f i BerconTile.obj
 0001:000145c0       ?deallocate@?$allocator@V?$basic_string@_WU?$char_traits@_W@std@@V?$allocator@_W@2@@std@@@std@@QEAAXPEAV?$basic_string@_WU?$char_traits@_W@std@@V?$allocator@_W@2@@2@_K@Z 00000001800155c0 f i tile.obj
 0001:000145c0       ?deallocate@?$allocator@VTileRow@@@std@@QEAAXPEAVTileRow@@_K@Z 00000001800155c0 f i BerconTile.obj
 0001:00014630       ?deallocate@?$allocator@_W@std@@QEAAXPEA_W_K@Z 0000000180015630 f i BerconTile.obj
 0001:000146a0       ?erase@?$basic_string@_WU?$char_traits@_W@std@@V?$allocator@_W@2@@std@@QEAAAEAV12@_K0@Z 00000001800156a0 f i BerconTile.obj
 0001:00014750       ?getColor@BerconTile@@QEAA?AVAColor@@AEAVShadeContext@@H@Z 0000000180015750 f i BerconTile.obj
 0001:000147f0       ?getDistVector@BerconTile@@QEAA?AVPoint3@@AEAVShadeContext@@@Z 00000001800157f0 f   BerconTile.obj
 0001:000148f0       ?getFloat@BerconTile@@QEAAMAEAVShadeContext@@H@Z 00000001800158f0 f i BerconTile.obj
 0001:00014940       ?getNormal@BerconTile@@QEAA?AVPoint3@@AEAVShadeContext@@H@Z 0000000180015940 f i BerconTile.obj
 0001:000149b0       ?update@TilePattern@@QEAAXXZ 00000001800159b0 f i BerconTile.obj
 0001:00014a80       ?IsPublic@BerconWoodClassDesc@@UEAAHXZ 0000000180015a80 f i BerconWood.obj
 0001:00014a80       ?SupportTexDisplay@BerconTile@@UEAAHXZ 0000000180015a80 f i BerconTile.obj
 0001:00014a80       ?IsRefTarget@ReferenceTarget@@UEAAHXZ 0000000180015a80 f i BerconDistortion.obj
 0001:00014a80       ?CanAssignController@Animatable@@UEAAHH@Z 0000000180015a80 f i BerconDistortion.obj
 0001:00014a80       ?CanMakeUnique@Animatable@@UEAAHXZ 0000000180015a80 f i BerconDistortion.obj
 0001:00014a80       ?NumSubs@BerconNoise@@UEAAHXZ 0000000180015a80 f i BerconNoise.obj
 0001:00014a80       ?GetTransparencyHint@MtlBase@@UEAAHHAEAVInterval@@@Z 0000000180015a80 f i BerconDistortion.obj
 0001:00014a80       ?GetMapChannel@Texmap@@UEAAHXZ 0000000180015a80 f i BerconDistortion.obj
 0001:00014a80       ?LibInitialize@@YAHXZ      0000000180015a80 f i DllEntry.obj
 0001:00014a80       ?SetCustomImageList@BerconWood@@UEAAHAEAPEAU_IMAGELIST@@PEAVICurveCtl@@@Z 0000000180015a80 f i BerconWood.obj
 0001:00014a80       ?SupportTexDisplay@BerconGradient@@UEAAHXZ 0000000180015a80 f i BerconGradient.obj
 0001:00014a80       _get_startup_argv_mode     0000000180015a80 f i MSVCRT:argv_mode.obj
 0001:00014a80       ?IsEnabled@IGradient@@UEAAHXZ 0000000180015a80 f i BerconGradient.obj
 0001:00014a80       ?OkToCreate@ClassDesc@@UEAAHPEAVInterface@@@Z 0000000180015a80 f i BerconDistortion.obj
 0001:00014a80       ?IsPublic@BerconTileClassDesc@@UEAAHXZ 0000000180015a80 f i BerconTile.obj
 0001:00014a80       ?SetCustomImageList@BerconGradient@@UEAAHAEAPEAU_IMAGELIST@@PEAVICurveCtl@@@Z 0000000180015a80 f i BerconGradient.obj
 0001:00014a80       ?IsPublic@BerconDistortionClassDesc@@UEAAHXZ 0000000180015a80 f i BerconDistortion.obj
 0001:00014a80       ?SupportTexDisplay@BerconDistortion@@UEAAHXZ 0000000180015a80 f i BerconDistortion.obj
 0001:00014a80       ?BuildMaps@MtlBase@@UEAAHHAEAVRenderMapsContext@@@Z 0000000180015a80 f i BerconDistortion.obj
 0001:00014a80       ?SubTexmapOn@ISubMap@@UEAAHH@Z 0000000180015a80 f i BerconDistortion.obj
 0001:00014a80       ?CanTransferReference@ReferenceMaker@@UEAAHH@Z 0000000180015a80 f i BerconDistortion.obj
 0001:00014a80       ?LibShutdown@@YAHXZ        0000000180015a80 f i DllEntry.obj
 0001:00014a80       ?IsPublic@BerconNoiseClassDesc@@UEAAHXZ 0000000180015a80 f i BerconNoise.obj
 0001:00014a80       ?GetToolTip@BerconWood@@UEAAHHAEAVWStr@@PEAVICurveCtl@@@Z 0000000180015a80 f i BerconWood.obj
 0001:00014a80       ?GetToolTip@BerconGradient@@UEAAHHAEAVWStr@@PEAVICurveCtl@@@Z 0000000180015a80 f i BerconGradient.obj
 0001:00014a80       ?SupportTexDisplay@BerconNoise@@UEAAHXZ 0000000180015a80 f i BerconNoise.obj
 0001:00014a80       ?SupportTexDisplay@BerconWood@@UEAAHXZ 0000000180015a80 f i BerconWood.obj
 0001:00014a80       ?GetTrackVSpace@Animatable@@UEAAHH@Z 0000000180015a80 f i BerconDistortion.obj
 0001:00014a80       ?LoadMapFiles@Texmap@@UEAAHH@Z 0000000180015a80 f i BerconDistortion.obj
 0001:00014a80       ?CanCopyAnim@Animatable@@UEAAHXZ 0000000180015a80 f i BerconDistortion.obj
 0001:00014a80       ?IsRefMaker@ReferenceMaker@@UEAAHXZ 0000000180015a80 f i BerconDistortion.obj
 0001:00014a80       ?IsPublic@BerconGradientClassDesc@@UEAAHXZ 0000000180015a80 f i BerconGradient.obj
 0001:00014a80       ?IsRealDependency@ReferenceMaker@@UEAAHPEAVReferenceTarget@@@Z 0000000180015a80 f i BerconDistortion.obj
 0001:00014a80       ?GetSelKeyCoords@Animatable@@UEAAHAEAHAEAMK@Z 0000000180015a80 f i BerconDistortion.obj
 0001:00014a90       ?Create@BerconWoodClassDesc@@UEAAPEAXH@Z 0000000180015a90 f i BerconWood.obj
 0001:00014ad0       ?ClassName@BerconWoodClassDesc@@UEAAPEB_WXZ 0000000180015ad0 f i BerconWood.obj
 0001:00014ae0       ?ClassID@BerconWood@@UEAA?AVClass_ID@@XZ 0000000180015ae0 f i BerconWood.obj
 0001:00014ae0       ?ClassID@BerconWoodClassDesc@@UEAA?AVClass_ID@@XZ 0000000180015ae0 f i BerconWood.obj
 0001:00014b00       ?InternalName@BerconWoodClassDesc@@UEAAPEB_WXZ 0000000180015b00 f i BerconWood.obj
 0001:00014b10       ?HInstance@BerconDistortionClassDesc@@UEAAPEAUHINSTANCE__@@XZ 0000000180015b10 f i BerconDistortion.obj
 0001:00014b10       ?HInstance@BerconGradientClassDesc@@UEAAPEAUHINSTANCE__@@XZ 0000000180015b10 f i BerconGradient.obj
 0001:00014b10       ?HInstance@BerconNoiseClassDesc@@UEAAPEAUHINSTANCE__@@XZ 0000000180015b10 f i BerconNoise.obj
 0001:00014b10       ?HInstance@BerconTileClassDesc@@UEAAPEAUHINSTANCE__@@XZ 0000000180015b10 f i BerconTile.obj
 0001:00014b10       ?HInstance@BerconWoodClassDesc@@UEAAPEAUHINSTANCE__@@XZ 0000000180015b10 f i BerconWood.obj
 0001:00014b20       ??_EBerconWoodClassDesc@@UEAAPEAXI@Z 0000000180015b20 f i BerconWood.obj
 0001:00014b20       ??_GBerconWoodClassDesc@@UEAAPEAXI@Z 0000000180015b20 f i BerconWood.obj
 0001:00014b80       ??0BerconWood@@QEAA@XZ     0000000180015b80 f   BerconWood.obj
 0001:00014ca0       ??1BerconWood@@UEAA@XZ     0000000180015ca0 f   BerconWood.obj
 0001:00014d08       ??_EBerconWood@@WEI@EAAPEAXI@Z 0000000180015d08 f i BerconWood.obj
 0001:00014d20       ??_EBerconWood@@UEAAPEAXI@Z 0000000180015d20 f i BerconWood.obj
 0001:00014d20       ??_GBerconWood@@UEAAPEAXI@Z 0000000180015d20 f i BerconWood.obj
 0001:00014d70       ??_GBerconWoodDlgProc@@UEAAPEAXI@Z 0000000180015d70 f i BerconWood.obj
 0001:00014d70       ??_EBerconWoodDlgProc@@UEAAPEAXI@Z 0000000180015d70 f i BerconWood.obj
 0001:00014dc0       ?ActivateTexDisplay@BerconWood@@UEAAXH@Z 0000000180015dc0 f i BerconWood.obj
 0001:00014df0       ?Clone@BerconWood@@UEAAPEAVReferenceTarget@@AEAVRemapDir@@@Z 0000000180015df0 f   BerconWood.obj
 0001:00014f70       ?CreateParamDlg@BerconWood@@UEAAPEAVParamDlg@@PEAUHWND__@@PEAVIMtlParams@@@Z 0000000180015f70 f   BerconWood.obj
 0001:00015070       ?DiscardTexHandle@BerconWood@@QEAAXXZ 0000000180016070 f i BerconWood.obj
 0001:000150a0       ?DlgProc@BerconWoodDlgProc@@UEAA_JHPEAVIParamMap2@@PEAUHWND__@@I_K_J@Z 00000001800160a0 f   BerconWood.obj
 0001:00015220       ?EnableStuff@BerconWood@@QEAAXXZ 0000000180016220 f   BerconWood.obj
 0001:000153d0       ?EvalColor@BerconWood@@UEAA?AVAColor@@AEAVShadeContext@@@Z 00000001800163d0 f   BerconWood.obj
 0001:00015a80       ?EvalNormalPerturb@BerconWood@@UEAA?AVPoint3@@AEAVShadeContext@@@Z 0000000180016a80 f   BerconWood.obj
 0001:000164a0       ?EvalParameters@BerconWood@@QEAA?AVWoodParam@@AEAVShadeContext@@@Z 00000001800174a0 f   BerconWood.obj
 0001:00016870       ?GetActiveTexHandle@BerconWood@@UEAA_KHAEAVTexHandleMaker@@@Z 0000000180017870 f   BerconWood.obj
 0001:00016930       ?GetBerconWoodDesc@@YAPEAVClassDesc2@@XZ 0000000180017930 f   BerconWood.obj
 0001:00016940       ?GetClassName@BerconWood@@UEAAXAEAVWStr@@@Z 0000000180017940 f i BerconWood.obj
 0001:00016970       ?GetInterface@BerconWood@@UEAAPEAXK@Z 0000000180017970 f i BerconWood.obj
 0001:00016970       ?GetInterface@BerconGradient@@UEAAPEAXK@Z 0000000180017970 f i BerconGradient.obj
 0001:00016970       ?GetInterface@BerconTile@@UEAAPEAXK@Z 0000000180017970 f i BerconTile.obj
 0001:00016990       ?GetInterface@BerconWood@@WJI@EAAPEAXK@Z 0000000180017990 f i BerconWood.obj
 0001:00016990       ?GetInterface@BerconGradient@@WJI@EAAPEAXK@Z 0000000180017990 f i BerconGradient.obj
 0001:00016990       ?GetInterface@BerconTile@@WJI@EAAPEAXK@Z 0000000180017990 f i BerconTile.obj
 0001:000169a0       ?GetParamBlock@BerconWood@@UEAAPEAVIParamBlock2@@H@Z 00000001800179a0 f i BerconWood.obj
 0001:000169d0       ?GetParamBlockByID@BerconWood@@UEAAPEAVIParamBlock2@@F@Z 00000001800179d0 f i BerconWood.obj
 0001:00016a70       ?GetSubTexmap@BerconWood@@UEAAPEAVTexmap@@H@Z 0000000180017a70 f i BerconWood.obj
 0001:00016a80       ?GetSubTexmapSlotName@BerconWood@@UEAA?AVWStr@@H@Z 0000000180017a80 f   BerconWood.obj
 0001:00016cb0       ?LocalRequirements@BerconWood@@UEAAKH@Z 0000000180017cb0 f i BerconWood.obj
 0001:00016cd0       ?MappingsRequired@BerconWood@@UEAAXHAEAVBitArray@@0@Z 0000000180017cd0 f i BerconWood.obj
 0001:00016cf0       ?NewCurveCreatedCallback@BerconWood@@UEAAXHPEAVICurveCtl@@@Z 0000000180017cf0 f i BerconWood.obj
 0001:00016e70       ?NotifyRefChanged@BerconWood@@UEAA?AW4RefResult@@AEBVInterval@@PEAVReferenceTarget@@AEA_KIH@Z 0000000180017e70 f   BerconWood.obj
 0001:00016f60       ?NumSubs@BerconWood@@UEAAHXZ 0000000180017f60 f i BerconWood.obj
 0001:00016f60       ?NumRefs@BerconWood@@UEAAHXZ 0000000180017f60 f i BerconWood.obj
 0001:00016f70       ?NumSubTexmaps@BerconWood@@UEAAHXZ 0000000180017f70 f i BerconWood.obj
 0001:00016f80       ?Reset@BerconWood@@UEAAXXZ 0000000180017f80 f   BerconWood.obj
 0001:000174c0       ?ResetCallback@BerconWood@@UEAAXHPEAVICurveCtl@@@Z 00000001800184c0 f i BerconWood.obj
 0001:00017520       ?SetDlgThing@BerconWood@@UEAAHPEAVParamDlg@@@Z 0000000180018520 f   BerconWood.obj
 0001:00017560       ?SetReference@BerconWood@@UEAAXHPEAVReferenceTarget@@@Z 0000000180018560 f   BerconWood.obj
 0001:000175b0       ?SetSubTexmap@BerconWood@@UEAAXHPEAVTexmap@@@Z 00000001800185b0 f   BerconWood.obj
 0001:000176a0       ?SetThing@BerconWoodDlgProc@@UEAAXPEAVReferenceTarget@@@Z 00000001800186a0 f i BerconWood.obj
 0001:000176b0       ?SubAnim@BerconWood@@UEAAPEAVAnimatable@@H@Z 00000001800186b0 f   BerconWood.obj
 0001:000176b0       ?GetReference@BerconWood@@UEAAPEAVReferenceTarget@@H@Z 00000001800186b0 f   BerconWood.obj
 0001:00017700       ?SubAnimName@BerconWood@@UEAA?AVWStr@@H@Z 0000000180018700 f   BerconWood.obj
 0001:000177f0       ?SuperClassID@BerconDistortion@@UEAAKXZ 00000001800187f0 f i BerconDistortion.obj
 0001:000177f0       ?SuperClassID@BerconDistortionClassDesc@@UEAAKXZ 00000001800187f0 f i BerconDistortion.obj
 0001:000177f0       ?SuperClassID@BerconGradientClassDesc@@UEAAKXZ 00000001800187f0 f i BerconGradient.obj
 0001:000177f0       ?SuperClassID@BerconNoiseClassDesc@@UEAAKXZ 00000001800187f0 f i BerconNoise.obj
 0001:000177f0       ?SuperClassID@BerconNoise@@UEAAKXZ 00000001800187f0 f i BerconNoise.obj
 0001:000177f0       ?SuperClassID@BerconGradient@@UEAAKXZ 00000001800187f0 f i BerconGradient.obj
 0001:000177f0       ?SuperClassID@BerconWoodClassDesc@@UEAAKXZ 00000001800187f0 f i BerconWood.obj
 0001:000177f0       ?SuperClassID@BerconWood@@UEAAKXZ 00000001800187f0 f i BerconWood.obj
 0001:000177f0       ?SuperClassID@BerconTile@@UEAAKXZ 00000001800187f0 f i BerconTile.obj
 0001:000177f0       ?SuperClassID@BerconTileClassDesc@@UEAAKXZ 00000001800187f0 f i BerconTile.obj
 0001:00017800       ?Update@BerconWood@@UEAAXHAEAVInterval@@@Z 0000000180018800 f   BerconWood.obj
 0001:00017e00       ?Validity@BerconWood@@UEAA?AVInterval@@H@Z 0000000180018e00 f   BerconWood.obj
 0001:00017e50       ?applyDistortion@BerconWood@@QEAAXAEAVShadeContext@@AEAVPoint3@@@Z 0000000180018e50 f   BerconWood.obj
 0001:00017f50       ?GetString@@YAPEA_WH@Z     0000000180018f50 f   DllEntry.obj
 0001:00017fa0       ?LibClassDesc@@YAPEAVClassDesc@@H@Z 0000000180018fa0 f   DllEntry.obj
 0001:00017fe0       ?LibDescription@@YAPEB_WXZ 0000000180018fe0 f   DllEntry.obj
 0001:00018030       ?LibVersion@@YAKXZ         0000000180019030 f   DllEntry.obj
 0001:00018040       CommctrlIsolationAwarePrivatetRgCebPnQQeRff_pbZPgYQP_QYY 0000000180019040 f i DllEntry.obj
 0001:00018110       DllMain                    0000000180019110 f   DllEntry.obj
 0001:00018170       IsolationAwareInitCommonControls 0000000180019170 f i DllEntry.obj
 0001:00018260       IsolationAwarePrivatenPgViNgRzlnPgpgk 0000000180019260 f i DllEntry.obj
 0001:000182f0       IsolationAwarePrivatezlybNQyVOeNelJ 00000001800192f0 f i DllEntry.obj
 0001:00018300       WinbaseIsolationAwarePrivatetRgzlnPgpgk 0000000180019300 f i DllEntry.obj
 0001:000184c0       ?EnableStuff@BerconXYZ@@AEAAXPEAVIParamBlock2@@H@Z 00000001800194c0 f   BerconCommon.obj
 0001:00018790       ?get@BerconXYZ@@AEAAHAEAVShadeContext@@AEAVPoint3@@11VMatrix3@@PEAH@Z 0000000180019790 f   BerconCommon.obj
 0001:00018c20       ?get@BerconXYZ@@AEAAHAEAVShadeContext@@AEAVPoint3@@VMatrix3@@PEAH@Z 0000000180019c20 f   BerconCommon.obj
 0001:00018e70       ?get@BerconXYZ@@QEAAHAEAVShadeContext@@AEAVPoint3@@11@Z 0000000180019e70 f   BerconCommon.obj
 0001:00018f50       ?get@BerconXYZ@@QEAAHAEAVShadeContext@@AEAVPoint3@@11PEAV3@@Z 0000000180019f50 f   BerconCommon.obj
 0001:000192e0       ?get@BerconXYZ@@QEAAHAEAVShadeContext@@AEAVPoint3@@@Z 000000018001a2e0 f   BerconCommon.obj
 0001:000193a0       ?get@BerconXYZ@@QEAAHAEAVShadeContext@@AEAVPoint3@@PEAV3@@Z 000000018001a3a0 f   BerconCommon.obj
 0001:00019700       ?getBasis@BerconXYZ@@AEAAXVMatrix3@@PEAVPoint3@@@Z 000000018001a700 f   BerconCommon.obj
 0001:000198b0       ?random@BerconXYZ@@AEAA?AVMatrix3@@AEAVShadeContext@@PEAV2@@Z 000000018001a8b0 f   BerconCommon.obj
 0001:00019bd0       ?reset@BerconXYZ@@QEAAXPEAVIParamBlock2@@AEAVInterval@@HHHH@Z 000000018001abd0 f   BerconCommon.obj
 0001:00019f80       ?seedRandomGen@BerconXYZ@@AEAAXAEAVShadeContext@@@Z 000000018001af80 f   BerconCommon.obj
 0001:0001a3e0       ?update@BerconXYZ@@QEAAXPEAVIParamBlock2@@HAEAVInterval@@@Z 000000018001b3e0 f   BerconCommon.obj
 0001:0001a8f0       ?update@BerconXYZ@@QEAAXXZ 000000018001b8f0 f   BerconCommon.obj
 0001:0001aa90       ?Create@BerconNoiseClassDesc@@UEAAPEAXH@Z 000000018001ba90 f i BerconNoise.obj
 0001:0001aad0       ?ClassName@BerconNoiseClassDesc@@UEAAPEB_WXZ 000000018001bad0 f i BerconNoise.obj
 0001:0001aae0       ?ClassID@BerconNoiseClassDesc@@UEAA?AVClass_ID@@XZ 000000018001bae0 f i BerconNoise.obj
 0001:0001aae0       ?ClassID@BerconNoise@@UEAA?AVClass_ID@@XZ 000000018001bae0 f i BerconNoise.obj
 0001:0001ab00       ?InternalName@BerconNoiseClassDesc@@UEAAPEB_WXZ 000000018001bb00 f i BerconNoise.obj
 0001:0001ab10       ??_EBerconNoiseClassDesc@@UEAAPEAXI@Z 000000018001bb10 f i BerconNoise.obj
 0001:0001ab10       ??_GBerconNoiseClassDesc@@UEAAPEAXI@Z 000000018001bb10 f i BerconNoise.obj
 0001:0001ab70       ??0BerconNoise@@QEAA@XZ    000000018001bb70 f   BerconNoise.obj
 0001:0001ad20       ??1BerconNoise@@UEAA@XZ    000000018001bd20 f   BerconNoise.obj
 0001:0001ad88       ??_EBerconNoise@@WEI@EAAPEAXI@Z 000000018001bd88 f i BerconNoise.obj
 0001:0001ada0       ??_GBerconNoise@@UEAAPEAXI@Z 000000018001bda0 f i BerconNoise.obj
 0001:0001ada0       ??_EBerconNoise@@UEAAPEAXI@Z 000000018001bda0 f i BerconNoise.obj
 0001:0001adf0       ??_GBerconNoiseDlgProc@@UEAAPEAXI@Z 000000018001bdf0 f i BerconNoise.obj
 0001:0001adf0       ??_EBerconNoiseDlgProc@@UEAAPEAXI@Z 000000018001bdf0 f i BerconNoise.obj
 0001:0001ae40       ?ActivateTexDisplay@BerconNoise@@UEAAXH@Z 000000018001be40 f i BerconNoise.obj
 0001:0001ae70       ?Clone@BerconNoise@@UEAAPEAVReferenceTarget@@AEAVRemapDir@@@Z 000000018001be70 f   BerconNoise.obj
 0001:0001b010       ?CreateParamDlg@BerconNoise@@UEAAPEAVParamDlg@@PEAUHWND__@@PEAVIMtlParams@@@Z 000000018001c010 f   BerconNoise.obj
 0001:0001b110       ?DiscardTexHandle@BerconNoise@@QEAAXXZ 000000018001c110 f i BerconNoise.obj
 0001:0001b140       ?DlgProc@BerconNoiseDlgProc@@UEAA_JHPEAVIParamMap2@@PEAUHWND__@@I_K_J@Z 000000018001c140 f   BerconNoise.obj
 0001:0001b670       ?EnableStuff@BerconNoise@@QEAAXXZ 000000018001c670 f   BerconNoise.obj
 0001:0001b990       ?EvalColor@BerconNoise@@UEAA?AVAColor@@AEAVShadeContext@@@Z 000000018001c990 f   BerconNoise.obj
 0001:0001be90       ?EvalMono@BerconGradient@@UEAAMAEAVShadeContext@@@Z 000000018001ce90 f   BerconGradient.obj
 0001:0001be90       ?EvalMono@BerconNoise@@UEAAMAEAVShadeContext@@@Z 000000018001ce90 f   BerconNoise.obj
 0001:0001be90       ?EvalMono@BerconWood@@UEAAMAEAVShadeContext@@@Z 000000018001ce90 f   BerconWood.obj
 0001:0001be90       ?EvalMono@BerconTile@@UEAAMAEAVShadeContext@@@Z 000000018001ce90 f   BerconTile.obj
 0001:0001bec0       ?EvalNormalPerturb@BerconNoise@@UEAA?AVPoint3@@AEAVShadeContext@@@Z 000000018001cec0 f   BerconNoise.obj
 0001:0001c480       ?EvalParameters@BerconNoise@@QEAA?AVNoiseParams@@PEAVShadeContext@@@Z 000000018001d480 f   BerconNoise.obj
 0001:0001c870       ?GetActiveTexHandle@BerconNoise@@UEAA_KHAEAVTexHandleMaker@@@Z 000000018001d870 f   BerconNoise.obj
 0001:0001c930       ?GetBerconNoiseDesc@@YAPEAVClassDesc2@@XZ 000000018001d930 f   BerconNoise.obj
 0001:0001c940       ?GetClassName@BerconNoise@@UEAAXAEAVWStr@@@Z 000000018001d940 f i BerconNoise.obj
 0001:0001c970       ?GetParamBlock@BerconNoise@@UEAAPEAVIParamBlock2@@H@Z 000000018001d970 f i BerconNoise.obj
 0001:0001c9d0       ?GetParamBlockByID@BerconNoise@@UEAAPEAVIParamBlock2@@F@Z 000000018001d9d0 f i BerconNoise.obj
 0001:0001cab0       ?GetSubTexmap@BerconNoise@@UEAAPEAVTexmap@@H@Z 000000018001dab0 f i BerconNoise.obj
 0001:0001cac0       ?GetSubTexmapSlotName@BerconNoise@@UEAA?AVWStr@@H@Z 000000018001dac0 f   BerconNoise.obj
 0001:0001cca0       ?CanManipulateNode@ClassDesc@@UEAAHPEAVINode@@@Z 000000018001dca0 f i BerconDistortion.obj
 0001:0001cca0       ?IsManipulator@ClassDesc@@UEAAHXZ 000000018001dca0 f i BerconDistortion.obj
 0001:0001cca0       ?GetKeyTime@Animatable@@UEAAHH@Z 000000018001dca0 f i BerconDistortion.obj
 0001:0001cca0       ?Execute@RenderGlobalContext@@UEAA_JH_K00@Z 000000018001dca0 f i BerconDistortion.obj
 0001:0001cca0       ?GetViewParams@RenderGlobalContext@@UEAAPEAVViewParams@@XZ 000000018001dca0 f i BerconDistortion.obj
 0001:0001cca0       ?TrackViewWinProc@Animatable@@UEAA_JPEAUHWND__@@I_K_J@Z 000000018001dca0 f i BerconDistortion.obj
 0001:0001cca0       ?SetCustomImageList@ResourceMakerCallback@@UEAAHAEAPEAU_IMAGELIST@@PEAVICurveCtl@@@Z 000000018001dca0 f i BerconGradient.obj
 0001:0001cca0       ?CopySubTrack@Animatable@@UEAAPEAVTrackClipObject@@HVInterval@@K@Z 000000018001dca0 f i BerconDistortion.obj
 0001:0001cca0       ?GetTheXYZGen@Texmap@@UEAAPEAVXYZGen@@XZ 000000018001dca0 f i BerconDistortion.obj
 0001:0001cca0       ?InvisibleProperty@Animatable@@UEAAHXZ 000000018001dca0 f i BerconDistortion.obj
 0001:0001cca0       ?SupportsMultiMapsInViewport@MtlBase@@UEAAHXZ 000000018001dca0 f i BerconDistortion.obj
 0001:0001cca0       ?GetCache@ShadeContext@@UEAAHPEAVTexmap@@AEAM@Z 000000018001dca0 f i BerconDistortion.obj
 0001:0001cca0       ?GetAAFilterKernel@RenderGlobalContext@@UEAAPEAVFilterKernel@@XZ 000000018001dca0 f i BerconDistortion.obj
 0001:0001cca0       ?GetFCurveExtents@Animatable@@UEAAHPEAVParamDimensionBase@@AEAM1K@Z 000000018001dca0 f i BerconDistortion.obj
 0001:0001cca0       ?IsSuperSampleOn@ShadeContext@@UEAAHXZ 000000018001dca0 f i BerconDistortion.obj
 0001:0001cca0       ?CopyTrack@Animatable@@UEAAPEAVTrackClipObject@@VInterval@@K@Z 000000018001dca0 f i BerconDistortion.obj
 0001:0001cca0       ?Node@ShadeContext@@UEAAPEAVINode@@XZ 000000018001dca0 f i BerconDistortion.obj
 0001:0001cca0       ?IntersectWorld@RenderGlobalContext@@UEAAHAEAVRay@@HAEAUISect@@AEAVISectList@@H@Z 000000018001dca0 f i BerconDistortion.obj
 0001:0001cca0       ?GetRenderInstance@RenderGlobalContext@@UEAAPEAVRenderInstance@@H@Z 000000018001dca0 f i BerconDistortion.obj
 0001:0001cca0       ?GetActionTable@ClassDesc@@UEAAPEAVActionTable@@H@Z 000000018001dca0 f i BerconDistortion.obj
 0001:0001cca0       ?GetToolTip@ResourceMakerCallback@@UEAAHHAEAVWStr@@PEAVICurveCtl@@@Z 000000018001dca0 f i BerconGradient.obj
 0001:0001cca0       ?Execute@ShadeContext@@UEAA_JH_K00@Z 000000018001dca0 f i BerconDistortion.obj
 0001:0001cca0       ?CreateManipulator@ClassDesc@@UEAAPEAVManipulator@@PEAVINode@@@Z 000000018001dca0 f i BerconDistortion.obj
 0001:0001cca0       ?IsSubCurveSelected@Animatable@@UEAAHH@Z 000000018001dca0 f i BerconDistortion.obj
 0001:0001cca0       ?ProjType@ShadeContext@@UEAAHXZ 000000018001dca0 f i BerconDistortion.obj
 0001:0001cca0       ?RenderBegin@Animatable@@UEAAHHK@Z 000000018001dca0 f i BerconDistortion.obj
 0001:0001cca0       ?PaintSubFCurves@Animatable@@UEAAHHPEAVParamDimensionBase@@PEAUHDC__@@AEAVBox2@@2MHMHK@Z 000000018001dca0 f i BerconDistortion.obj
 0001:0001cca0       ?EndCreate@ClassDesc@@UEAAHPEAVInterface@@@Z 000000018001dca0 f i BerconDistortion.obj
 0001:0001cca0       ?IsKeyAtTime@Animatable@@UEAAHHK@Z 000000018001dca0 f i BerconDistortion.obj
 0001:0001cca0       ?IsKeySelected@Animatable@@UEAAHH@Z 000000018001dca0 f i BerconDistortion.obj
 0001:0001cca0       ?CanDeleteSubAnim@Animatable@@UEAAHH@Z 000000018001dca0 f i BerconDistortion.obj
 0001:0001cca0       ?GetUVWSource@Texmap@@UEAAHXZ 000000018001dca0 f i BerconDistortion.obj
 0001:0001cca0       __scrt_stub_for_is_c_termination_complete 000000018001dca0 f i MSVCRT:ucrt_stubs.obj
 0001:0001cca0       ?DebugFile@ShadeContext@@UEAAPEAU_iobuf@@XZ 000000018001dca0 f i BerconDistortion.obj
 0001:0001cca0       ?CanPasteSubTrack@Animatable@@UEAAHHPEAVTrackClipObject@@VInterval@@K@Z 000000018001dca0 f i BerconDistortion.obj
 0001:0001cca0       ?CanPasteTrack@Animatable@@UEAAHPEAVTrackClipObject@@VInterval@@K@Z 000000018001dca0 f i BerconDistortion.obj
 0001:0001cca0       ?DebugFile@RenderGlobalContext@@UEAAPEAU_iobuf@@XZ 000000018001dca0 f i BerconDistortion.obj
 0001:0001cca0       ?BumpBasisVectors@ShadeContext@@UEAAHQEAVPoint3@@HH@Z 000000018001dca0 f i BerconDistortion.obj
 0001:0001cca0       ?Execute@ClassDesc@@UEAA_JH_K00@Z 000000018001dca0 f i BerconDistortion.obj
 0001:0001cca0       ?Execute@ICustomControl@@UEAA_JH_K00@Z 000000018001dca0 f i BerconGradient.obj
 0001:0001cca0       ?NumRenderInstances@RenderGlobalContext@@UEAAHXZ 000000018001dca0 f i BerconDistortion.obj
 0001:0001cca0       ?SetSelKeyCoordsExpr@Animatable@@UEAAHPEAVParamDimension@@PEB_W1K@Z 000000018001dca0 f i BerconDistortion.obj
 0001:0001cca0       ?GetCache@ShadeContext@@UEAAHPEAVTexmap@@AEAVPoint3@@@Z 000000018001dca0 f i BerconDistortion.obj
 0001:0001cca0       ?NeedsToSave@ClassDesc@@UEAAHXZ 000000018001dca0 f i BerconDistortion.obj
 0001:0001cca0       _is_c_termination_complete 000000018001dca0 f i MSVCRT:ucrt_stubs.obj
 0001:0001cca0       ?GetKeyTimes@Animatable@@UEAAHAEAV?$Tab@H@@VInterval@@K@Z 000000018001dca0 f i BerconDistortion.obj
 0001:0001cca0       ?IsHighDynamicRange@Texmap@@UEBAHXZ 000000018001dca0 f i BerconDistortion.obj
 0001:0001cca0       ?IsCurveSelected@Animatable@@UEAAHXZ 000000018001dca0 f i BerconDistortion.obj
 0001:0001cca0       ?DebugFile@BerconSC@@UEAAPEAU_iobuf@@XZ 000000018001dca0 f i BerconDistortion.obj
 0001:0001cca0       ?GetInterface@ResourceMakerCallback@@UEAAPEAXK@Z 000000018001dca0 f i BerconGradient.obj
 0001:0001cca0       ?BypassTreeView@Animatable@@UEAAHXZ 000000018001dca0 f i BerconDistortion.obj
 0001:0001cca0       ?RenderEnd@Animatable@@UEAAHH@Z 000000018001dca0 f i BerconDistortion.obj
 0001:0001cca0       ?NumActionTables@ClassDesc@@UEAAHXZ 000000018001dca0 f i BerconDistortion.obj
 0001:0001cca0       ?IsTextureSuperSampleOn@ShadeContext@@UEAAHXZ 000000018001dca0 f i BerconDistortion.obj
 0001:0001cca0       ?HasClassParams@ClassDesc@@UEAAHXZ 000000018001dca0 f i BerconDistortion.obj
 0001:0001cca0       ?ChildAnim@Animatable@@UEAAPEAV1@H@Z 000000018001dca0 f i BerconDistortion.obj
 0001:0001cca0       ?TrackParamsType@Animatable@@UEAAHXZ 000000018001dca0 f i BerconDistortion.obj
 0001:0001cca0       ?GetCache@ShadeContext@@UEAAHPEAVTexmap@@AEAVAColor@@@Z 000000018001dca0 f i BerconDistortion.obj
 0001:0001cca0       ?AssignController@Animatable@@UEAAHPEAV1@H@Z 000000018001dca0 f i BerconDistortion.obj
 0001:0001cca0       ?SupportTimeOperations@Animatable@@UEAAHXZ 000000018001dca0 f i BerconDistortion.obj
 0001:0001cca0       ?GetEvalObject@ShadeContext@@UEAAPEAVObject@@XZ 000000018001dca0 f i BerconDistortion.obj
 0001:0001cca0       ?GetTheUVGen@Texmap@@UEAAPEAVUVGen@@XZ 000000018001dca0 f i BerconDistortion.obj
 0001:0001cca0       ?GetNextKeyTime@Animatable@@UEAAHHKAEAH@Z 000000018001dca0 f i BerconDistortion.obj
 0001:0001cca0       ?CreateQtWidget@ClassDesc2@@UEAAPEAVQMaxParamBlockWidget@MaxSDK@@AEAVReferenceMaker@@AEAVIParamBlock2@@FAEAVWStr@@AEAH3@Z 000000018001dca0 f i BerconDistortion.obj
 0001:0001cca0       ?SetKeyBufferPresent@Animatable@@UEAAHXZ 000000018001dca0 f i BerconDistortion.obj
 0001:0001cca0       ?Save@ClassDesc@@UEAA?AW4IOResult@@PEAVISave@@@Z 000000018001dca0 f i BerconDistortion.obj
 0001:0001cca0       ?CanManipulate@ClassDesc@@UEAAHPEAVReferenceTarget@@@Z 000000018001dca0 f i BerconDistortion.obj
 0001:0001cca0       ?NumChildren@Animatable@@UEAAHXZ 000000018001dca0 f i BerconDistortion.obj
 0001:0001cca0       ?GetTheXYZGen@BerconNoise@@UEAAPEAVXYZGen@@XZ 000000018001dca0 f i BerconNoise.obj
 0001:0001cca0       ?ShouldPersistWeakRef@ReferenceMaker@@UEAAHPEAVReferenceTarget@@@Z 000000018001dca0 f i BerconDistortion.obj
 0001:0001cca0       ?GetSubFCurveExtents@Animatable@@UEAAHHPEAVParamDimensionBase@@AEAM1K@Z 000000018001dca0 f i BerconDistortion.obj
 0001:0001cca0       ?BeginCreate@ClassDesc@@UEAAHPEAVInterface@@@Z 000000018001dca0 f i BerconDistortion.obj
 0001:0001cca0       ?GetKeySelState@Animatable@@UEAAHAEAVBitArray@@VInterval@@K@Z 000000018001dca0 f i BerconDistortion.obj
 0001:0001cca0       ?Execute@IGradient@@UEAA_JH_K00@Z 000000018001dca0 f i BerconGradient.obj
 0001:0001cca0       ?Load@ClassDesc@@UEAA?AW4IOResult@@PEAVILoad@@@Z 000000018001dca0 f i BerconDistortion.obj
 0001:0001cca0       ?NumSelKeys@Animatable@@UEAAHXZ 000000018001dca0 f i BerconDistortion.obj
 0001:0001cca0       ?SelectSubAnim@Animatable@@UEAAHH@Z 000000018001dca0 f i BerconDistortion.obj
 0001:0001cca0       ?HandleOwnViewPerturb@Texmap@@UEAAHXZ 000000018001dca0 f i BerconDistortion.obj
 0001:0001cca0       ?IsMultiMtl@MtlBase@@UEAAHXZ 000000018001dca0 f i BerconDistortion.obj
 0001:0001cca0       ?GetParamMap@ClassDesc@@UEAAPEAVIParamMap2@@PEAVParamBlockDesc2@@@Z 000000018001dca0 f i BerconDistortion.obj
 0001:0001cca0       ?PaintFCurves@Animatable@@UEAAHPEAVParamDimensionBase@@PEAUHDC__@@AEAVBox2@@2MHMHK@Z 000000018001dca0 f i BerconDistortion.obj
 0001:0001cca0       ?GetNSuperSample@ShadeContext@@UEAAHXZ 000000018001dca0 f i BerconDistortion.obj
 0001:0001cca0       ?CreateManipulator@ClassDesc@@UEAAPEAVManipulator@@PEAVReferenceTarget@@PEAVINode@@@Z 000000018001dca0 f i BerconDistortion.obj
 0001:0001cca0       ?GetUserDlgProc@ClassDesc@@UEAAPEAVParamMap2UserDlgProc@@PEAVParamBlockDesc2@@@Z 000000018001dca0 f i BerconDistortion.obj
 0001:0001cca0       ?SetDlgThing@BerconDistortion@@UEAAHPEAVParamDlg@@@Z 000000018001dca0 f i BerconDistortion.obj
 0001:0001cca0       ?CanCopyTrack@Animatable@@UEAAHVInterval@@K@Z 000000018001dca0 f i BerconDistortion.obj
 0001:0001cca0       ?CanCopySubTrack@Animatable@@UEAAHHVInterval@@K@Z 000000018001dca0 f i BerconDistortion.obj
 0001:0001cca0       ?Antialias@ShadeContext@@UEAAHXZ 000000018001dca0 f i BerconDistortion.obj
 0001:0001cca0       ?BypassPropertyLevel@Animatable@@UEAAHXZ 000000018001dca0 f i BerconDistortion.obj
 0001:0001ccb0       ?LocalRequirements@BerconNoise@@UEAAKH@Z 000000018001dcb0 f i BerconNoise.obj
 0001:0001ccd0       ?MappingsRequired@BerconNoise@@UEAAXHAEAVBitArray@@0@Z 000000018001dcd0 f i BerconNoise.obj
 0001:0001ccf0       ?NotifyRefChanged@BerconNoise@@UEAA?AW4RefResult@@AEBVInterval@@PEAVReferenceTarget@@AEA_KIH@Z 000000018001dcf0 f   BerconNoise.obj
 0001:0001ce00       ?NumRefs@BerconNoise@@UEAAHXZ 000000018001de00 f i BerconNoise.obj
 0001:0001ce10       ?NumSubTexmaps@BerconNoise@@UEAAHXZ 000000018001de10 f i BerconNoise.obj
 0001:0001ce20       ?Reset@BerconNoise@@UEAAXXZ 000000018001de20 f   BerconNoise.obj
 0001:0001d2f0       ?SetDlgThing@BerconNoise@@UEAAHPEAVParamDlg@@@Z 000000018001e2f0 f   BerconNoise.obj
 0001:0001d330       ?SetReference@BerconNoise@@EEAAXHPEAVReferenceTarget@@@Z 000000018001e330 f   BerconNoise.obj
 0001:0001d380       ?SetSubTexmap@BerconNoise@@UEAAXHPEAVTexmap@@@Z 000000018001e380 f   BerconNoise.obj
 0001:0001d450       ?SetThing@BerconNoiseDlgProc@@UEAAXPEAVReferenceTarget@@@Z 000000018001e450 f i BerconNoise.obj
 0001:0001d460       ?SubAnim@BerconNoise@@UEAAPEAVAnimatable@@H@Z 000000018001e460 f   BerconNoise.obj
 0001:0001d460       ?GetReference@BerconNoise@@UEAAPEAVReferenceTarget@@H@Z 000000018001e460 f   BerconNoise.obj
 0001:0001d4b0       ?SubAnimName@BerconNoise@@UEAA?AVWStr@@H@Z 000000018001e4b0 f   BerconNoise.obj
 0001:0001d5a0       ?Update@BerconNoise@@UEAAXHAEAVInterval@@@Z 000000018001e5a0 f   BerconNoise.obj
 0001:0001db30       ?Validity@BerconNoise@@UEAA?AVInterval@@H@Z 000000018001eb30 f   BerconNoise.obj
 0001:0001db80       ?applyDistortion@BerconNoise@@QEAAXAEAVShadeContext@@AEAVPoint3@@@Z 000000018001eb80 f   BerconNoise.obj
 0001:0001dc80       ?fBm@Fractal@@SAMVPoint3@@AEAVNoiseParams@@@Z 000000018001ec80 f   fractal.obj
 0001:0001ddf0       ?fBm@Fractal@@SAMVPoint3@@MAEAVNoiseParams@@@Z 000000018001edf0 f   fractal.obj
 0001:0001df80       ?fBm@Fractal@@SAMVPoint3@@MMM@Z 000000018001ef80 f   fractal.obj
 0001:0001e0c0       ?fBmTurb@Fractal@@SAMVPoint3@@AEAVNoiseParams@@@Z 000000018001f0c0 f   fractal.obj
 0001:0001e260       ?fBmTurb@Fractal@@SAMVPoint3@@MAEAVNoiseParams@@@Z 000000018001f260 f   fractal.obj
 0001:0001e410       ?fractal@Fractal@@SAMVPoint3@@AEAVNoiseParams@@@Z 000000018001f410 f   fractal.obj
 0001:0001e550       ?fractal@Fractal@@SAMVPoint3@@MAEAVNoiseParams@@@Z 000000018001f550 f   fractal.obj
 0001:0001e6b0       ?grain@Fractal@@SAMVPoint3@@MM@Z 000000018001f6b0 f   fractal.obj
 0001:0001e740       ?heteroTerrain@Fractal@@SAMVPoint3@@AEAVNoiseParams@@@Z 000000018001f740 f   fractal.obj
 0001:0001e900       ?hybridMultiFractal@Fractal@@SAMVPoint3@@AEAVNoiseParams@@@Z 000000018001f900 f   fractal.obj
[...]
 0004:00001a64       $pdata$?corner@Tile@@CA?AVTilePoint@@MMMMAEAVTileParam@@@Z 0000000180040a64     tile.obj
 0004:00001a70       $pdata$?draw@Tile@@SA?AVTilePoint@@VPoint3@@AEAVTileParam@@@Z 0000000180040a70     tile.obj
 0004:00001a7c       $pdata$?drawTile@Tile@@CA?AVTilePoint@@VPoint3@@QEAMAEAVTileParam@@HH@Z 0000000180040a7c     tile.obj
 0004:00001a88       $pdata$2$?drawTile@Tile@@CA?AVTilePoint@@VPoint3@@QEAMAEAVTileParam@@HH@Z 0000000180040a88     tile.obj
 0004:00001a94       $pdata$3$?drawTile@Tile@@CA?AVTilePoint@@VPoint3@@QEAMAEAVTileParam@@HH@Z 0000000180040a94     tile.obj
 0004:00001aa0       $pdata$?find_first_not_of@?$basic_string@_WU?$char_traits@_W@std@@V?$allocator@_W@2@@std@@QEBA_KAEBV12@_K@Z 0000000180040aa0     tile.obj
 0004:00001aac       $pdata$?find_first_of@?$basic_string@_WU?$char_traits@_W@std@@V?$allocator@_W@2@@std@@QEBA_KAEBV12@_K@Z 0000000180040aac     tile.obj
 0004:00001ab8       $pdata$?getAngle@@YAMHM@Z  0000000180040ab8     tile.obj
 0004:00001ac4       $pdata$?overflow@?$basic_stringbuf@_WU?$char_traits@_W@std@@V?$allocator@_W@2@@std@@MEAAGG@Z 0000000180040ac4     tile.obj
 0004:00001ad0       $pdata$0$?overflow@?$basic_stringbuf@_WU?$char_traits@_W@std@@V?$allocator@_W@2@@std@@MEAAGG@Z 0000000180040ad0     tile.obj
 0004:00001adc       $pdata$2$?overflow@?$basic_stringbuf@_WU?$char_traits@_W@std@@V?$allocator@_W@2@@std@@MEAAGG@Z 0000000180040adc     tile.obj
 0004:00001ae8       $pdata$5$?overflow@?$basic_stringbuf@_WU?$char_traits@_W@std@@V?$allocator@_W@2@@std@@MEAAGG@Z 0000000180040ae8     tile.obj
 0004:00001af4       $pdata$11$?overflow@?$basic_stringbuf@_WU?$char_traits@_W@std@@V?$allocator@_W@2@@std@@MEAAGG@Z 0000000180040af4     tile.obj
 0004:00001b00       $pdata$12$?overflow@?$basic_stringbuf@_WU?$char_traits@_W@std@@V?$allocator@_W@2@@std@@MEAAGG@Z 0000000180040b00     tile.obj
 0004:00001b0c       $pdata$?parsePattern@@YAHV?$basic_string@_WU?$char_traits@_W@std@@V?$allocator@_W@2@@std@@PEAVTilePattern@@@Z 0000000180040b0c     tile.obj
 0004:00001b18       $pdata$?pat_herring@Tile@@CA?AVTilePoint@@VPoint3@@AEAVTileParam@@@Z 0000000180040b18     tile.obj
 0004:00001b24       $pdata$?pat_xBond@Tile@@CA?AVTilePoint@@VPoint3@@AEAVTileParam@@@Z 0000000180040b24     tile.obj
 0004:00001b30       $pdata$0$?pat_xBond@Tile@@CA?AVTilePoint@@VPoint3@@AEAVTileParam@@@Z 0000000180040b30     tile.obj
 0004:00001b3c       $pdata$1$?pat_xBond@Tile@@CA?AVTilePoint@@VPoint3@@AEAVTileParam@@@Z 0000000180040b3c     tile.obj
 0004:00001b48       $pdata$?rowcol@@YAHAEAM0AEAHMMAEAV?$vector@MV?$allocator@M@std@@@std@@MMM@Z 0000000180040b48     tile.obj
 0004:00001b54       $pdata$8$?rowcol@@YAHAEAM0AEAHMMAEAV?$vector@MV?$allocator@M@std@@@std@@MMM@Z 0000000180040b54     tile.obj
 0004:00001b60       $pdata$9$?rowcol@@YAHAEAM0AEAHMMAEAV?$vector@MV?$allocator@M@std@@@std@@MMM@Z 0000000180040b60     tile.obj
 0004:00001b6c       $pdata$?seekoff@?$basic_stringbuf@_WU?$char_traits@_W@std@@V?$allocator@_W@2@@std@@MEAA?AV?$fpos@U_Mbstatet@@@2@_JHH@Z 0000000180040b6c     tile.obj
 0004:00001b78       $pdata$?seekpos@?$basic_stringbuf@_WU?$char_traits@_W@std@@V?$allocator@_W@2@@std@@MEAA?AV?$fpos@U_Mbstatet@@@2@V32@H@Z 0000000180040b78     tile.obj
 0004:00001b84       $pdata$?setPattern@TilePattern@@QEAAXV?$basic_string@_WU?$char_traits@_W@std@@V?$allocator@_W@2@@std@@@Z 0000000180040b84     tile.obj
 0004:00001b90       $pdata$?setPreset@TilePattern@@QEAAXH@Z 0000000180040b90     tile.obj
 0004:00001b9c       $pdata$?substr@?$basic_string@_WU?$char_traits@_W@std@@V?$allocator@_W@2@@std@@QEBA?AV12@_K0@Z 0000000180040b9c     tile.obj
 0004:00001ba8       $pdata$?tokenize@@YAXAEBV?$basic_string@_WU?$char_traits@_W@std@@V?$allocator@_W@2@@std@@AEAV?$vector@V?$basic_string@_WU?$char_traits@_W@std@@V?$allocator@_W@2@@std@@V?$allocator@V?$basic_string@_WU?$char_traits@_W@std@@V?$allocator@_W@2@@std@@@2@@2@0@Z 0000000180040ba8     tile.obj
 0004:00001bb4       $pdata$?uvMapping@Tile@@CAXAEAVTilePoint@@VPoint3@@QEAMAEAVTileParam@@H@Z 0000000180040bb4     tile.obj
 0004:00001bc0       $pdata$?add@Worley@@CAXJJJQEANHPEANH@Z 0000000180040bc0     worley.obj
 0004:00001bcc       $pdata$12$?add@Worley@@CAXJJJQEANHPEANH@Z 0000000180040bcc     worley.obj
 0004:00001bd8       $pdata$13$?add@Worley@@CAXJJJQEANHPEANH@Z 0000000180040bd8     worley.obj
 0004:00001be4       $pdata$14$?add@Worley@@CAXJJJQEANHPEANH@Z 0000000180040be4     worley.obj
 0004:00001bf0       $pdata$?noise@Worley@@SAXQEANHPEANH@Z 0000000180040bf0     worley.obj
 0004:00001bfc       $pdata$??_Gtype_info@@UEAAPEAXI@Z 0000000180040bfc     MSVCRT:std_type_info_static.obj
 0004:00001c08       $pdata$__scrt_acquire_startup_lock 0000000180040c08     MSVCRT:utility.obj
 0004:00001c14       $pdata$__scrt_dllmain_after_initialize_c 0000000180040c14     MSVCRT:utility.obj
 0004:00001c20       $pdata$__scrt_dllmain_before_initialize_c 0000000180040c20     MSVCRT:utility.obj
 0004:00001c2c       $pdata$__scrt_dllmain_crt_thread_attach 0000000180040c2c     MSVCRT:utility.obj
 0004:00001c38       $pdata$__scrt_dllmain_crt_thread_detach 0000000180040c38     MSVCRT:utility.obj
 0004:00001c44       $pdata$__scrt_dllmain_exception_filter 0000000180040c44     MSVCRT:utility.obj
 0004:00001c50       $pdata$__scrt_dllmain_uninitialize_c 0000000180040c50     MSVCRT:utility.obj
 0004:00001c5c       $pdata$__scrt_dllmain_uninitialize_critical 0000000180040c5c     MSVCRT:utility.obj
 0004:00001c68       $pdata$__scrt_initialize_crt 0000000180040c68     MSVCRT:utility.obj
 0004:00001c74       $pdata$__scrt_initialize_onexit_tables 0000000180040c74     MSVCRT:utility.obj
 0004:00001c80       $pdata$__scrt_is_nonwritable_in_current_image 0000000180040c80     MSVCRT:utility.obj
 0004:00001c8c       $pdata$__scrt_release_startup_lock 0000000180040c8c     MSVCRT:utility.obj
 0004:00001c98       $pdata$__scrt_uninitialize_crt 0000000180040c98     MSVCRT:utility.obj
 0004:00001ca4       $pdata$_onexit             0000000180040ca4     MSVCRT:utility.obj
 0004:00001cb0       $pdata$atexit              0000000180040cb0     MSVCRT:utility.obj
 0004:00001cbc       $pdata$??2@YAPEAX_K@Z      0000000180040cbc     MSVCRT:new_scalar.obj
 0004:00001cd4       $pdata$?dllmain_crt_dispatch@@YAHQEAUHINSTANCE__@@KQEAX@Z 0000000180040cd4     MSVCRT:dll_dllmain.obj
 0004:00001ce0       $pdata$?dllmain_crt_process_attach@@YAHQEAUHINSTANCE__@@QEAX@Z 0000000180040ce0     MSVCRT:dll_dllmain.obj
 0004:00001cec       $pdata$?dllmain_crt_process_detach@@YAH_N@Z 0000000180040cec     MSVCRT:dll_dllmain.obj
 0004:00001cf8       $pdata$?dllmain_dispatch@@YAHQEAUHINSTANCE__@@KQEAX@Z 0000000180040cf8     MSVCRT:dll_dllmain.obj
 0004:00001d04       $pdata$?dllmain_raw@@YAHQEAUHINSTANCE__@@KQEAX@Z 0000000180040d04     MSVCRT:dll_dllmain.obj
 0004:00001d10       $pdata$_DllMainCRTStartup  0000000180040d10     MSVCRT:dll_dllmain.obj
 0004:00001d1c       $pdata$__isa_available_init 0000000180040d1c     MSVCRT:_cpu_disp_.obj
 0004:00001d28       $pdata$__scrt_fastfail     0000000180040d28     MSVCRT:utility_desktop.obj
 0004:00001d34       $pdata$??0bad_alloc@std@@QEAA@AEBV01@@Z 0000000180040d34     MSVCRT:throw_bad_alloc.obj
 0004:00001d40       $pdata$??0bad_array_new_length@std@@QEAA@AEBV01@@Z 0000000180040d40     MSVCRT:throw_bad_alloc.obj
 0004:00001d4c       $pdata$??0exception@std@@QEAA@AEBV01@@Z 0000000180040d4c     MSVCRT:throw_bad_alloc.obj
 0004:00001d58       $pdata$??_Gexception@std@@UEAAPEAXI@Z 0000000180040d58     MSVCRT:throw_bad_alloc.obj
 0004:00001d58       $pdata$??_Gbad_array_new_length@std@@UEAAPEAXI@Z 0000000180040d58     MSVCRT:throw_bad_alloc.obj
 0004:00001d58       $pdata$??_Gbad_alloc@std@@UEAAPEAXI@Z 0000000180040d58     MSVCRT:throw_bad_alloc.obj
 0004:00001d64       $pdata$?__scrt_throw_std_bad_alloc@@YAXXZ 0000000180040d64     MSVCRT:throw_bad_alloc.obj
 0004:00001d70       $pdata$?__scrt_throw_std_bad_array_new_length@@YAXXZ 0000000180040d70     MSVCRT:throw_bad_alloc.obj
 0004:00001d7c       $pdata$__security_init_cookie 0000000180040d7c     MSVCRT:gs_support.obj
 0004:00001d88       $pdata$__scrt_initialize_default_local_stdio_options 0000000180040d88     MSVCRT:default_local_stdio_options.obj
 0004:00001d94       $pdata$_RTC_Initialize     0000000180040d94     MSVCRT:_initsect_.obj
 0004:00001da0       $pdata$_RTC_Terminate      0000000180040da0     MSVCRT:_initsect_.obj
 0004:00001db8       $pdata$?dtor$1@?0???0BerconGradient@@QEAA@XZ@4HA 0000000180040db8     BerconGradient.obj
 0004:00001dc4       $pdata$?dtor$0@?0??GetSubTexmapSlotName@BerconGradient@@UEAA?AVWStr@@H@Z@4HA 0000000180040dc4     BerconGradient.obj
 0004:00001dd0       $pdata$?catch$1@?0??_Copy@?$basic_string@_WU?$char_traits@_W@std@@V?$allocator@_W@2@@std@@QEAAX_K0@Z@4HA 0000000180040dd0     BerconTile.obj
 0004:00001ddc       $pdata$?catch$0@?0??_Copy@?$basic_string@_WU?$char_traits@_W@std@@V?$allocator@_W@2@@std@@QEAAX_K0@Z@4HA 0000000180040ddc     BerconTile.obj
 0004:00001de8       $pdata$CommctrlIsolationAwarePrivatetRgCebPnQQeRff_pbZPgYQP_QYY$fin$0 0000000180040de8     DllEntry.obj
 0004:00001df4       $pdata$IsolationAwareInitCommonControls$fin$0 0000000180040df4     DllEntry.obj
 0004:00001e00       $pdata$WinbaseIsolationAwarePrivatetRgzlnPgpgk$fin$0 0000000180040e00     DllEntry.obj
 0004:00001e0c       $pdata$?dtor$0@?0??GetSubTexmapSlotName@BerconDistortion@@UEAA?AVWStr@@H@Z@4HA 0000000180040e0c     BerconDistortion.obj
 0004:00001e0c       $pdata$?dtor$0@?0??SubAnimName@BerconTile@@UEAA?AVWStr@@H@Z@4HA 0000000180040e0c     BerconTile.obj
 0004:00001e0c       $pdata$?dtor$0@?0??GetSubTexmapSlotName@BerconWood@@UEAA?AVWStr@@H@Z@4HA 0000000180040e0c     BerconWood.obj
 0004:00001e0c       $pdata$?dtor$0@?0??GetSubTexmapSlotName@BerconNoise@@UEAA?AVWStr@@H@Z@4HA 0000000180040e0c     BerconNoise.obj
 0004:00001e0c       $pdata$?dtor$0@?0??SubAnimName@BerconWood@@UEAA?AVWStr@@H@Z@4HA 0000000180040e0c     BerconWood.obj
 0004:00001e0c       $pdata$?dtor$0@?0??GetSubTexmapSlotName@BerconTile@@UEAA?AVWStr@@H@Z@4HA 0000000180040e0c     BerconTile.obj
 0004:00001e0c       $pdata$?dtor$0@?0??SubAnimName@BerconGradient@@UEAA?AVWStr@@H@Z@4HA 0000000180040e0c     BerconGradient.obj
 0004:00001e0c       $pdata$?dtor$0@?0??SubAnimName@BerconDistortion@@UEAA?AVWStr@@H@Z@4HA 0000000180040e0c     BerconDistortion.obj
 0004:00001e0c       $pdata$?dtor$0@?0??SubAnimName@BerconNoise@@UEAA?AVWStr@@H@Z@4HA 0000000180040e0c     BerconNoise.obj
 0004:00001e18       $pdata$IsolationAwareRegisterClassExW$fin$0 0000000180040e18     IGradient.obj
 0004:00001e24       $pdata$?catch$0@?0???$_Uninitialized_move_al_unchecked1@PEAV?$basic_string@_WU?$char_traits@_W@std@@V?$allocator@_W@2@@std@@PEAV12@V?$allocator@V?$basic_string@_WU?$char_traits@_W@std@@V?$allocator@_W@2@@std@@@2@@std@@YAPEAV?$basic_string@_WU?$char_traits@_W@std@@V?$allocator@_W@2@@0@PEAV10@00AEAU?$_Wrap_alloc@V?$allocator@V?$basic_string@_WU?$char_traits@_W@std@@V?$allocator@_W@2@@std@@@std@@@0@U_General_ptr_iterator_tag@0@U_Any_tag@0@@Z@4HA 0000000180040e24     tile.obj
 0004:00001e30       $pdata$?catch$1@?0???$_Uninitialized_move_al_unchecked1@PEAVTileRow@@PEAV1@V?$allocator@VTileRow@@@std@@@std@@YAPEAVTileRow@@PEAV1@00AEAU?$_Wrap_alloc@V?$allocator@VTileRow@@@std@@@0@U_General_ptr_iterator_tag@0@U_Any_tag@0@@Z@4HA 0000000180040e30     tile.obj
 0004:00001e3c       $pdata$?catch$0@?0???0?$vector@MV?$allocator@M@std@@@std@@QEAA@AEBV01@@Z@4HA 0000000180040e3c     tile.obj
 0004:00001e48       $pdata$?catch$0@?0??_Reallocate@?$vector@MV?$allocator@M@std@@@std@@IEAAX_K@Z@4HA 0000000180040e48     tile.obj
 0004:00001e54       $pdata$?catch$0@?0??_Reallocate@?$vector@V?$basic_string@_WU?$char_traits@_W@std@@V?$allocator@_W@2@@std@@V?$allocator@V?$basic_string@_WU?$char_traits@_W@std@@V?$allocator@_W@2@@std@@@2@@std@@IEAAX_K@Z@4HA 0000000180040e54     tile.obj
 0004:00001e60       $pdata$?catch$0@?0??_Reallocate@?$vector@VTileRow@@V?$allocator@VTileRow@@@std@@@std@@IEAAX_K@Z@4HA 0000000180040e60     tile.obj
 0004:00001e6c       $pdata$?dtor$9@?0??parsePattern@@YAHV?$basic_string@_WU?$char_traits@_W@std@@V?$allocator@_W@2@@std@@PEAVTilePattern@@@Z@4HA 0000000180040e6c     tile.obj
 0004:00001e78       $pdata$?dtor$13@?0??parsePattern@@YAHV?$basic_string@_WU?$char_traits@_W@std@@V?$allocator@_W@2@@std@@PEAVTilePattern@@@Z@4HA 0000000180040e78     tile.obj
 0004:00001e84       $pdata$?dtor$18@?0??parsePattern@@YAHV?$basic_string@_WU?$char_traits@_W@std@@V?$allocator@_W@2@@std@@PEAVTilePattern@@@Z@4HA 0000000180040e84     tile.obj
 0004:00001e90       $pdata$?dtor$26@?0??parsePattern@@YAHV?$basic_string@_WU?$char_traits@_W@std@@V?$allocator@_W@2@@std@@PEAVTilePattern@@@Z@4HA 0000000180040e90     tile.obj
 0004:00001e9c       $pdata$?dtor$28@?0??parsePattern@@YAHV?$basic_string@_WU?$char_traits@_W@std@@V?$allocator@_W@2@@std@@PEAVTilePattern@@@Z@4HA 0000000180040e9c     tile.obj
 0004:00001ea8       $pdata$?dtor$0@?0??substr@?$basic_string@_WU?$char_traits@_W@std@@V?$allocator@_W@2@@std@@QEBA?AV12@_K0@Z@4HA 0000000180040ea8     tile.obj
 0004:00001eb4       $pdata$__scrt_is_nonwritable_in_current_image$filt$0 0000000180040eb4     MSVCRT:utility.obj
 0004:00001ec0       $pdata$?fin$0@?0??dllmain_crt_process_attach@@YAHQEAUHINSTANCE__@@QEAX@Z@4HA 0000000180040ec0     MSVCRT:dll_dllmain.obj
 0004:00001ecc       $pdata$?fin$0@?0??dllmain_crt_process_detach@@YAH_N@Z@4HA 0000000180040ecc     MSVCRT:dll_dllmain.obj
 0004:00001ed8       $pdata$?filt$0@?0??dllmain_dispatch@@YAHQEAUHINSTANCE__@@KQEAX@Z@4HA 0000000180040ed8     MSVCRT:dll_dllmain.obj
 0004:00001ee4       $pdata$??__FBerconDistortionDesc@@YAXXZ 0000000180040ee4     BerconDistortion.obj
 0004:00001ef0       $pdata$??__Fxyz_blk@@YAXXZ 0000000180040ef0     BerconDistortion.obj
 0004:00001efc       $pdata$??__FBerconGradientDesc@@YAXXZ 0000000180040efc     BerconGradient.obj
 0004:00001f08       $pdata$??__Fxyz_blk@@YAXXZ 0000000180040f08     BerconGradient.obj
 0004:00001f14       $pdata$??__FBerconTileDesc@@YAXXZ 0000000180040f14     BerconTile.obj
 0004:00001f20       $pdata$??__Fxyz_blk@@YAXXZ 0000000180040f20     BerconTile.obj
 0004:00001f2c       $pdata$??__FBerconWoodDesc@@YAXXZ 0000000180040f2c     BerconWood.obj
 0004:00001f38       $pdata$??__Fxyz_blk@@YAXXZ 0000000180040f38     BerconWood.obj
 0004:00001f44       $pdata$??__FBerconNoiseDesc@@YAXXZ 0000000180040f44     BerconNoise.obj
 0004:00001f50       $pdata$??__Fxyz_blk@@YAXXZ 0000000180040f50     BerconNoise.obj
 0005:00000000       __guard_fids__             0000000180041000     MSVCRT:std_type_info_static.obj
 0005:00000004       __guard_fids_?dllmain_crt_process_attach@@YAHQEAUHINSTANCE__@@QEAX@Z 0000000180041004     MSVCRT:dll_dllmain.obj
 0005:0000000c       __guard_fids_?dllmain_dispatch@@YAHQEAUHINSTANCE__@@KQEAX@Z 000000018004100c     MSVCRT:dll_dllmain.obj
 0005:00000010       __guard_fids__             0000000180041010     MSVCRT:throw_bad_alloc.obj
 0005:00000018       __guard_fids__             0000000180041018     MSVCRT:throw_bad_alloc.obj
 0005:00000020       __guard_fids__             0000000180041020     MSVCRT:throw_bad_alloc.obj
 0005:00000028       __guard_fids__             0000000180041028     MSVCRT:guard_support.obj
 0006:00000950       $R000000                   0000000180042950     BerconNoise.res
 0006:00000a08       $R0000B8                   0000000180042a08     BerconNoise.res
 0006:00000a38       $R0000E8                   0000000180042a38     BerconNoise.res
 0006:00000ae0       $R000190                   0000000180042ae0     BerconNoise.res
 0006:00000c70       $R000320                   0000000180042c70     BerconNoise.res
 0006:00000d18       $R0003C8                   0000000180042d18     BerconNoise.res
 0006:00000dc0       $R000470                   0000000180042dc0     BerconNoise.res
 0006:00000eb0       $R000560                   0000000180042eb0     BerconNoise.res
 0006:00000f58       $R000608                   0000000180042f58     BerconNoise.res
 0006:00001dc0       $R001470                   0000000180043dc0     BerconNoise.res
 0006:00003000       $R0026B0                   0000000180045000     BerconNoise.res
 0006:000047d8       $R003E88                   00000001800467d8     BerconNoise.res
 0006:000051d8       $R004888                   00000001800471d8     BerconNoise.res
 0006:00005420       $R004AD0                   0000000180047420     BerconNoise.res
 0006:00005598       $R004C48                   0000000180047598     BerconNoise.res
 0006:00005d88       $R005438                   0000000180047d88     BerconNoise.res
 0006:00006988       $R006038                   0000000180048988     BerconNoise.res
 0006:00007ae0       $R007190                   0000000180049ae0     BerconNoise.res
 0006:00008c48       $R0082F8                   000000018004ac48     BerconNoise.res
 0006:00009c00       $R0092B0                   000000018004bc00     BerconNoise.res
 0006:0000ac98       $R00A348                   000000018004cc98     BerconNoise.res
 0006:0000b618       $R00ACC8                   000000018004d618     BerconNoise.res
 0006:0000b620       $R00ACD0                   000000018004d620     BerconNoise.res
 0006:0000b6e0       $R00AD90                   000000018004d6e0     BerconNoise.res
 0006:00018828       $R017ED8                   000000018005a828     BerconNoise.res
 0006:000189a0       $R018050                   000000018005a9a0     BerconNoise.res
 0006:00018a08       $R0180B8                   000000018005aa08     BerconNoise.res
 0006:00018b70       $R018220                   000000018005ab70     BerconNoise.res
 0006:00018bc0       $R018270                   000000018005abc0     BerconNoise.res
 0006:00018d88       $R018438                   000000018005ad88     BerconNoise.res
 0006:00018f60       $R018610                   000000018005af60     BerconNoise.res
 0006:00019138       $R0187E8                   000000018005b138     BerconNoise.res
 0006:00019238       $R0188E8                   000000018005b238     BerconNoise.res
 0006:00019308       $R0189B8                   000000018005b308     BerconNoise.res
 0006:00019430       $R018AE0                   000000018005b430     BerconNoise.res
 0006:00019530       $R018BE0                   000000018005b530     BerconNoise.res
 0006:000196a8       $R018D58                   000000018005b6a8     BerconNoise.res
 0006:00019828       $R018ED8                   000000018005b828     BerconNoise.res
 0006:000199d8       $R019088                   000000018005b9d8     BerconNoise.res
 0006:00019ab8       $R019168                   000000018005bab8     BerconNoise.res
 0006:00019bf8       $R0192A8                   000000018005bbf8     BerconNoise.res
 0006:00019d70       $R019420                   000000018005bd70     BerconNoise.res
 0006:00019f80       $R019630                   000000018005bf80     BerconNoise.res
 0006:0001a138       $R0197E8                   000000018005c138     BerconNoise.res
 0006:0001a250       $R019900                   000000018005c250     BerconNoise.res

 Exports

  ordinal    name

        1    ?LibDescription@@YAPEB_WXZ (wchar_t const * __cdecl LibDescription(void))
               exported name: LibDescription
        2    ?LibNumberClasses@@YAHXZ (int __cdecl LibNumberClasses(void))
               exported name: LibNumberClasses
        3    ?LibClassDesc@@YAPEAVClassDesc@@H@Z (class ClassDesc * __cdecl LibClassDesc(int))
               exported name: LibClassDesc
        4    ?LibVersion@@YAKXZ (unsigned long __cdecl LibVersion(void))
               exported name: LibVersion
        5    ??0VertexNormalsControl@@QEAA@XZ (public: __cdecl VertexNormalsControl::VertexNormalsControl(void))
        6    ?LibInitialize@@YAHXZ (int __cdecl LibInitialize(void))
        7    ?LibShutdown@@YAHXZ (int __cdecl LibShutdown(void))
