 BerconMaps_2020_64_AVX2

 Timestamp is 5ce5e881 (Wed May 22 20:25:37 2019)

 Preferred load address is 0000000180000000

 Start         Length     Name                   Class
 0001:00000000 00007a70H .text$di                CODE
 0001:00007a70 00021e10H .text$mn                CODE
 0001:00029880 00000020H .text$mn$00             CODE
 0001:000298a0 00000b70H .text$x                 CODE
 0001:0002a410 000001dfH .text$yd                CODE
 0002:00000000 000008a8H .idata$5                DATA
 0002:000008a8 00000010H .00cfg                  DATA
 0002:000008b8 00000008H .CRT$XCA                DATA
 0002:000008c0 000000f8H .CRT$XCU                DATA
 0002:000009b8 00000008H .CRT$XCZ                DATA
 0002:000009c0 00000008H .CRT$XIA                DATA
 0002:000009c8 00000008H .CRT$XIZ                DATA
 0002:000009d0 00000008H .CRT$XPA                DATA
 0002:000009d8 00000008H .CRT$XPZ                DATA
 0002:000009e0 00000008H .CRT$XTA                DATA
 0002:000009e8 00000018H .CRT$XTZ                DATA
 0002:000009f0 00000000H .gfids$y                DATA
 0002:00000a00 00006450H .rdata                  DATA
 0002:00006e50 00002244H .rdata$r                DATA
 0002:00009094 000002b4H .rdata$zzzdbg           DATA
 0002:00009348 00000008H .rtc$IAA                DATA
 0002:00009350 00000008H .rtc$IZZ                DATA
 0002:00009358 00000008H .rtc$TAA                DATA
 0002:00009360 00000010H .rtc$TZZ                DATA
 0002:00009370 00003938H .xdata                  DATA
 0002:0000cca8 000001d8H .xdata$x                DATA
 0002:0000ce80 00000104H .edata                  DATA
 0002:0000cf84 00000118H .idata$2                DATA
 0002:0000d09c 00000014H .idata$3                DATA
 0002:0000d0b0 000008a8H .idata$4                DATA
 0002:0000d958 00002c5aH .idata$6                DATA
 0003:00000000 00000730H .data                   DATA
 0003:00000730 00000a60H .data$r                 DATA
 0003:00001190 00000d98H .bss                    DATA
 0004:00000000 00001d10H .pdata                  DATA
 0005:00000000 000009b0H .rsrc$01                DATA
 0005:000009b0 00019ae8H .rsrc$02                DATA

  Address         Publics by Value              Rva+Base               Lib:Object

 0000:00000000       __volatile_metadata        0000000000000000     <absolute>
 0000:00000000       __guard_iat_count          0000000000000000     <absolute>
 0000:00000000       __guard_longjmp_count      0000000000000000     <absolute>
 0000:00000000       ___safe_se_handler_count   0000000000000000     <absolute>
 0000:00000000       __dynamic_value_reloc_table 0000000000000000     <absolute>
 0000:00000000       __hybrid_code_map          0000000000000000     <absolute>
 0000:00000000       __guard_iat_table          0000000000000000     <absolute>
 0000:00000000       __guard_longjmp_table      0000000000000000     <absolute>
 0000:00000000       __enclave_config           0000000000000000     <absolute>
 0000:00000000       ___safe_se_handler_table   0000000000000000     <absolute>
 0000:00000000       __guard_fids_count         0000000000000000     <absolute>
 0000:00000000       __guard_fids_table         0000000000000000     <absolute>
 0000:00000000       __hybrid_code_map_count    0000000000000000     <absolute>
 0000:00000000       __hybrid_auxiliary_iat     0000000000000000     <absolute>
 0000:00000100       __guard_flags              0000000000000100     <absolute>
 0000:00000000       __ImageBase                0000000180000000     <linker-defined>
 0001:00007a70       ??_EXYZ_Desc@@UEAAPEAXI@Z  0000000180008a70 f i BerconDistortion.obj
 0001:00007a70       ??_GXYZ_Desc@@UEAAPEAXI@Z  0000000180008a70 f i BerconDistortion.obj
 0001:00007ae0       ?SupportTexDisplay@BerconGradient@@UEAAHXZ 0000000180008ae0 f i BerconGradient.obj
 0001:00007ae0       ?SupportTexDisplay@BerconDistortion@@UEAAHXZ 0000000180008ae0 f i BerconDistortion.obj
 0001:00007ae0       _get_startup_argv_mode     0000000180008ae0 f i MSVCRT:argv_mode.obj
 0001:00007ae0       ?BuildMaps@MtlBase@@UEAAHHAEAVRenderMapsContext@@@Z 0000000180008ae0 f i BerconDistortion.obj
 0001:00007ae0       ?GetTrackVSpace@Animatable@@UEAAHH@Z 0000000180008ae0 f i BerconDistortion.obj
 0001:00007ae0       ?IsPublic@BerconDistortionClassDesc@@UEAAHXZ 0000000180008ae0 f i BerconDistortion.obj
 0001:00007ae0       ?SupportTexDisplay@BerconNoise@@UEAAHXZ 0000000180008ae0 f i BerconNoise.obj
 0001:00007ae0       ?IsPublic@BerconGradientClassDesc@@UEAAHXZ 0000000180008ae0 f i BerconGradient.obj
 0001:00007ae0       ?CanCopyAnim@Animatable@@UEAAHXZ 0000000180008ae0 f i BerconDistortion.obj
 0001:00007ae0       ?LibInitialize@@YAHXZ      0000000180008ae0 f i DllEntry.obj
 0001:00007ae0       ?IsEnabled@IGradient@@UEAAHXZ 0000000180008ae0 f i BerconGradient.obj
 0001:00007ae0       ?IsPublic@BerconTileClassDesc@@UEAAHXZ 0000000180008ae0 f i BerconTile.obj
 0001:00007ae0       ?SubTexmapOn@ISubMap@@UEAAHH@Z 0000000180008ae0 f i BerconDistortion.obj
 0001:00007ae0       ?SupportTexDisplay@BerconWood@@UEAAHXZ 0000000180008ae0 f i BerconWood.obj
 0001:00007ae0       ?GetTransparencyHint@MtlBase@@UEAAHHAEAVInterval@@@Z 0000000180008ae0 f i BerconDistortion.obj
 0001:00007ae0       ?CanMakeUnique@Animatable@@UEAAHXZ 0000000180008ae0 f i BerconDistortion.obj
 0001:00007ae0       ?CanAssignController@Animatable@@UEAAHH@Z 0000000180008ae0 f i BerconDistortion.obj
 0001:00007ae0       ?GetMapChannel@Texmap@@UEAAHXZ 0000000180008ae0 f i BerconDistortion.obj
 0001:00007ae0       ?NumSubs@BerconTile@@UEAAHXZ 0000000180008ae0 f i BerconTile.obj
 0001:00007ae0       ?NumSubs@BerconNoise@@UEAAHXZ 0000000180008ae0 f i BerconNoise.obj
 0001:00007ae0       ?IsPublic@BerconNoiseClassDesc@@UEAAHXZ 0000000180008ae0 f i BerconNoise.obj
 0001:00007ae0       ?LoadMapFiles@Texmap@@UEAAHH@Z 0000000180008ae0 f i BerconDistortion.obj
 0001:00007ae0       ?IsPublic@BerconWoodClassDesc@@UEAAHXZ 0000000180008ae0 f i BerconWood.obj
 0001:00007ae0       ?SupportTexDisplay@BerconTile@@UEAAHXZ 0000000180008ae0 f i BerconTile.obj
 0001:00007ae0       ?CanTransferReference@ReferenceMaker@@UEAAHH@Z 0000000180008ae0 f i BerconDistortion.obj
 0001:00007ae0       ?IsRefMaker@ReferenceMaker@@UEAAHXZ 0000000180008ae0 f i BerconDistortion.obj
 0001:00007ae0       ?IsRefTarget@ReferenceTarget@@UEAAHXZ 0000000180008ae0 f i BerconDistortion.obj
 0001:00007ae0       ?IsRealDependency@ReferenceMaker@@UEAAHPEAVReferenceTarget@@@Z 0000000180008ae0 f i BerconDistortion.obj
 0001:00007ae0       ?GetSelKeyCoords@Animatable@@UEAAHAEAHAEAMK@Z 0000000180008ae0 f i BerconDistortion.obj
 0001:00007ae0       ?LibShutdown@@YAHXZ        0000000180008ae0 f i DllEntry.obj
 0001:00007ae0       ?OkToCreate@ClassDesc@@UEAAHPEAVInterface@@@Z 0000000180008ae0 f i BerconDistortion.obj
 0001:00007ae0       ?NumSubs@BerconWood@@UEAAHXZ 0000000180008ae0 f i BerconWood.obj
 0001:00007af0       ?Create@BerconDistortionClassDesc@@UEAAPEAXH@Z 0000000180008af0 f i BerconDistortion.obj
 0001:00007b30       ?ClassName@BerconDistortionClassDesc@@UEAAPEB_WXZ 0000000180008b30 f i BerconDistortion.obj
 0001:00007b40       ?SuperClassID@BerconWood@@UEAAKXZ 0000000180008b40 f i BerconWood.obj
 0001:00007b40       ?SuperClassID@BerconDistortion@@UEAAKXZ 0000000180008b40 f i BerconDistortion.obj
 0001:00007b40       ?SuperClassID@BerconTileClassDesc@@UEAAKXZ 0000000180008b40 f i BerconTile.obj
 0001:00007b40       ?SuperClassID@BerconDistortionClassDesc@@UEAAKXZ 0000000180008b40 f i BerconDistortion.obj
 0001:00007b40       ?SuperClassID@BerconTile@@UEAAKXZ 0000000180008b40 f i BerconTile.obj
 0001:00007b40       ?SuperClassID@BerconNoise@@UEAAKXZ 0000000180008b40 f i BerconNoise.obj
 0001:00007b40       ?SuperClassID@BerconGradient@@UEAAKXZ 0000000180008b40 f i BerconGradient.obj
 0001:00007b40       ?SuperClassID@BerconGradientClassDesc@@UEAAKXZ 0000000180008b40 f i BerconGradient.obj
 0001:00007b40       ?SuperClassID@BerconNoiseClassDesc@@UEAAKXZ 0000000180008b40 f i BerconNoise.obj
 0001:00007b40       ?SuperClassID@BerconWoodClassDesc@@UEAAKXZ 0000000180008b40 f i BerconWood.obj
 0001:00007b50       ?ClassID@BerconDistortionClassDesc@@UEAA?AVClass_ID@@XZ 0000000180008b50 f i BerconDistortion.obj
 0001:00007b50       ?ClassID@BerconDistortion@@UEAA?AVClass_ID@@XZ 0000000180008b50 f i BerconDistortion.obj
 0001:00007b70       ?Category@BerconWoodClassDesc@@UEAAPEB_WXZ 0000000180008b70 f i BerconWood.obj
 0001:00007b70       ?Category@BerconNoiseClassDesc@@UEAAPEB_WXZ 0000000180008b70 f i BerconNoise.obj
 0001:00007b70       ?Category@BerconDistortionClassDesc@@UEAAPEB_WXZ 0000000180008b70 f i BerconDistortion.obj
 0001:00007b70       ?Category@BerconGradientClassDesc@@UEAAPEB_WXZ 0000000180008b70 f i BerconGradient.obj
 0001:00007b70       ?Category@BerconTileClassDesc@@UEAAPEB_WXZ 0000000180008b70 f i BerconTile.obj
 0001:00007b80       ?InternalName@BerconDistortionClassDesc@@UEAAPEB_WXZ 0000000180008b80 f i BerconDistortion.obj
 0001:00007b90       ?HInstance@BerconGradientClassDesc@@UEAAPEAUHINSTANCE__@@XZ 0000000180008b90 f i BerconGradient.obj
 0001:00007b90       ?HInstance@BerconNoiseClassDesc@@UEAAPEAUHINSTANCE__@@XZ 0000000180008b90 f i BerconNoise.obj
 0001:00007b90       ?HInstance@BerconTileClassDesc@@UEAAPEAUHINSTANCE__@@XZ 0000000180008b90 f i BerconTile.obj
 0001:00007b90       ?HInstance@BerconWoodClassDesc@@UEAAPEAUHINSTANCE__@@XZ 0000000180008b90 f i BerconWood.obj
 0001:00007b90       ?HInstance@BerconDistortionClassDesc@@UEAAPEAUHINSTANCE__@@XZ 0000000180008b90 f i BerconDistortion.obj
 0001:00007ba0       ??_EBerconDistortionClassDesc@@UEAAPEAXI@Z 0000000180008ba0 f i BerconDistortion.obj
 0001:00007ba0       ??_GBerconDistortionClassDesc@@UEAAPEAXI@Z 0000000180008ba0 f i BerconDistortion.obj
 0001:00007c10       ?SetUserDlgProc@ClassDesc2@@UEAA_NPEAVParamBlockDesc2@@PEAVParamMap2UserDlgProc@@@Z 0000000180008c10 f i BerconDistortion.obj
 0001:00007c20       ?GetParamMap@ClassDesc@@UEAAPEAVIParamMap2@@PEAVParamBlockDesc2@@@Z 0000000180008c20 f i BerconDistortion.obj
 0001:00007c20       ?IsCurveSelected@Animatable@@UEAAHXZ 0000000180008c20 f i BerconDistortion.obj
 0001:00007c20       ?SetCustomImageList@ResourceMakerCallback@@UEAAHAEAPEAU_IMAGELIST@@PEAVICurveCtl@@@Z 0000000180008c20 f i BerconGradient.obj
 0001:00007c20       ?TrackParamsType@Animatable@@UEAAHXZ 0000000180008c20 f i BerconDistortion.obj
 0001:00007c20       ?PaintFCurves@Animatable@@UEAAHPEAVParamDimensionBase@@PEAUHDC__@@AEAVBox2@@2MHMHK@Z 0000000180008c20 f i BerconDistortion.obj
 0001:00007c20       ?Node@ShadeContext@@UEAAPEAVINode@@XZ 0000000180008c20 f i BerconDistortion.obj
 0001:00007c20       ?CreateManipulator@ClassDesc@@UEAAPEAVManipulator@@PEAVINode@@@Z 0000000180008c20 f i BerconDistortion.obj
 0001:00007c20       ?BypassPropertyLevel@Animatable@@UEAAHXZ 0000000180008c20 f i BerconDistortion.obj
 0001:00007c20       ?CanPasteSubTrack@Animatable@@UEAAHHPEAVTrackClipObject@@VInterval@@K@Z 0000000180008c20 f i BerconDistortion.obj
 0001:00007c20       ?CanPasteTrack@Animatable@@UEAAHPEAVTrackClipObject@@VInterval@@K@Z 0000000180008c20 f i BerconDistortion.obj
 0001:00007c20       ?IsHighDynamicRange@Texmap@@UEBAHXZ 0000000180008c20 f i BerconDistortion.obj
 0001:00007c20       ?GetTheUVGen@Texmap@@UEAAPEAVUVGen@@XZ 0000000180008c20 f i BerconDistortion.obj
 0001:00007c20       ?Antialias@ShadeContext@@UEAAHXZ 0000000180008c20 f i BerconDistortion.obj
 0001:00007c20       ?GetToolTip@ResourceMakerCallback@@UEAAHHAEAVWStr@@PEAVICurveCtl@@@Z 0000000180008c20 f i BerconGradient.obj
 0001:00007c20       ?Execute@RenderGlobalContext@@UEAA_JH_K00@Z 0000000180008c20 f i BerconDistortion.obj
 0001:00007c20       ?CopySubTrack@Animatable@@UEAAPEAVTrackClipObject@@HVInterval@@K@Z 0000000180008c20 f i BerconDistortion.obj
 0001:00007c20       ?CanManipulateNode@ClassDesc@@UEAAHPEAVINode@@@Z 0000000180008c20 f i BerconDistortion.obj
 0001:00007c20       ?NumChildren@Animatable@@UEAAHXZ 0000000180008c20 f i BerconDistortion.obj
 0001:00007c20       _is_c_termination_complete 0000000180008c20 f i MSVCRT:ucrt_stubs.obj
 0001:00007c20       ?Load@ClassDesc@@UEAA?AW4IOResult@@PEAVILoad@@@Z 0000000180008c20 f i BerconDistortion.obj
 0001:00007c20       ?GetEvalObject@ShadeContext@@UEAAPEAVObject@@XZ 0000000180008c20 f i BerconDistortion.obj
 0001:00007c20       ?GetCache@ShadeContext@@UEAAHPEAVTexmap@@AEAM@Z 0000000180008c20 f i BerconDistortion.obj
 0001:00007c20       ?RenderEnd@Animatable@@UEAAHH@Z 0000000180008c20 f i BerconDistortion.obj
 0001:00007c20       ?SetSelKeyCoordsExpr@Animatable@@UEAAHPEAVParamDimension@@PEB_W1K@Z 0000000180008c20 f i BerconDistortion.obj
 0001:00007c20       ?CreateQtWidget@ClassDesc2@@UEAAPEAVQMaxParamBlockWidget@MaxSDK@@AEAVReferenceMaker@@AEAVIParamBlock2@@FAEAVWStr@@AEAH3@Z 0000000180008c20 f i BerconDistortion.obj
 0001:00007c20       ?GetNextKeyTime@Animatable@@UEAAHHKAEAH@Z 0000000180008c20 f i BerconDistortion.obj
 0001:00007c20       ?NumSelKeys@Animatable@@UEAAHXZ 0000000180008c20 f i BerconDistortion.obj
 0001:00007c20       ?ShouldPersistWeakRef@ReferenceMaker@@UEAAHPEAVReferenceTarget@@@Z 0000000180008c20 f i BerconDistortion.obj
 0001:00007c20       ?CopyTrack@Animatable@@UEAAPEAVTrackClipObject@@VInterval@@K@Z 0000000180008c20 f i BerconDistortion.obj
 0001:00007c20       ?IsKeySelected@Animatable@@UEAAHH@Z 0000000180008c20 f i BerconDistortion.obj
 0001:00007c20       ?Execute@ClassDesc@@UEAA_JH_K00@Z 0000000180008c20 f i BerconDistortion.obj
 0001:00007c20       ?BumpBasisVectors@ShadeContext@@UEAAHQEAVPoint3@@HH@Z 0000000180008c20 f i BerconDistortion.obj
 0001:00007c20       ?AssignController@Animatable@@UEAAHPEAV1@H@Z 0000000180008c20 f i BerconDistortion.obj
 0001:00007c20       ?GetTheXYZGen@Texmap@@UEAAPEAVXYZGen@@XZ 0000000180008c20 f i BerconDistortion.obj
 0001:00007c20       ?IsSubCurveSelected@Animatable@@UEAAHH@Z 0000000180008c20 f i BerconDistortion.obj
 0001:00007c20       ?IsKeyAtTime@Animatable@@UEAAHHK@Z 0000000180008c20 f i BerconDistortion.obj
 0001:00007c20       ?Execute@IGradient@@UEAA_JH_K00@Z 0000000180008c20 f i BerconGradient.obj
 0001:00007c20       ?InvisibleProperty@Animatable@@UEAAHXZ 0000000180008c20 f i BerconDistortion.obj
 0001:00007c20       ?Execute@ShadeContext@@UEAA_JH_K00@Z 0000000180008c20 f i BerconDistortion.obj
 0001:00007c20       ?BeginCreate@ClassDesc@@UEAAHPEAVInterface@@@Z 0000000180008c20 f i BerconDistortion.obj
 0001:00007c20       ?RenderBegin@Animatable@@UEAAHHK@Z 0000000180008c20 f i BerconDistortion.obj
 0001:00007c20       ?DebugFile@RenderGlobalContext@@UEAAPEAU_iobuf@@XZ 0000000180008c20 f i BerconDistortion.obj
 0001:00007c20       ?GetActionTable@ClassDesc@@UEAAPEAVActionTable@@H@Z 0000000180008c20 f i BerconDistortion.obj
 0001:00007c20       ?IsMultiMtl@MtlBase@@UEAAHXZ 0000000180008c20 f i BerconDistortion.obj
 0001:00007c20       ?GetAAFilterKernel@RenderGlobalContext@@UEAAPEAVFilterKernel@@XZ 0000000180008c20 f i BerconDistortion.obj
 0001:00007c20       ?GetKeySelState@Animatable@@UEAAHAEAVBitArray@@VInterval@@K@Z 0000000180008c20 f i BerconDistortion.obj
 0001:00007c20       ?CanManipulate@ClassDesc@@UEAAHPEAVReferenceTarget@@@Z 0000000180008c20 f i BerconDistortion.obj
 0001:00007c20       ?GetUserDlgProc@ClassDesc@@UEAAPEAVParamMap2UserDlgProc@@PEAVParamBlockDesc2@@@Z 0000000180008c20 f i BerconDistortion.obj
 0001:00007c20       ?GetCache@ShadeContext@@UEAAHPEAVTexmap@@AEAVPoint3@@@Z 0000000180008c20 f i BerconDistortion.obj
 0001:00007c20       ?EndCreate@ClassDesc@@UEAAHPEAVInterface@@@Z 0000000180008c20 f i BerconDistortion.obj
 0001:00007c20       ?SetDlgThing@BerconDistortion@@UEAAHPEAVParamDlg@@@Z 0000000180008c20 f i BerconDistortion.obj
 0001:00007c20       ?GetNSuperSample@ShadeContext@@UEAAHXZ 0000000180008c20 f i BerconDistortion.obj
 0001:00007c20       ?HandleOwnViewPerturb@Texmap@@UEAAHXZ 0000000180008c20 f i BerconDistortion.obj
 0001:00007c20       ?SupportsMultiMapsInViewport@MtlBase@@UEAAHXZ 0000000180008c20 f i BerconDistortion.obj
 0001:00007c20       __scrt_stub_for_is_c_termination_complete 0000000180008c20 f i MSVCRT:ucrt_stubs.obj
 0001:00007c20       ?NumActionTables@ClassDesc@@UEAAHXZ 0000000180008c20 f i BerconDistortion.obj
 0001:00007c20       ?NumRenderInstances@RenderGlobalContext@@UEAAHXZ 0000000180008c20 f i BerconDistortion.obj
 0001:00007c20       ?PaintSubFCurves@Animatable@@UEAAHHPEAVParamDimensionBase@@PEAUHDC__@@AEAVBox2@@2MHMHK@Z 0000000180008c20 f i BerconDistortion.obj
 0001:00007c20       ?DebugFile@BerconSC@@UEAAPEAU_iobuf@@XZ 0000000180008c20 f i BerconDistortion.obj
 0001:00007c20       ?SelectSubAnim@Animatable@@UEAAHH@Z 0000000180008c20 f i BerconDistortion.obj
 0001:00007c20       ?GetRenderInstance@RenderGlobalContext@@UEAAPEAVRenderInstance@@H@Z 0000000180008c20 f i BerconDistortion.obj
 0001:00007c20       ?CanDeleteSubAnim@Animatable@@UEAAHH@Z 0000000180008c20 f i BerconDistortion.obj
 0001:00007c20       ?CanCopySubTrack@Animatable@@UEAAHHVInterval@@K@Z 0000000180008c20 f i BerconDistortion.obj
 0001:00007c20       ?GetTheXYZGen@BerconNoise@@UEAAPEAVXYZGen@@XZ 0000000180008c20 f i BerconNoise.obj
 0001:00007c20       ?Save@ClassDesc@@UEAA?AW4IOResult@@PEAVISave@@@Z 0000000180008c20 f i BerconDistortion.obj
 0001:00007c20       ?GetSubFCurveExtents@Animatable@@UEAAHHPEAVParamDimensionBase@@AEAM1K@Z 0000000180008c20 f i BerconDistortion.obj
 0001:00007c20       ?SupportTimeOperations@Animatable@@UEAAHXZ 0000000180008c20 f i BerconDistortion.obj
 0001:00007c20       ?GetViewParams@RenderGlobalContext@@UEAAPEAVViewParams@@XZ 0000000180008c20 f i BerconDistortion.obj
 0001:00007c20       ?TrackViewWinProc@Animatable@@UEAA_JPEAUHWND__@@I_K_J@Z 0000000180008c20 f i BerconDistortion.obj
 0001:00007c20       ?GetUVWSource@Texmap@@UEAAHXZ 0000000180008c20 f i BerconDistortion.obj
 0001:00007c20       ?NeedsToSave@ClassDesc@@UEAAHXZ 0000000180008c20 f i BerconDistortion.obj
 0001:00007c20       ?GetKeyTime@Animatable@@UEAAHH@Z 0000000180008c20 f i BerconDistortion.obj
 0001:00007c20       ?IsSuperSampleOn@ShadeContext@@UEAAHXZ 0000000180008c20 f i BerconDistortion.obj
 0001:00007c20       ?IsManipulator@ClassDesc@@UEAAHXZ 0000000180008c20 f i BerconDistortion.obj
 0001:00007c20       ?ChildAnim@Animatable@@UEAAPEAV1@H@Z 0000000180008c20 f i BerconDistortion.obj
 0001:00007c20       ?SetKeyBufferPresent@Animatable@@UEAAHXZ 0000000180008c20 f i BerconDistortion.obj
 0001:00007c20       ?BypassTreeView@Animatable@@UEAAHXZ 0000000180008c20 f i BerconDistortion.obj
 0001:00007c20       ?ProjType@ShadeContext@@UEAAHXZ 0000000180008c20 f i BerconDistortion.obj
 0001:00007c20       ?DebugFile@ShadeContext@@UEAAPEAU_iobuf@@XZ 0000000180008c20 f i BerconDistortion.obj
 0001:00007c20       ?Execute@ICustomControl@@UEAA_JH_K00@Z 0000000180008c20 f i BerconGradient.obj
 0001:00007c20       ?CreateManipulator@ClassDesc@@UEAAPEAVManipulator@@PEAVReferenceTarget@@PEAVINode@@@Z 0000000180008c20 f i BerconDistortion.obj
 0001:00007c20       ?GetFCurveExtents@Animatable@@UEAAHPEAVParamDimensionBase@@AEAM1K@Z 0000000180008c20 f i BerconDistortion.obj
 0001:00007c20       ?IntersectWorld@RenderGlobalContext@@UEAAHAEAVRay@@HAEAUISect@@AEAVISectList@@H@Z 0000000180008c20 f i BerconDistortion.obj
 0001:00007c20       ?GetKeyTimes@Animatable@@UEAAHAEAV?$Tab@H@@VInterval@@K@Z 0000000180008c20 f i BerconDistortion.obj
 0001:00007c20       ?HasClassParams@ClassDesc@@UEAAHXZ 0000000180008c20 f i BerconDistortion.obj
 0001:00007c20       ?GetCache@ShadeContext@@UEAAHPEAVTexmap@@AEAVAColor@@@Z 0000000180008c20 f i BerconDistortion.obj
 0001:00007c20       ?IsTextureSuperSampleOn@ShadeContext@@UEAAHXZ 0000000180008c20 f i BerconDistortion.obj
 0001:00007c20       ?CanCopyTrack@Animatable@@UEAAHVInterval@@K@Z 0000000180008c20 f i BerconDistortion.obj
 0001:00007c30       ?CreateQtWidget@ClassDesc2@@UEAAPEAVQMaxParamBlockWidget@MaxSDK@@AEAVReferenceMaker@@AEAVIParamBlock2@@FAEAVWStr@@AEAH3AEAVClass_ID@@@Z 0000000180008c30 f i BerconDistortion.obj
 0001:00007c40       ?DeleteKeyAtTime@Animatable@@UEAAXH@Z 0000000180008c40 f i BerconDistortion.obj
 0001:00007c40       ?GetSystemNodes@Animatable@@UEAAXAEAVINodeTab@@W4SysNodeContext@@@Z 0000000180008c40 f i BerconDistortion.obj
 0001:00007c40       ?CopyKeysFromTime@Animatable@@UEAAXHHK@Z 0000000180008c40 f i BerconDistortion.obj
 0001:00007c40       ?FreeCaches@Animatable@@UEAAXXZ 0000000180008c40 f i BerconDistortion.obj
 0001:00007c40       ?SelectSubKeys@Animatable@@UEAAXHAEAV?$Tab@VTrackHitRecord@@@@K@Z 0000000180008c40 f i BerconDistortion.obj
 0001:00007c40       ?TossCache@ShadeContext@@UEAAXPEAVTexmap@@@Z 0000000180008c40 f i BerconDistortion.obj
 0001:00007c40       ?AdjustTangents@Animatable@@UEAAXVTrackHitRecord@@PEAVParamDimensionBase@@MMK@Z 0000000180008c40 f i BerconDistortion.obj
 0001:00007c40       ?DeleteTime@Animatable@@UEAAXVInterval@@K@Z 0000000180008c40 f i BerconDistortion.obj
 0001:00007c40       ?SetNormal@ShadeContext@@UEAAXVPoint3@@@Z 0000000180008c40 f i BerconDistortion.obj
 0001:00007c40       ?RefDeletedUndoRedo@ReferenceTarget@@UEAAXXZ 0000000180008c40 f i BerconDistortion.obj
 0001:00007c40       ?Disable@IGradient@@UEAAXXZ 0000000180008c40 f i BerconGradient.obj
 0001:00007c40       ?ResetCallback@ResourceMakerCallback@@UEAAXHPEAVICurveCtl@@@Z 0000000180008c40 f i BerconGradient.obj
 0001:00007c40       ?CommitSetKeyBuffer@Animatable@@UEAAXH@Z 0000000180008c40 f i BerconDistortion.obj
 0001:00007c40       ?Enable@IGradient@@UEAAXH@Z 0000000180008c40 f i BerconGradient.obj
 0001:00007c40       ?BeginEditParams@Animatable@@UEAAXPEAVIObjParam@@KPEAV1@@Z 0000000180008c40 f i BerconDistortion.obj
 0001:00007c40       ?IntersectRay@RenderGlobalContext@@UEAAXPEAVRenderInstance@@AEAVRay@@AEAUISect@@AEAVISectList@@H@Z 0000000180008c40 f i BerconDistortion.obj
 0001:00007c40       ?SetThing@ParamMap2UserDlgProc@@UEAAXPEAVReferenceTarget@@@Z 0000000180008c40 f i BerconDistortion.obj
 0001:00007c40       ?DeleteSubAnim@Animatable@@UEAAXH@Z 0000000180008c40 f i BerconDistortion.obj
 0001:00007c40       ?RefAddedUndoRedo@ReferenceTarget@@UEAAXPEAVReferenceMaker@@@Z 0000000180008c40 f i BerconDistortion.obj
 0001:00007c40       ?DP@ShadeContext@@UEAAXAEAVPoint3@@0@Z 0000000180008c40 f i BerconDistortion.obj
 0001:00007c40       ?__global_delete@@YAXPEAX_K@Z 0000000180008c40 f i BerconDistortion.obj
 0001:00007c40       ?__empty_global_delete@@YAXPEAX_K@Z 0000000180008c40 f i BerconDistortion.obj
 0001:00007c40       ?EditTimeRange@Animatable@@UEAAXVInterval@@K@Z 0000000180008c40 f i BerconDistortion.obj
 0001:00007c40       ?CloneSelectedKeys@Animatable@@UEAAXH@Z 0000000180008c40 f i BerconDistortion.obj
 0001:00007c40       ?MoveKeys@Animatable@@UEAAXPEAVParamDimensionBase@@MK@Z 0000000180008c40 f i BerconDistortion.obj
 0001:00007c40       ?ScaleTime@Animatable@@UEAAXVInterval@@M@Z 0000000180008c40 f i BerconDistortion.obj
 0001:00007c40       ?PasteSubTrack@Animatable@@UEAAXHPEAVTrackClipObject@@VInterval@@K@Z 0000000180008c40 f i BerconDistortion.obj
 0001:00007c40       ?SetParamBlock@ParamMap2UserDlgProc@@UEAAXPEAVIParamBlock2@@@Z 0000000180008c40 f i BerconDistortion.obj
 0001:00007c40       ?SetTooltip@IGradient@@UEAAX_NPEB_W@Z 0000000180008c40 f i BerconGradient.obj
 0001:00007c40       ?SetSelKeyCoords@Animatable@@UEAAXHMK@Z 0000000180008c40 f i BerconDistortion.obj
 0001:00007c40       ?InsertTime@Animatable@@UEAAXHH@Z 0000000180008c40 f i BerconDistortion.obj
 0001:00007c40       ?LocalMappingsRequired@MtlBase@@UEAAXHAEAVBitArray@@0@Z 0000000180008c40 f i BerconDistortion.obj
 0001:00007c40       ?SelectCurve@Animatable@@UEAAXH@Z 0000000180008c40 f i BerconDistortion.obj
 0001:00007c40       ?PutCache@ShadeContext@@UEAAXPEAVTexmap@@M@Z 0000000180008c40 f i BerconDistortion.obj
 0001:00007c40       _guard_check_icall_nop     0000000180008c40 f i MSVCRT:guard_support.obj
 0001:00007c40       ?Update@ParamMap2UserDlgProc@@UEAAXH@Z 0000000180008c40 f i BerconDistortion.obj
 0001:00007c40       ?FlagKey@Animatable@@UEAAXVTrackHitRecord@@@Z 0000000180008c40 f i BerconDistortion.obj
 0001:00007c40       ?AdjustTangents@Animatable@@UEAAXVTrackHitRecord@@PEAVParamDimensionBase@@AEAVBox2@@MHMHHHK@Z 0000000180008c40 f i BerconDistortion.obj
 0001:00007c40       ?DeleteKeyByIndex@Animatable@@UEAAXH@Z 0000000180008c40 f i BerconDistortion.obj
 0001:00007c40       ?Enable2@IGradient@@UEAAXH@Z 0000000180008c40 f i BerconGradient.obj
 0001:00007c40       ?FreeAllBitmaps@Animatable@@UEAAXXZ 0000000180008c40 f i BerconDistortion.obj
 0001:00007c40       ?ScaleKeyValues@Animatable@@UEAAXPEAVParamDimensionBase@@MMK@Z 0000000180008c40 f i BerconDistortion.obj
 0001:00007c40       ?EditTrackParams@Animatable@@UEAAXHPEAVParamDimensionBase@@PEB_WPEAUHWND__@@PEAVIObjParam@@K@Z 0000000180008c40 f i BerconDistortion.obj
 0001:00007c40       ?AddNewKey@Animatable@@UEAAXHK@Z 0000000180008c40 f i BerconDistortion.obj
 0001:00007c40       ?SelectKeyByIndex@Animatable@@UEAAXHH@Z 0000000180008c40 f i BerconDistortion.obj
 0001:00007c40       ?RefDeleted@ReferenceTarget@@UEAAXXZ 0000000180008c40 f i BerconDistortion.obj
 0001:00007c40       ?ReverseTime@Animatable@@UEAAXVInterval@@K@Z 0000000180008c40 f i BerconDistortion.obj
 0001:00007c40       ?EndEditParams@Animatable@@UEAAXPEAVIObjParam@@KPEAV1@@Z 0000000180008c40 f i BerconDistortion.obj
 0001:00007c40       ?PasteTrack@Animatable@@UEAAXPEAVTrackClipObject@@VInterval@@K@Z 0000000180008c40 f i BerconDistortion.obj
 0001:00007c40       ?SetupGfxMultiMaps@MtlBase@@UEAAXHPEAVMaterial@@AEAVMtlMakerCallback@@@Z 0000000180008c40 f i BerconDistortion.obj
 0001:00007c40       ?PutCache@ShadeContext@@UEAAXPEAVTexmap@@AEBVAColor@@@Z 0000000180008c40 f i BerconDistortion.obj
 0001:00007c40       ?NewCurveCreatedCallback@ResourceMakerCallback@@UEAAXHPEAVICurveCtl@@@Z 0000000180008c40 f i BerconGradient.obj
 0001:00007c40       ?EditClassParams@ClassDesc@@UEAAXPEAUHWND__@@@Z 0000000180008c40 f i BerconDistortion.obj
 0001:00007c40       ?SelectKeys@Animatable@@UEAAXAEAV?$Tab@VTrackHitRecord@@@@K@Z 0000000180008c40 f i BerconDistortion.obj
 0001:00007c40       ?NotifyTarget@ReferenceTarget@@UEAAXHPEAVReferenceMaker@@@Z 0000000180008c40 f i BerconDistortion.obj
 0001:00007c40       ?PutCache@ShadeContext@@UEAAXPEAVTexmap@@AEBVPoint3@@@Z 0000000180008c40 f i BerconDistortion.obj
 0001:00007c40       ?SelectSubCurve@Animatable@@UEAAXHH@Z 0000000180008c40 f i BerconDistortion.obj
 0001:00007c40       ?DeleteKeys@Animatable@@UEAAXK@Z 0000000180008c40 f i BerconDistortion.obj
 0001:00007c40       ?SetIOR@ShadeContext@@UEAAXM@Z 0000000180008c40 f i BerconDistortion.obj
 0001:00007c40       ?RevertSetKeyBuffer@Animatable@@UEAAXXZ 0000000180008c40 f i BerconDistortion.obj
 0001:00007c40       ?SetOutputLevel@Texmap@@UEAAXHM@Z 0000000180008c40 f i BerconDistortion.obj
 0001:00007c50       ?InitialRollupPageState@ClassDesc@@UEAAKXZ 0000000180008c50 f i BerconDistortion.obj
 0001:00007c60       ?IsLocalOutputMeaningful@Texmap@@UEAA_NAEAVShadeContext@@@Z 0000000180008c60 f i BerconDistortion.obj
 0001:00007c60       ?UseOnlyInternalNameForMAXScriptExposure@ClassDesc@@UEAA_NXZ 0000000180008c60 f i BerconDistortion.obj
 0001:00007c60       ?DrawRepresentation@ClassDesc@@UEAA_NKPEAUHDC__@@AEAVBox2@@@Z 0000000180008c60 f i BerconDistortion.obj
 0001:00007c60       ?GetMacroRecorderName@Animatable@@UEAA_N_NAEAVWStr@@@Z 0000000180008c60 f i BerconDistortion.obj
 0001:00007c70       ?NumInterfaces@ClassDesc@@UEAAHXZ 0000000180008c70 f i BerconDistortion.obj
 0001:00007c80       ?GetInterfaceAt@ClassDesc@@UEAAPEAVFPInterface@@H@Z 0000000180008c80 f i BerconDistortion.obj
 0001:00007d60       ?ClearInterfaces@ClassDesc@@UEAAXXZ 0000000180008d60 f i BerconDistortion.obj
 0001:00007d70       ?SubClassID@ClassDesc@@UEAA?AVClass_ID@@XZ 0000000180008d70 f i BerconDistortion.obj
 0001:00007d80       ?What@TabOutOfRangeException@Util@MaxSDK@@UEBAPEB_WXZ 0000000180008d80 f i BerconDistortion.obj
 0001:00007da0       ??1TabOutOfRangeException@Util@MaxSDK@@UEAA@XZ 0000000180008da0 f i BerconDistortion.obj
 0001:00007dc0       ??0TabOutOfRangeException@Util@MaxSDK@@QEAA@AEBV012@@Z 0000000180008dc0 f i BerconDistortion.obj
 0001:00007e00       ??_GTabOutOfRangeException@Util@MaxSDK@@UEAAPEAXI@Z 0000000180008e00 f i BerconDistortion.obj
 0001:00007e00       ??_ETabOutOfRangeException@Util@MaxSDK@@UEAAPEAXI@Z 0000000180008e00 f i BerconDistortion.obj
 0001:00007e70       ??0BerconDistortion@@QEAA@XZ 0000000180008e70 f   BerconDistortion.obj
 0001:00008030       ??0BerconSC@@QEAA@QEAVShadeContext@@@Z 0000000180009030 f i BerconDistortion.obj
 0001:00008210       ??0TabOutOfRangeException@Util@MaxSDK@@QEAA@PEB_W@Z 0000000180009210 f i BerconDistortion.obj
 0001:00008240       ??0VertexNormalsControl@@QEAA@XZ 0000000180009240 f i BerconDistortion.obj
 0001:00008270       ??0XYZ_Desc@@QEAA@PEAVClassDesc2@@HHHHHHH@Z 0000000180009270 f i BerconDistortion.obj
 0001:00009540       ??1?$Tab@PEAVBaseInterface@@@@UEAA@XZ 000000018000a540 f i BerconDistortion.obj
 0001:00009570       ??1?$Tab@PEAVVertexNormalsCallback@@@@UEAA@XZ 000000018000a570 f i BerconDistortion.obj
 0001:000095a0       ??1BerconSC@@UEAA@XZ       000000018000a5a0 f i BerconDistortion.obj
 0001:000095f0       ??1ParamMap2UserDlgProc@@UEAA@XZ 000000018000a5f0 f i BerconDistortion.obj
 0001:00009600       ??1ShadeOutput@@UEAA@XZ    000000018000a600 f i BerconDistortion.obj
 0001:00009600       ??1RenderGlobalContext@@UEAA@XZ 000000018000a600 f i BerconDistortion.obj
 0001:00009620       ??1ShadeContext@@UEAA@XZ   000000018000a620 f i BerconDistortion.obj
 0001:00009660       ??1Texmap@@UEAA@XZ         000000018000a660 f i BerconDistortion.obj
 0001:00009680       ??_EBerconDistortion@@WEI@EAAPEAXI@Z 000000018000a680 f i BerconDistortion.obj
 0001:0000968c       ??_EBerconSC@@WCJA@EAAPEAXI@Z 000000018000a68c f i BerconDistortion.obj
 0001:000096a0       ??_G?$Tab@PEAVBaseInterface@@@@UEAAPEAXI@Z 000000018000a6a0 f i BerconDistortion.obj
 0001:000096a0       ??_E?$Tab@PEAVBaseInterface@@@@UEAAPEAXI@Z 000000018000a6a0 f i BerconDistortion.obj
 0001:00009710       ??_G?$Tab@PEAVVertexNormalsCallback@@@@UEAAPEAXI@Z 000000018000a710 f i BerconDistortion.obj
 0001:00009710       ??_E?$Tab@PEAVVertexNormalsCallback@@@@UEAAPEAXI@Z 000000018000a710 f i BerconDistortion.obj
 0001:00009780       ??_GBaseInterfaceServer@@UEAAPEAXI@Z 000000018000a780 f i BerconDistortion.obj
 0001:00009780       ??_EBaseInterfaceServer@@UEAAPEAXI@Z 000000018000a780 f i BerconDistortion.obj
 0001:000097d0       ??_EBerconDistortion@@UEAAPEAXI@Z 000000018000a7d0 f i BerconDistortion.obj
 0001:000097d0       ??_GBerconDistortion@@UEAAPEAXI@Z 000000018000a7d0 f i BerconDistortion.obj
 0001:00009870       ??_EBerconSC@@UEAAPEAXI@Z  000000018000a870 f i BerconDistortion.obj
 0001:00009870       ??_GBerconSC@@UEAAPEAXI@Z  000000018000a870 f i BerconDistortion.obj
 0001:00009900       ??_EBerconXYZDlgProc@@UEAAPEAXI@Z 000000018000a900 f i BerconDistortion.obj
 0001:00009900       ??_GBerconWoodDlgProc@@UEAAPEAXI@Z 000000018000a900 f i BerconWood.obj
 0001:00009900       ??_EBerconWoodDlgProc@@UEAAPEAXI@Z 000000018000a900 f i BerconWood.obj
 0001:00009900       ??_GBerconXYZDlgProc@@UEAAPEAXI@Z 000000018000a900 f i BerconDistortion.obj
 0001:00009900       ??_EBerconNoiseDlgProc@@UEAAPEAXI@Z 000000018000a900 f i BerconNoise.obj
 0001:00009900       ??_GBerconNoiseDlgProc@@UEAAPEAXI@Z 000000018000a900 f i BerconNoise.obj
 0001:00009900       ??_GBerconTileDlgProc@@UEAAPEAXI@Z 000000018000a900 f i BerconTile.obj
 0001:00009900       ??_EBerconTileDlgProc@@UEAAPEAXI@Z 000000018000a900 f i BerconTile.obj
 0001:00009950       ??_GInterfaceServer@@UEAAPEAXI@Z 000000018000a950 f i BerconDistortion.obj
 0001:00009950       ??_EInterfaceServer@@UEAAPEAXI@Z 000000018000a950 f i BerconDistortion.obj
 0001:000099a0       ??_GParamMap2UserDlgProc@@UEAAPEAXI@Z 000000018000a9a0 f i BerconDistortion.obj
 0001:000099a0       ??_EParamMap2UserDlgProc@@UEAAPEAXI@Z 000000018000a9a0 f i BerconDistortion.obj
 0001:000099e0       ??_ERenderGlobalContext@@UEAAPEAXI@Z 000000018000a9e0 f i BerconDistortion.obj
 0001:000099e0       ??_GRenderGlobalContext@@UEAAPEAXI@Z 000000018000a9e0 f i BerconDistortion.obj
 0001:00009a50       ??_GShadeContext@@UEAAPEAXI@Z 000000018000aa50 f i BerconDistortion.obj
 0001:00009a50       ??_EShadeContext@@UEAAPEAXI@Z 000000018000aa50 f i BerconDistortion.obj
 0001:00009ad0       ??_GShadeOutput@@UEAAPEAXI@Z 000000018000aad0 f i BerconDistortion.obj
 0001:00009ad0       ??_EShadeOutput@@UEAAPEAXI@Z 000000018000aad0 f i BerconDistortion.obj
 0001:00009b40       ?ActivateTexDisplay@BerconDistortion@@UEAAXH@Z 000000018000ab40 f i BerconDistortion.obj
 0001:00009b70       ?Antialias@BerconSC@@UEAAHXZ 000000018000ab70 f i BerconDistortion.obj
 0001:00009b80       ?BarycentricCoords@BerconSC@@UEAA?AVPoint3@@XZ 000000018000ab80 f i BerconDistortion.obj
 0001:00009ba0       ?BarycentricCoords@ShadeContext@@UEAA?AVPoint3@@XZ 000000018000aba0 f i BerconDistortion.obj
 0001:00009bb0       ?BumpBasisVectors@BerconSC@@UEAAHQEAVPoint3@@HH@Z 000000018000abb0 f i BerconDistortion.obj
 0001:00009bd0       ?BypassTrackBar@Animatable@@UEAAHXZ 000000018000abd0 f i BerconDistortion.obj
 0001:00009be0       ?CamFarRange@BerconSC@@UEAAMXZ 000000018000abe0 f i BerconDistortion.obj
 0001:00009c00       ?CamNearRange@ShadeContext@@UEAAMXZ 000000018000ac00 f i BerconDistortion.obj
 0001:00009c00       ?RayConeAngle@ShadeContext@@UEAAMXZ 000000018000ac00 f i BerconDistortion.obj
 0001:00009c00       ?CamFarRange@ShadeContext@@UEAAMXZ 000000018000ac00 f i BerconDistortion.obj
 0001:00009c00       ?GetAAFilterSize@RenderGlobalContext@@UEAAMXZ 000000018000ac00 f i BerconDistortion.obj
 0001:00009c00       ?Curve@ShadeContext@@UEAAMXZ 000000018000ac00 f i BerconDistortion.obj
 0001:00009c10       ?CamNearRange@BerconSC@@UEAAMXZ 000000018000ac10 f i BerconDistortion.obj
 0001:00009c30       ?CamPos@BerconSC@@UEAA?AVPoint3@@XZ 000000018000ac30 f i BerconDistortion.obj
 0001:00009c60       ?ClassID@BerconSC@@UEAA?AVClass_ID@@XZ 000000018000ac60 f i BerconDistortion.obj
 0001:00009c80       ?ClassID@ShadeContext@@UEAA?AVClass_ID@@XZ 000000018000ac80 f i BerconDistortion.obj
 0001:00009c80       ?SurfacePtScreen@ShadeContext@@UEAA?AVPoint2@@XZ 000000018000ac80 f i BerconDistortion.obj
 0001:00009c90       ?Clone@BerconDistortion@@UEAAPEAVReferenceTarget@@AEAVRemapDir@@@Z 000000018000ac90 f   BerconDistortion.obj
 0001:00009dc0       ?CreateParamDlg@BerconDistortion@@UEAAPEAVParamDlg@@PEAUHWND__@@PEAVIMtlParams@@@Z 000000018000adc0 f   BerconDistortion.obj
 0001:00009e40       ?CurTime@BerconSC@@UEAAHXZ 000000018000ae40 f i BerconDistortion.obj
 0001:00009e50       ?Curve@BerconSC@@UEAAMXZ   000000018000ae50 f i BerconDistortion.obj
 0001:00009e70       ?DP@BerconSC@@UEAA?AVPoint3@@XZ 000000018000ae70 f i BerconDistortion.obj
 0001:00009ea0       ?DP@BerconSC@@UEAAXAEAVPoint3@@0@Z 000000018000aea0 f i BerconDistortion.obj
 0001:00009ec0       ?DPObj@BerconSC@@UEAA?AVPoint3@@XZ 000000018000aec0 f i BerconDistortion.obj
 0001:00009ef0       ?DPObjRelBox@BerconSC@@UEAA?AVPoint3@@XZ 000000018000aef0 f i BerconDistortion.obj
 0001:00009f20       ?DPdUVW@BerconSC@@UEAAXQEAVPoint3@@H@Z 000000018000af20 f i BerconDistortion.obj
 0001:00009f40       ?DUVW@BerconSC@@UEAA?AVPoint3@@H@Z 000000018000af40 f i BerconDistortion.obj
 0001:00009f64       ?DebugFile@BerconSC@@WCJA@EAAPEAU_iobuf@@XZ 000000018000af64 f i BerconDistortion.obj
 0001:00009f70       ?DeleteThis@BerconTileDlgProc@@UEAAXXZ 000000018000af70 f i BerconTile.obj
 0001:00009f70       ?DeleteThis@BerconNoiseDlgProc@@UEAAXXZ 000000018000af70 f i BerconNoise.obj
 0001:00009f70       ?DeleteThis@BerconWoodDlgProc@@UEAAXXZ 000000018000af70 f i BerconWood.obj
 0001:00009f70       ?DeleteThis@BerconNoise@@UEAAXXZ 000000018000af70 f i BerconNoise.obj
 0001:00009f70       ?DeleteThis@BerconXYZDlgProc@@UEAAXXZ 000000018000af70 f i BerconDistortion.obj
 0001:00009f70       ?DeleteThis@BerconDistortion@@UEAAXXZ 000000018000af70 f i BerconDistortion.obj
 0001:00009f70       ?DeleteThis@BerconGradientDlgProc@@UEAAXXZ 000000018000af70 f i BerconGradient.obj
 0001:00009f70       ?DeleteThis@BerconWood@@UEAAXXZ 000000018000af70 f i BerconWood.obj
 0001:00009f70       ?DeleteThis@BerconGradient@@UEAAXXZ 000000018000af70 f i BerconGradient.obj
 0001:00009f70       ?DeleteThis@BerconTile@@UEAAXXZ 000000018000af70 f i BerconTile.obj
 0001:00009f90       ?DiffuseIllum@BerconSC@@UEAA?AVColor@@XZ 000000018000af90 f i BerconDistortion.obj
 0001:00009fc0       ?DlgProc@BerconXYZDlgProc@@UEAA_JHPEAVIParamMap2@@PEAUHWND__@@I_K_J@Z 000000018000afc0 f i BerconDistortion.obj
 0001:0000a4d0       ?EditTrack@Animatable@@UEAAXXZ 000000018000b4d0 f i BerconDistortion.obj
 0001:0000a500       ?EvalColor@BerconDistortion@@UEAA?AVAColor@@AEAVShadeContext@@@Z 000000018000b500 f   BerconDistortion.obj
 0001:0000a680       ?EvalEnvironMap@BerconSC@@UEAA?AVAColor@@PEAVTexmap@@VPoint3@@@Z 000000018000b680 f i BerconDistortion.obj
 0001:0000a6d0       ?EvalGlobalEnvironMap@BerconSC@@UEAA?AVAColor@@VPoint3@@@Z 000000018000b6d0 f i BerconDistortion.obj
 0001:0000a720       ?EvalGlobalEnvironMap@RenderGlobalContext@@UEAA?AVAColor@@AEAVShadeContext@@AEAVRay@@H@Z 000000018000b720 f i BerconDistortion.obj
 0001:0000a740       ?EvalGlobalEnvironMap@ShadeContext@@UEAA?AVAColor@@VPoint3@@@Z 000000018000b740 f i BerconDistortion.obj
 0001:0000a750       ?EvalMono@BerconDistortion@@UEAAMAEAVShadeContext@@@Z 000000018000b750 f   BerconDistortion.obj
 0001:0000a8d0       ?EvalNormalPerturb@BerconDistortion@@UEAA?AVPoint3@@AEAVShadeContext@@@Z 000000018000b8d0 f   BerconDistortion.obj
 0001:0000aa50       ?Execute@BerconSC@@UEAA_JH_K00@Z 000000018000ba50 f i BerconDistortion.obj
 0001:0000aa64       ?Execute@BerconSC@@WCJA@EAA_JH_K00@Z 000000018000ba64 f i BerconDistortion.obj
 0001:0000aa70       ?FaceNumber@BerconSC@@UEAAHXZ 000000018000ba70 f i BerconDistortion.obj
 0001:0000aa80       ?GNormal@BerconSC@@UEAA?AVPoint3@@XZ 000000018000ba80 f i BerconDistortion.obj
 0001:0000aab0       ?GetActiveTexHandle@BerconDistortion@@UEAA_KHAEAVTexHandleMaker@@@Z 000000018000bab0 f   BerconDistortion.obj
 0001:0000ab70       ?GetBGColor@BerconSC@@UEAAXAEAVColor@@0H@Z 000000018000bb70 f i BerconDistortion.obj
 0001:0000ab90       ?GetBerconDistortionDesc@@YAPEAVClassDesc2@@XZ 000000018000bb90 f   BerconDistortion.obj
 0001:0000aba0       ?GetCache@BerconSC@@UEAAHPEAVTexmap@@AEAM@Z 000000018000bba0 f i BerconDistortion.obj
 0001:0000abc0       ?GetCache@BerconSC@@UEAAHPEAVTexmap@@AEAVAColor@@@Z 000000018000bbc0 f i BerconDistortion.obj
 0001:0000abe0       ?GetCache@BerconSC@@UEAAHPEAVTexmap@@AEAVPoint3@@@Z 000000018000bbe0 f i BerconDistortion.obj
 0001:0000ac00       ?GetClassName@BerconDistortion@@UEAAXAEAVWStr@@@Z 000000018000bc00 f i BerconDistortion.obj
 0001:0000ac30       ?GetEvalObject@BerconSC@@UEAAPEAVObject@@XZ 000000018000bc30 f i BerconDistortion.obj
 0001:0000ac40       ?NumKeys@Animatable@@UEAAHXZ 000000018000bc40 f i BerconDistortion.obj
 0001:0000ac40       ?NodeID@ShadeContext@@UEAAHXZ 000000018000bc40 f i BerconDistortion.obj
 0001:0000ac40       ?GetFlagKeyIndex@Animatable@@UEAAHXZ 000000018000bc40 f i BerconDistortion.obj
 0001:0000ac40       ?GetKeyIndex@Animatable@@UEAAHH@Z 000000018000bc40 f i BerconDistortion.obj
 0001:0000ac50       ?GetIOR@BerconSC@@UEAAMXZ  000000018000bc50 f i BerconDistortion.obj
 0001:0000ac70       ?GetIOR@ShadeContext@@UEAAMXZ 000000018000bc70 f i BerconDistortion.obj
 0001:0000ac70       ?GetSampleSizeScale@ShadeContext@@UEAAMXZ 000000018000bc70 f i BerconDistortion.obj
 0001:0000ac80       ?GetInterface@MtlBase@@UEAAPEAVBaseInterface@@VInterface_ID@@@Z 000000018000bc80 f i BerconDistortion.obj
 0001:0000acb0       ?GetNSuperSample@BerconSC@@UEAAHXZ 000000018000bcb0 f i BerconDistortion.obj
 0001:0000acd0       ?GetParamBlock@BerconDistortion@@UEAAPEAVIParamBlock2@@H@Z 000000018000bcd0 f i BerconDistortion.obj
 0001:0000acf0       ?GetParamBlockByID@BerconDistortion@@UEAAPEAVIParamBlock2@@F@Z 000000018000bcf0 f i BerconDistortion.obj
 0001:0000ad40       ?GetParamDimension@Animatable@@UEAAPEAVParamDimension@@H@Z 000000018000bd40 f i BerconDistortion.obj
 0001:0000ad50       ?GetRefTarget@MtlBase@@UEAAPEAVReferenceTarget@@XZ 000000018000bd50 f i BerconDistortion.obj
 0001:0000ad60       ?SubAnim@BerconDistortion@@UEAAPEAVAnimatable@@H@Z 000000018000bd60 f   BerconDistortion.obj
 0001:0000ad60       ?GetReference@BerconDistortion@@UEAAPEAVReferenceTarget@@H@Z 000000018000bd60 f   BerconDistortion.obj
 0001:0000ad90       ?GetRenderElement@BerconSC@@UEAAPEAVIRenderElement@@H@Z 000000018000bd90 f i BerconDistortion.obj
 0001:0000adb0       ?GetRenderElement@ShadeContext@@UEAAPEAVIRenderElement@@H@Z 000000018000bdb0 f i BerconDistortion.obj
 0001:0000add0       ?GetSampleSizeScale@BerconSC@@UEAAMXZ 000000018000bdd0 f i BerconDistortion.obj
 0001:0000adf0       ?GetSubAnimCurveColor@Animatable@@UEAAKH@Z 000000018000bdf0 f i BerconDistortion.obj
 0001:0000ae00       ?GetSubTexmap@BerconDistortion@@UEAAPEAVTexmap@@H@Z 000000018000be00 f i BerconDistortion.obj
 0001:0000ae10       ?GetSubTexmapSlotName@BerconDistortion@@UEAA?AVWStr@@H@Z 000000018000be10 f   BerconDistortion.obj
 0001:0000aea0       ?GetTextureTiling@Texmap@@UEAAHXZ 000000018000bea0 f i BerconDistortion.obj
 0001:0000aea0       ?NumParamBlocks@BerconWood@@UEAAHXZ 000000018000bea0 f i BerconWood.obj
 0001:0000aea0       ?NumSubTexmaps@BerconDistortion@@UEAAHXZ 000000018000bea0 f i BerconDistortion.obj
 0001:0000aea0       ?NumParamBlocks@BerconTile@@UEAAHXZ 000000018000bea0 f i BerconTile.obj
 0001:0000aea0       ?NumParamBlocks@BerconNoise@@UEAAHXZ 000000018000bea0 f i BerconNoise.obj
 0001:0000aeb0       ?GetUVTransform@Texmap@@UEAAXAEAVMatrix3@@@Z 000000018000beb0 f i BerconDistortion.obj
 0001:0000aec0       ?HitTestSubFCurves@Animatable@@UEAAHHPEAVParamDimensionBase@@AEAV?$Tab@VTrackHitRecord@@@@AEAVBox2@@2MHMHK@Z 000000018000bec0 f i BerconDistortion.obj
 0001:0000aec0       ?HitTestFCurves@Animatable@@UEAAHPEAVParamDimensionBase@@AEAV?$Tab@VTrackHitRecord@@@@AEAVBox2@@2MHMHK@Z 000000018000bec0 f i BerconDistortion.obj
 0001:0000aed0       ?HitTestTrack@Animatable@@UEAAHAEAV?$Tab@VTrackHitRecord@@@@AEAVBox2@@1MHK@Z 000000018000bed0 f i BerconDistortion.obj
 0001:0000aed0       ?NumParamBlocks@BerconGradient@@UEAAHXZ 000000018000bed0 f i BerconGradient.obj
 0001:0000aed0       ?PaintSubTrack@Animatable@@UEAAHHPEAVParamDimensionBase@@PEAUHDC__@@AEAVBox2@@2MHK@Z 000000018000bed0 f i BerconDistortion.obj
 0001:0000aed0       ?PaintTrack@Animatable@@UEAAHPEAVParamDimensionBase@@PEAUHDC__@@AEAVBox2@@2MHK@Z 000000018000bed0 f i BerconDistortion.obj
 0001:0000aed0       ?NumParamBlocks@BerconDistortion@@UEAAHXZ 000000018000bed0 f i BerconDistortion.obj
 0001:0000aee0       ?InMtlEditor@BerconSC@@UEAAHXZ 000000018000bee0 f i BerconDistortion.obj
 0001:0000aef0       ?InitSlotType@Texmap@@UEAAXH@Z 000000018000bef0 f i BerconDistortion.obj
 0001:0000af00       __acrt_uninitialize        000000018000bf00 f i MSVCRT:ucrt_stubs.obj
 0001:0000af00       __scrt_stub_for_acrt_thread_attach 000000018000bf00 f i MSVCRT:ucrt_stubs.obj
 0001:0000af00       __acrt_uninitialize_critical 000000018000bf00 f i MSVCRT:ucrt_stubs.obj
 0001:0000af00       __acrt_thread_attach       000000018000bf00 f i MSVCRT:ucrt_stubs.obj
 0001:0000af00       __scrt_stub_for_acrt_uninitialize 000000018000bf00 f i MSVCRT:ucrt_stubs.obj
 0001:0000af00       __vcrt_initialize          000000018000bf00 f i MSVCRT:ucrt_stubs.obj
 0001:0000af00       __acrt_initialize          000000018000bf00 f i MSVCRT:ucrt_stubs.obj
 0001:0000af00       __vcrt_thread_attach       000000018000bf00 f i MSVCRT:ucrt_stubs.obj
 0001:0000af00       __scrt_stub_for_acrt_initialize 000000018000bf00 f i MSVCRT:ucrt_stubs.obj
 0001:0000af00       __scrt_stub_for_acrt_thread_detach 000000018000bf00 f i MSVCRT:ucrt_stubs.obj
 0001:0000af00       __vcrt_thread_detach       000000018000bf00 f i MSVCRT:ucrt_stubs.obj
 0001:0000af00       __scrt_stub_for_acrt_uninitialize_critical 000000018000bf00 f i MSVCRT:ucrt_stubs.obj
 0001:0000af00       ?IsParamBlockDesc2Used@Animatable@@UEAA_NPEAVParamBlockDesc2@@@Z 000000018000bf00 f i BerconDistortion.obj
 0001:0000af00       __acrt_thread_detach       000000018000bf00 f i MSVCRT:ucrt_stubs.obj
 0001:0000af00       __vcrt_uninitialize_critical 000000018000bf00 f i MSVCRT:ucrt_stubs.obj
 0001:0000af00       __vcrt_uninitialize        000000018000bf00 f i MSVCRT:ucrt_stubs.obj
 0001:0000af10       ?IsPhysicalSpace@BerconSC@@UEBAPEAVToneOperator@@XZ 000000018000bf10 f i BerconDistortion.obj
 0001:0000af10       ?ScaledToRGB@BerconSC@@UEBAPEAVToneOperator@@M@Z 000000018000bf10 f i BerconDistortion.obj
 0001:0000af10       ?ScaleRGB@BerconSC@@UEBAPEAVToneOperator@@M@Z 000000018000bf10 f i BerconDistortion.obj
 0001:0000af10       ?ScaledToRGB@BerconSC@@UEBAPEAVToneOperator@@XZ 000000018000bf10 f i BerconDistortion.obj
 0001:0000af40       ?IsSubClassOf@Animatable@@UEAAHVClass_ID@@@Z 000000018000bf40 f i BerconDistortion.obj
 0001:0000af80       ?IsSuperSampleOn@BerconSC@@UEAAHXZ 000000018000bf80 f i BerconDistortion.obj
 0001:0000afa0       ?IsTextureSuperSampleOn@BerconSC@@UEAAHXZ 000000018000bfa0 f i BerconDistortion.obj
 0001:0000afc0       ?Light@BerconSC@@UEAAPEAVLightDesc@@H@Z 000000018000bfc0 f i BerconDistortion.obj
 0001:0000afd0       ?LocalRequirements@BerconDistortion@@UEAAKH@Z 000000018000bfd0 f i BerconDistortion.obj
 0001:0000aff0       ?MapSlotType@Texmap@@UEAAHH@Z 000000018000bff0 f i BerconDistortion.obj
 0001:0000b000       ?MappingsRequired@BerconDistortion@@UEAAXHAEAVBitArray@@0@Z 000000018000c000 f i BerconDistortion.obj
 0001:0000b020       ?NRenderElements@BerconSC@@UEAAHXZ 000000018000c020 f i BerconDistortion.obj
 0001:0000b040       ?NRenderElements@ShadeContext@@UEAAHXZ 000000018000c040 f i BerconDistortion.obj
 0001:0000b060       ?Node@BerconSC@@UEAAPEAVINode@@XZ 000000018000c060 f i BerconDistortion.obj
 0001:0000b070       ?NodeID@BerconSC@@UEAAHXZ  000000018000c070 f i BerconDistortion.obj
 0001:0000b080       ?Normal@BerconSC@@UEAA?AVPoint3@@XZ 000000018000c080 f i BerconDistortion.obj
 0001:0000b0a0       ?NotifyDependents@ReferenceMaker@@EEAA?AW4RefResult@@AEBVInterval@@_KIKHPEAVReferenceTarget@@@Z 000000018000c0a0 f i BerconDistortion.obj
 0001:0000b0d0       ?NotifyForeground@ReferenceTarget@@UEAAXH@Z 000000018000c0d0 f i BerconDistortion.obj
 0001:0000b130       ?NotifyRefChanged@BerconDistortion@@UEAA?AW4RefResult@@AEBVInterval@@PEAVReferenceTarget@@AEA_KIH@Z 000000018000c130 f   BerconDistortion.obj
 0001:0000b1d0       ?NumSubs@BerconDistortion@@UEAAHXZ 000000018000c1d0 f i BerconDistortion.obj
 0001:0000b1d0       ?NumRefs@BerconDistortion@@UEAAHXZ 000000018000c1d0 f i BerconDistortion.obj
 0001:0000b1d0       ?LibNumberClasses@@YAHXZ   000000018000c1d0 f i DllEntry.obj
 0001:0000b1e0       ?ObjectBox@BerconSC@@UEAA?AVBox3@@XZ 000000018000c1e0 f i BerconDistortion.obj
 0001:0000b210       ?OrigNormal@BerconSC@@UEAA?AVPoint3@@XZ 000000018000c210 f i BerconDistortion.obj
 0001:0000b230       ?OrigNormal@ShadeContext@@UEAA?AVPoint3@@XZ 000000018000c230 f i BerconDistortion.obj
 0001:0000b250       ?OrigView@BerconSC@@UEAA?AVPoint3@@XZ 000000018000c250 f i BerconDistortion.obj
 0001:0000b280       ?OrigView@ShadeContext@@UEAA?AVPoint3@@XZ 000000018000c280 f i BerconDistortion.obj
 0001:0000b2a0       ?P@BerconSC@@UEAA?AVPoint3@@XZ 000000018000c2a0 f i BerconDistortion.obj
 0001:0000b310       ?PObj@BerconSC@@UEAA?AVPoint3@@XZ 000000018000c310 f i BerconDistortion.obj
 0001:0000b380       ?PObjRelBox@BerconSC@@UEAA?AVPoint3@@XZ 000000018000c380 f i BerconDistortion.obj
 0001:0000b3b0       ?PointFrom@BerconSC@@UEAA?AVPoint3@@AEBV2@W4RefFrame@@@Z 000000018000c3b0 f i BerconDistortion.obj
 0001:0000b3e0       ?PointTo@BerconSC@@UEAA?AVPoint3@@AEBV2@W4RefFrame@@@Z 000000018000c3e0 f i BerconDistortion.obj
 0001:0000b410       ?ProjType@BerconSC@@UEAAHXZ 000000018000c410 f i BerconDistortion.obj
 0001:0000b420       ?PutCache@BerconSC@@UEAAXPEAVTexmap@@AEBVAColor@@@Z 000000018000c420 f i BerconDistortion.obj
 0001:0000b440       ?PutCache@BerconSC@@UEAAXPEAVTexmap@@AEBVPoint3@@@Z 000000018000c440 f i BerconDistortion.obj
 0001:0000b460       ?PutCache@BerconSC@@UEAAXPEAVTexmap@@M@Z 000000018000c460 f i BerconDistortion.obj
 0001:0000b480       ?RayConeAngle@BerconSC@@UEAAMXZ 000000018000c480 f i BerconDistortion.obj
 0001:0000b4a0       ?RayDiam@BerconSC@@UEAAMXZ 000000018000c4a0 f i BerconDistortion.obj
 0001:0000b4c0       ?RayDiam@ShadeContext@@UEAAMXZ 000000018000c4c0 f i BerconDistortion.obj
 0001:0000b4e0       ?ReflectVector@BerconSC@@UEAA?AVPoint3@@XZ 000000018000c4e0 f i BerconDistortion.obj
 0001:0000b510       ?RefractVector@BerconSC@@UEAA?AVPoint3@@M@Z 000000018000c510 f i BerconDistortion.obj
 0001:0000b540       ?RemapRefOnLoad@ReferenceMaker@@UEAAHH@Z 000000018000c540 f i BerconDistortion.obj
 0001:0000b540       ?SubNumToRefNum@BerconNoise@@UEAAHH@Z 000000018000c540 f i BerconNoise.obj
 0001:0000b540       ?SubNumToRefNum@BerconTile@@UEAAHH@Z 000000018000c540 f i BerconTile.obj
 0001:0000b540       ?SubNumToRefNum@BerconGradient@@UEAAHH@Z 000000018000c540 f i BerconGradient.obj
 0001:0000b540       ?SubNumToRefNum@BerconWood@@UEAAHH@Z 000000018000c540 f i BerconWood.obj
 0001:0000b540       ?SubNumToRefNum@BerconDistortion@@UEAAHH@Z 000000018000c540 f i BerconDistortion.obj
 0001:0000b550       ?Reset@BerconDistortion@@UEAAXXZ 000000018000c550 f   BerconDistortion.obj
 0001:0000b5d0       ?ScreenCoord@BerconSC@@UEAA?AVIPoint2@@XZ 000000018000c5d0 f i BerconDistortion.obj
 0001:0000b600       ?ScreenUV@BerconSC@@UEAAXAEAVPoint2@@0@Z 000000018000c600 f i BerconDistortion.obj
 0001:0000b650       ?Set@BitArray@@QEAAXH@Z    000000018000c650 f i BerconDistortion.obj
 0001:0000b6f0       ?SetGBufferID@BerconSC@@UEAAXH@Z 000000018000c6f0 f i BerconDistortion.obj
 0001:0000b710       ?SetGBufferID@ShadeContext@@UEAAXH@Z 000000018000c710 f i BerconDistortion.obj
 0001:0000b720       ?SetIOR@BerconSC@@UEAAXM@Z 000000018000c720 f i BerconDistortion.obj
 0001:0000b740       ?SetNormal@BerconSC@@UEAAXVPoint3@@@Z 000000018000c740 f i BerconDistortion.obj
 0001:0000b780       ?SetReference@BerconDistortion@@EEAAXHPEAVReferenceTarget@@@Z 000000018000c780 f   BerconDistortion.obj
 0001:0000b7b0       ?SetSubTexmap@BerconDistortion@@UEAAXHPEAVTexmap@@@Z 000000018000c7b0 f   BerconDistortion.obj
 0001:0000b830       ?SetThing@BerconXYZDlgProc@@UEAAXPEAVReferenceTarget@@@Z 000000018000c830 f i BerconDistortion.obj
 0001:0000b840       ?SetView@BerconSC@@UEAAXVPoint3@@@Z 000000018000c840 f i BerconDistortion.obj
 0001:0000b880       ?SubAnimName@BerconDistortion@@UEAA?AVWStr@@H@Z 000000018000c880 f   BerconDistortion.obj
 0001:0000b900       ?SurfacePtScreen@BerconSC@@UEAA?AVPoint2@@XZ 000000018000c900 f i BerconDistortion.obj
 0001:0000b930       ?TossCache@BerconSC@@UEAAXPEAVTexmap@@@Z 000000018000c930 f i BerconDistortion.obj
 0001:0000b950       ?UVW@BerconSC@@UEAA?AVPoint3@@H@Z 000000018000c950 f i BerconDistortion.obj
 0001:0000ba30       ?UVWNormal@BerconSC@@UEAA?AVPoint3@@H@Z 000000018000ca30 f i BerconDistortion.obj
 0001:0000ba60       ?UVWNormal@ShadeContext@@UEAA?AVPoint3@@H@Z 000000018000ca60 f i BerconDistortion.obj
 0001:0000ba70       ?Update@BerconDistortion@@UEAAXHAEAVInterval@@@Z 000000018000ca70 f   BerconDistortion.obj
 0001:0000bb90       ?Update@ParamMap2UserDlgProc@@UEAAXHAEAVInterval@@PEAVIParamMap2@@@Z 000000018000cb90 f i BerconDistortion.obj
 0001:0000bba0       ?V@BerconSC@@UEAA?AVPoint3@@XZ 000000018000cba0 f i BerconDistortion.obj
 0001:0000bbd0       ?Validity@BerconDistortion@@UEAA?AVInterval@@H@Z 000000018000cbd0 f   BerconDistortion.obj
 0001:0000bc20       ?VectorFrom@BerconSC@@UEAA?AVPoint3@@AEBV2@W4RefFrame@@@Z 000000018000cc20 f i BerconDistortion.obj
 0001:0000bc50       ?VectorFromNoScale@BerconSC@@UEAA?AVPoint3@@AEBV2@W4RefFrame@@@Z 000000018000cc50 f i BerconDistortion.obj
 0001:0000bc80       ?VectorTo@BerconSC@@UEAA?AVPoint3@@AEBV2@W4RefFrame@@@Z 000000018000cc80 f i BerconDistortion.obj
 0001:0000bcb0       ?VectorToNoScale@BerconSC@@UEAA?AVPoint3@@AEBV2@W4RefFrame@@@Z 000000018000ccb0 f i BerconDistortion.obj
 0001:0000bce0       ?getDistVector@BerconDistortion@@QEAA?AVPoint3@@AEAVShadeContext@@@Z 000000018000cce0 f   BerconDistortion.obj
 0001:0000bdd0       ?Create@BerconGradientClassDesc@@UEAAPEAXH@Z 000000018000cdd0 f i BerconGradient.obj
 0001:0000be10       ?ClassName@BerconGradientClassDesc@@UEAAPEB_WXZ 000000018000ce10 f i BerconGradient.obj
 0001:0000be20       ?ClassID@BerconGradientClassDesc@@UEAA?AVClass_ID@@XZ 000000018000ce20 f i BerconGradient.obj
 0001:0000be20       ?ClassID@BerconGradient@@UEAA?AVClass_ID@@XZ 000000018000ce20 f i BerconGradient.obj
 0001:0000be40       ?InternalName@BerconGradientClassDesc@@UEAAPEB_WXZ 000000018000ce40 f i BerconGradient.obj
 0001:0000be50       ??_GBerconGradientClassDesc@@UEAAPEAXI@Z 000000018000ce50 f i BerconGradient.obj
 0001:0000be50       ??_EBerconNoiseClassDesc@@UEAAPEAXI@Z 000000018000ce50 f i BerconNoise.obj
 0001:0000be50       ??_EBerconWoodClassDesc@@UEAAPEAXI@Z 000000018000ce50 f i BerconWood.obj
 0001:0000be50       ??_GBerconWoodClassDesc@@UEAAPEAXI@Z 000000018000ce50 f i BerconWood.obj
 0001:0000be50       ??_GBerconNoiseClassDesc@@UEAAPEAXI@Z 000000018000ce50 f i BerconNoise.obj
 0001:0000be50       ??_EBerconGradientClassDesc@@UEAAPEAXI@Z 000000018000ce50 f i BerconGradient.obj
 0001:0000bec0       ??0BerconGradient@@QEAA@XZ 000000018000cec0 f   BerconGradient.obj
 0001:0000c090       ??1ICustomControl@@UEAA@XZ 000000018000d090 f i BerconGradient.obj
 0001:0000c0b0       ??_EBerconGradient@@WEI@EAAPEAXI@Z 000000018000d0b0 f i BerconGradient.obj
 0001:0000c0c0       ??_GBerconGradient@@UEAAPEAXI@Z 000000018000d0c0 f i BerconGradient.obj
 0001:0000c0c0       ??_EBerconGradient@@UEAAPEAXI@Z 000000018000d0c0 f i BerconGradient.obj
 0001:0000c1d0       ??_GBerconGradientDlgProc@@UEAAPEAXI@Z 000000018000d1d0 f i BerconGradient.obj
 0001:0000c1d0       ??_EBerconGradientDlgProc@@UEAAPEAXI@Z 000000018000d1d0 f i BerconGradient.obj
 0001:0000c220       ??_GICustomControl@@UEAAPEAXI@Z 000000018000d220 f i BerconGradient.obj
 0001:0000c220       ??_EICustomControl@@UEAAPEAXI@Z 000000018000d220 f i BerconGradient.obj
 0001:0000c290       ??_EIGradient@@UEAAPEAXI@Z 000000018000d290 f i BerconGradient.obj
 0001:0000c290       ??_GIGradient@@UEAAPEAXI@Z 000000018000d290 f i BerconGradient.obj
 0001:0000c330       ?ActivateTexDisplay@BerconGradient@@UEAAXH@Z 000000018000d330 f i BerconGradient.obj
 0001:0000c360       ?Clone@BerconGradient@@UEAAPEAVReferenceTarget@@AEAVRemapDir@@@Z 000000018000d360 f   BerconGradient.obj
 0001:0000c510       ?CreateParamDlg@BerconGradient@@UEAAPEAVParamDlg@@PEAUHWND__@@PEAVIMtlParams@@@Z 000000018000d510 f   BerconGradient.obj
 0001:0000c620       ?DiscardTexHandle@BerconGradient@@QEAAXXZ 000000018000d620 f i BerconGradient.obj
 0001:0000c650       ?DlgProc@BerconGradientDlgProc@@UEAA_JHPEAVIParamMap2@@PEAUHWND__@@I_K_J@Z 000000018000d650 f   BerconGradient.obj
 0001:0000d3c0       ?EnableStuff@BerconGradient@@QEAAXXZ 000000018000e3c0 f   BerconGradient.obj
 0001:0000d720       ?EvalColor@BerconGradient@@UEAA?AVAColor@@AEAVShadeContext@@@Z 000000018000e720 f   BerconGradient.obj
 0001:0000d8f0       ?EvalMono@BerconNoise@@UEAAMAEAVShadeContext@@@Z 000000018000e8f0 f   BerconNoise.obj
 0001:0000d8f0       ?EvalMono@BerconTile@@UEAAMAEAVShadeContext@@@Z 000000018000e8f0 f   BerconTile.obj
 0001:0000d8f0       ?EvalMono@BerconWood@@UEAAMAEAVShadeContext@@@Z 000000018000e8f0 f   BerconWood.obj
 0001:0000d8f0       ?EvalMono@BerconGradient@@UEAAMAEAVShadeContext@@@Z 000000018000e8f0 f   BerconGradient.obj
 0001:0000d920       ?EvalNormalPerturb@BerconGradient@@UEAA?AVPoint3@@AEAVShadeContext@@@Z 000000018000e920 f   BerconGradient.obj
 0001:0000ddf0       ?GetActiveTexHandle@BerconGradient@@UEAA_KHAEAVTexHandleMaker@@@Z 000000018000edf0 f   BerconGradient.obj
 0001:0000deb0       ?GetBerconGradientDesc@@YAPEAVClassDesc2@@XZ 000000018000eeb0 f   BerconGradient.obj
 0001:0000dec0       ?GetClassName@BerconGradient@@UEAAXAEAVWStr@@@Z 000000018000eec0 f i BerconGradient.obj
 0001:0000def0       ?GetHwnd@IGradient@@UEAAPEAUHWND__@@XZ 000000018000eef0 f i BerconGradient.obj
 0001:0000df00       ?GetInterface@BerconWood@@UEAAPEAXK@Z 000000018000ef00 f i BerconWood.obj
 0001:0000df00       ?GetInterface@BerconTile@@UEAAPEAXK@Z 000000018000ef00 f i BerconTile.obj
 0001:0000df00       ?GetInterface@BerconNoise@@UEAAPEAXK@Z 000000018000ef00 f i BerconNoise.obj
 0001:0000df00       ?GetInterface@BerconGradient@@UEAAPEAXK@Z 000000018000ef00 f i BerconGradient.obj
 0001:0000df08       ?GetInterface@BerconTile@@WJI@EAAPEAXK@Z 000000018000ef08 f i BerconTile.obj
 0001:0000df08       ?GetInterface@BerconGradient@@WJI@EAAPEAXK@Z 000000018000ef08 f i BerconGradient.obj
 0001:0000df08       ?GetInterface@BerconWood@@WJI@EAAPEAXK@Z 000000018000ef08 f i BerconWood.obj
 0001:0000df08       ?GetInterface@BerconNoise@@WJI@EAAPEAXK@Z 000000018000ef08 f i BerconNoise.obj
 0001:0000df20       ?GetParamBlock@BerconGradient@@UEAAPEAVIParamBlock2@@H@Z 000000018000ef20 f i BerconGradient.obj
 0001:0000df40       ?GetParamBlockByID@BerconGradient@@UEAAPEAVIParamBlock2@@F@Z 000000018000ef40 f i BerconGradient.obj
 0001:0000dfb0       ?GetReference@BerconGradient@@UEAAPEAVReferenceTarget@@H@Z 000000018000efb0 f   BerconGradient.obj
 0001:0000e040       ?GetSubTexmap@BerconGradient@@UEAAPEAVTexmap@@H@Z 000000018000f040 f   BerconGradient.obj
 0001:0000e080       ?GetSubTexmapSlotName@BerconGradient@@UEAA?AVWStr@@H@Z 000000018000f080 f   BerconGradient.obj
 0001:0000e140       ?LocalRequirements@BerconGradient@@UEAAKH@Z 000000018000f140 f i BerconGradient.obj
 0001:0000e160       ?MappingsRequired@BerconGradient@@UEAAXHAEAVBitArray@@0@Z 000000018000f160 f i BerconGradient.obj
 0001:0000e180       ?NotifyRefChanged@BerconGradient@@UEAA?AW4RefResult@@AEBVInterval@@PEAVReferenceTarget@@AEA_KIH@Z 000000018000f180 f   BerconGradient.obj
 0001:0000e280       ?NumRefs@BerconGradient@@UEAAHXZ 000000018000f280 f   BerconGradient.obj
 0001:0000e280       ?NumSubs@BerconGradient@@UEAAHXZ 000000018000f280 f   BerconGradient.obj
 0001:0000e290       ?NumSubTexmaps@BerconGradient@@UEAAHXZ 000000018000f290 f i BerconGradient.obj
 0001:0000e2a0       ?RenderBegin@BerconGradient@@UEAAHHK@Z 000000018000f2a0 f i BerconGradient.obj
 0001:0000e2c0       ?RenderEnd@BerconGradient@@UEAAHH@Z 000000018000f2c0 f i BerconGradient.obj
 0001:0000e2d0       ?Reset@BerconGradient@@UEAAXXZ 000000018000f2d0 f   BerconGradient.obj
 0001:0000e5c0       ?SetDlgThing@BerconGradient@@UEAAHPEAVParamDlg@@@Z 000000018000f5c0 f   BerconGradient.obj
 0001:0000e600       ?SetReference@BerconGradient@@EEAAXHPEAVReferenceTarget@@@Z 000000018000f600 f   BerconGradient.obj
 0001:0000e790       ?SetSubTexmap@BerconGradient@@UEAAXHPEAVTexmap@@@Z 000000018000f790 f   BerconGradient.obj
 0001:0000e820       ?SetThing@BerconGradientDlgProc@@UEAAXPEAVReferenceTarget@@@Z 000000018000f820 f i BerconGradient.obj
 0001:0000e8d0       ?SubAnim@BerconGradient@@UEAAPEAVAnimatable@@H@Z 000000018000f8d0 f   BerconGradient.obj
 0001:0000e960       ?SubAnimName@BerconGradient@@UEAA?AVWStr@@H@Z 000000018000f960 f   BerconGradient.obj
 0001:0000e9f0       ?Update@BerconGradient@@UEAAXHAEAVInterval@@@Z 000000018000f9f0 f   BerconGradient.obj
 0001:0000f110       ?Validity@BerconGradient@@UEAA?AVInterval@@H@Z 0000000180010110 f   BerconGradient.obj
 0001:0000f160       ?countKeys@BerconGradient@@QEAAHXZ 0000000180010160 f   BerconGradient.obj
 0001:0000f200       ?getGradientValue@BerconGradient@@QEAAMAEAVShadeContext@@@Z 0000000180010200 f   BerconGradient.obj
 0001:0000f660       ?getGradientValueDist@BerconGradient@@QEAAMAEAVShadeContext@@@Z 0000000180010660 f   BerconGradient.obj
 0001:0000f9f0       ?getGradientValueNormal@BerconGradient@@QEAAMAEAVShadeContext@@@Z 00000001800109f0 f   BerconGradient.obj
 0001:0000fdc0       ?getGradientValueUVW@BerconGradient@@QEAAMVPoint3@@@Z 0000000180010dc0 f   BerconGradient.obj
 0001:00010140       ?gradAddKey@BerconGradient@@UEAAXM@Z 0000000180011140 f   BerconGradient.obj
 0001:00010250       ?gradDelKey@BerconGradient@@UEAAXH@Z 0000000180011250 f   BerconGradient.obj
 0001:00010330       ?gradMoveKey@BerconGradient@@UEAAXHM@Z 0000000180011330 f   BerconGradient.obj
 0001:00010400       ?gradReset@BerconGradient@@UEAAXXZ 0000000180011400 f i BerconGradient.obj
 0001:00010410       ?gradSelKey@BerconGradient@@UEAAXXZ 0000000180011410 f   BerconGradient.obj
 0001:000104c0       ?keyNumChanged@BerconGradient@@QEAAXH@Z 00000001800114c0 f   BerconGradient.obj
 0001:00010550       ?keyPosChanged@BerconGradient@@QEAAXM@Z 0000000180011550 f   BerconGradient.obj
 0001:00010620       ?limitRange@BerconGradient@@QEAAHAEAM@Z 0000000180011620 f   BerconGradient.obj
 0001:000106f0       ?resetKeys@BerconGradient@@QEAAXXZ 00000001800116f0 f   BerconGradient.obj
 0001:000107f0       ?Create@BerconTileClassDesc@@UEAAPEAXH@Z 00000001800117f0 f i BerconTile.obj
 0001:00010830       ?ClassName@BerconTileClassDesc@@UEAAPEB_WXZ 0000000180011830 f i BerconTile.obj
 0001:00010840       ?ClassID@BerconTile@@UEAA?AVClass_ID@@XZ 0000000180011840 f i BerconTile.obj
 0001:00010840       ?ClassID@BerconTileClassDesc@@UEAA?AVClass_ID@@XZ 0000000180011840 f i BerconTile.obj
 0001:00010860       ?InternalName@BerconTileClassDesc@@UEAAPEB_WXZ 0000000180011860 f i BerconTile.obj
 0001:00010870       ??_GBerconTileClassDesc@@UEAAPEAXI@Z 0000000180011870 f i BerconTile.obj
 0001:00010870       ??_EBerconTileClassDesc@@UEAAPEAXI@Z 0000000180011870 f i BerconTile.obj
 0001:000108e0       ??0BerconTile@@QEAA@XZ     00000001800118e0 f   BerconTile.obj
 0001:00010bb0       ??1?$basic_string@_WU?$char_traits@_W@std@@V?$allocator@_W@2@@std@@QEAA@XZ 0000000180011bb0 f i BerconTile.obj
 0001:00010bd0       ??1?$vector@MV?$allocator@M@std@@@std@@QEAA@XZ 0000000180011bd0 f i BerconTile.obj
 0001:00010c40       ??1?$vector@VTileRow@@V?$allocator@VTileRow@@@std@@@std@@QEAA@XZ 0000000180011c40 f i BerconTile.obj
 0001:00010cf0       ??1TilePattern@@QEAA@XZ    0000000180011cf0 f i BerconTile.obj
 0001:00010d20       ??_EBerconTile@@WEI@EAAPEAXI@Z 0000000180011d20 f i BerconTile.obj
 0001:00010d30       ??_EBerconTile@@UEAAPEAXI@Z 0000000180011d30 f i BerconTile.obj
 0001:00010d30       ??_GBerconTile@@UEAAPEAXI@Z 0000000180011d30 f i BerconTile.obj
 0001:00010e10       ?ActivateTexDisplay@BerconTile@@UEAAXH@Z 0000000180011e10 f i BerconTile.obj
 0001:00010e40       ?Clone@BerconTile@@UEAAPEAVReferenceTarget@@AEAVRemapDir@@@Z 0000000180011e40 f   BerconTile.obj
 0001:00010fc0       ?CreateParamDlg@BerconTile@@UEAAPEAVParamDlg@@PEAUHWND__@@PEAVIMtlParams@@@Z 0000000180011fc0 f   BerconTile.obj
 0001:000110e0       ?DiscardTexHandle@BerconTile@@QEAAXXZ 00000001800120e0 f i BerconTile.obj
 0001:00011110       ?DlgProc@BerconTileDlgProc@@UEAA_JHPEAVIParamMap2@@PEAUHWND__@@I_K_J@Z 0000000180012110 f   BerconTile.obj
 0001:000116f0       ?EnableStuff@BerconTile@@QEAAXH@Z 00000001800126f0 f   BerconTile.obj
 0001:00011b60       ?EvalColor@BerconTile@@UEAA?AVAColor@@AEAVShadeContext@@@Z 0000000180012b60 f   BerconTile.obj
 0001:000120e0       ?EvalNormalPerturb@BerconTile@@UEAA?AVPoint3@@AEAVShadeContext@@@Z 00000001800130e0 f   BerconTile.obj
 0001:000129e0       ?EvalParameters@BerconTile@@QEAA?AVTileParam@@AEAVShadeContext@@@Z 00000001800139e0 f   BerconTile.obj
 0001:00012ae0       ?GetActiveTexHandle@BerconTile@@UEAA_KHAEAVTexHandleMaker@@@Z 0000000180013ae0 f   BerconTile.obj
 0001:00012ba0       ?GetBerconTileDesc@@YAPEAVClassDesc2@@XZ 0000000180013ba0 f   BerconTile.obj
 0001:00012bb0       ?GetClassName@BerconTile@@UEAAXAEAVWStr@@@Z 0000000180013bb0 f i BerconTile.obj
 0001:00012be0       ?GetParamBlock@BerconTile@@UEAAPEAVIParamBlock2@@H@Z 0000000180013be0 f i BerconTile.obj
 0001:00012c10       ?GetParamBlockByID@BerconTile@@UEAAPEAVIParamBlock2@@F@Z 0000000180013c10 f i BerconTile.obj
 0001:00012cb0       ?GetReference@BerconTile@@UEAAPEAVReferenceTarget@@H@Z 0000000180013cb0 f   BerconTile.obj
 0001:00012cb0       ?SubAnim@BerconTile@@UEAAPEAVAnimatable@@H@Z 0000000180013cb0 f   BerconTile.obj
 0001:00012d00       ?GetSubTexmap@BerconTile@@UEAAPEAVTexmap@@H@Z 0000000180013d00 f i BerconTile.obj
 0001:00012d10       ?GetSubTexmapSlotName@BerconTile@@UEAA?AVWStr@@H@Z 0000000180013d10 f   BerconTile.obj
 0001:00012e00       ?LocalRequirements@BerconTile@@UEAAKH@Z 0000000180013e00 f i BerconTile.obj
 0001:00012e20       ?MappingsRequired@BerconTile@@UEAAXHAEAVBitArray@@0@Z 0000000180013e20 f i BerconTile.obj
 0001:00012e40       ?NotifyRefChanged@BerconTile@@UEAA?AW4RefResult@@AEBVInterval@@PEAVReferenceTarget@@AEA_KIH@Z 0000000180013e40 f   BerconTile.obj
 0001:00012f30       ?NumRefs@BerconTile@@UEAAHXZ 0000000180013f30 f i BerconTile.obj
 0001:00012f40       ?NumSubTexmaps@BerconTile@@UEAAHXZ 0000000180013f40 f i BerconTile.obj
 0001:00012f50       ?Reset@BerconTile@@UEAAXXZ 0000000180013f50 f   BerconTile.obj
 0001:00013590       ?SetDlgThing@BerconTile@@UEAAHPEAVParamDlg@@@Z 0000000180014590 f   BerconTile.obj
 0001:000135d0       ?SetReference@BerconTile@@EEAAXHPEAVReferenceTarget@@@Z 00000001800145d0 f   BerconTile.obj
 0001:00013620       ?SetSubTexmap@BerconTile@@UEAAXHPEAVTexmap@@@Z 0000000180014620 f   BerconTile.obj
 0001:00013710       ?SetThing@BerconTileDlgProc@@UEAAXPEAVReferenceTarget@@@Z 0000000180014710 f i BerconTile.obj
 0001:00013740       ?SubAnimName@BerconTile@@UEAA?AVWStr@@H@Z 0000000180014740 f   BerconTile.obj
 0001:000137e0       ?Update@BerconTile@@UEAAXHAEAVInterval@@@Z 00000001800147e0 f   BerconTile.obj
 0001:00014180       ?Validity@BerconTile@@UEAA?AVInterval@@H@Z 0000000180015180 f   BerconTile.obj
 0001:000141d0       ?_Tidy_deallocate@?$basic_string@_WU?$char_traits@_W@std@@V?$allocator@_W@2@@std@@QEAAXXZ 00000001800151d0 f i BerconTile.obj
 0001:00014240       ?_Xlen@?$basic_string@_WU?$char_traits@_W@std@@V?$allocator@_W@2@@std@@SAXXZ 0000000180015240 f i BerconTile.obj
 0001:00014260       ?allocate@?$allocator@_W@std@@QEAAPEA_W_K@Z 0000000180015260 f i BerconTile.obj
 0001:000142e0       ?assign@?$basic_string@_WU?$char_traits@_W@std@@V?$allocator@_W@2@@std@@QEAAAEAV12@QEB_W_K@Z 00000001800152e0 f i BerconTile.obj
 0001:00014410       ?getColor@BerconTile@@QEAA?AVAColor@@AEAVShadeContext@@H@Z 0000000180015410 f i BerconTile.obj
 0001:000144b0       ?getDistVector@BerconTile@@QEAA?AVPoint3@@AEAVShadeContext@@@Z 00000001800154b0 f   BerconTile.obj
 0001:000145d0       ?getFloat@BerconTile@@QEAAMAEAVShadeContext@@H@Z 00000001800155d0 f i BerconTile.obj
 0001:00014620       ?getNormal@BerconTile@@QEAA?AVPoint3@@AEAVShadeContext@@H@Z 0000000180015620 f i BerconTile.obj
 0001:000147d0       ?Create@BerconWoodClassDesc@@UEAAPEAXH@Z 00000001800157d0 f i BerconWood.obj
 0001:00014810       ?ClassName@BerconWoodClassDesc@@UEAAPEB_WXZ 0000000180015810 f i BerconWood.obj
 0001:00014820       ?ClassID@BerconWoodClassDesc@@UEAA?AVClass_ID@@XZ 0000000180015820 f i BerconWood.obj
 0001:00014820       ?ClassID@BerconWood@@UEAA?AVClass_ID@@XZ 0000000180015820 f i BerconWood.obj
 0001:00014840       ?InternalName@BerconWoodClassDesc@@UEAAPEB_WXZ 0000000180015840 f i BerconWood.obj
 0001:00014850       ??0BerconWood@@QEAA@XZ     0000000180015850 f   BerconWood.obj
 0001:00014a24       ??_EBerconWood@@WEI@EAAPEAXI@Z 0000000180015a24 f i BerconWood.obj
 0001:00014a30       ??_GBerconWood@@UEAAPEAXI@Z 0000000180015a30 f i BerconWood.obj
 0001:00014a30       ??_EBerconWood@@UEAAPEAXI@Z 0000000180015a30 f i BerconWood.obj
 0001:00014ae0       ?ActivateTexDisplay@BerconWood@@UEAAXH@Z 0000000180015ae0 f i BerconWood.obj
 0001:00014b10       ?Clone@BerconWood@@UEAAPEAVReferenceTarget@@AEAVRemapDir@@@Z 0000000180015b10 f   BerconWood.obj
 0001:00014c90       ?CreateParamDlg@BerconWood@@UEAAPEAVParamDlg@@PEAUHWND__@@PEAVIMtlParams@@@Z 0000000180015c90 f   BerconWood.obj
 0001:00014d90       ?DiscardTexHandle@BerconWood@@QEAAXXZ 0000000180015d90 f i BerconWood.obj
 0001:00014dc0       ?DlgProc@BerconWoodDlgProc@@UEAA_JHPEAVIParamMap2@@PEAUHWND__@@I_K_J@Z 0000000180015dc0 f   BerconWood.obj
 0001:00014f40       ?EnableStuff@BerconWood@@QEAAXXZ 0000000180015f40 f   BerconWood.obj
 0001:000150f0       ?EvalColor@BerconWood@@UEAA?AVAColor@@AEAVShadeContext@@@Z 00000001800160f0 f   BerconWood.obj
 0001:00015740       ?EvalNormalPerturb@BerconWood@@UEAA?AVPoint3@@AEAVShadeContext@@@Z 0000000180016740 f   BerconWood.obj
 0001:000160e0       ?EvalParameters@BerconWood@@QEAA?AVWoodParam@@AEAVShadeContext@@@Z 00000001800170e0 f   BerconWood.obj
 0001:000164d0       ?GetActiveTexHandle@BerconWood@@UEAA_KHAEAVTexHandleMaker@@@Z 00000001800174d0 f   BerconWood.obj
 0001:00016590       ?GetBerconWoodDesc@@YAPEAVClassDesc2@@XZ 0000000180017590 f   BerconWood.obj
 0001:000165a0       ?GetClassName@BerconWood@@UEAAXAEAVWStr@@@Z 00000001800175a0 f i BerconWood.obj
 0001:000165d0       ?GetParamBlock@BerconWood@@UEAAPEAVIParamBlock2@@H@Z 00000001800175d0 f i BerconWood.obj
 0001:00016600       ?GetParamBlockByID@BerconWood@@UEAAPEAVIParamBlock2@@F@Z 0000000180017600 f i BerconWood.obj
 0001:000166a0       ?GetReference@BerconWood@@UEAAPEAVReferenceTarget@@H@Z 00000001800176a0 f   BerconWood.obj
 0001:000166a0       ?SubAnim@BerconWood@@UEAAPEAVAnimatable@@H@Z 00000001800176a0 f   BerconWood.obj
 0001:000166f0       ?GetSubTexmap@BerconWood@@UEAAPEAVTexmap@@H@Z 00000001800176f0 f i BerconWood.obj
 0001:00016700       ?GetSubTexmapSlotName@BerconWood@@UEAA?AVWStr@@H@Z 0000000180017700 f   BerconWood.obj
 0001:00016930       ?LocalRequirements@BerconWood@@UEAAKH@Z 0000000180017930 f i BerconWood.obj
 0001:00016950       ?MappingsRequired@BerconWood@@UEAAXHAEAVBitArray@@0@Z 0000000180017950 f i BerconWood.obj
 0001:00016970       ?NotifyRefChanged@BerconWood@@UEAA?AW4RefResult@@AEBVInterval@@PEAVReferenceTarget@@AEA_KIH@Z 0000000180017970 f   BerconWood.obj
 0001:00016a60       ?NumRefs@BerconWood@@UEAAHXZ 0000000180017a60 f i BerconWood.obj
 0001:00016a70       ?NumSubTexmaps@BerconWood@@UEAAHXZ 0000000180017a70 f i BerconWood.obj
 0001:00016a80       ?Reset@BerconWood@@UEAAXXZ 0000000180017a80 f   BerconWood.obj
 0001:00016fc0       ?SetDlgThing@BerconWood@@UEAAHPEAVParamDlg@@@Z 0000000180017fc0 f   BerconWood.obj
 0001:00017000       ?SetReference@BerconWood@@EEAAXHPEAVReferenceTarget@@@Z 0000000180018000 f   BerconWood.obj
 0001:00017050       ?SetSubTexmap@BerconWood@@UEAAXHPEAVTexmap@@@Z 0000000180018050 f   BerconWood.obj
 0001:00017140       ?SetThing@BerconWoodDlgProc@@UEAAXPEAVReferenceTarget@@@Z 0000000180018140 f i BerconWood.obj
 0001:00017150       ?SubAnimName@BerconWood@@UEAA?AVWStr@@H@Z 0000000180018150 f   BerconWood.obj
 0001:00017240       ?Update@BerconWood@@UEAAXHAEAVInterval@@@Z 0000000180018240 f   BerconWood.obj
 0001:000179b0       ?Validity@BerconWood@@UEAA?AVInterval@@H@Z 00000001800189b0 f   BerconWood.obj
 0001:00017a00       ?applyDistortion@BerconWood@@QEAAXAEAVShadeContext@@AEAVPoint3@@@Z 0000000180018a00 f   BerconWood.obj
 0001:00017b20       ?GetString@@YAPEA_WH@Z     0000000180018b20 f   DllEntry.obj
 0001:00017b70       ?LibClassDesc@@YAPEAVClassDesc@@H@Z 0000000180018b70 f   DllEntry.obj
 0001:00017be0       ?LibDescription@@YAPEB_WXZ 0000000180018be0 f   DllEntry.obj
 0001:00017c30       ?LibVersion@@YAKXZ         0000000180018c30 f   DllEntry.obj
 0001:00017c40       CommctrlIsolationAwarePrivatetRgCebPnQQeRff_pbZPgYQP_QYY 0000000180018c40 f i DllEntry.obj
 0001:00017d10       DllMain                    0000000180018d10 f   DllEntry.obj
 0001:00017d70       IsolationAwareInitCommonControls 0000000180018d70 f i DllEntry.obj
 0001:00017e60       IsolationAwarePrivatenPgViNgRzlnPgpgk 0000000180018e60 f i DllEntry.obj
 0001:00017ef0       IsolationAwarePrivatezlybNQyVOeNelJ 0000000180018ef0 f i DllEntry.obj
 0001:00017f00       WinbaseIsolationAwarePrivatetRgzlnPgpgk 0000000180018f00 f i DllEntry.obj
 0001:000180e0       ?EnableStuff@BerconXYZ@@AEAAXPEAVIParamBlock2@@H@Z 00000001800190e0 f   BerconCommon.obj
 0001:000183b0       ?get@BerconXYZ@@AEAAHAEAVShadeContext@@AEAVPoint3@@11VMatrix3@@PEAH@Z 00000001800193b0 f   BerconCommon.obj
 0001:00018840       ?get@BerconXYZ@@AEAAHAEAVShadeContext@@AEAVPoint3@@VMatrix3@@PEAH@Z 0000000180019840 f   BerconCommon.obj
 0001:00018ac0       ?get@BerconXYZ@@QEAAHAEAVShadeContext@@AEAVPoint3@@11@Z 0000000180019ac0 f   BerconCommon.obj
 0001:00018ba0       ?get@BerconXYZ@@QEAAHAEAVShadeContext@@AEAVPoint3@@11PEAV3@@Z 0000000180019ba0 f   BerconCommon.obj
 0001:00018f30       ?get@BerconXYZ@@QEAAHAEAVShadeContext@@AEAVPoint3@@@Z 0000000180019f30 f   BerconCommon.obj
 0001:00018ff0       ?get@BerconXYZ@@QEAAHAEAVShadeContext@@AEAVPoint3@@PEAV3@@Z 0000000180019ff0 f   BerconCommon.obj
 0001:00019360       ?getBasis@BerconXYZ@@AEAAXVMatrix3@@PEAVPoint3@@@Z 000000018001a360 f   BerconCommon.obj
 0001:00019500       ?random@BerconXYZ@@AEAA?AVMatrix3@@AEAVShadeContext@@PEAV2@@Z 000000018001a500 f   BerconCommon.obj
 0001:00019920       ?reset@BerconXYZ@@QEAAXPEAVIParamBlock2@@AEAVInterval@@HHHH@Z 000000018001a920 f   BerconCommon.obj
 0001:00019ec0       ?update@BerconXYZ@@QEAAXPEAVIParamBlock2@@HAEAVInterval@@@Z 000000018001aec0 f   BerconCommon.obj
 0001:0001a680       ?update@BerconXYZ@@QEAAXXZ 000000018001b680 f   BerconCommon.obj
 0001:0001a820       ?Create@BerconNoiseClassDesc@@UEAAPEAXH@Z 000000018001b820 f i BerconNoise.obj
 0001:0001a860       ?ClassName@BerconNoiseClassDesc@@UEAAPEB_WXZ 000000018001b860 f i BerconNoise.obj
 0001:0001a870       ?ClassID@BerconNoise@@UEAA?AVClass_ID@@XZ 000000018001b870 f i BerconNoise.obj
 0001:0001a870       ?ClassID@BerconNoiseClassDesc@@UEAA?AVClass_ID@@XZ 000000018001b870 f i BerconNoise.obj
 0001:0001a890       ?InternalName@BerconNoiseClassDesc@@UEAAPEB_WXZ 000000018001b890 f i BerconNoise.obj
 0001:0001a8a0       ??0BerconNoise@@QEAA@XZ    000000018001b8a0 f   BerconNoise.obj
 0001:0001ab04       ??_EBerconNoise@@WEI@EAAPEAXI@Z 000000018001bb04 f i BerconNoise.obj
 0001:0001ab10       ??_EBerconNoise@@UEAAPEAXI@Z 000000018001bb10 f i BerconNoise.obj
 0001:0001ab10       ??_GBerconNoise@@UEAAPEAXI@Z 000000018001bb10 f i BerconNoise.obj
 0001:0001abc0       ?ActivateTexDisplay@BerconNoise@@UEAAXH@Z 000000018001bbc0 f i BerconNoise.obj
 0001:0001abf0       ?Clone@BerconNoise@@UEAAPEAVReferenceTarget@@AEAVRemapDir@@@Z 000000018001bbf0 f   BerconNoise.obj
 0001:0001ad90       ?CreateParamDlg@BerconNoise@@UEAAPEAVParamDlg@@PEAUHWND__@@PEAVIMtlParams@@@Z 000000018001bd90 f   BerconNoise.obj
 0001:0001ae90       ?DiscardTexHandle@BerconNoise@@QEAAXXZ 000000018001be90 f i BerconNoise.obj
 0001:0001aec0       ?DlgProc@BerconNoiseDlgProc@@UEAA_JHPEAVIParamMap2@@PEAUHWND__@@I_K_J@Z 000000018001bec0 f   BerconNoise.obj
 0001:0001b3f0       ?EnableStuff@BerconNoise@@QEAAXXZ 000000018001c3f0 f   BerconNoise.obj
 0001:0001b710       ?EvalColor@BerconNoise@@UEAA?AVAColor@@AEAVShadeContext@@@Z 000000018001c710 f   BerconNoise.obj
 0001:0001bbc0       ?EvalNormalPerturb@BerconNoise@@UEAA?AVPoint3@@AEAVShadeContext@@@Z 000000018001cbc0 f   BerconNoise.obj
 0001:0001c130       ?EvalParameters@BerconNoise@@QEAA?AVNoiseParams@@PEAVShadeContext@@@Z 000000018001d130 f   BerconNoise.obj
 0001:0001c520       ?GetActiveTexHandle@BerconNoise@@UEAA_KHAEAVTexHandleMaker@@@Z 000000018001d520 f   BerconNoise.obj
 0001:0001c5e0       ?GetBerconNoiseDesc@@YAPEAVClassDesc2@@XZ 000000018001d5e0 f   BerconNoise.obj
 0001:0001c5f0       ?GetClassName@BerconNoise@@UEAAXAEAVWStr@@@Z 000000018001d5f0 f i BerconNoise.obj
 0001:0001c620       ?GetParamBlock@BerconNoise@@UEAAPEAVIParamBlock2@@H@Z 000000018001d620 f i BerconNoise.obj
 0001:0001c650       ?GetParamBlockByID@BerconNoise@@UEAAPEAVIParamBlock2@@F@Z 000000018001d650 f i BerconNoise.obj
 0001:0001c6f0       ?SubAnim@BerconNoise@@UEAAPEAVAnimatable@@H@Z 000000018001d6f0 f   BerconNoise.obj
 0001:0001c6f0       ?GetReference@BerconNoise@@UEAAPEAVReferenceTarget@@H@Z 000000018001d6f0 f   BerconNoise.obj
 0001:0001c740       ?GetSubTexmap@BerconNoise@@UEAAPEAVTexmap@@H@Z 000000018001d740 f i BerconNoise.obj
 0001:0001c750       ?GetSubTexmapSlotName@BerconNoise@@UEAA?AVWStr@@H@Z 000000018001d750 f   BerconNoise.obj
 0001:0001c930       ?LocalRequirements@BerconNoise@@UEAAKH@Z 000000018001d930 f i BerconNoise.obj
 0001:0001c950       ?MappingsRequired@BerconNoise@@UEAAXHAEAVBitArray@@0@Z 000000018001d950 f i BerconNoise.obj
 0001:0001c970       ?NotifyRefChanged@BerconNoise@@UEAA?AW4RefResult@@AEBVInterval@@PEAVReferenceTarget@@AEA_KIH@Z 000000018001d970 f   BerconNoise.obj
 0001:0001ca70       ?NumRefs@BerconNoise@@UEAAHXZ 000000018001da70 f i BerconNoise.obj
 0001:0001ca80       ?NumSubTexmaps@BerconNoise@@UEAAHXZ 000000018001da80 f i BerconNoise.obj
 0001:0001ca90       ?Reset@BerconNoise@@UEAAXXZ 000000018001da90 f   BerconNoise.obj
 0001:0001cf50       ?SetDlgThing@BerconNoise@@UEAAHPEAVParamDlg@@@Z 000000018001df50 f   BerconNoise.obj
 0001:0001cf90       ?SetReference@BerconNoise@@EEAAXHPEAVReferenceTarget@@@Z 000000018001df90 f   BerconNoise.obj
 0001:0001cfe0       ?SetSubTexmap@BerconNoise@@UEAAXHPEAVTexmap@@@Z 000000018001dfe0 f   BerconNoise.obj
 0001:0001d0b0       ?SetThing@BerconNoiseDlgProc@@UEAAXPEAVReferenceTarget@@@Z 000000018001e0b0 f i BerconNoise.obj
 0001:0001d0c0       ?SubAnimName@BerconNoise@@UEAA?AVWStr@@H@Z 000000018001e0c0 f   BerconNoise.obj
 0001:0001d1b0       ?Update@BerconNoise@@UEAAXHAEAVInterval@@@Z 000000018001e1b0 f   BerconNoise.obj
 0001:0001d840       ?Validity@BerconNoise@@UEAA?AVInterval@@H@Z 000000018001e840 f   BerconNoise.obj
 0001:0001d890       ?applyDistortion@BerconNoise@@QEAAXAEAVShadeContext@@AEAVPoint3@@@Z 000000018001e890 f   BerconNoise.obj
 0001:0001d9b0       ?fBm@Fractal@@SAMVPoint3@@AEAVNoiseParams@@@Z 000000018001e9b0 f   fractal.obj
 0001:0001db30       ?fBm@Fractal@@SAMVPoint3@@MAEAVNoiseParams@@@Z 000000018001eb30 f   fractal.obj
 0001:0001dcd0       ?fBmTurb@Fractal@@SAMVPoint3@@AEAVNoiseParams@@@Z 000000018001ecd0 f   fractal.obj
 0001:0001de70       ?fBmTurb@Fractal@@SAMVPoint3@@MAEAVNoiseParams@@@Z 000000018001ee70 f   fractal.obj
 0001:0001e040       ?fractal@Fractal@@SAMVPoint3@@AEAVNoiseParams@@@Z 000000018001f040 f   fractal.obj
 0001:0001e170       ?fractal@Fractal@@SAMVPoint3@@MAEAVNoiseParams@@@Z 000000018001f170 f   fractal.obj
 0001:0001e2c0       ?grain@Fractal@@SAMVPoint3@@MM@Z 000000018001f2c0 f   fractal.obj
 0001:0001e3f0       ?heteroTerrain@Fractal@@SAMVPoint3@@AEAVNoiseParams@@@Z 000000018001f3f0 f   fractal.obj
 0001:0001e5a0       ?hybridMultiFractal@Fractal@@SAMVPoint3@@AEAVNoiseParams@@@Z 000000018001f5a0 f   fractal.obj
 0001:0001e7b0       ?hybridMultiFractal@Fractal@@SAMVPoint3@@MAEAVNoiseParams@@@Z 000000018001f7b0 f   fractal.obj
 0001:0001e9f0       ?ridgedMultiFractal@Fractal@@SAMVPoint3@@AEAVNoiseParams@@@Z 000000018001f9f0 f   fractal.obj
 0001:0001eba0       ?ridgedMultiFractal@Fractal@@SAMVPoint3@@MAEAVNoiseParams@@@Z 000000018001fba0 f   fractal.obj
 0001:0001ed70       ?turbulence@Fractal@@SAMVPoint3@@AEAVNoiseParams@@@Z 000000018001fd70 f   fractal.obj
 0001:0001eed0       ?turbulence@Fractal@@SAMVPoint3@@MAEAVNoiseParams@@@Z 000000018001fed0 f   fractal.obj
 0001:0001f050       ?addKey@GradientRamp@@QEAAXHMVAColor@@PEAVTexmap@@@Z 0000000180020050 f   GradientRamp.obj
 0001:0001f280       ?dragging@GradientRamp@@QEAAXHH_N00@Z 0000000180020280 f   GradientRamp.obj
 0001:0001f2f0       ?getBump@GradientRamp@@QEAA?AVPoint3@@MV2@AEAVShadeContext@@@Z 00000001800202f0 f   GradientRamp.obj
 0001:0001f670       ?getColor@GradientRamp@@QEAA?AVAColor@@M@Z 0000000180020670 f   GradientRamp.obj
[...]
 0004:0000180c       $pdata$?_Tidy@?$vector@MV?$allocator@M@std@@@std@@AEAAXXZ 000000018004080c     tile.obj
 0004:00001818       $pdata$?_Xlength@?$vector@V?$basic_string@_WU?$char_traits@_W@std@@V?$allocator@_W@2@@std@@V?$allocator@V?$basic_string@_WU?$char_traits@_W@std@@V?$allocator@_W@2@@std@@@2@@std@@CAXXZ 0000000180040818     tile.obj
 0004:00001818       $pdata$?_Xlength@?$vector@MV?$allocator@M@std@@@std@@CAXXZ 0000000180040818     tile.obj
 0004:00001818       $pdata$?_Xlength@?$vector@VTileRow@@V?$allocator@VTileRow@@@std@@@std@@CAXXZ 0000000180040818     tile.obj
 0004:00001824       $pdata$?_Xran@?$_String_val@U?$_Simple_types@_W@std@@@std@@SAXXZ 0000000180040824     tile.obj
 0004:00001830       $pdata$?allocate@?$allocator@M@std@@QEAAPEAM_K@Z 0000000180040830     tile.obj
 0004:0000183c       $pdata$?corner@Tile@@CA?AVTilePoint@@MMMMAEAVTileParam@@@Z 000000018004083c     tile.obj
 0004:00001848       $pdata$?deallocate@?$allocator@M@std@@QEAAXQEAM_K@Z 0000000180040848     tile.obj
 0004:00001854       $pdata$?deallocate@?$allocator@VTileRow@@@std@@QEAAXQEAVTileRow@@_K@Z 0000000180040854     tile.obj
 0004:00001854       $pdata$?deallocate@?$allocator@V?$basic_string@_WU?$char_traits@_W@std@@V?$allocator@_W@2@@std@@@std@@QEAAXQEAV?$basic_string@_WU?$char_traits@_W@std@@V?$allocator@_W@2@@2@_K@Z 0000000180040854     tile.obj
 0004:00001860       $pdata$?deallocate@?$allocator@_W@std@@QEAAXQEA_W_K@Z 0000000180040860     tile.obj
 0004:0000186c       $pdata$?draw@Tile@@SA?AVTilePoint@@VPoint3@@AEAVTileParam@@@Z 000000018004086c     tile.obj
 0004:00001878       $pdata$0$?draw@Tile@@SA?AVTilePoint@@VPoint3@@AEAVTileParam@@@Z 0000000180040878     tile.obj
 0004:00001884       $pdata$2$?draw@Tile@@SA?AVTilePoint@@VPoint3@@AEAVTileParam@@@Z 0000000180040884     tile.obj
 0004:00001890       $pdata$1$?draw@Tile@@SA?AVTilePoint@@VPoint3@@AEAVTileParam@@@Z 0000000180040890     tile.obj
 0004:0000189c       $pdata$?drawTile@Tile@@CA?AVTilePoint@@VPoint3@@QEAMAEAVTileParam@@HH@Z 000000018004089c     tile.obj
 0004:000018a8       $pdata$1$?drawTile@Tile@@CA?AVTilePoint@@VPoint3@@QEAMAEAVTileParam@@HH@Z 00000001800408a8     tile.obj
 0004:000018b4       $pdata$2$?drawTile@Tile@@CA?AVTilePoint@@VPoint3@@QEAMAEAVTileParam@@HH@Z 00000001800408b4     tile.obj
 0004:000018c0       $pdata$?find_first_not_of@?$basic_string@_WU?$char_traits@_W@std@@V?$allocator@_W@2@@std@@QEBA_KAEBV12@_K@Z 00000001800408c0     tile.obj
 0004:000018cc       $pdata$?find_first_of@?$basic_string@_WU?$char_traits@_W@std@@V?$allocator@_W@2@@std@@QEBA_KAEBV12@_K@Z 00000001800408cc     tile.obj
 0004:000018d8       $pdata$?overflow@?$basic_stringbuf@_WU?$char_traits@_W@std@@V?$allocator@_W@2@@std@@MEAAGG@Z 00000001800408d8     tile.obj
 0004:000018e4       $pdata$0$?overflow@?$basic_stringbuf@_WU?$char_traits@_W@std@@V?$allocator@_W@2@@std@@MEAAGG@Z 00000001800408e4     tile.obj
 0004:000018f0       $pdata$1$?overflow@?$basic_stringbuf@_WU?$char_traits@_W@std@@V?$allocator@_W@2@@std@@MEAAGG@Z 00000001800408f0     tile.obj
 0004:000018fc       $pdata$?parsePattern@@YAHV?$basic_string@_WU?$char_traits@_W@std@@V?$allocator@_W@2@@std@@PEAVTilePattern@@@Z 00000001800408fc     tile.obj
 0004:00001908       $pdata$?rowcol@@YAHAEAM0AEAHMMAEAV?$vector@MV?$allocator@M@std@@@std@@MMM@Z 0000000180040908     tile.obj
 0004:00001914       $pdata$6$?rowcol@@YAHAEAM0AEAHMMAEAV?$vector@MV?$allocator@M@std@@@std@@MMM@Z 0000000180040914     tile.obj
 0004:00001920       $pdata$7$?rowcol@@YAHAEAM0AEAHMMAEAV?$vector@MV?$allocator@M@std@@@std@@MMM@Z 0000000180040920     tile.obj
 0004:0000192c       $pdata$?seekoff@?$basic_stringbuf@_WU?$char_traits@_W@std@@V?$allocator@_W@2@@std@@MEAA?AV?$fpos@U_Mbstatet@@@2@_JHH@Z 000000018004092c     tile.obj
 0004:00001938       $pdata$?seekpos@?$basic_stringbuf@_WU?$char_traits@_W@std@@V?$allocator@_W@2@@std@@MEAA?AV?$fpos@U_Mbstatet@@@2@V32@H@Z 0000000180040938     tile.obj
 0004:00001944       $pdata$0$?seekpos@?$basic_stringbuf@_WU?$char_traits@_W@std@@V?$allocator@_W@2@@std@@MEAA?AV?$fpos@U_Mbstatet@@@2@V32@H@Z 0000000180040944     tile.obj
 0004:00001950       $pdata$1$?seekpos@?$basic_stringbuf@_WU?$char_traits@_W@std@@V?$allocator@_W@2@@std@@MEAA?AV?$fpos@U_Mbstatet@@@2@V32@H@Z 0000000180040950     tile.obj
 0004:0000195c       $pdata$?setPattern@TilePattern@@QEAAXV?$basic_string@_WU?$char_traits@_W@std@@V?$allocator@_W@2@@std@@@Z 000000018004095c     tile.obj
 0004:00001968       $pdata$?setPreset@TilePattern@@QEAAXH@Z 0000000180040968     tile.obj
 0004:00001974       $pdata$?tokenize@@YAXAEBV?$basic_string@_WU?$char_traits@_W@std@@V?$allocator@_W@2@@std@@AEAV?$vector@V?$basic_string@_WU?$char_traits@_W@std@@V?$allocator@_W@2@@std@@V?$allocator@V?$basic_string@_WU?$char_traits@_W@std@@V?$allocator@_W@2@@std@@@2@@2@0@Z 0000000180040974     tile.obj
 0004:00001980       $pdata$?uvMapping@Tile@@CAXAEAVTilePoint@@VPoint3@@QEAMAEAVTileParam@@H@Z 0000000180040980     tile.obj
 0004:0000198c       $pdata$0$?uvMapping@Tile@@CAXAEAVTilePoint@@VPoint3@@QEAMAEAVTileParam@@H@Z 000000018004098c     tile.obj
 0004:00001998       $pdata$8$?uvMapping@Tile@@CAXAEAVTilePoint@@VPoint3@@QEAMAEAVTileParam@@H@Z 0000000180040998     tile.obj
 0004:000019a4       $pdata$9$?uvMapping@Tile@@CAXAEAVTilePoint@@VPoint3@@QEAMAEAVTileParam@@H@Z 00000001800409a4     tile.obj
 0004:000019b0       $pdata$10$?uvMapping@Tile@@CAXAEAVTilePoint@@VPoint3@@QEAMAEAVTileParam@@H@Z 00000001800409b0     tile.obj
 0004:000019bc       $pdata$11$?uvMapping@Tile@@CAXAEAVTilePoint@@VPoint3@@QEAMAEAVTileParam@@H@Z 00000001800409bc     tile.obj
 0004:000019c8       $pdata$12$?uvMapping@Tile@@CAXAEAVTilePoint@@VPoint3@@QEAMAEAVTileParam@@H@Z 00000001800409c8     tile.obj
 0004:000019d4       $pdata$13$?uvMapping@Tile@@CAXAEAVTilePoint@@VPoint3@@QEAMAEAVTileParam@@H@Z 00000001800409d4     tile.obj
 0004:000019e0       $pdata$?add@Worley@@CAXJJJQEBNHPEANH@Z 00000001800409e0     worley.obj
 0004:000019ec       $pdata$10$?add@Worley@@CAXJJJQEBNHPEANH@Z 00000001800409ec     worley.obj
 0004:000019f8       $pdata$11$?add@Worley@@CAXJJJQEBNHPEANH@Z 00000001800409f8     worley.obj
 0004:00001a04       $pdata$?noise@Worley@@SAXQEBNHPEANH@Z 0000000180040a04     worley.obj
 0004:00001a10       $pdata$??_Gtype_info@@UEAAPEAXI@Z 0000000180040a10     MSVCRT:std_type_info_static.obj
 0004:00001a1c       $pdata$__scrt_acquire_startup_lock 0000000180040a1c     MSVCRT:utility.obj
 0004:00001a28       $pdata$__scrt_dllmain_after_initialize_c 0000000180040a28     MSVCRT:utility.obj
 0004:00001a34       $pdata$__scrt_dllmain_before_initialize_c 0000000180040a34     MSVCRT:utility.obj
 0004:00001a40       $pdata$__scrt_dllmain_crt_thread_attach 0000000180040a40     MSVCRT:utility.obj
 0004:00001a4c       $pdata$__scrt_dllmain_crt_thread_detach 0000000180040a4c     MSVCRT:utility.obj
 0004:00001a58       $pdata$__scrt_dllmain_exception_filter 0000000180040a58     MSVCRT:utility.obj
 0004:00001a64       $pdata$__scrt_dllmain_uninitialize_c 0000000180040a64     MSVCRT:utility.obj
 0004:00001a70       $pdata$__scrt_dllmain_uninitialize_critical 0000000180040a70     MSVCRT:utility.obj
 0004:00001a7c       $pdata$__scrt_initialize_crt 0000000180040a7c     MSVCRT:utility.obj
 0004:00001a88       $pdata$__scrt_initialize_onexit_tables 0000000180040a88     MSVCRT:utility.obj
 0004:00001a94       $pdata$__scrt_is_nonwritable_in_current_image 0000000180040a94     MSVCRT:utility.obj
 0004:00001aa0       $pdata$__scrt_release_startup_lock 0000000180040aa0     MSVCRT:utility.obj
 0004:00001aac       $pdata$__scrt_uninitialize_crt 0000000180040aac     MSVCRT:utility.obj
 0004:00001ab8       $pdata$_onexit             0000000180040ab8     MSVCRT:utility.obj
 0004:00001ac4       $pdata$atexit              0000000180040ac4     MSVCRT:utility.obj
 0004:00001ad0       $pdata$??2@YAPEAX_K@Z      0000000180040ad0     MSVCRT:new_scalar.obj
 0004:00001ae8       $pdata$?dllmain_crt_dispatch@@YAHQEAUHINSTANCE__@@KQEAX@Z 0000000180040ae8     MSVCRT:dll_dllmain.obj
 0004:00001af4       $pdata$?dllmain_crt_process_attach@@YAHQEAUHINSTANCE__@@QEAX@Z 0000000180040af4     MSVCRT:dll_dllmain.obj
 0004:00001b00       $pdata$?dllmain_crt_process_detach@@YAH_N@Z 0000000180040b00     MSVCRT:dll_dllmain.obj
 0004:00001b0c       $pdata$?dllmain_dispatch@@YAHQEAUHINSTANCE__@@KQEAX@Z 0000000180040b0c     MSVCRT:dll_dllmain.obj
 0004:00001b18       $pdata$_DllMainCRTStartup  0000000180040b18     MSVCRT:dll_dllmain.obj
 0004:00001b24       $pdata$__isa_available_init 0000000180040b24     MSVCRT:cpu_disp.obj
 0004:00001b30       $pdata$__scrt_fastfail     0000000180040b30     MSVCRT:utility_desktop.obj
 0004:00001b3c       $pdata$??0bad_alloc@std@@QEAA@AEBV01@@Z 0000000180040b3c     MSVCRT:throw_bad_alloc.obj
 0004:00001b48       $pdata$??0bad_array_new_length@std@@QEAA@AEBV01@@Z 0000000180040b48     MSVCRT:throw_bad_alloc.obj
 0004:00001b54       $pdata$??0exception@std@@QEAA@AEBV01@@Z 0000000180040b54     MSVCRT:throw_bad_alloc.obj
 0004:00001b60       $pdata$??_Gexception@std@@UEAAPEAXI@Z 0000000180040b60     MSVCRT:throw_bad_alloc.obj
 0004:00001b60       $pdata$??_Gbad_array_new_length@std@@UEAAPEAXI@Z 0000000180040b60     MSVCRT:throw_bad_alloc.obj
 0004:00001b60       $pdata$??_Gbad_alloc@std@@UEAAPEAXI@Z 0000000180040b60     MSVCRT:throw_bad_alloc.obj
 0004:00001b6c       $pdata$?__scrt_throw_std_bad_alloc@@YAXXZ 0000000180040b6c     MSVCRT:throw_bad_alloc.obj
 0004:00001b78       $pdata$?__scrt_throw_std_bad_array_new_length@@YAXXZ 0000000180040b78     MSVCRT:throw_bad_alloc.obj
 0004:00001b84       $pdata$__security_init_cookie 0000000180040b84     MSVCRT:gs_support.obj
 0004:00001b90       $pdata$__scrt_initialize_default_local_stdio_options 0000000180040b90     MSVCRT:default_local_stdio_options.obj
 0004:00001b9c       $pdata$_RTC_Initialize     0000000180040b9c     MSVCRT:initsect.obj
 0004:00001ba8       $pdata$_RTC_Terminate      0000000180040ba8     MSVCRT:initsect.obj
 0004:00001bc0       $pdata$?dtor$0@?0??SubAnimName@BerconNoise@@UEAA?AVWStr@@H@Z@4HA 0000000180040bc0     BerconNoise.obj
 0004:00001bc0       $pdata$?dtor$0@?0??GetSubTexmapSlotName@BerconDistortion@@UEAA?AVWStr@@H@Z@4HA 0000000180040bc0     BerconDistortion.obj
 0004:00001bc0       $pdata$?dtor$0@?0??SubAnimName@BerconTile@@UEAA?AVWStr@@H@Z@4HA 0000000180040bc0     BerconTile.obj
 0004:00001bc0       $pdata$?dtor$0@?0??GetSubTexmapSlotName@BerconTile@@UEAA?AVWStr@@H@Z@4HA 0000000180040bc0     BerconTile.obj
 0004:00001bc0       $pdata$?dtor$0@?0??SubAnimName@BerconDistortion@@UEAA?AVWStr@@H@Z@4HA 0000000180040bc0     BerconDistortion.obj
 0004:00001bc0       $pdata$?dtor$0@?0??GetSubTexmapSlotName@BerconWood@@UEAA?AVWStr@@H@Z@4HA 0000000180040bc0     BerconWood.obj
 0004:00001bc0       $pdata$?dtor$0@?0??SubAnimName@BerconGradient@@UEAA?AVWStr@@H@Z@4HA 0000000180040bc0     BerconGradient.obj
 0004:00001bc0       $pdata$?dtor$0@?0??GetSubTexmapSlotName@BerconNoise@@UEAA?AVWStr@@H@Z@4HA 0000000180040bc0     BerconNoise.obj
 0004:00001bc0       $pdata$?dtor$0@?0??SubAnimName@BerconWood@@UEAA?AVWStr@@H@Z@4HA 0000000180040bc0     BerconWood.obj
 0004:00001bc0       $pdata$?dtor$0@?0??GetSubTexmapSlotName@BerconGradient@@UEAA?AVWStr@@H@Z@4HA 0000000180040bc0     BerconGradient.obj
 0004:00001bcc       $pdata$?dtor$1@?0???0BerconGradient@@QEAA@XZ@4HA 0000000180040bcc     BerconGradient.obj
 0004:00001bd8       $pdata$CommctrlIsolationAwarePrivatetRgCebPnQQeRff_pbZPgYQP_QYY$fin$0 0000000180040bd8     DllEntry.obj
 0004:00001be4       $pdata$IsolationAwareInitCommonControls$fin$0 0000000180040be4     DllEntry.obj
 0004:00001bf0       $pdata$WinbaseIsolationAwarePrivatetRgzlnPgpgk$fin$0 0000000180040bf0     DllEntry.obj
 0004:00001bfc       $pdata$IsolationAwareRegisterClassExW$fin$0 0000000180040bfc     IGradient.obj
 0004:00001c08       $pdata$?catch$0@?0???$_Emplace_reallocate@AEBM@?$vector@MV?$allocator@M@std@@@std@@QEAAPEAMQEAMAEBM@Z@4HA 0000000180040c08     tile.obj
 0004:00001c08       $pdata$?catch$0@?0???$_Emplace_reallocate@M@?$vector@MV?$allocator@M@std@@@std@@QEAAPEAMQEAM$$QEAM@Z@4HA 0000000180040c08     tile.obj
 0004:00001c14       $pdata$?catch$2@?0???$_Emplace_reallocate@AEBVTileRow@@@?$vector@VTileRow@@V?$allocator@VTileRow@@@std@@@std@@QEAAPEAVTileRow@@QEAV2@AEBV2@@Z@4HA 0000000180040c14     tile.obj
 0004:00001c20       $pdata$?catch$3@?0???$_Emplace_reallocate@V?$basic_string@_WU?$char_traits@_W@std@@V?$allocator@_W@2@@std@@@?$vector@V?$basic_string@_WU?$char_traits@_W@std@@V?$allocator@_W@2@@std@@V?$allocator@V?$basic_string@_WU?$char_traits@_W@std@@V?$allocator@_W@2@@std@@@2@@std@@QEAAPEAV?$basic_string@_WU?$char_traits@_W@std@@V?$allocator@_W@2@@1@QEAV21@$$QEAV21@@Z@4HA 0000000180040c20     tile.obj
 0004:00001c2c       $pdata$?catch$0@?0???0?$vector@MV?$allocator@M@std@@@std@@QEAA@AEBV01@@Z@4HA 0000000180040c2c     tile.obj
 0004:00001c38       $pdata$?dtor$10@?0??parsePattern@@YAHV?$basic_string@_WU?$char_traits@_W@std@@V?$allocator@_W@2@@std@@PEAVTilePattern@@@Z@4HA 0000000180040c38     tile.obj
 0004:00001c44       $pdata$?dtor$13@?0??parsePattern@@YAHV?$basic_string@_WU?$char_traits@_W@std@@V?$allocator@_W@2@@std@@PEAVTilePattern@@@Z@4HA 0000000180040c44     tile.obj
 0004:00001c50       $pdata$?dtor$17@?0??parsePattern@@YAHV?$basic_string@_WU?$char_traits@_W@std@@V?$allocator@_W@2@@std@@PEAVTilePattern@@@Z@4HA 0000000180040c50     tile.obj
 0004:00001c5c       $pdata$?dtor$1@?0??tokenize@@YAXAEBV?$basic_string@_WU?$char_traits@_W@std@@V?$allocator@_W@2@@std@@AEAV?$vector@V?$basic_string@_WU?$char_traits@_W@std@@V?$allocator@_W@2@@std@@V?$allocator@V?$basic_string@_WU?$char_traits@_W@std@@V?$allocator@_W@2@@std@@@2@@2@0@Z@4HA 0000000180040c5c     tile.obj
 0004:00001c68       $pdata$__scrt_is_nonwritable_in_current_image$filt$0 0000000180040c68     MSVCRT:utility.obj
 0004:00001c74       $pdata$?fin$0@?0??dllmain_crt_process_attach@@YAHQEAUHINSTANCE__@@QEAX@Z@4HA 0000000180040c74     MSVCRT:dll_dllmain.obj
 0004:00001c80       $pdata$?fin$0@?0??dllmain_crt_process_detach@@YAH_N@Z@4HA 0000000180040c80     MSVCRT:dll_dllmain.obj
 0004:00001c8c       $pdata$?filt$0@?0??dllmain_dispatch@@YAHQEAUHINSTANCE__@@KQEAX@Z@4HA 0000000180040c8c     MSVCRT:dll_dllmain.obj
 0004:00001c98       $pdata$??__FBerconDistortionDesc@@YAXXZ 0000000180040c98     BerconDistortion.obj
 0004:00001ca4       $pdata$??__Fxyz_blk@@YAXXZ 0000000180040ca4     BerconDistortion.obj
 0004:00001cb0       $pdata$??__FBerconGradientDesc@@YAXXZ 0000000180040cb0     BerconGradient.obj
 0004:00001cbc       $pdata$??__Fxyz_blk@@YAXXZ 0000000180040cbc     BerconGradient.obj
 0004:00001cc8       $pdata$??__FBerconTileDesc@@YAXXZ 0000000180040cc8     BerconTile.obj
 0004:00001cd4       $pdata$??__Fxyz_blk@@YAXXZ 0000000180040cd4     BerconTile.obj
 0004:00001ce0       $pdata$??__FBerconWoodDesc@@YAXXZ 0000000180040ce0     BerconWood.obj
 0004:00001cec       $pdata$??__Fxyz_blk@@YAXXZ 0000000180040cec     BerconWood.obj
 0004:00001cf8       $pdata$??__FBerconNoiseDesc@@YAXXZ 0000000180040cf8     BerconNoise.obj
 0004:00001d04       $pdata$??__Fxyz_blk@@YAXXZ 0000000180040d04     BerconNoise.obj
 0005:000009b0       $R000000                   00000001800419b0     BerconNoise.res
 0005:00000a68       $R0000B8                   0000000180041a68     BerconNoise.res
 0005:00000a98       $R0000E8                   0000000180041a98     BerconNoise.res
 0005:00000b40       $R000190                   0000000180041b40     BerconNoise.res
 0005:00000cd0       $R000320                   0000000180041cd0     BerconNoise.res
 0005:00000d78       $R0003C8                   0000000180041d78     BerconNoise.res
 0005:00000e20       $R000470                   0000000180041e20     BerconNoise.res
 0005:00000f10       $R000560                   0000000180041f10     BerconNoise.res
 0005:00000fb8       $R000608                   0000000180041fb8     BerconNoise.res
 0005:00001e20       $R001470                   0000000180042e20     BerconNoise.res
 0005:000030b0       $R002700                   00000001800440b0     BerconNoise.res
 0005:00004888       $R003ED8                   0000000180045888     BerconNoise.res
 0005:00005290       $R0048E0                   0000000180046290     BerconNoise.res
 0005:000054d8       $R004B28                   00000001800464d8     BerconNoise.res
 0005:00005650       $R004CA0                   0000000180046650     BerconNoise.res
 0005:00005e40       $R005490                   0000000180046e40     BerconNoise.res
 0005:00006a40       $R006090                   0000000180047a40     BerconNoise.res
 0005:00007b98       $R0071E8                   0000000180048b98     BerconNoise.res
 0005:00008d00       $R008350                   0000000180049d00     BerconNoise.res
 0005:00009cb8       $R009308                   000000018004acb8     BerconNoise.res
 0005:0000ad50       $R00A3A0                   000000018004bd50     BerconNoise.res
 0005:0000b6d0       $R00AD20                   000000018004c6d0     BerconNoise.res
 0005:0000b6d8       $R00AD28                   000000018004c6d8     BerconNoise.res
 0005:0000b6e0       $R00AD30                   000000018004c6e0     BerconNoise.res
 0005:0000b6e8       $R00AD38                   000000018004c6e8     BerconNoise.res
 0005:0000b7a8       $R00ADF8                   000000018004c7a8     BerconNoise.res
 0005:000188f0       $R017F40                   00000001800598f0     BerconNoise.res
 0005:00018a68       $R0180B8                   0000000180059a68     BerconNoise.res
 0005:00018ad0       $R018120                   0000000180059ad0     BerconNoise.res
 0005:00018c38       $R018288                   0000000180059c38     BerconNoise.res
 0005:00018c88       $R0182D8                   0000000180059c88     BerconNoise.res
 0005:00018e50       $R0184A0                   0000000180059e50     BerconNoise.res
 0005:00019028       $R018678                   000000018005a028     BerconNoise.res
 0005:00019200       $R018850                   000000018005a200     BerconNoise.res
 0005:00019300       $R018950                   000000018005a300     BerconNoise.res
 0005:000193d0       $R018A20                   000000018005a3d0     BerconNoise.res
 0005:000194f8       $R018B48                   000000018005a4f8     BerconNoise.res
 0005:000195f8       $R018C48                   000000018005a5f8     BerconNoise.res
 0005:00019770       $R018DC0                   000000018005a770     BerconNoise.res
 0005:000198f0       $R018F40                   000000018005a8f0     BerconNoise.res
 0005:00019aa0       $R0190F0                   000000018005aaa0     BerconNoise.res
 0005:00019b80       $R0191D0                   000000018005ab80     BerconNoise.res
 0005:00019cc0       $R019310                   000000018005acc0     BerconNoise.res
 0005:00019e38       $R019488                   000000018005ae38     BerconNoise.res
 0005:0001a048       $R019698                   000000018005b048     BerconNoise.res
 0005:0001a200       $R019850                   000000018005b200     BerconNoise.res
 0005:0001a318       $R019968                   000000018005b318     BerconNoise.res

 Exports

  ordinal    name

        1    ?LibDescription@@YAPEB_WXZ (wchar_t const * __cdecl LibDescription(void))
               exported name: LibDescription
        2    ?LibNumberClasses@@YAHXZ (int __cdecl LibNumberClasses(void))
               exported name: LibNumberClasses
        3    ?LibClassDesc@@YAPEAVClassDesc@@H@Z (class ClassDesc * __cdecl LibClassDesc(int))
               exported name: LibClassDesc
        4    ?LibVersion@@YAKXZ (unsigned long __cdecl LibVersion(void))
               exported name: LibVersion
        5    ??0VertexNormalsControl@@QEAA@XZ (public: __cdecl VertexNormalsControl::VertexNormalsControl(void))
        6    ?LibInitialize@@YAHXZ (int __cdecl LibInitialize(void))
        7    ?LibShutdown@@YAHXZ (int __cdecl LibShutdown(void))
