 BerconMaps_2016_64

 Timestamp is 5ced5e5d (Tue May 28 12:14:21 2019)

 Preferred load address is 0000000180000000

 Start         Length     Name                   Class
 0001:00000000 000079b0H .text$di                CODE
 0001:000079b0 000224b0H .text$mn                CODE
 0001:00029e60 00000020H .text$mn$00             CODE
 0001:00029e80 00000e20H .text$x                 CODE
 0001:0002aca0 000001dfH .text$yd                CODE
 0002:00000000 000008b0H .idata$5                DATA
 0002:000008b0 00000010H .00cfg                  DATA
 0002:000008c0 00000008H .CRT$XCA                DATA
 0002:000008c8 000000f8H .CRT$XCU                DATA
 0002:000009c0 00000008H .CRT$XCZ                DATA
 0002:000009c8 00000008H .CRT$XIA                DATA
 0002:000009d0 00000008H .CRT$XIZ                DATA
 0002:000009d8 00000008H .CRT$XPA                DATA
 0002:000009e0 00000008H .CRT$XPZ                DATA
 0002:000009e8 00000008H .CRT$XTA                DATA
 0002:000009f0 00000010H .CRT$XTZ                DATA
 0002:00000a00 00006390H .rdata                  DATA
 0002:00006d90 00002194H .rdata$r                DATA
 0002:00008f24 000002ccH .rdata$zzzdbg           DATA
 0002:000091f0 00000008H .rtc$IAA                DATA
 0002:000091f8 00000008H .rtc$IZZ                DATA
 0002:00009200 00000008H .rtc$TAA                DATA
 0002:00009208 00000008H .rtc$TZZ                DATA
 0002:00009210 00003b40H .xdata                  DATA
 0002:0000cd50 000001e0H .xdata$x                DATA
 0002:0000cf30 00000104H .edata                  DATA
 0002:0000d034 00000118H .idata$2                DATA
 0002:0000d14c 00000014H .idata$3                DATA
 0002:0000d160 000008b0H .idata$4                DATA
 0002:0000da10 00002c32H .idata$6                DATA
 0003:00000000 00000730H .data                   DATA
 0003:00000730 00000a20H .data$r                 DATA
 0003:00001150 00000b48H .bss                    DATA
 0004:00000000 00001f38H .pdata                  DATA
 0005:00000000 0000002cH .gfids$y                DATA
 0006:00000000 00000a10H .rsrc$01                DATA
 0006:00000a10 00019b20H .rsrc$02                DATA

  Address         Publics by Value              Rva+Base               Lib:Object

 0000:00000000       __guard_longjmp_table      0000000000000000     <absolute>
 0000:00000000       __guard_longjmp_count      0000000000000000     <absolute>
 0000:00000000       ___safe_se_handler_table   0000000000000000     <absolute>
 0000:00000000       __dynamic_value_reloc_table 0000000000000000     <absolute>
 0000:00000000       __guard_iat_count          0000000000000000     <absolute>
 0000:00000000       __guard_iat_table          0000000000000000     <absolute>
 0000:00000000       ___safe_se_handler_count   0000000000000000     <absolute>
 0000:00000000       __guard_fids_count         0000000000000000     <absolute>
 0000:00000000       __guard_fids_table         0000000000000000     <absolute>
 0000:00000100       __guard_flags              0000000000000100     <absolute>
 0000:00000000       __ImageBase                0000000180000000     <linker-defined>
 0001:000079b0       ?Create@BerconDistortionClassDesc@@UEAAPEAXH@Z 00000001800089b0 f i BerconDistortion.obj
 0001:000079f0       ?ClassName@BerconDistortionClassDesc@@UEAAPEB_WXZ 00000001800089f0 f i BerconDistortion.obj
 0001:00007a00       ?ClassID@BerconDistortionClassDesc@@UEAA?AVClass_ID@@XZ 0000000180008a00 f i BerconDistortion.obj
 0001:00007a00       ?ClassID@BerconDistortion@@UEAA?AVClass_ID@@XZ 0000000180008a00 f i BerconDistortion.obj
 0001:00007a20       ?InternalName@BerconDistortionClassDesc@@UEAAPEB_WXZ 0000000180008a20 f i BerconDistortion.obj
 0001:00007a30       ??_EBerconDistortionClassDesc@@UEAAPEAXI@Z 0000000180008a30 f i BerconDistortion.obj
 0001:00007a30       ??_GBerconDistortionClassDesc@@UEAAPEAXI@Z 0000000180008a30 f i BerconDistortion.obj
 0001:00007a90       ??_GXYZ_Desc@@UEAAPEAXI@Z  0000000180008a90 f i BerconDistortion.obj
 0001:00007a90       ??_EXYZ_Desc@@UEAAPEAXI@Z  0000000180008a90 f i BerconDistortion.obj
 0001:00007af0       ?InitialRollupPageState@ClassDesc@@UEAAKXZ 0000000180008af0 f i BerconDistortion.obj
 0001:00007b00       ?NumInterfaces@ClassDesc@@UEAAHXZ 0000000180008b00 f i BerconDistortion.obj
 0001:00007b10       ?GetInterfaceAt@ClassDesc@@UEAAPEAVFPInterface@@H@Z 0000000180008b10 f i BerconDistortion.obj
 0001:00007b30       ?SetUserDlgProc@ClassDesc2@@UEAAXPEAVParamBlockDesc2@@PEAVParamMap2UserDlgProc@@@Z 0000000180008b30 f i BerconDistortion.obj
 0001:00007b40       ?ClearInterfaces@ClassDesc@@UEAAXXZ 0000000180008b40 f i BerconDistortion.obj
 0001:00007b50       ?SubClassID@ClassDesc@@UEAA?AVClass_ID@@XZ 0000000180008b50 f i BerconDistortion.obj
 0001:00007b60       ?What@TabOutOfRangeException@Util@MaxSDK@@UEBAPEB_WXZ 0000000180008b60 f i BerconDistortion.obj
 0001:00007b80       ??1TabOutOfRangeException@Util@MaxSDK@@UEAA@XZ 0000000180008b80 f i BerconDistortion.obj
 0001:00007ba0       ??0TabOutOfRangeException@Util@MaxSDK@@QEAA@AEBV012@@Z 0000000180008ba0 f i BerconDistortion.obj
 0001:00007be0       ??_ETabOutOfRangeException@Util@MaxSDK@@UEAAPEAXI@Z 0000000180008be0 f i BerconDistortion.obj
 0001:00007be0       ??_GTabOutOfRangeException@Util@MaxSDK@@UEAAPEAXI@Z 0000000180008be0 f i BerconDistortion.obj
 0001:00007c40       ??0BerconDistortion@@QEAA@XZ 0000000180008c40 f   BerconDistortion.obj
 0001:00007d90       ??0BerconSC@@QEAA@QEAVShadeContext@@@Z 0000000180008d90 f i BerconDistortion.obj
 0001:00007f60       ??0BerconXYZ@@QEAA@XZ      0000000180008f60 f i BerconDistortion.obj
 0001:00008000       ??0VertexNormalsControl@@QEAA@XZ 0000000180009000 f i BerconDistortion.obj
 0001:00008030       ??0XYZ_Desc@@QEAA@PEAVClassDesc2@@HHHHHHH@Z 0000000180009030 f i BerconDistortion.obj
 0001:00009300       ??1?$Tab@PEAVBaseInterface@@@@QEAA@XZ 000000018000a300 f i BerconDistortion.obj
 0001:00009320       ??1?$Tab@PEAVVertexNormalsCallback@@@@QEAA@XZ 000000018000a320 f i BerconDistortion.obj
 0001:00009340       ??1BerconSC@@UEAA@XZ       000000018000a340 f i BerconDistortion.obj
 0001:00009390       ??1ParamMap2UserDlgProc@@UEAA@XZ 000000018000a390 f i BerconDistortion.obj
 0001:000093a0       ??1RenderGlobalContext@@UEAA@XZ 000000018000a3a0 f i BerconDistortion.obj
 0001:000093c0       ??1ShadeContext@@UEAA@XZ   000000018000a3c0 f i BerconDistortion.obj
 0001:00009400       ??1ShadeOutput@@UEAA@XZ    000000018000a400 f i BerconDistortion.obj
 0001:00009420       ??1Texmap@@UEAA@XZ         000000018000a420 f i BerconDistortion.obj
 0001:00009440       ??A?$Tab@PEAVFPInterface@@@@QEBAAEAPEAVFPInterface@@_J@Z 000000018000a440 f i BerconDistortion.obj
 0001:00009530       ??_EBerconDistortion@@WEA@EAAPEAXI@Z 000000018000a530 f i BerconDistortion.obj
 0001:0000953c       ??_EBerconSC@@WCII@EAAPEAXI@Z 000000018000a53c f i BerconDistortion.obj
 0001:00009550       ??_GBaseInterfaceServer@@UEAAPEAXI@Z 000000018000a550 f i BerconDistortion.obj
 0001:00009550       ??_EBaseInterfaceServer@@UEAAPEAXI@Z 000000018000a550 f i BerconDistortion.obj
 0001:000095a0       ??_EBerconDistortion@@UEAAPEAXI@Z 000000018000a5a0 f i BerconDistortion.obj
 0001:000095a0       ??_GBerconDistortion@@UEAAPEAXI@Z 000000018000a5a0 f i BerconDistortion.obj
 0001:00009630       ??_EBerconSC@@UEAAPEAXI@Z  000000018000a630 f i BerconDistortion.obj
 0001:00009630       ??_GBerconSC@@UEAAPEAXI@Z  000000018000a630 f i BerconDistortion.obj
 0001:000096b0       ??_GBerconXYZDlgProc@@UEAAPEAXI@Z 000000018000a6b0 f i BerconDistortion.obj
 0001:000096b0       ??_EBerconXYZDlgProc@@UEAAPEAXI@Z 000000018000a6b0 f i BerconDistortion.obj
 0001:00009700       ??_GInterfaceServer@@UEAAPEAXI@Z 000000018000a700 f i BerconDistortion.obj
 0001:00009700       ??_EInterfaceServer@@UEAAPEAXI@Z 000000018000a700 f i BerconDistortion.obj
 0001:00009750       ??_EParamMap2UserDlgProc@@UEAAPEAXI@Z 000000018000a750 f i BerconDistortion.obj
 0001:00009750       ??_GParamMap2UserDlgProc@@UEAAPEAXI@Z 000000018000a750 f i BerconDistortion.obj
 0001:00009790       ??_GRenderGlobalContext@@UEAAPEAXI@Z 000000018000a790 f i BerconDistortion.obj
 0001:00009790       ??_ERenderGlobalContext@@UEAAPEAXI@Z 000000018000a790 f i BerconDistortion.obj
 0001:000097f0       ??_EShadeContext@@UEAAPEAXI@Z 000000018000a7f0 f i BerconDistortion.obj
 0001:000097f0       ??_GShadeContext@@UEAAPEAXI@Z 000000018000a7f0 f i BerconDistortion.obj
 0001:00009860       ??_GShadeOutput@@UEAAPEAXI@Z 000000018000a860 f i BerconDistortion.obj
 0001:00009860       ??_EShadeOutput@@UEAAPEAXI@Z 000000018000a860 f i BerconDistortion.obj
 0001:000098c0       ?ActivateTexDisplay@BerconDistortion@@UEAAXH@Z 000000018000a8c0 f i BerconDistortion.obj
 0001:000098f0       ?Antialias@BerconSC@@UEAAHXZ 000000018000a8f0 f i BerconDistortion.obj
 0001:00009900       ?BarycentricCoords@BerconSC@@UEAA?AVPoint3@@XZ 000000018000a900 f i BerconDistortion.obj
 0001:00009920       ?BarycentricCoords@ShadeContext@@UEAA?AVPoint3@@XZ 000000018000a920 f i BerconDistortion.obj
 0001:00009930       ?BumpBasisVectors@BerconSC@@UEAAHQEAVPoint3@@HH@Z 000000018000a930 f i BerconDistortion.obj
 0001:00009950       ?BypassTrackBar@Animatable@@UEAAHXZ 000000018000a950 f i BerconDistortion.obj
 0001:00009960       ?CamFarRange@BerconSC@@UEAAMXZ 000000018000a960 f i BerconDistortion.obj
 0001:00009980       ?CamNearRange@BerconSC@@UEAAMXZ 000000018000a980 f i BerconDistortion.obj
 0001:000099a0       ?CamPos@BerconSC@@UEAA?AVPoint3@@XZ 000000018000a9a0 f i BerconDistortion.obj
 0001:000099d0       ?ClassID@BerconSC@@UEAA?AVClass_ID@@XZ 000000018000a9d0 f i BerconDistortion.obj
 0001:000099f0       ?Clone@BerconDistortion@@UEAAPEAVReferenceTarget@@AEAVRemapDir@@@Z 000000018000a9f0 f   BerconDistortion.obj
 0001:00009b20       ?CreateParamDlg@BerconDistortion@@UEAAPEAVParamDlg@@PEAUHWND__@@PEAVIMtlParams@@@Z 000000018000ab20 f   BerconDistortion.obj
 0001:00009ba0       ?CurTime@BerconSC@@UEAAHXZ 000000018000aba0 f i BerconDistortion.obj
 0001:00009bb0       ?Curve@BerconSC@@UEAAMXZ   000000018000abb0 f i BerconDistortion.obj
 0001:00009bd0       ?CamNearRange@ShadeContext@@UEAAMXZ 000000018000abd0 f i BerconDistortion.obj
 0001:00009bd0       ?Curve@ShadeContext@@UEAAMXZ 000000018000abd0 f i BerconDistortion.obj
 0001:00009bd0       ?GetAAFilterSize@RenderGlobalContext@@UEAAMXZ 000000018000abd0 f i BerconDistortion.obj
 0001:00009bd0       ?CamFarRange@ShadeContext@@UEAAMXZ 000000018000abd0 f i BerconDistortion.obj
 0001:00009bd0       ?RayConeAngle@ShadeContext@@UEAAMXZ 000000018000abd0 f i BerconDistortion.obj
 0001:00009be0       ?DP@BerconSC@@UEAA?AVPoint3@@XZ 000000018000abe0 f i BerconDistortion.obj
 0001:00009c10       ?DP@BerconSC@@UEAAXAEAVPoint3@@0@Z 000000018000ac10 f i BerconDistortion.obj
 0001:00009c30       ?DPObj@BerconSC@@UEAA?AVPoint3@@XZ 000000018000ac30 f i BerconDistortion.obj
 0001:00009c60       ?DPObjRelBox@BerconSC@@UEAA?AVPoint3@@XZ 000000018000ac60 f i BerconDistortion.obj
 0001:00009c90       ?DPdUVW@BerconSC@@UEAAXQEAVPoint3@@H@Z 000000018000ac90 f i BerconDistortion.obj
 0001:00009cb0       ?DUVW@BerconSC@@UEAA?AVPoint3@@H@Z 000000018000acb0 f i BerconDistortion.obj
 0001:00009cd4       ?DebugFile@BerconSC@@WCII@EAAPEAU_iobuf@@XZ 000000018000acd4 f i BerconDistortion.obj
 0001:00009ce0       ?DeleteThis@BerconXYZDlgProc@@UEAAXXZ 000000018000ace0 f i BerconDistortion.obj
 0001:00009d10       ?DiffuseIllum@BerconSC@@UEAA?AVColor@@XZ 000000018000ad10 f i BerconDistortion.obj
 0001:00009d40       ?DlgProc@BerconXYZDlgProc@@UEAA_JHPEAVIParamMap2@@PEAUHWND__@@I_K_J@Z 000000018000ad40 f i BerconDistortion.obj
 0001:0000a240       ?EditTrack@Animatable@@UEAAXXZ 000000018000b240 f i BerconDistortion.obj
 0001:0000a270       ?EvalColor@BerconDistortion@@UEAA?AVAColor@@AEAVShadeContext@@@Z 000000018000b270 f   BerconDistortion.obj
 0001:0000a430       ?EvalEnvironMap@BerconSC@@UEAA?AVAColor@@PEAVTexmap@@VPoint3@@@Z 000000018000b430 f i BerconDistortion.obj
 0001:0000a480       ?EvalGlobalEnvironMap@BerconSC@@UEAA?AVAColor@@VPoint3@@@Z 000000018000b480 f i BerconDistortion.obj
 0001:0000a4d0       ?EvalGlobalEnvironMap@RenderGlobalContext@@UEAA?AVAColor@@AEAVShadeContext@@AEAVRay@@H@Z 000000018000b4d0 f i BerconDistortion.obj
 0001:0000a4f0       ?EvalGlobalEnvironMap@ShadeContext@@UEAA?AVAColor@@VPoint3@@@Z 000000018000b4f0 f i BerconDistortion.obj
 0001:0000a500       ?EvalMono@BerconDistortion@@UEAAMAEAVShadeContext@@@Z 000000018000b500 f   BerconDistortion.obj
 0001:0000a690       ?EvalNormalPerturb@BerconDistortion@@UEAA?AVPoint3@@AEAVShadeContext@@@Z 000000018000b690 f   BerconDistortion.obj
 0001:0000a820       ?Execute@BerconSC@@UEAA_JH_K00@Z 000000018000b820 f i BerconDistortion.obj
 0001:0000a834       ?Execute@BerconSC@@WCII@EAA_JH_K00@Z 000000018000b834 f i BerconDistortion.obj
 0001:0000a840       ?FaceNumber@BerconSC@@UEAAHXZ 000000018000b840 f i BerconDistortion.obj
 0001:0000a850       ?GNormal@BerconSC@@UEAA?AVPoint3@@XZ 000000018000b850 f i BerconDistortion.obj
 0001:0000a880       ?GetActiveTexHandle@BerconDistortion@@UEAA_KHAEAVTexHandleMaker@@@Z 000000018000b880 f   BerconDistortion.obj
 0001:0000a940       ?GetBGColor@BerconSC@@UEAAXAEAVColor@@0H@Z 000000018000b940 f i BerconDistortion.obj
 0001:0000a960       ?GetBerconDistortionDesc@@YAPEAVClassDesc2@@XZ 000000018000b960 f   BerconDistortion.obj
 0001:0000a970       ?GetCache@BerconSC@@UEAAHPEAVTexmap@@AEAM@Z 000000018000b970 f i BerconDistortion.obj
 0001:0000a990       ?GetCache@BerconSC@@UEAAHPEAVTexmap@@AEAVAColor@@@Z 000000018000b990 f i BerconDistortion.obj
 0001:0000a9b0       ?GetCache@BerconSC@@UEAAHPEAVTexmap@@AEAVPoint3@@@Z 000000018000b9b0 f i BerconDistortion.obj
 0001:0000a9d0       ?GetClassName@BerconDistortion@@UEAAXAEAVWStr@@@Z 000000018000b9d0 f i BerconDistortion.obj
 0001:0000aa00       ?GetEvalObject@BerconSC@@UEAAPEAVObject@@XZ 000000018000ba00 f i BerconDistortion.obj
 0001:0000aa10       ?GetIOR@BerconSC@@UEAAMXZ  000000018000ba10 f i BerconDistortion.obj
 0001:0000aa30       ?GetIOR@ShadeContext@@UEAAMXZ 000000018000ba30 f i BerconDistortion.obj
 0001:0000aa30       ?GetSampleSizeScale@ShadeContext@@UEAAMXZ 000000018000ba30 f i BerconDistortion.obj
 0001:0000aa40       ?GetInterface@MtlBase@@UEAAPEAVBaseInterface@@VInterface_ID@@@Z 000000018000ba40 f i BerconDistortion.obj
 0001:0000aa70       ?GetNSuperSample@BerconSC@@UEAAHXZ 000000018000ba70 f i BerconDistortion.obj
 0001:0000aa90       ?GetParamBlock@BerconDistortion@@UEAAPEAVIParamBlock2@@H@Z 000000018000ba90 f i BerconDistortion.obj
 0001:0000aab0       ?GetParamBlockByID@BerconDistortion@@UEAAPEAVIParamBlock2@@F@Z 000000018000bab0 f i BerconDistortion.obj
 0001:0000ab00       ?GetParamDimension@Animatable@@UEAAPEAVParamDimension@@H@Z 000000018000bb00 f i BerconDistortion.obj
 0001:0000ab10       ?GetRefTarget@MtlBase@@UEAAPEAVReferenceTarget@@XZ 000000018000bb10 f i BerconDistortion.obj
 0001:0000ab20       ?GetReference@BerconDistortion@@UEAAPEAVReferenceTarget@@H@Z 000000018000bb20 f   BerconDistortion.obj
 0001:0000ab20       ?SubAnim@BerconDistortion@@UEAAPEAVAnimatable@@H@Z 000000018000bb20 f   BerconDistortion.obj
 0001:0000ab50       ?GetRenderElement@BerconSC@@UEAAPEAVIRenderElement@@H@Z 000000018000bb50 f i BerconDistortion.obj
 0001:0000ab70       ?GetRenderElement@ShadeContext@@UEAAPEAVIRenderElement@@H@Z 000000018000bb70 f i BerconDistortion.obj
 0001:0000ab90       ?GetSampleSizeScale@BerconSC@@UEAAMXZ 000000018000bb90 f i BerconDistortion.obj
 0001:0000abb0       ?GetSubAnimCurveColor@Animatable@@UEAAKH@Z 000000018000bbb0 f i BerconDistortion.obj
 0001:0000abc0       ?GetSubTexmap@BerconDistortion@@UEAAPEAVTexmap@@H@Z 000000018000bbc0 f i BerconDistortion.obj
 0001:0000abd0       ?GetSubTexmapSlotName@BerconDistortion@@UEAA?AVWStr@@H@Z 000000018000bbd0 f   BerconDistortion.obj
 0001:0000ac60       ?GetUVTransform@Texmap@@UEAAXAEAVMatrix3@@@Z 000000018000bc60 f i BerconDistortion.obj
 0001:0000ac70       ?HitTestFCurves@Animatable@@UEAAHPEAVParamDimensionBase@@AEAV?$Tab@VTrackHitRecord@@@@AEAVBox2@@2MHMHK@Z 000000018000bc70 f i BerconDistortion.obj
 0001:0000ac70       ?HitTestSubFCurves@Animatable@@UEAAHHPEAVParamDimensionBase@@AEAV?$Tab@VTrackHitRecord@@@@AEAVBox2@@2MHMHK@Z 000000018000bc70 f i BerconDistortion.obj
 0001:0000ac80       ?InMtlEditor@BerconSC@@UEAAHXZ 000000018000bc80 f i BerconDistortion.obj
 0001:0000ac90       ?InitSlotType@Texmap@@UEAAXH@Z 000000018000bc90 f i BerconDistortion.obj
 0001:0000aca0       ?IsLocalOutputMeaningful@Texmap@@UEAA_NAEAVShadeContext@@@Z 000000018000bca0 f i BerconDistortion.obj
 0001:0000aca0       ?DrawRepresentation@ClassDesc@@UEAA_NKPEAUHDC__@@AEAVBox2@@@Z 000000018000bca0 f i BerconDistortion.obj
 0001:0000aca0       ?GetMacroRecorderName@Animatable@@UEAA_N_NAEAVWStr@@@Z 000000018000bca0 f i BerconDistortion.obj
 0001:0000acb0       ?IsSubClassOf@Animatable@@UEAAHVClass_ID@@@Z 000000018000bcb0 f i BerconDistortion.obj
 0001:0000acf0       ?IsSuperSampleOn@BerconSC@@UEAAHXZ 000000018000bcf0 f i BerconDistortion.obj
 0001:0000ad10       ?IsTextureSuperSampleOn@BerconSC@@UEAAHXZ 000000018000bd10 f i BerconDistortion.obj
 0001:0000ad30       ?Light@BerconSC@@UEAAPEAVLightDesc@@H@Z 000000018000bd30 f i BerconDistortion.obj
 0001:0000ad40       ?LocalRequirements@BerconDistortion@@UEAAKH@Z 000000018000bd40 f i BerconDistortion.obj
 0001:0000ad60       ?MapSlotType@Texmap@@UEAAHH@Z 000000018000bd60 f i BerconDistortion.obj
 0001:0000ad70       ?MappingsRequired@BerconDistortion@@UEAAXHAEAVBitArray@@0@Z 000000018000bd70 f i BerconDistortion.obj
 0001:0000ad90       ?NRenderElements@BerconSC@@UEAAHXZ 000000018000bd90 f i BerconDistortion.obj
 0001:0000adb0       ?NRenderElements@ShadeContext@@UEAAHXZ 000000018000bdb0 f i BerconDistortion.obj
 0001:0000add0       ?Node@BerconSC@@UEAAPEAVINode@@XZ 000000018000bdd0 f i BerconDistortion.obj
 0001:0000ade0       ?NodeID@BerconSC@@UEAAHXZ  000000018000bde0 f i BerconDistortion.obj
 0001:0000adf0       ?GetFlagKeyIndex@Animatable@@UEAAHXZ 000000018000bdf0 f i BerconDistortion.obj
 0001:0000adf0       ?NumKeys@Animatable@@UEAAHXZ 000000018000bdf0 f i BerconDistortion.obj
 0001:0000adf0       ?NodeID@ShadeContext@@UEAAHXZ 000000018000bdf0 f i BerconDistortion.obj
 0001:0000adf0       ?GetKeyIndex@Animatable@@UEAAHH@Z 000000018000bdf0 f i BerconDistortion.obj
 0001:0000ae00       ?Normal@BerconSC@@UEAA?AVPoint3@@XZ 000000018000be00 f i BerconDistortion.obj
 0001:0000ae20       ?NotifyDependents@SealedReferenceMaker@@EEAA?AW4RefResult@@VInterval@@_KIKHPEAVReferenceTarget@@@Z 000000018000be20 f i BerconDistortion.obj
 0001:0000ae50       ?NotifyForeground@ReferenceTarget@@UEAAXH@Z 000000018000be50 f i BerconDistortion.obj
 0001:0000aeb0       ?NotifyRefChanged@BerconDistortion@@UEAA?AW4RefResult@@AEBVInterval@@PEAVReferenceTarget@@AEA_KIH@Z 000000018000beb0 f   BerconDistortion.obj
 0001:0000af40       ?NotifyRefChanged@SealedReferenceMaker@@EEAA?AW4RefResult@@VInterval@@PEAVReferenceTarget@@AEA_KI@Z 000000018000bf40 f i BerconDistortion.obj
 0001:0000af70       ?NumParamBlocks@BerconTile@@UEAAHXZ 000000018000bf70 f i BerconTile.obj
 0001:0000af70       ?GetTextureTiling@Texmap@@UEAAHXZ 000000018000bf70 f i BerconDistortion.obj
 0001:0000af70       ?NumParamBlocks@BerconNoise@@UEAAHXZ 000000018000bf70 f i BerconNoise.obj
 0001:0000af70       ?NumSubTexmaps@BerconDistortion@@UEAAHXZ 000000018000bf70 f i BerconDistortion.obj
 0001:0000af70       ?NumParamBlocks@BerconWood@@UEAAHXZ 000000018000bf70 f i BerconWood.obj
 0001:0000af80       ?ObjectBox@BerconSC@@UEAA?AVBox3@@XZ 000000018000bf80 f i BerconDistortion.obj
 0001:0000afb0       ?OrigNormal@BerconSC@@UEAA?AVPoint3@@XZ 000000018000bfb0 f i BerconDistortion.obj
 0001:0000afd0       ?OrigNormal@ShadeContext@@UEAA?AVPoint3@@XZ 000000018000bfd0 f i BerconDistortion.obj
 0001:0000aff0       ?OrigView@BerconSC@@UEAA?AVPoint3@@XZ 000000018000bff0 f i BerconDistortion.obj
 0001:0000b020       ?OrigView@ShadeContext@@UEAA?AVPoint3@@XZ 000000018000c020 f i BerconDistortion.obj
 0001:0000b040       ?P@BerconSC@@UEAA?AVPoint3@@XZ 000000018000c040 f i BerconDistortion.obj
 0001:0000b0c0       ?PObj@BerconSC@@UEAA?AVPoint3@@XZ 000000018000c0c0 f i BerconDistortion.obj
 0001:0000b140       ?PObjRelBox@BerconSC@@UEAA?AVPoint3@@XZ 000000018000c140 f i BerconDistortion.obj
 0001:0000b170       ?PaintSubTrack@Animatable@@UEAAHHPEAVParamDimensionBase@@PEAUHDC__@@AEAVBox2@@2MHK@Z 000000018000c170 f i BerconDistortion.obj
 0001:0000b170       ?NumParamBlocks@BerconGradient@@UEAAHXZ 000000018000c170 f i BerconGradient.obj
 0001:0000b170       ?PaintTrack@Animatable@@UEAAHPEAVParamDimensionBase@@PEAUHDC__@@AEAVBox2@@2MHK@Z 000000018000c170 f i BerconDistortion.obj
 0001:0000b170       ?NumParamBlocks@BerconDistortion@@UEAAHXZ 000000018000c170 f i BerconDistortion.obj
 0001:0000b170       ?HitTestTrack@Animatable@@UEAAHAEAV?$Tab@VTrackHitRecord@@@@AEAVBox2@@1MHK@Z 000000018000c170 f i BerconDistortion.obj
 0001:0000b180       ?PointFrom@BerconSC@@UEAA?AVPoint3@@AEBV2@W4RefFrame@@@Z 000000018000c180 f i BerconDistortion.obj
 0001:0000b1b0       ?PointTo@BerconSC@@UEAA?AVPoint3@@AEBV2@W4RefFrame@@@Z 000000018000c1b0 f i BerconDistortion.obj
 0001:0000b1e0       ?ProjType@BerconSC@@UEAAHXZ 000000018000c1e0 f i BerconDistortion.obj
 0001:0000b1f0       ?PutCache@BerconSC@@UEAAXPEAVTexmap@@AEBVAColor@@@Z 000000018000c1f0 f i BerconDistortion.obj
 0001:0000b210       ?PutCache@BerconSC@@UEAAXPEAVTexmap@@AEBVPoint3@@@Z 000000018000c210 f i BerconDistortion.obj
 0001:0000b230       ?PutCache@BerconSC@@UEAAXPEAVTexmap@@M@Z 000000018000c230 f i BerconDistortion.obj
 0001:0000b250       ?RayConeAngle@BerconSC@@UEAAMXZ 000000018000c250 f i BerconDistortion.obj
 0001:0000b270       ?RayDiam@BerconSC@@UEAAMXZ 000000018000c270 f i BerconDistortion.obj
 0001:0000b290       ?RayDiam@ShadeContext@@UEAAMXZ 000000018000c290 f i BerconDistortion.obj
 0001:0000b2b0       ?ReflectVector@BerconSC@@UEAA?AVPoint3@@XZ 000000018000c2b0 f i BerconDistortion.obj
 0001:0000b2e0       ?RefractVector@BerconSC@@UEAA?AVPoint3@@M@Z 000000018000c2e0 f i BerconDistortion.obj
 0001:0000b310       ?Reset@BerconDistortion@@UEAAXXZ 000000018000c310 f   BerconDistortion.obj
 0001:0000b390       ?ScreenCoord@BerconSC@@UEAA?AVIPoint2@@XZ 000000018000c390 f i BerconDistortion.obj
 0001:0000b3c0       ?ScreenUV@BerconSC@@UEAAXAEAVPoint2@@0@Z 000000018000c3c0 f i BerconDistortion.obj
 0001:0000b410       ?Set@BitArray@@QEAAXH@Z    000000018000c410 f i BerconDistortion.obj
 0001:0000b4b0       ?SetGBufferID@BerconSC@@UEAAXH@Z 000000018000c4b0 f i BerconDistortion.obj
 0001:0000b4d0       ?SetGBufferID@ShadeContext@@UEAAXH@Z 000000018000c4d0 f i BerconDistortion.obj
 0001:0000b4e0       ?SetIOR@BerconSC@@UEAAXM@Z 000000018000c4e0 f i BerconDistortion.obj
 0001:0000b500       ?SetNormal@BerconSC@@UEAAXVPoint3@@@Z 000000018000c500 f i BerconDistortion.obj
 0001:0000b540       ?SetReference@BerconDistortion@@EEAAXHPEAVReferenceTarget@@@Z 000000018000c540 f   BerconDistortion.obj
 0001:0000b570       ?SetSubTexmap@BerconDistortion@@UEAAXHPEAVTexmap@@@Z 000000018000c570 f   BerconDistortion.obj
 0001:0000b5e0       ?SetThing@BerconXYZDlgProc@@UEAAXPEAVReferenceTarget@@@Z 000000018000c5e0 f i BerconDistortion.obj
 0001:0000b5f0       ?SetView@BerconSC@@UEAAXVPoint3@@@Z 000000018000c5f0 f i BerconDistortion.obj
 0001:0000b630       ?SubAnimName@BerconDistortion@@UEAA?AVWStr@@H@Z 000000018000c630 f   BerconDistortion.obj
 0001:0000b6b0       ?SubNumToRefNum@BerconGradient@@UEAAHH@Z 000000018000c6b0 f i BerconGradient.obj
 0001:0000b6b0       ?SubNumToRefNum@BerconWood@@UEAAHH@Z 000000018000c6b0 f i BerconWood.obj
 0001:0000b6b0       ?SubNumToRefNum@BerconTile@@UEAAHH@Z 000000018000c6b0 f i BerconTile.obj
 0001:0000b6b0       ?SubNumToRefNum@BerconDistortion@@UEAAHH@Z 000000018000c6b0 f i BerconDistortion.obj
 0001:0000b6b0       ?RemapRefOnLoad@ReferenceMaker@@UEAAHH@Z 000000018000c6b0 f i BerconDistortion.obj
 0001:0000b6b0       ?SubNumToRefNum@BerconNoise@@UEAAHH@Z 000000018000c6b0 f i BerconNoise.obj
 0001:0000b6c0       ?GetKeyTime@Animatable@@UEAAHH@Z 000000018000c6c0 f i BerconDistortion.obj
 0001:0000b6c0       ?NeedsToSave@ClassDesc@@UEAAHXZ 000000018000c6c0 f i BerconDistortion.obj
 0001:0000b6c0       ?IsKeySelected@Animatable@@UEAAHH@Z 000000018000c6c0 f i BerconDistortion.obj
 0001:0000b6c0       ?GetViewParams@RenderGlobalContext@@UEAAPEAVViewParams@@XZ 000000018000c6c0 f i BerconDistortion.obj
 0001:0000b6c0       ?BypassPropertyLevel@Animatable@@UEAAHXZ 000000018000c6c0 f i BerconDistortion.obj
 0001:0000b6c0       ?Load@ClassDesc@@UEAA?AW4IOResult@@PEAVILoad@@@Z 000000018000c6c0 f i BerconDistortion.obj
 0001:0000b6c0       ?GetTheXYZGen@Texmap@@UEAAPEAVXYZGen@@XZ 000000018000c6c0 f i BerconDistortion.obj
 0001:0000b6c0       ?IsHighDynamicRange@Texmap@@UEBAHXZ 000000018000c6c0 f i BerconDistortion.obj
 0001:0000b6c0       ?DebugFile@BerconSC@@UEAAPEAU_iobuf@@XZ 000000018000c6c0 f i BerconDistortion.obj
 0001:0000b6c0       ?RenderEnd@Animatable@@UEAAHH@Z 000000018000c6c0 f i BerconDistortion.obj
 0001:0000b6c0       ?IsManipulator@ClassDesc@@UEAAHXZ 000000018000c6c0 f i BerconDistortion.obj
 0001:0000b6c0       ?Node@ShadeContext@@UEAAPEAVINode@@XZ 000000018000c6c0 f i BerconDistortion.obj
 0001:0000b6c0       ?CanCopySubTrack@Animatable@@UEAAHHVInterval@@K@Z 000000018000c6c0 f i BerconDistortion.obj
 0001:0000b6c0       ?GetAAFilterKernel@RenderGlobalContext@@UEAAPEAVFilterKernel@@XZ 000000018000c6c0 f i BerconDistortion.obj
 0001:0000b6c0       ?CanPasteSubTrack@Animatable@@UEAAHHPEAVTrackClipObject@@VInterval@@K@Z 000000018000c6c0 f i BerconDistortion.obj
 0001:0000b6c0       ?CopyTrack@Animatable@@UEAAPEAVTrackClipObject@@VInterval@@K@Z 000000018000c6c0 f i BerconDistortion.obj
 0001:0000b6c0       ?AssignController@Animatable@@UEAAHPEAV1@H@Z 000000018000c6c0 f i BerconDistortion.obj
 0001:0000b6c0       ?NumActionTables@ClassDesc@@UEAAHXZ 000000018000c6c0 f i BerconDistortion.obj
 0001:0000b6c0       ?GetEvalObject@ShadeContext@@UEAAPEAVObject@@XZ 000000018000c6c0 f i BerconDistortion.obj
 0001:0000b6c0       ?GetCache@ShadeContext@@UEAAHPEAVTexmap@@AEAVAColor@@@Z 000000018000c6c0 f i BerconDistortion.obj
 0001:0000b6c0       ?IsKeyAtTime@Animatable@@UEAAHHK@Z 000000018000c6c0 f i BerconDistortion.obj
 0001:0000b6c0       ?TrackViewWinProc@Animatable@@UEAA_JPEAUHWND__@@I_K_J@Z 000000018000c6c0 f i BerconDistortion.obj
 0001:0000b6c0       ?NumSelKeys@Animatable@@UEAAHXZ 000000018000c6c0 f i BerconDistortion.obj
 0001:0000b6c0       ?TrackParamsType@Animatable@@UEAAHXZ 000000018000c6c0 f i BerconDistortion.obj
 0001:0000b6c0       ?IsTextureSuperSampleOn@ShadeContext@@UEAAHXZ 000000018000c6c0 f i BerconDistortion.obj
 0001:0000b6c0       ?SupportsMultiMapsInViewport@MtlBase@@UEAAHXZ 000000018000c6c0 f i BerconDistortion.obj
 0001:0000b6c0       ?IsMultiMtl@MtlBase@@UEAAHXZ 000000018000c6c0 f i BerconDistortion.obj
 0001:0000b6c0       ?CanPasteTrack@Animatable@@UEAAHPEAVTrackClipObject@@VInterval@@K@Z 000000018000c6c0 f i BerconDistortion.obj
 0001:0000b6c0       ?Antialias@ShadeContext@@UEAAHXZ 000000018000c6c0 f i BerconDistortion.obj
 0001:0000b6c0       ?GetKeyTimes@Animatable@@UEAAHAEAV?$Tab@H@@VInterval@@K@Z 000000018000c6c0 f i BerconDistortion.obj
 0001:0000b6c0       ?BumpBasisVectors@ShadeContext@@UEAAHQEAVPoint3@@HH@Z 000000018000c6c0 f i BerconDistortion.obj
 0001:0000b6c0       ?CanCopyTrack@Animatable@@UEAAHVInterval@@K@Z 000000018000c6c0 f i BerconDistortion.obj
 0001:0000b6c0       ?SetSelKeyCoordsExpr@Animatable@@UEAAHPEAVParamDimension@@PEB_W1K@Z 000000018000c6c0 f i BerconDistortion.obj
 0001:0000b6c0       ?InvisibleProperty@Animatable@@UEAAHXZ 000000018000c6c0 f i BerconDistortion.obj
 0001:0000b6c0       ?Save@ClassDesc@@UEAA?AW4IOResult@@PEAVISave@@@Z 000000018000c6c0 f i BerconDistortion.obj
 0001:0000b6c0       ?CanDeleteSubAnim@Animatable@@UEAAHH@Z 000000018000c6c0 f i BerconDistortion.obj
 0001:0000b6c0       ?ProjType@ShadeContext@@UEAAHXZ 000000018000c6c0 f i BerconDistortion.obj
 0001:0000b6c0       ?GetTheXYZGen@BerconNoise@@UEAAPEAVXYZGen@@XZ 000000018000c6c0 f i BerconNoise.obj
 0001:0000b6c0       ?CreateManipulator@ClassDesc@@UEAAPEAVManipulator@@PEAVReferenceTarget@@PEAVINode@@@Z 000000018000c6c0 f i BerconDistortion.obj
 0001:0000b6c0       ?Execute@ClassDesc@@UEAA_JH_K00@Z 000000018000c6c0 f i BerconDistortion.obj
 0001:0000b6c0       ?SetKeyBufferPresent@Animatable@@UEAAHXZ 000000018000c6c0 f i BerconDistortion.obj
 0001:0000b6c0       ?CanManipulateNode@ClassDesc@@UEAAHPEAVINode@@@Z 000000018000c6c0 f i BerconDistortion.obj
 0001:0000b6c0       ?NumRenderInstances@RenderGlobalContext@@UEAAHXZ 000000018000c6c0 f i BerconDistortion.obj
 0001:0000b6c0       ?PaintSubFCurves@Animatable@@UEAAHHPEAVParamDimensionBase@@PEAUHDC__@@AEAVBox2@@2MHMHK@Z 000000018000c6c0 f i BerconDistortion.obj
 0001:0000b6c0       ?GetParamMap@ClassDesc@@UEAAPEAVIParamMap2@@PEAVParamBlockDesc2@@@Z 000000018000c6c0 f i BerconDistortion.obj
 0001:0000b6c0       __scrt_stub_for_is_c_termination_complete 000000018000c6c0 f i MSVCRT:ucrt_stubs.obj
 0001:0000b6c0       ?GetActionTable@ClassDesc@@UEAAPEAVActionTable@@H@Z 000000018000c6c0 f i BerconDistortion.obj
 0001:0000b6c0       ?GetNextKeyTime@Animatable@@UEAAHHKAEAH@Z 000000018000c6c0 f i BerconDistortion.obj
 0001:0000b6c0       ?NumChildren@Animatable@@UEAAHXZ 000000018000c6c0 f i BerconDistortion.obj
 0001:0000b6c0       ?IntersectWorld@RenderGlobalContext@@UEAAHAEAVRay@@HAEAUISect@@AEAVISectList@@H@Z 000000018000c6c0 f i BerconDistortion.obj
 0001:0000b6c0       ?DebugFile@RenderGlobalContext@@UEAAPEAU_iobuf@@XZ 000000018000c6c0 f i BerconDistortion.obj
 0001:0000b6c0       ?IsSubCurveSelected@Animatable@@UEAAHH@Z 000000018000c6c0 f i BerconDistortion.obj
 0001:0000b6c0       ?Execute@IGradient@@UEAA_JH_K00@Z 000000018000c6c0 f i BerconGradient.obj
 0001:0000b6c0       ?GetToolTip@ResourceMakerCallback@@UEAAHHAEAVWStr@@PEAVICurveCtl@@@Z 000000018000c6c0 f i BerconGradient.obj
 0001:0000b6c0       ?HasClassParams@ClassDesc@@UEAAHXZ 000000018000c6c0 f i BerconDistortion.obj
 0001:0000b6c0       ?GetUserDlgProc@ClassDesc@@UEAAPEAVParamMap2UserDlgProc@@PEAVParamBlockDesc2@@@Z 000000018000c6c0 f i BerconDistortion.obj
 0001:0000b6c0       ?IsCurveSelected@Animatable@@UEAAHXZ 000000018000c6c0 f i BerconDistortion.obj
 0001:0000b6c0       ?SetCustomImageList@ResourceMakerCallback@@UEAAHAEAPEAU_IMAGELIST@@PEAVICurveCtl@@@Z 000000018000c6c0 f i BerconGradient.obj
 0001:0000b6c0       ?BypassTreeView@Animatable@@UEAAHXZ 000000018000c6c0 f i BerconDistortion.obj
 0001:0000b6c0       ?CanManipulate@ClassDesc@@UEAAHPEAVReferenceTarget@@@Z 000000018000c6c0 f i BerconDistortion.obj
 0001:0000b6c0       ?PaintFCurves@Animatable@@UEAAHPEAVParamDimensionBase@@PEAUHDC__@@AEAVBox2@@2MHMHK@Z 000000018000c6c0 f i BerconDistortion.obj
 0001:0000b6c0       ?GetRenderInstance@RenderGlobalContext@@UEAAPEAVRenderInstance@@H@Z 000000018000c6c0 f i BerconDistortion.obj
 0001:0000b6c0       ?GetUVWSource@Texmap@@UEAAHXZ 000000018000c6c0 f i BerconDistortion.obj
 0001:0000b6c0       ?GetSubFCurveExtents@Animatable@@UEAAHHPEAVParamDimensionBase@@AEAM1K@Z 000000018000c6c0 f i BerconDistortion.obj
 0001:0000b6c0       ?BeginCreate@ClassDesc@@UEAAHPEAVInterface@@@Z 000000018000c6c0 f i BerconDistortion.obj
 0001:0000b6c0       ?CopySubTrack@Animatable@@UEAAPEAVTrackClipObject@@HVInterval@@K@Z 000000018000c6c0 f i BerconDistortion.obj
 0001:0000b6c0       _is_c_termination_complete 000000018000c6c0 f i MSVCRT:ucrt_stubs.obj
 0001:0000b6c0       ?ShouldPersistWeakRef@ReferenceMaker@@UEAAHPEAVReferenceTarget@@@Z 000000018000c6c0 f i BerconDistortion.obj
 0001:0000b6c0       ?GetCache@ShadeContext@@UEAAHPEAVTexmap@@AEAVPoint3@@@Z 000000018000c6c0 f i BerconDistortion.obj
 0001:0000b6c0       ?Execute@ICustomControl@@UEAA_JH_K00@Z 000000018000c6c0 f i BerconGradient.obj
 0001:0000b6c0       ?HandleOwnViewPerturb@Texmap@@UEAAHXZ 000000018000c6c0 f i BerconDistortion.obj
 0001:0000b6c0       ?GetFCurveExtents@Animatable@@UEAAHPEAVParamDimensionBase@@AEAM1K@Z 000000018000c6c0 f i BerconDistortion.obj
 0001:0000b6c0       ?GetCache@ShadeContext@@UEAAHPEAVTexmap@@AEAM@Z 000000018000c6c0 f i BerconDistortion.obj
 0001:0000b6c0       ?SupportTimeOperations@Animatable@@UEAAHXZ 000000018000c6c0 f i BerconDistortion.obj
 0001:0000b6c0       ?SelectSubAnim@Animatable@@UEAAHH@Z 000000018000c6c0 f i BerconDistortion.obj
 0001:0000b6c0       ?IsSuperSampleOn@ShadeContext@@UEAAHXZ 000000018000c6c0 f i BerconDistortion.obj
 0001:0000b6c0       ?GetTheUVGen@Texmap@@UEAAPEAVUVGen@@XZ 000000018000c6c0 f i BerconDistortion.obj
 0001:0000b6c0       ?GetKeySelState@Animatable@@UEAAHAEAVBitArray@@VInterval@@K@Z 000000018000c6c0 f i BerconDistortion.obj
 0001:0000b6c0       ?EndCreate@ClassDesc@@UEAAHPEAVInterface@@@Z 000000018000c6c0 f i BerconDistortion.obj
 0001:0000b6c0       ?ChildAnim@Animatable@@UEAAPEAV1@H@Z 000000018000c6c0 f i BerconDistortion.obj
 0001:0000b6c0       ?Execute@RenderGlobalContext@@UEAA_JH_K00@Z 000000018000c6c0 f i BerconDistortion.obj
 0001:0000b6c0       ?CreateManipulator@ClassDesc@@UEAAPEAVManipulator@@PEAVINode@@@Z 000000018000c6c0 f i BerconDistortion.obj
 0001:0000b6c0       ?DebugFile@ShadeContext@@UEAAPEAU_iobuf@@XZ 000000018000c6c0 f i BerconDistortion.obj
 0001:0000b6c0       ?SetDlgThing@BerconDistortion@@UEAAHPEAVParamDlg@@@Z 000000018000c6c0 f i BerconDistortion.obj
 0001:0000b6c0       ?GetNSuperSample@ShadeContext@@UEAAHXZ 000000018000c6c0 f i BerconDistortion.obj
 0001:0000b6c0       ?RenderBegin@Animatable@@UEAAHHK@Z 000000018000c6c0 f i BerconDistortion.obj
 0001:0000b6c0       ?Execute@ShadeContext@@UEAA_JH_K00@Z 000000018000c6c0 f i BerconDistortion.obj
 0001:0000b6d0       ?SurfacePtScreen@BerconSC@@UEAA?AVPoint2@@XZ 000000018000c6d0 f i BerconDistortion.obj
 0001:0000b700       ?SurfacePtScreen@ShadeContext@@UEAA?AVPoint2@@XZ 000000018000c700 f i BerconDistortion.obj
 0001:0000b700       ?ClassID@ShadeContext@@UEAA?AVClass_ID@@XZ 000000018000c700 f i BerconDistortion.obj
 0001:0000b710       ?TossCache@BerconSC@@UEAAXPEAVTexmap@@@Z 000000018000c710 f i BerconDistortion.obj
 0001:0000b730       ?UVW@BerconSC@@UEAA?AVPoint3@@H@Z 000000018000c730 f i BerconDistortion.obj
 0001:0000b800       ?UVWNormal@BerconSC@@UEAA?AVPoint3@@H@Z 000000018000c800 f i BerconDistortion.obj
 0001:0000b830       ?UVWNormal@ShadeContext@@UEAA?AVPoint3@@H@Z 000000018000c830 f i BerconDistortion.obj
 0001:0000b840       ?Update@BerconDistortion@@UEAAXHAEAVInterval@@@Z 000000018000c840 f   BerconDistortion.obj
 0001:0000b960       ?Update@ParamMap2UserDlgProc@@UEAAXHAEAVInterval@@PEAVIParamMap2@@@Z 000000018000c960 f i BerconDistortion.obj
 0001:0000b970       ?V@BerconSC@@UEAA?AVPoint3@@XZ 000000018000c970 f i BerconDistortion.obj
 0001:0000b9a0       ?Validity@BerconDistortion@@UEAA?AVInterval@@H@Z 000000018000c9a0 f   BerconDistortion.obj
 0001:0000b9f0       ?VectorFrom@BerconSC@@UEAA?AVPoint3@@AEBV2@W4RefFrame@@@Z 000000018000c9f0 f i BerconDistortion.obj
 0001:0000ba20       ?VectorFromNoScale@BerconSC@@UEAA?AVPoint3@@AEBV2@W4RefFrame@@@Z 000000018000ca20 f i BerconDistortion.obj
 0001:0000ba50       ?VectorTo@BerconSC@@UEAA?AVPoint3@@AEBV2@W4RefFrame@@@Z 000000018000ca50 f i BerconDistortion.obj
 0001:0000ba80       ?VectorToNoScale@BerconSC@@UEAA?AVPoint3@@AEBV2@W4RefFrame@@@Z 000000018000ca80 f i BerconDistortion.obj
 0001:0000bab0       ?getDistVector@BerconDistortion@@QEAA?AVPoint3@@AEAVShadeContext@@@Z 000000018000cab0 f   BerconDistortion.obj
 0001:0000bbb0       ?Create@BerconGradientClassDesc@@UEAAPEAXH@Z 000000018000cbb0 f i BerconGradient.obj
 0001:0000bbf0       ?ClassName@BerconGradientClassDesc@@UEAAPEB_WXZ 000000018000cbf0 f i BerconGradient.obj
 0001:0000bc00       ?ClassID@BerconGradientClassDesc@@UEAA?AVClass_ID@@XZ 000000018000cc00 f i BerconGradient.obj
 0001:0000bc00       ?ClassID@BerconGradient@@UEAA?AVClass_ID@@XZ 000000018000cc00 f i BerconGradient.obj
 0001:0000bc20       ?InternalName@BerconGradientClassDesc@@UEAAPEB_WXZ 000000018000cc20 f i BerconGradient.obj
 0001:0000bc30       ??_GBerconGradientClassDesc@@UEAAPEAXI@Z 000000018000cc30 f i BerconGradient.obj
 0001:0000bc30       ??_EBerconGradientClassDesc@@UEAAPEAXI@Z 000000018000cc30 f i BerconGradient.obj
 0001:0000bc90       ??0BerconGradient@@QEAA@XZ 000000018000cc90 f   BerconGradient.obj
 0001:0000bdf0       ??0IGradient@@QEAA@PEAUHWND__@@PEAVGradientRamp@@@Z 000000018000cdf0 f i BerconGradient.obj
 0001:0000be50       ??1BerconGradient@@UEAA@XZ 000000018000ce50 f   BerconGradient.obj
 0001:0000bf20       ??1ICustomControl@@UEAA@XZ 000000018000cf20 f i BerconGradient.obj
 0001:0000bf40       ??_EBerconGradient@@WEA@EAAPEAXI@Z 000000018000cf40 f i BerconGradient.obj
 0001:0000bf50       ??_EBerconGradient@@UEAAPEAXI@Z 000000018000cf50 f i BerconGradient.obj
 0001:0000bf50       ??_GBerconGradient@@UEAAPEAXI@Z 000000018000cf50 f i BerconGradient.obj
 0001:0000bfa0       ??_EBerconGradientDlgProc@@UEAAPEAXI@Z 000000018000cfa0 f i BerconGradient.obj
 0001:0000bfa0       ??_GBerconGradientDlgProc@@UEAAPEAXI@Z 000000018000cfa0 f i BerconGradient.obj
 0001:0000bff0       ??_GICustomControl@@UEAAPEAXI@Z 000000018000cff0 f i BerconGradient.obj
 0001:0000bff0       ??_EICustomControl@@UEAAPEAXI@Z 000000018000cff0 f i BerconGradient.obj
 0001:0000c050       ??_EIGradient@@UEAAPEAXI@Z 000000018000d050 f i BerconGradient.obj
 0001:0000c050       ??_GIGradient@@UEAAPEAXI@Z 000000018000d050 f i BerconGradient.obj
 0001:0000c0e0       ?ActivateTexDisplay@BerconGradient@@UEAAXH@Z 000000018000d0e0 f i BerconGradient.obj
 0001:0000c110       ?Clone@BerconGradient@@UEAAPEAVReferenceTarget@@AEAVRemapDir@@@Z 000000018000d110 f   BerconGradient.obj
 0001:0000c2c0       ?CreateParamDlg@BerconGradient@@UEAAPEAVParamDlg@@PEAUHWND__@@PEAVIMtlParams@@@Z 000000018000d2c0 f   BerconGradient.obj
 0001:0000c3d0       ?DeleteThis@BerconGradient@@UEAAXXZ 000000018000d3d0 f i BerconGradient.obj
 0001:0000c400       ?DiscardTexHandle@BerconGradient@@QEAAXXZ 000000018000d400 f i BerconGradient.obj
 0001:0000c430       ?DlgProc@BerconGradientDlgProc@@UEAA_JHPEAVIParamMap2@@PEAUHWND__@@I_K_J@Z 000000018000d430 f   BerconGradient.obj
 0001:0000d0a0       ?EnableStuff@BerconGradient@@QEAAXXZ 000000018000e0a0 f   BerconGradient.obj
 0001:0000d400       ?EvalColor@BerconGradient@@UEAA?AVAColor@@AEAVShadeContext@@@Z 000000018000e400 f   BerconGradient.obj
 0001:0000d5c0       ?EvalMono@BerconGradient@@UEAAMAEAVShadeContext@@@Z 000000018000e5c0 f   BerconGradient.obj
 0001:0000d5f0       ?EvalNormalPerturb@BerconGradient@@UEAA?AVPoint3@@AEAVShadeContext@@@Z 000000018000e5f0 f   BerconGradient.obj
 0001:0000db00       ?GetActiveTexHandle@BerconGradient@@UEAA_KHAEAVTexHandleMaker@@@Z 000000018000eb00 f   BerconGradient.obj
 0001:0000dbc0       ?GetBerconGradientDesc@@YAPEAVClassDesc2@@XZ 000000018000ebc0 f   BerconGradient.obj
 0001:0000dbd0       ?GetClassName@BerconGradient@@UEAAXAEAVWStr@@@Z 000000018000ebd0 f i BerconGradient.obj
 0001:0000dc00       ?GetHwnd@IGradient@@UEAAPEAUHWND__@@XZ 000000018000ec00 f i BerconGradient.obj
 0001:0000dc10       ?GetInterface@BerconWood@@UEAAPEAXK@Z 000000018000ec10 f i BerconWood.obj
 0001:0000dc10       ?GetInterface@BerconNoise@@UEAAPEAXK@Z 000000018000ec10 f i BerconNoise.obj
 0001:0000dc10       ?GetInterface@BerconGradient@@UEAAPEAXK@Z 000000018000ec10 f i BerconGradient.obj
 0001:0000dc10       ?GetInterface@BerconTile@@UEAAPEAXK@Z 000000018000ec10 f i BerconTile.obj
 0001:0000dc18       ?GetInterface@BerconGradient@@WJA@EAAPEAXK@Z 000000018000ec18 f i BerconGradient.obj
 0001:0000dc18       ?GetInterface@BerconWood@@WJA@EAAPEAXK@Z 000000018000ec18 f i BerconWood.obj
 0001:0000dc18       ?GetInterface@BerconTile@@WJA@EAAPEAXK@Z 000000018000ec18 f i BerconTile.obj
 0001:0000dc18       ?GetInterface@BerconNoise@@WJA@EAAPEAXK@Z 000000018000ec18 f i BerconNoise.obj
 0001:0000dc30       ?GetParamBlock@BerconGradient@@UEAAPEAVIParamBlock2@@H@Z 000000018000ec30 f i BerconGradient.obj
 0001:0000dc50       ?GetParamBlockByID@BerconGradient@@UEAAPEAVIParamBlock2@@F@Z 000000018000ec50 f i BerconGradient.obj
 0001:0000dcc0       ?GetReference@BerconGradient@@UEAAPEAVReferenceTarget@@H@Z 000000018000ecc0 f   BerconGradient.obj
 0001:0000dd50       ?GetSubTexmap@BerconGradient@@UEAAPEAVTexmap@@H@Z 000000018000ed50 f   BerconGradient.obj
 0001:0000dd90       ?GetSubTexmapSlotName@BerconGradient@@UEAA?AVWStr@@H@Z 000000018000ed90 f   BerconGradient.obj
 0001:0000de40       ?LocalRequirements@BerconGradient@@UEAAKH@Z 000000018000ee40 f i BerconGradient.obj
 0001:0000de60       ?MappingsRequired@BerconGradient@@UEAAXHAEAVBitArray@@0@Z 000000018000ee60 f i BerconGradient.obj
 0001:0000de80       ?NotifyRefChanged@BerconGradient@@UEAA?AW4RefResult@@AEBVInterval@@PEAVReferenceTarget@@AEA_KIH@Z 000000018000ee80 f   BerconGradient.obj
 0001:0000df90       ?NumSubTexmaps@BerconGradient@@UEAAHXZ 000000018000ef90 f i BerconGradient.obj
 0001:0000dfa0       ?NumSubs@BerconGradient@@UEAAHXZ 000000018000efa0 f i BerconGradient.obj
 0001:0000dfa0       ?NumRefs@BerconGradient@@UEAAHXZ 000000018000efa0 f i BerconGradient.obj
 0001:0000dfb0       ?RenderBegin@BerconGradient@@UEAAHHK@Z 000000018000efb0 f i BerconGradient.obj
 0001:0000dfd0       ?RenderEnd@BerconGradient@@UEAAHH@Z 000000018000efd0 f i BerconGradient.obj
 0001:0000dfe0       ?Reset@BerconGradient@@UEAAXXZ 000000018000efe0 f   BerconGradient.obj
 0001:0000e2d0       ?SetDlgThing@BerconGradient@@UEAAHPEAVParamDlg@@@Z 000000018000f2d0 f   BerconGradient.obj
 0001:0000e310       ?SetReference@BerconGradient@@EEAAXHPEAVReferenceTarget@@@Z 000000018000f310 f   BerconGradient.obj
 0001:0000e420       ?SetSubTexmap@BerconGradient@@UEAAXHPEAVTexmap@@@Z 000000018000f420 f   BerconGradient.obj
 0001:0000e4b0       ?SetThing@BerconGradientDlgProc@@UEAAXPEAVReferenceTarget@@@Z 000000018000f4b0 f i BerconGradient.obj
 0001:0000e560       ?SubAnim@BerconGradient@@UEAAPEAVAnimatable@@H@Z 000000018000f560 f   BerconGradient.obj
 0001:0000e5f0       ?SubAnimName@BerconGradient@@UEAA?AVWStr@@H@Z 000000018000f5f0 f   BerconGradient.obj
 0001:0000e680       ?Update@BerconGradient@@UEAAXHAEAVInterval@@@Z 000000018000f680 f   BerconGradient.obj
 0001:0000ed70       ?Validity@BerconGradient@@UEAA?AVInterval@@H@Z 000000018000fd70 f   BerconGradient.obj
 0001:0000edc0       ?countKeys@BerconGradient@@QEAAHXZ 000000018000fdc0 f   BerconGradient.obj
 0001:0000ee60       ?getGradientValue@BerconGradient@@QEAAMAEAVShadeContext@@@Z 000000018000fe60 f   BerconGradient.obj
 0001:0000f1c0       ?getGradientValueDist@BerconGradient@@QEAAMAEAVShadeContext@@@Z 00000001800101c0 f   BerconGradient.obj
 0001:0000f570       ?getGradientValueNormal@BerconGradient@@QEAAMAEAVShadeContext@@@Z 0000000180010570 f   BerconGradient.obj
 0001:0000f920       ?getGradientValueUVW@BerconGradient@@QEAAMVPoint3@@@Z 0000000180010920 f   BerconGradient.obj
 0001:0000fcb0       ?gradAddKey@BerconGradient@@UEAAXM@Z 0000000180010cb0 f   BerconGradient.obj
 0001:0000fdc0       ?gradDelKey@BerconGradient@@UEAAXH@Z 0000000180010dc0 f   BerconGradient.obj
 0001:0000fea0       ?gradMoveKey@BerconGradient@@UEAAXHM@Z 0000000180010ea0 f   BerconGradient.obj
 0001:0000ff70       ?gradReset@BerconGradient@@UEAAXXZ 0000000180010f70 f i BerconGradient.obj
 0001:0000ff80       ?gradSelKey@BerconGradient@@UEAAXXZ 0000000180010f80 f   BerconGradient.obj
 0001:00010010       ?keyColorChanged@BerconGradient@@QEAAXVAColor@@@Z 0000000180011010 f   BerconGradient.obj
 0001:000100c0       ?keyNumChanged@BerconGradient@@QEAAXH@Z 00000001800110c0 f   BerconGradient.obj
 0001:00010150       ?keyPosChanged@BerconGradient@@QEAAXM@Z 0000000180011150 f   BerconGradient.obj
 0001:00010200       ?limitRange@BerconGradient@@QEAAHAEAM@Z 0000000180011200 f   BerconGradient.obj
 0001:000102d0       ?resetKeys@BerconGradient@@QEAAXXZ 00000001800112d0 f   BerconGradient.obj
 0001:000103c0       ?seedRandomGen@BerconGradient@@QEAAXAEAVShadeContext@@@Z 00000001800113c0 f   BerconGradient.obj
 0001:00010530       ?setKeyTex@BerconGradient@@QEAAXPEAVTexmap@@@Z 0000000180011530 f   BerconGradient.obj
 0001:000105c0       ?Create@BerconTileClassDesc@@UEAAPEAXH@Z 00000001800115c0 f i BerconTile.obj
 0001:00010600       ?ClassName@BerconTileClassDesc@@UEAAPEB_WXZ 0000000180011600 f i BerconTile.obj
 0001:00010610       ?Category@BerconDistortionClassDesc@@UEAAPEB_WXZ 0000000180011610 f i BerconDistortion.obj
 0001:00010610       ?Category@BerconNoiseClassDesc@@UEAAPEB_WXZ 0000000180011610 f i BerconNoise.obj
 0001:00010610       ?Category@BerconTileClassDesc@@UEAAPEB_WXZ 0000000180011610 f i BerconTile.obj
 0001:00010610       ?Category@BerconGradientClassDesc@@UEAAPEB_WXZ 0000000180011610 f i BerconGradient.obj
 0001:00010610       ?Category@BerconWoodClassDesc@@UEAAPEB_WXZ 0000000180011610 f i BerconWood.obj
 0001:00010620       ?InternalName@BerconTileClassDesc@@UEAAPEB_WXZ 0000000180011620 f i BerconTile.obj
 0001:00010630       ??_EBerconTileClassDesc@@UEAAPEAXI@Z 0000000180011630 f i BerconTile.obj
 0001:00010630       ??_GBerconTileClassDesc@@UEAAPEAXI@Z 0000000180011630 f i BerconTile.obj
 0001:00010690       ??$_Destroy_range1@V?$allocator@VTileRow@@@std@@PEAVTileRow@@@std@@YAXPEAVTileRow@@0AEAU?$_Wrap_alloc@V?$allocator@VTileRow@@@std@@@0@U?$integral_constant@_N$0A@@0@@Z 0000000180011690 f i BerconTile.obj
 0001:00010780       ??0BerconTile@@QEAA@XZ     0000000180011780 f   BerconTile.obj
 0001:00010990       ??1?$basic_string@_WU?$char_traits@_W@std@@V?$allocator@_W@2@@std@@QEAA@XZ 0000000180011990 f i BerconTile.obj
 0001:000109e0       ??1?$vector@MV?$allocator@M@std@@@std@@QEAA@XZ 00000001800119e0 f i BerconTile.obj
 0001:00010a20       ??1?$vector@VTileRow@@V?$allocator@VTileRow@@@std@@@std@@QEAA@XZ 0000000180011a20 f i BerconTile.obj
 0001:00010a80       ??1BerconTile@@UEAA@XZ     0000000180011a80 f   BerconTile.obj
 0001:00010b00       ??1TilePattern@@QEAA@XZ    0000000180011b00 f i BerconTile.obj
 0001:00010ba0       ??_EBerconTile@@WEA@EAAPEAXI@Z 0000000180011ba0 f i BerconTile.obj
 0001:00010bb0       ??_EBerconTile@@UEAAPEAXI@Z 0000000180011bb0 f i BerconTile.obj
 0001:00010bb0       ??_GBerconTile@@UEAAPEAXI@Z 0000000180011bb0 f i BerconTile.obj
 0001:00010c00       ??_EBerconTileDlgProc@@UEAAPEAXI@Z 0000000180011c00 f i BerconTile.obj
 0001:00010c00       ??_GBerconTileDlgProc@@UEAAPEAXI@Z 0000000180011c00 f i BerconTile.obj
 0001:00010c50       ?ActivateTexDisplay@BerconTile@@UEAAXH@Z 0000000180011c50 f i BerconTile.obj
 0001:00010c80       ?ClassID@BerconTileClassDesc@@UEAA?AVClass_ID@@XZ 0000000180011c80 f i BerconTile.obj
 0001:00010c80       ?ClassID@BerconTile@@UEAA?AVClass_ID@@XZ 0000000180011c80 f i BerconTile.obj
 0001:00010ca0       ?Clone@BerconTile@@UEAAPEAVReferenceTarget@@AEAVRemapDir@@@Z 0000000180011ca0 f   BerconTile.obj
 0001:00010e20       ?CreateParamDlg@BerconTile@@UEAAPEAVParamDlg@@PEAUHWND__@@PEAVIMtlParams@@@Z 0000000180011e20 f   BerconTile.obj
 0001:00010f40       ?DeleteThis@BerconTile@@UEAAXXZ 0000000180011f40 f i BerconTile.obj
 0001:00010f70       ?DiscardTexHandle@BerconTile@@QEAAXXZ 0000000180011f70 f i BerconTile.obj
 0001:00010fa0       ?DlgProc@BerconTileDlgProc@@UEAA_JHPEAVIParamMap2@@PEAUHWND__@@I_K_J@Z 0000000180011fa0 f   BerconTile.obj
 0001:00011570       ?EnableStuff@BerconTile@@QEAAXH@Z 0000000180012570 f   BerconTile.obj
 0001:000119e0       ?EvalColor@BerconTile@@UEAA?AVAColor@@AEAVShadeContext@@@Z 00000001800129e0 f   BerconTile.obj
 0001:00011fa0       ?EvalMono@BerconTile@@UEAAMAEAVShadeContext@@@Z 0000000180012fa0 f   BerconTile.obj
 0001:00011fd0       ?EvalNormalPerturb@BerconTile@@UEAA?AVPoint3@@AEAVShadeContext@@@Z 0000000180012fd0 f   BerconTile.obj
 0001:000129a0       ?EvalParameters@BerconTile@@QEAA?AVTileParam@@AEAVShadeContext@@@Z 00000001800139a0 f   BerconTile.obj
 0001:00012ac0       ?GetActiveTexHandle@BerconTile@@UEAA_KHAEAVTexHandleMaker@@@Z 0000000180013ac0 f   BerconTile.obj
 0001:00012b80       ?GetBerconTileDesc@@YAPEAVClassDesc2@@XZ 0000000180013b80 f   BerconTile.obj
 0001:00012b90       ?GetClassName@BerconTile@@UEAAXAEAVWStr@@@Z 0000000180013b90 f i BerconTile.obj
 0001:00012bc0       ?GetParamBlock@BerconTile@@UEAAPEAVIParamBlock2@@H@Z 0000000180013bc0 f i BerconTile.obj
 0001:00012bf0       ?GetParamBlockByID@BerconTile@@UEAAPEAVIParamBlock2@@F@Z 0000000180013bf0 f i BerconTile.obj
 0001:00012c90       ?SubAnim@BerconTile@@UEAAPEAVAnimatable@@H@Z 0000000180013c90 f   BerconTile.obj
 0001:00012c90       ?GetReference@BerconTile@@UEAAPEAVReferenceTarget@@H@Z 0000000180013c90 f   BerconTile.obj
 0001:00012ce0       ?GetSubTexmap@BerconTile@@UEAAPEAVTexmap@@H@Z 0000000180013ce0 f i BerconTile.obj
 0001:00012cf0       ?GetSubTexmapSlotName@BerconTile@@UEAA?AVWStr@@H@Z 0000000180013cf0 f   BerconTile.obj
 0001:00012de0       ?LocalRequirements@BerconTile@@UEAAKH@Z 0000000180013de0 f i BerconTile.obj
 0001:00012e00       ?MappingsRequired@BerconTile@@UEAAXHAEAVBitArray@@0@Z 0000000180013e00 f i BerconTile.obj
 0001:00012e20       ?NotifyRefChanged@BerconTile@@UEAA?AW4RefResult@@AEBVInterval@@PEAVReferenceTarget@@AEA_KIH@Z 0000000180013e20 f   BerconTile.obj
 0001:00012f10       ?NumRefs@BerconTile@@UEAAHXZ 0000000180013f10 f i BerconTile.obj
 0001:00012f20       ?NumSubTexmaps@BerconTile@@UEAAHXZ 0000000180013f20 f i BerconTile.obj
 0001:00012f30       ?Reset@BerconTile@@UEAAXXZ 0000000180013f30 f   BerconTile.obj
 0001:00013530       ?SetDlgThing@BerconTile@@UEAAHPEAVParamDlg@@@Z 0000000180014530 f   BerconTile.obj
 0001:00013570       ?SetReference@BerconTile@@EEAAXHPEAVReferenceTarget@@@Z 0000000180014570 f   BerconTile.obj
 0001:000135c0       ?SetSubTexmap@BerconTile@@UEAAXHPEAVTexmap@@@Z 00000001800145c0 f   BerconTile.obj
 0001:000136b0       ?SetThing@BerconTileDlgProc@@UEAAXPEAVReferenceTarget@@@Z 00000001800146b0 f i BerconTile.obj
 0001:000136e0       ?SubAnimName@BerconTile@@UEAA?AVWStr@@H@Z 00000001800146e0 f   BerconTile.obj
 0001:00013780       ?BuildMaps@MtlBase@@UEAAHHAEAVRenderMapsContext@@@Z 0000000180014780 f i BerconDistortion.obj
 0001:00013780       ?CanMakeUnique@Animatable@@UEAAHXZ 0000000180014780 f i BerconDistortion.obj
 0001:00013780       ?NumSubs@BerconWood@@UEAAHXZ 0000000180014780 f i BerconWood.obj
 0001:00013780       ?IsRefTarget@ReferenceTarget@@UEAAHXZ 0000000180014780 f i BerconDistortion.obj
 0001:00013780       ?GetSelKeyCoords@Animatable@@UEAAHAEAHAEAMK@Z 0000000180014780 f i BerconDistortion.obj
 0001:00013780       ?IsEnabled@IGradient@@UEAAHXZ 0000000180014780 f i BerconGradient.obj
 0001:00013780       ?IsPublic@BerconWoodClassDesc@@UEAAHXZ 0000000180014780 f i BerconWood.obj
 0001:00013780       ?IsPublic@BerconTileClassDesc@@UEAAHXZ 0000000180014780 f i BerconTile.obj
 0001:00013780       ?SupportTexDisplay@BerconNoise@@UEAAHXZ 0000000180014780 f i BerconNoise.obj
 0001:00013780       ?SubTexmapOn@ISubMap@@UEAAHH@Z 0000000180014780 f i BerconDistortion.obj
 0001:00013780       ?CanCopyAnim@Animatable@@UEAAHXZ 0000000180014780 f i BerconDistortion.obj
 0001:00013780       ?OkToCreate@ClassDesc@@UEAAHPEAVInterface@@@Z 0000000180014780 f i BerconDistortion.obj
 0001:00013780       _get_startup_argv_mode     0000000180014780 f i MSVCRT:argv_mode.obj
 0001:00013780       ?LibShutdown@@YAHXZ        0000000180014780 f i DllEntry.obj
 0001:00013780       ?IsRefMaker@ReferenceMaker@@UEAAHXZ 0000000180014780 f i BerconDistortion.obj
 0001:00013780       ?IsPublic@BerconGradientClassDesc@@UEAAHXZ 0000000180014780 f i BerconGradient.obj
 0001:00013780       ?GetTransparencyHint@MtlBase@@UEAAHHAEAVInterval@@@Z 0000000180014780 f i BerconDistortion.obj
 0001:00013780       ?IsRealDependency@ReferenceMaker@@UEAAHPEAVReferenceTarget@@@Z 0000000180014780 f i BerconDistortion.obj
 0001:00013780       ?SupportTexDisplay@BerconTile@@UEAAHXZ 0000000180014780 f i BerconTile.obj
 0001:00013780       ?NumSubs@BerconNoise@@UEAAHXZ 0000000180014780 f i BerconNoise.obj
 0001:00013780       ?LoadMapFiles@Texmap@@UEAAHH@Z 0000000180014780 f i BerconDistortion.obj
 0001:00013780       ?GetMapChannel@Texmap@@UEAAHXZ 0000000180014780 f i BerconDistortion.obj
 0001:00013780       ?GetTrackVSpace@Animatable@@UEAAHH@Z 0000000180014780 f i BerconDistortion.obj
 0001:00013780       ?SupportTexDisplay@BerconGradient@@UEAAHXZ 0000000180014780 f i BerconGradient.obj
 0001:00013780       ?SupportTexDisplay@BerconDistortion@@UEAAHXZ 0000000180014780 f i BerconDistortion.obj
 0001:00013780       ?NumSubs@BerconTile@@UEAAHXZ 0000000180014780 f i BerconTile.obj
 0001:00013780       ?LibInitialize@@YAHXZ      0000000180014780 f i DllEntry.obj
 0001:00013780       ?IsPublic@BerconNoiseClassDesc@@UEAAHXZ 0000000180014780 f i BerconNoise.obj
 0001:00013780       ?CanAssignController@Animatable@@UEAAHH@Z 0000000180014780 f i BerconDistortion.obj
 0001:00013780       ?CanTransferReference@ReferenceMaker@@UEAAHH@Z 0000000180014780 f i BerconDistortion.obj
 0001:00013780       ?IsPublic@BerconDistortionClassDesc@@UEAAHXZ 0000000180014780 f i BerconDistortion.obj
 0001:00013780       ?SupportTexDisplay@BerconWood@@UEAAHXZ 0000000180014780 f i BerconWood.obj
 0001:00013790       ?Update@BerconTile@@UEAAXHAEAVInterval@@@Z 0000000180014790 f   BerconTile.obj
 0001:00013ff0       ?Validity@BerconTile@@UEAA?AVInterval@@H@Z 0000000180014ff0 f   BerconTile.obj
 0001:00014040       ?_Copy@?$basic_string@_WU?$char_traits@_W@std@@V?$allocator@_W@2@@std@@QEAAX_K0@Z 0000000180015040 f i BerconTile.obj
 0001:00014170       ?allocate@?$allocator@_W@std@@QEAAPEA_W_K@Z 0000000180015170 f i BerconTile.obj
 0001:000141f0       ?assign@?$basic_string@_WU?$char_traits@_W@std@@V?$allocator@_W@2@@std@@QEAAAEAV12@AEBV12@_K1@Z 00000001800151f0 f i BerconTile.obj
 0001:00014330       ?assign@?$basic_string@_WU?$char_traits@_W@std@@V?$allocator@_W@2@@std@@QEAAAEAV12@PEB_W_K@Z 0000000180015330 f i BerconTile.obj
 0001:00014480       ?checkValues@TileParam@@QEAAXXZ 0000000180015480 f i BerconTile.obj
 0001:00014580       ?deallocate@?$allocator@M@std@@QEAAXPEAM_K@Z 0000000180015580 f i BerconTile.obj
 0001:00014600       ?deallocate@?$allocator@_W@std@@QEAAXPEA_W_K@Z 0000000180015600 f i BerconTile.obj
 0001:00014670       ?erase@?$basic_string@_WU?$char_traits@_W@std@@V?$allocator@_W@2@@std@@QEAAAEAV12@_K0@Z 0000000180015670 f i BerconTile.obj
 0001:00014720       ?getColor@BerconTile@@QEAA?AVAColor@@AEAVShadeContext@@H@Z 0000000180015720 f i BerconTile.obj
 0001:000147c0       ?getDistVector@BerconTile@@QEAA?AVPoint3@@AEAVShadeContext@@@Z 00000001800157c0 f   BerconTile.obj
 0001:000148e0       ?getFloat@BerconTile@@QEAAMAEAVShadeContext@@H@Z 00000001800158e0 f i BerconTile.obj
 0001:00014930       ?getNormal@BerconTile@@QEAA?AVPoint3@@AEAVShadeContext@@H@Z 0000000180015930 f i BerconTile.obj
 0001:000149a0       ?update@TilePattern@@QEAAXXZ 00000001800159a0 f i BerconTile.obj
 0001:00014a60       ?Create@BerconWoodClassDesc@@UEAAPEAXH@Z 0000000180015a60 f i BerconWood.obj
 0001:00014aa0       ?ClassName@BerconWoodClassDesc@@UEAAPEB_WXZ 0000000180015aa0 f i BerconWood.obj
 0001:00014ab0       ?ClassID@BerconWoodClassDesc@@UEAA?AVClass_ID@@XZ 0000000180015ab0 f i BerconWood.obj
 0001:00014ab0       ?ClassID@BerconWood@@UEAA?AVClass_ID@@XZ 0000000180015ab0 f i BerconWood.obj
 0001:00014ad0       ?InternalName@BerconWoodClassDesc@@UEAAPEB_WXZ 0000000180015ad0 f i BerconWood.obj
 0001:00014ae0       ??_GBerconWoodClassDesc@@UEAAPEAXI@Z 0000000180015ae0 f i BerconWood.obj
 0001:00014ae0       ??_EBerconWoodClassDesc@@UEAAPEAXI@Z 0000000180015ae0 f i BerconWood.obj
 0001:00014b40       ??0BerconWood@@QEAA@XZ     0000000180015b40 f   BerconWood.obj
 0001:00014c60       ??1BerconWood@@UEAA@XZ     0000000180015c60 f   BerconWood.obj
 0001:00014cc8       ??_EBerconWood@@WEA@EAAPEAXI@Z 0000000180015cc8 f i BerconWood.obj
 0001:00014ce0       ??_EBerconWood@@UEAAPEAXI@Z 0000000180015ce0 f i BerconWood.obj
 0001:00014ce0       ??_GBerconWood@@UEAAPEAXI@Z 0000000180015ce0 f i BerconWood.obj
 0001:00014d30       ??_EBerconWoodDlgProc@@UEAAPEAXI@Z 0000000180015d30 f i BerconWood.obj
 0001:00014d30       ??_GBerconWoodDlgProc@@UEAAPEAXI@Z 0000000180015d30 f i BerconWood.obj
 0001:00014d80       ?ActivateTexDisplay@BerconWood@@UEAAXH@Z 0000000180015d80 f i BerconWood.obj
 0001:00014db0       ?Clone@BerconWood@@UEAAPEAVReferenceTarget@@AEAVRemapDir@@@Z 0000000180015db0 f   BerconWood.obj
 0001:00014f30       ?CreateParamDlg@BerconWood@@UEAAPEAVParamDlg@@PEAUHWND__@@PEAVIMtlParams@@@Z 0000000180015f30 f   BerconWood.obj
 0001:00015030       ?DeleteThis@BerconWood@@UEAAXXZ 0000000180016030 f i BerconWood.obj
 0001:00015060       ?DiscardTexHandle@BerconWood@@QEAAXXZ 0000000180016060 f i BerconWood.obj
 0001:00015090       ?DlgProc@BerconWoodDlgProc@@UEAA_JHPEAVIParamMap2@@PEAUHWND__@@I_K_J@Z 0000000180016090 f   BerconWood.obj
 0001:00015210       ?EnableStuff@BerconWood@@QEAAXXZ 0000000180016210 f   BerconWood.obj
 0001:000153c0       ?EvalColor@BerconWood@@UEAA?AVAColor@@AEAVShadeContext@@@Z 00000001800163c0 f   BerconWood.obj
 0001:00015a50       ?EvalMono@BerconWood@@UEAAMAEAVShadeContext@@@Z 0000000180016a50 f   BerconWood.obj
 0001:00015a80       ?EvalNormalPerturb@BerconWood@@UEAA?AVPoint3@@AEAVShadeContext@@@Z 0000000180016a80 f   BerconWood.obj
 0001:00016480       ?EvalParameters@BerconWood@@QEAA?AVWoodParam@@AEAVShadeContext@@@Z 0000000180017480 f   BerconWood.obj
 0001:00016870       ?GetActiveTexHandle@BerconWood@@UEAA_KHAEAVTexHandleMaker@@@Z 0000000180017870 f   BerconWood.obj
 0001:00016930       ?GetBerconWoodDesc@@YAPEAVClassDesc2@@XZ 0000000180017930 f   BerconWood.obj
 0001:00016940       ?GetClassName@BerconWood@@UEAAXAEAVWStr@@@Z 0000000180017940 f i BerconWood.obj
 0001:00016970       ?GetParamBlock@BerconWood@@UEAAPEAVIParamBlock2@@H@Z 0000000180017970 f i BerconWood.obj
 0001:000169a0       ?GetParamBlockByID@BerconWood@@UEAAPEAVIParamBlock2@@F@Z 00000001800179a0 f i BerconWood.obj
 0001:00016a40       ?GetReference@BerconWood@@UEAAPEAVReferenceTarget@@H@Z 0000000180017a40 f   BerconWood.obj
 0001:00016a40       ?SubAnim@BerconWood@@UEAAPEAVAnimatable@@H@Z 0000000180017a40 f   BerconWood.obj
 0001:00016a90       ?GetSubTexmap@BerconWood@@UEAAPEAVTexmap@@H@Z 0000000180017a90 f i BerconWood.obj
 0001:00016aa0       ?GetSubTexmapSlotName@BerconWood@@UEAA?AVWStr@@H@Z 0000000180017aa0 f   BerconWood.obj
 0001:00016cd0       ?LocalRequirements@BerconWood@@UEAAKH@Z 0000000180017cd0 f i BerconWood.obj
 0001:00016cf0       ?MappingsRequired@BerconWood@@UEAAXHAEAVBitArray@@0@Z 0000000180017cf0 f i BerconWood.obj
 0001:00016d10       ?NotifyRefChanged@BerconWood@@UEAA?AW4RefResult@@AEBVInterval@@PEAVReferenceTarget@@AEA_KIH@Z 0000000180017d10 f   BerconWood.obj
 0001:00016e00       ?NumRefs@BerconWood@@UEAAHXZ 0000000180017e00 f i BerconWood.obj
 0001:00016e10       ?NumSubTexmaps@BerconWood@@UEAAHXZ 0000000180017e10 f i BerconWood.obj
 0001:00016e20       ?Reset@BerconWood@@UEAAXXZ 0000000180017e20 f   BerconWood.obj
 0001:00017350       ?SetDlgThing@BerconWood@@UEAAHPEAVParamDlg@@@Z 0000000180018350 f   BerconWood.obj
 0001:00017390       ?SetReference@BerconWood@@EEAAXHPEAVReferenceTarget@@@Z 0000000180018390 f   BerconWood.obj
 0001:000173e0       ?SetSubTexmap@BerconWood@@UEAAXHPEAVTexmap@@@Z 00000001800183e0 f   BerconWood.obj
 0001:000174d0       ?SetThing@BerconWoodDlgProc@@UEAAXPEAVReferenceTarget@@@Z 00000001800184d0 f i BerconWood.obj
 0001:000174e0       ?SubAnimName@BerconWood@@UEAA?AVWStr@@H@Z 00000001800184e0 f   BerconWood.obj
 0001:000175d0       ?SuperClassID@BerconNoise@@UEAAKXZ 00000001800185d0 f i BerconNoise.obj
 0001:000175d0       ?SuperClassID@BerconWood@@UEAAKXZ 00000001800185d0 f i BerconWood.obj
 0001:000175d0       ?SuperClassID@BerconWoodClassDesc@@UEAAKXZ 00000001800185d0 f i BerconWood.obj
 0001:000175d0       ?SuperClassID@BerconTileClassDesc@@UEAAKXZ 00000001800185d0 f i BerconTile.obj
 0001:000175d0       ?SuperClassID@BerconTile@@UEAAKXZ 00000001800185d0 f i BerconTile.obj
 0001:000175d0       ?SuperClassID@BerconGradient@@UEAAKXZ 00000001800185d0 f i BerconGradient.obj
 0001:000175d0       ?SuperClassID@BerconDistortion@@UEAAKXZ 00000001800185d0 f i BerconDistortion.obj
 0001:000175d0       ?SuperClassID@BerconDistortionClassDesc@@UEAAKXZ 00000001800185d0 f i BerconDistortion.obj
 0001:000175d0       ?SuperClassID@BerconGradientClassDesc@@UEAAKXZ 00000001800185d0 f i BerconGradient.obj
 0001:000175d0       ?SuperClassID@BerconNoiseClassDesc@@UEAAKXZ 00000001800185d0 f i BerconNoise.obj
 0001:000175e0       ?Update@BerconWood@@UEAAXHAEAVInterval@@@Z 00000001800185e0 f   BerconWood.obj
 0001:00017be0       ?Validity@BerconWood@@UEAA?AVInterval@@H@Z 0000000180018be0 f   BerconWood.obj
 0001:00017c30       ?applyDistortion@BerconWood@@QEAAXAEAVShadeContext@@AEAVPoint3@@@Z 0000000180018c30 f   BerconWood.obj
 0001:00017d50       ?GetString@@YAPEA_WH@Z     0000000180018d50 f   DllEntry.obj
 0001:00017da0       ?LibClassDesc@@YAPEAVClassDesc@@H@Z 0000000180018da0 f   DllEntry.obj
 0001:00017e10       ?LibDescription@@YAPEB_WXZ 0000000180018e10 f   DllEntry.obj
 0001:00017e60       ?NumSubs@BerconDistortion@@UEAAHXZ 0000000180018e60 f   BerconDistortion.obj
 0001:00017e60       ?NumRefs@BerconDistortion@@UEAAHXZ 0000000180018e60 f   BerconDistortion.obj
 0001:00017e60       ?LibNumberClasses@@YAHXZ   0000000180018e60 f   DllEntry.obj
 0001:00017e70       ?LibVersion@@YAKXZ         0000000180018e70 f   DllEntry.obj
 0001:00017e80       CommctrlIsolationAwarePrivatetRgCebPnQQeRff_pbZPgYQP_QYY 0000000180018e80 f i DllEntry.obj
 0001:00017f50       DllMain                    0000000180018f50 f   DllEntry.obj
 0001:00017fa0       IsolationAwareInitCommonControls 0000000180018fa0 f i DllEntry.obj
 0001:00018090       IsolationAwarePrivatenPgViNgRzlnPgpgk 0000000180019090 f i DllEntry.obj
 0001:00018120       IsolationAwarePrivatezlybNQyVOeNelJ 0000000180019120 f i DllEntry.obj
 0001:00018130       WinbaseIsolationAwarePrivatetRgzlnPgpgk 0000000180019130 f i DllEntry.obj
 0001:000182f0       ?EnableStuff@BerconXYZ@@AEAAXPEAVIParamBlock2@@H@Z 00000001800192f0 f   BerconCommon.obj
 0001:000185c0       ?get@BerconXYZ@@AEAAHAEAVShadeContext@@AEAVPoint3@@11VMatrix3@@PEAH@Z 00000001800195c0 f   BerconCommon.obj
 0001:00018a50       ?get@BerconXYZ@@AEAAHAEAVShadeContext@@AEAVPoint3@@VMatrix3@@PEAH@Z 0000000180019a50 f   BerconCommon.obj
 0001:00018c90       ?get@BerconXYZ@@QEAAHAEAVShadeContext@@AEAVPoint3@@11@Z 0000000180019c90 f   BerconCommon.obj
 0001:00018d80       ?get@BerconXYZ@@QEAAHAEAVShadeContext@@AEAVPoint3@@11PEAV3@@Z 0000000180019d80 f   BerconCommon.obj
 0001:00019130       ?get@BerconXYZ@@QEAAHAEAVShadeContext@@AEAVPoint3@@@Z 000000018001a130 f   BerconCommon.obj
 0001:00019200       ?get@BerconXYZ@@QEAAHAEAVShadeContext@@AEAVPoint3@@PEAV3@@Z 000000018001a200 f   BerconCommon.obj
 0001:00019580       ?getBasis@BerconXYZ@@AEAAXVMatrix3@@PEAVPoint3@@@Z 000000018001a580 f   BerconCommon.obj
 0001:00019730       ?random@BerconXYZ@@AEAA?AVMatrix3@@AEAVShadeContext@@PEAV2@@Z 000000018001a730 f   BerconCommon.obj
 0001:00019a40       ?reset@BerconXYZ@@QEAAXPEAVIParamBlock2@@AEAVInterval@@HHHH@Z 000000018001aa40 f   BerconCommon.obj
 0001:00019de0       ?seedRandomGen@BerconXYZ@@AEAAXAEAVShadeContext@@@Z 000000018001ade0 f   BerconCommon.obj
 0001:0001a210       ?update@BerconXYZ@@QEAAXPEAVIParamBlock2@@HAEAVInterval@@@Z 000000018001b210 f   BerconCommon.obj
 0001:0001a730       ?update@BerconXYZ@@QEAAXXZ 000000018001b730 f   BerconCommon.obj
 0001:0001a8d0       ?Create@BerconNoiseClassDesc@@UEAAPEAXH@Z 000000018001b8d0 f i BerconNoise.obj
 0001:0001a910       ?ClassName@BerconNoiseClassDesc@@UEAAPEB_WXZ 000000018001b910 f i BerconNoise.obj
 0001:0001a920       ?InternalName@BerconNoiseClassDesc@@UEAAPEB_WXZ 000000018001b920 f i BerconNoise.obj
 0001:0001a930       ?HInstance@BerconGradientClassDesc@@UEAAPEAUHINSTANCE__@@XZ 000000018001b930 f i BerconGradient.obj
 0001:0001a930       ?HInstance@BerconTileClassDesc@@UEAAPEAUHINSTANCE__@@XZ 000000018001b930 f i BerconTile.obj
 0001:0001a930       ?HInstance@BerconWoodClassDesc@@UEAAPEAUHINSTANCE__@@XZ 000000018001b930 f i BerconWood.obj
 0001:0001a930       ?HInstance@BerconDistortionClassDesc@@UEAAPEAUHINSTANCE__@@XZ 000000018001b930 f i BerconDistortion.obj
 0001:0001a930       ?HInstance@BerconNoiseClassDesc@@UEAAPEAUHINSTANCE__@@XZ 000000018001b930 f i BerconNoise.obj
 0001:0001a940       ??_EBerconNoiseClassDesc@@UEAAPEAXI@Z 000000018001b940 f i BerconNoise.obj
 0001:0001a940       ??_GBerconNoiseClassDesc@@UEAAPEAXI@Z 000000018001b940 f i BerconNoise.obj
 0001:0001a9a0       ??0BerconNoise@@QEAA@XZ    000000018001b9a0 f   BerconNoise.obj
 0001:0001ab50       ??1BerconNoise@@UEAA@XZ    000000018001bb50 f   BerconNoise.obj
 0001:0001abb8       ??_EBerconNoise@@WEA@EAAPEAXI@Z 000000018001bbb8 f i BerconNoise.obj
 0001:0001abd0       ??_GBerconNoise@@UEAAPEAXI@Z 000000018001bbd0 f i BerconNoise.obj
 0001:0001abd0       ??_EBerconNoise@@UEAAPEAXI@Z 000000018001bbd0 f i BerconNoise.obj
 0001:0001ac20       ??_EBerconNoiseDlgProc@@UEAAPEAXI@Z 000000018001bc20 f i BerconNoise.obj
 0001:0001ac20       ??_GBerconNoiseDlgProc@@UEAAPEAXI@Z 000000018001bc20 f i BerconNoise.obj
 0001:0001ac70       ?ActivateTexDisplay@BerconNoise@@UEAAXH@Z 000000018001bc70 f i BerconNoise.obj
 0001:0001aca0       ?ClassID@BerconNoiseClassDesc@@UEAA?AVClass_ID@@XZ 000000018001bca0 f i BerconNoise.obj
 0001:0001aca0       ?ClassID@BerconNoise@@UEAA?AVClass_ID@@XZ 000000018001bca0 f i BerconNoise.obj
 0001:0001acc0       ?Clone@BerconNoise@@UEAAPEAVReferenceTarget@@AEAVRemapDir@@@Z 000000018001bcc0 f   BerconNoise.obj
 0001:0001ae60       ?CreateParamDlg@BerconNoise@@UEAAPEAVParamDlg@@PEAUHWND__@@PEAVIMtlParams@@@Z 000000018001be60 f   BerconNoise.obj
 0001:0001af60       ?DeleteThis@BerconNoise@@UEAAXXZ 000000018001bf60 f i BerconNoise.obj
 0001:0001af90       ?DeleteThis@BerconTileDlgProc@@UEAAXXZ 000000018001bf90 f i BerconTile.obj
 0001:0001af90       ?DeleteThis@BerconDistortion@@UEAAXXZ 000000018001bf90 f i BerconDistortion.obj
 0001:0001af90       ?DeleteThis@BerconNoiseDlgProc@@UEAAXXZ 000000018001bf90 f i BerconNoise.obj
 0001:0001af90       ?DeleteThis@BerconWoodDlgProc@@UEAAXXZ 000000018001bf90 f i BerconWood.obj
 0001:0001af90       ?DeleteThis@BerconGradientDlgProc@@UEAAXXZ 000000018001bf90 f i BerconGradient.obj
 0001:0001afb0       ?DiscardTexHandle@BerconNoise@@QEAAXXZ 000000018001bfb0 f i BerconNoise.obj
 0001:0001afe0       ?DlgProc@BerconNoiseDlgProc@@UEAA_JHPEAVIParamMap2@@PEAUHWND__@@I_K_J@Z 000000018001bfe0 f   BerconNoise.obj
 0001:0001b520       ?EnableStuff@BerconNoise@@QEAAXXZ 000000018001c520 f   BerconNoise.obj
 0001:0001b840       ?EvalColor@BerconNoise@@UEAA?AVAColor@@AEAVShadeContext@@@Z 000000018001c840 f   BerconNoise.obj
 0001:0001bcd0       ?EvalMono@BerconNoise@@UEAAMAEAVShadeContext@@@Z 000000018001ccd0 f   BerconNoise.obj
 0001:0001bd00       ?EvalNormalPerturb@BerconNoise@@UEAA?AVPoint3@@AEAVShadeContext@@@Z 000000018001cd00 f   BerconNoise.obj
 0001:0001c2b0       ?EvalParameters@BerconNoise@@QEAA?AVNoiseParams@@PEAVShadeContext@@@Z 000000018001d2b0 f   BerconNoise.obj
 0001:0001c6a0       ?GetActiveTexHandle@BerconNoise@@UEAA_KHAEAVTexHandleMaker@@@Z 000000018001d6a0 f   BerconNoise.obj
 0001:0001c760       ?GetBerconNoiseDesc@@YAPEAVClassDesc2@@XZ 000000018001d760 f   BerconNoise.obj
 0001:0001c770       ?GetClassName@BerconNoise@@UEAAXAEAVWStr@@@Z 000000018001d770 f i BerconNoise.obj
 0001:0001c7a0       ?GetParamBlock@BerconNoise@@UEAAPEAVIParamBlock2@@H@Z 000000018001d7a0 f i BerconNoise.obj
 0001:0001c7d0       ?GetParamBlockByID@BerconNoise@@UEAAPEAVIParamBlock2@@F@Z 000000018001d7d0 f i BerconNoise.obj
 0001:0001c870       ?SubAnim@BerconNoise@@UEAAPEAVAnimatable@@H@Z 000000018001d870 f   BerconNoise.obj
 0001:0001c870       ?GetReference@BerconNoise@@UEAAPEAVReferenceTarget@@H@Z 000000018001d870 f   BerconNoise.obj
 0001:0001c8c0       ?GetSubTexmap@BerconNoise@@UEAAPEAVTexmap@@H@Z 000000018001d8c0 f i BerconNoise.obj
 0001:0001c8d0       ?GetSubTexmapSlotName@BerconNoise@@UEAA?AVWStr@@H@Z 000000018001d8d0 f   BerconNoise.obj
 0001:0001cab0       ?LocalRequirements@BerconNoise@@UEAAKH@Z 000000018001dab0 f i BerconNoise.obj
 0001:0001cad0       ?MappingsRequired@BerconNoise@@UEAAXHAEAVBitArray@@0@Z 000000018001dad0 f i BerconNoise.obj
 0001:0001caf0       ?NotifyRefChanged@BerconNoise@@UEAA?AW4RefResult@@AEBVInterval@@PEAVReferenceTarget@@AEA_KIH@Z 000000018001daf0 f   BerconNoise.obj
 0001:0001cc00       ?NumRefs@BerconNoise@@UEAAHXZ 000000018001dc00 f i BerconNoise.obj
 0001:0001cc10       ?NumSubTexmaps@BerconNoise@@UEAAHXZ 000000018001dc10 f i BerconNoise.obj
 0001:0001cc20       ?Reset@BerconNoise@@UEAAXXZ 000000018001dc20 f   BerconNoise.obj
 0001:0001d0c0       ?SetDlgThing@BerconNoise@@UEAAHPEAVParamDlg@@@Z 000000018001e0c0 f   BerconNoise.obj
 0001:0001d100       ?SetReference@BerconNoise@@EEAAXHPEAVReferenceTarget@@@Z 000000018001e100 f   BerconNoise.obj
 0001:0001d150       ?SetSubTexmap@BerconNoise@@UEAAXHPEAVTexmap@@@Z 000000018001e150 f   BerconNoise.obj
 0001:0001d220       ?SetThing@BerconNoiseDlgProc@@UEAAXPEAVReferenceTarget@@@Z 000000018001e220 f i BerconNoise.obj
 0001:0001d230       ?SubAnimName@BerconNoise@@UEAA?AVWStr@@H@Z 000000018001e230 f   BerconNoise.obj
 0001:0001d320       ?SwapInputs@BerconNoise@@QEAAXXZ 000000018001e320 f   BerconNoise.obj
 0001:0001d500       ?Update@BerconNoise@@UEAAXHAEAVInterval@@@Z 000000018001e500 f   BerconNoise.obj
 0001:0001da90       ?Validity@BerconNoise@@UEAA?AVInterval@@H@Z 000000018001ea90 f   BerconNoise.obj
 0001:0001dae0       ?applyDistortion@BerconNoise@@QEAAXAEAVShadeContext@@AEAVPoint3@@@Z 000000018001eae0 f   BerconNoise.obj
 0001:0001dc00       ?fBm@Fractal@@SAMVPoint3@@AEAVNoiseParams@@@Z 000000018001ec00 f   fractal.obj
 0001:0001dd60       ?fBm@Fractal@@SAMVPoint3@@MAEAVNoiseParams@@@Z 000000018001ed60 f   fractal.obj
 0001:0001dee0       ?fBm@Fractal@@SAMVPoint3@@MMM@Z 000000018001eee0 f   fractal.obj
 0001:0001e020       ?fBmTurb@Fractal@@SAMVPoint3@@AEAVNoiseParams@@@Z 000000018001f020 f   fractal.obj
 0001:0001e1a0       ?fBmTurb@Fractal@@SAMVPoint3@@MAEAVNoiseParams@@@Z 000000018001f1a0 f   fractal.obj
 0001:0001e350       ?fractal@Fractal@@SAMVPoint3@@AEAVNoiseParams@@@Z 000000018001f350 f   fractal.obj
 0001:0001e490       ?fractal@Fractal@@SAMVPoint3@@MAEAVNoiseParams@@@Z 000000018001f490 f   fractal.obj
 0001:0001e5f0       ?grain@Fractal@@SAMVPoint3@@MM@Z 000000018001f5f0 f   fractal.obj
 0001:0001e690       ?heteroTerrain@Fractal@@SAMVPoint3@@AEAVNoiseParams@@@Z 000000018001f690 f   fractal.obj
 0001:0001e850       ?hybridMultiFractal@Fractal@@SAMVPoint3@@AEAVNoiseParams@@@Z 000000018001f850 f   fractal.obj
 0001:0001ea70       ?hybridMultiFractal@Fractal@@SAMVPoint3@@MAEAVNoiseParams@@@Z 000000018001fa70 f   fractal.obj
 0001:0001ecd0       ?ridgedMultiFractal@Fractal@@SAMVPoint3@@AEAVNoiseParams@@@Z 000000018001fcd0 f   fractal.obj
 0001:0001ee80       ?ridgedMultiFractal@Fractal@@SAMVPoint3@@MAEAVNoiseParams@@@Z 000000018001fe80 f   fractal.obj
 0001:0001f050       ?turbulence@Fractal@@SAMVPoint3@@AEAVNoiseParams@@@Z 0000000180020050 f   fractal.obj
 0001:0001f1b0       ?turbulence@Fractal@@SAMVPoint3@@MAEAVNoiseParams@@@Z 00000001800201b0 f   fractal.obj
 0001:0001f340       ?addKey@GradientRamp@@QEAAXHMVAColor@@PEAVTexmap@@@Z 0000000180020340 f   GradientRamp.obj
 0001:0001f560       ?dragging@GradientRamp@@QEAAXHH_N00@Z 0000000180020560 f   GradientRamp.obj
 0001:0001f5d0       ?getBump@GradientRamp@@QEAA?AVPoint3@@MV2@AEAVShadeContext@@@Z 00000001800205d0 f   GradientRamp.obj
 0001:0001f980       ?getColor@GradientRamp@@QEAA?AVAColor@@M@Z 0000000180020980 f   GradientRamp.obj
 0001:0001fba0       ?getColor@GradientRamp@@QEAA?AVAColor@@MAEAVShadeContext@@@Z 0000000180020ba0 f   GradientRamp.obj
 0001:0001fe90       ?getSubtex@GradientRamp@@QEAAPEAVTexmap@@H@Z 0000000180020e90 f   GradientRamp.obj
 0001:0001ff20       ?interpolate@GradientRamp@@QEAAMMMM@Z 0000000180020f20 f   GradientRamp.obj
 0001:0001ff80       ?invalidate@GradientRamp@@QEAAXXZ 0000000180020f80 f   GradientRamp.obj
 0001:0001ffa0       ?leftDown@GradientRamp@@QEAAXHH_N00@Z 0000000180020fa0 f   GradientRamp.obj
 0001:00020030       ?leftUp@GradientRamp@@QEAAXHH_N00@Z 0000000180021030 f   GradientRamp.obj
 0001:00020160       ?paint@GradientRamp@@QEAAXPEAUHDC__@@@Z 0000000180021160 f   GradientRamp.obj
 0001:00020600       ?popup@GradientRamp@@QEAAXHHH@Z 0000000180021600 f   GradientRamp.obj
 0001:00020730       ?reset@GradientRamp@@QEAAXXZ 0000000180021730 f   GradientRamp.obj
 0001:000207f0       ?setHWND@GradientRamp@@QEAAXPEAUHWND__@@@Z 00000001800217f0 f   GradientRamp.obj
 0001:00020830       ?setSubtex@GradientRamp@@QEAAXHPEAVTexmap@@@Z 0000000180021830 f   GradientRamp.obj
 0001:00020880       ?setSubtex@GradientRamp@@QEAAXPEAVTexmap@@@Z 0000000180021880 f   GradientRamp.obj
 0001:000208e0       ?sort@GradientRamp@@QEAAXXZ 00000001800218e0 f   GradientRamp.obj
 0001:000209f0       ?GradientProc@IGradient@@SA_JPEAUHWND__@@I_K_J@Z 00000001800219f0 f   IGradient.obj
 0001:00020c70       ?InitGradientControls@@YAXXZ 0000000180021c70 f   IGradient.obj
 0001:00020cf0       IsolationAwareRegisterClassExW 0000000180021cf0 f i IGradient.obj
 0001:00020e00       ?alterUVW@Noise@@SAXAEAVPoint3@@H@Z 0000000180021e00 f   noise.obj
 0001:00020e80       ?f@Fractal@@SAMVPoint3@@AEAVNoiseParams@@@Z 0000000180021e80 f i noise.obj
 0001:00021050       ?f@Fractal@@SAMVPoint3@@MAEAVNoiseParams@@@Z 0000000180022050 f i noise.obj
 0001:00021230       ?limitedNoise@Noise@@SAMVPoint3@@00AEAVNoiseParams@@@Z 0000000180022230 f   noise.obj
 0001:000212e0       ?limitedNoise@Noise@@SAMVPoint3@@AEAVNoiseParams@@@Z 00000001800222e0 f   noise.obj
 0001:00021350       ?noise@Noise@@SAMVPoint3@@AEAVNoiseParams@@@Z 0000000180022350 f   noise.obj
 0001:00021460       ?noise@Noise@@SAMVPoint3@@MAEAVNoiseParams@@@Z 0000000180022460 f   noise.obj
 0001:00021580       ?wood@Noise@@SAMVPoint3@@00AEAV2@VWoodParam@@@Z 0000000180022580 f   noise.obj
 0001:00021bd0       ?wood@Noise@@SAMVPoint3@@AEAV2@AEAVWoodParam@@@Z 0000000180022bd0 f   noise.obj
 0001:00021ff0       ?worleyWrapper@Noise@@SAMVPoint3@@AEAVNoiseParams@@@Z 0000000180022ff0 f   noise.obj
 0001:00022190       ?fnoise2D@Perlin@@SAMMMM@Z 0000000180023190 f   perlin.obj
 0001:00022210       ?fnoise3D@Perlin@@SAMMMMM@Z 0000000180023210 f   perlin.obj
 0001:000222a0       ?fnoise4D@Perlin@@SAMMMMMM@Z 00000001800232a0 f   perlin.obj
 0001:00022350       ?fsnoise2D@Perlin@@SAMMMM@Z 0000000180023350 f   perlin.obj
 0001:000223d0       ?fsnoise3D@Perlin@@SAMMMMM@Z 00000001800233d0 f   perlin.obj
 0001:00022460       ?fsnoise4D@Perlin@@SAMMMMMM@Z 0000000180023460 f   perlin.obj
 0001:00022510       ?noise@Perlin@@SAMMM@Z     0000000180023510 f   perlin.obj
 0001:00022790       ?noise@Perlin@@SAMMMM@Z    0000000180023790 f   perlin.obj
 0001:00022c40       ?noise@Perlin@@SAMMMMM@Z   0000000180023c40 f   perlin.obj
 0001:00023570       ?point@Perlin@@CAMMMHH@Z   0000000180024570 f i perlin.obj
 0001:00023610       ?point@Perlin@@CAMMMMHHH@Z 0000000180024610 f i perlin.obj
 0001:000236d0       ?point@Perlin@@CAMMMMMHHHH@Z 00000001800246d0 f i perlin.obj
 0001:000237b0       ?snoise@Perlin@@SAMM@Z     00000001800247b0 f   perlin.obj
 0001:00023890       ?snoise@Perlin@@SAMMM@Z    0000000180024890 f   perlin.obj
 0001:00023a00       ?snoise@Perlin@@SAMMMM@Z   0000000180024a00 f   perlin.obj
 0001:00023cf0       ?snoise@Perlin@@SAMMMMM@Z  0000000180024cf0 f   perlin.obj
 0001:00024190       ??$_Destroy_range1@V?$allocator@V?$basic_string@_WU?$char_traits@_W@std@@V?$allocator@_W@2@@std@@@std@@PEAV?$basic_string@_WU?$char_traits@_W@std@@V?$allocator@_W@2@@2@@std@@YAXPEAV?$basic_string@_WU?$char_traits@_W@std@@V?$allocator@_W@2@@0@0AEAU?$_Wrap_alloc@V?$allocator@V?$basic_string@_WU?$char_traits@_W@std@@V?$allocator@_W@2@@std@@@std@@@0@U?$integral_constant@_N$0A@@0@@Z 0000000180025190 f i tile.obj
 0001:00024270       ??$_Uninitialized_move_al_unchecked1@PEAV?$basic_string@_WU?$char_traits@_W@std@@V?$allocator@_W@2@@std@@PEAV12@V?$allocator@V?$basic_string@_WU?$char_traits@_W@std@@V?$allocator@_W@2@@std@@@2@@std@@YAPEAV?$basic_string@_WU?$char_traits@_W@std@@V?$allocator@_W@2@@0@PEAV10@00AEAU?$_Wrap_alloc@V?$allocator@V?$basic_string@_WU?$char_traits@_W@std@@V?$allocator@_W@2@@std@@@std@@@0@U_General_ptr_iterator_tag@0@U_Any_tag@0@@Z 0000000180025270 f i tile.obj
 0001:00024310       ??$_Uninitialized_move_al_unchecked1@PEAVTileRow@@PEAV1@V?$allocator@VTileRow@@@std@@@std@@YAPEAVTileRow@@PEAV1@00AEAU?$_Wrap_alloc@V?$allocator@VTileRow@@@std@@@0@U_General_ptr_iterator_tag@0@U_Any_tag@0@@Z 0000000180025310 f i tile.obj
 0001:000243a0       ??0?$vector@MV?$allocator@M@std@@@std@@QEAA@AEBV01@@Z 00000001800253a0 f i tile.obj
 0001:00024460       ??1?$basic_stringbuf@_WU?$char_traits@_W@std@@V?$allocator@_W@2@@std@@UEAA@XZ 0000000180025460 f i tile.obj
 0001:000244a0       ??1?$basic_stringstream@_WU?$char_traits@_W@std@@V?$allocator@_W@2@@std@@UEAA@XZ 00000001800254a0 f i tile.obj
 0001:00024530       ??1?$vector@V?$basic_string@_WU?$char_traits@_W@std@@V?$allocator@_W@2@@std@@V?$allocator@V?$basic_string@_WU?$char_traits@_W@std@@V?$allocator@_W@2@@std@@@2@@std@@QEAA@XZ 0000000180025530 f i tile.obj
 0001:00024590       ??1TileRow@@QEAA@XZ        0000000180025590 f i tile.obj
 0001:000245e0       ??_D?$basic_stringstream@_WU?$char_traits@_W@std@@V?$allocator@_W@2@@std@@QEAAXXZ 00000001800255e0 f i tile.obj
 0001:00024628       ??_E?$basic_stringstream@_WU?$char_traits@_W@std@@V?$allocator@_W@2@@std@@$4PPPPPPPM@A@EAAPEAXI@Z 0000000180025628 f i tile.obj
 0001:00024640       ??_G?$basic_stringbuf@_WU?$char_traits@_W@std@@V?$allocator@_W@2@@std@@UEAAPEAXI@Z 0000000180025640 f i tile.obj
 0001:00024640       ??_E?$basic_stringbuf@_WU?$char_traits@_W@std@@V?$allocator@_W@2@@std@@UEAAPEAXI@Z 0000000180025640 f i tile.obj
 0001:000246a0       ??_E?$basic_stringstream@_WU?$char_traits@_W@std@@V?$allocator@_W@2@@std@@UEAAPEAXI@Z 00000001800256a0 f i tile.obj
 0001:000246a0       ??_G?$basic_stringstream@_WU?$char_traits@_W@std@@V?$allocator@_W@2@@std@@UEAAPEAXI@Z 00000001800256a0 f i tile.obj
 0001:00024710       ?_Assign_rv@?$basic_string@_WU?$char_traits@_W@std@@V?$allocator@_W@2@@std@@QEAAX$$QEAV12@@Z 0000000180025710 f i tile.obj
 0001:000247a0       ?_Init@?$basic_stringbuf@_WU?$char_traits@_W@std@@V?$allocator@_W@2@@std@@IEAAXPEB_W_KH@Z 00000001800257a0 f i tile.obj
 0001:000248a0       ?_Reallocate@?$vector@MV?$allocator@M@std@@@std@@IEAAX_K@Z 00000001800258a0 f i tile.obj
 0001:00024930       ?_Reallocate@?$vector@V?$basic_string@_WU?$char_traits@_W@std@@V?$allocator@_W@2@@std@@V?$allocator@V?$basic_string@_WU?$char_traits@_W@std@@V?$allocator@_W@2@@std@@@2@@std@@IEAAX_K@Z 0000000180025930 f i tile.obj
 0001:000249f0       ?_Reallocate@?$vector@VTileRow@@V?$allocator@VTileRow@@@std@@@std@@IEAAX_K@Z 00000001800259f0 f i tile.obj
 0001:00024ab0       ?_Tidy@?$basic_stringbuf@_WU?$char_traits@_W@std@@V?$allocator@_W@2@@std@@IEAAXXZ 0000000180025ab0 f i tile.obj
 0001:00024b40       ?allocate@?$allocator@M@std@@QEAAPEAM_K@Z 0000000180025b40 f i tile.obj
 0001:00024bc0       ?allocate@?$allocator@VTileRow@@@std@@QEAAPEAVTileRow@@_K@Z 0000000180025bc0 f i tile.obj
 0001:00024bc0       ?allocate@?$allocator@V?$basic_string@_WU?$char_traits@_W@std@@V?$allocator@_W@2@@std@@@std@@QEAAPEAV?$basic_string@_WU?$char_traits@_W@std@@V?$allocator@_W@2@@2@_K@Z 0000000180025bc0 f i tile.obj
 0001:00024c40       ?corner@Tile@@CA?AVTilePoint@@MMMMAEAVTileParam@@@Z 0000000180025c40 f   tile.obj
[...]
 0004:00001a58       $pdata$?drawTile@Tile@@CA?AVTilePoint@@VPoint3@@QEAMAEAVTileParam@@HH@Z 0000000180040a58     tile.obj
 0004:00001a64       $pdata$1$?drawTile@Tile@@CA?AVTilePoint@@VPoint3@@QEAMAEAVTileParam@@HH@Z 0000000180040a64     tile.obj
 0004:00001a70       $pdata$2$?drawTile@Tile@@CA?AVTilePoint@@VPoint3@@QEAMAEAVTileParam@@HH@Z 0000000180040a70     tile.obj
 0004:00001a7c       $pdata$?find_first_not_of@?$basic_string@_WU?$char_traits@_W@std@@V?$allocator@_W@2@@std@@QEBA_KAEBV12@_K@Z 0000000180040a7c     tile.obj
 0004:00001a88       $pdata$?find_first_of@?$basic_string@_WU?$char_traits@_W@std@@V?$allocator@_W@2@@std@@QEBA_KAEBV12@_K@Z 0000000180040a88     tile.obj
 0004:00001a94       $pdata$?getAngle@@YAMHM@Z  0000000180040a94     tile.obj
 0004:00001aa0       $pdata$?overflow@?$basic_stringbuf@_WU?$char_traits@_W@std@@V?$allocator@_W@2@@std@@MEAAGG@Z 0000000180040aa0     tile.obj
 0004:00001aac       $pdata$0$?overflow@?$basic_stringbuf@_WU?$char_traits@_W@std@@V?$allocator@_W@2@@std@@MEAAGG@Z 0000000180040aac     tile.obj
 0004:00001ab8       $pdata$2$?overflow@?$basic_stringbuf@_WU?$char_traits@_W@std@@V?$allocator@_W@2@@std@@MEAAGG@Z 0000000180040ab8     tile.obj
 0004:00001ac4       $pdata$5$?overflow@?$basic_stringbuf@_WU?$char_traits@_W@std@@V?$allocator@_W@2@@std@@MEAAGG@Z 0000000180040ac4     tile.obj
 0004:00001ad0       $pdata$11$?overflow@?$basic_stringbuf@_WU?$char_traits@_W@std@@V?$allocator@_W@2@@std@@MEAAGG@Z 0000000180040ad0     tile.obj
 0004:00001adc       $pdata$12$?overflow@?$basic_stringbuf@_WU?$char_traits@_W@std@@V?$allocator@_W@2@@std@@MEAAGG@Z 0000000180040adc     tile.obj
 0004:00001ae8       $pdata$?parsePattern@@YAHV?$basic_string@_WU?$char_traits@_W@std@@V?$allocator@_W@2@@std@@PEAVTilePattern@@@Z 0000000180040ae8     tile.obj
 0004:00001af4       $pdata$?pat_herring@Tile@@CA?AVTilePoint@@VPoint3@@AEAVTileParam@@@Z 0000000180040af4     tile.obj
 0004:00001b00       $pdata$?pat_xBond@Tile@@CA?AVTilePoint@@VPoint3@@AEAVTileParam@@@Z 0000000180040b00     tile.obj
 0004:00001b0c       $pdata$0$?pat_xBond@Tile@@CA?AVTilePoint@@VPoint3@@AEAVTileParam@@@Z 0000000180040b0c     tile.obj
 0004:00001b18       $pdata$1$?pat_xBond@Tile@@CA?AVTilePoint@@VPoint3@@AEAVTileParam@@@Z 0000000180040b18     tile.obj
 0004:00001b24       $pdata$?rowcol@@YAHAEAM0AEAHMMAEAV?$vector@MV?$allocator@M@std@@@std@@MMM@Z 0000000180040b24     tile.obj
 0004:00001b30       $pdata$5$?rowcol@@YAHAEAM0AEAHMMAEAV?$vector@MV?$allocator@M@std@@@std@@MMM@Z 0000000180040b30     tile.obj
 0004:00001b3c       $pdata$6$?rowcol@@YAHAEAM0AEAHMMAEAV?$vector@MV?$allocator@M@std@@@std@@MMM@Z 0000000180040b3c     tile.obj
 0004:00001b48       $pdata$?seekoff@?$basic_stringbuf@_WU?$char_traits@_W@std@@V?$allocator@_W@2@@std@@MEAA?AV?$fpos@U_Mbstatet@@@2@_JHH@Z 0000000180040b48     tile.obj
 0004:00001b54       $pdata$?seekpos@?$basic_stringbuf@_WU?$char_traits@_W@std@@V?$allocator@_W@2@@std@@MEAA?AV?$fpos@U_Mbstatet@@@2@V32@H@Z 0000000180040b54     tile.obj
 0004:00001b60       $pdata$?setPattern@TilePattern@@QEAAXV?$basic_string@_WU?$char_traits@_W@std@@V?$allocator@_W@2@@std@@@Z 0000000180040b60     tile.obj
 0004:00001b6c       $pdata$?setPreset@TilePattern@@QEAAXH@Z 0000000180040b6c     tile.obj
 0004:00001b78       $pdata$?substr@?$basic_string@_WU?$char_traits@_W@std@@V?$allocator@_W@2@@std@@QEBA?AV12@_K0@Z 0000000180040b78     tile.obj
 0004:00001b84       $pdata$?tokenize@@YAXAEBV?$basic_string@_WU?$char_traits@_W@std@@V?$allocator@_W@2@@std@@AEAV?$vector@V?$basic_string@_WU?$char_traits@_W@std@@V?$allocator@_W@2@@std@@V?$allocator@V?$basic_string@_WU?$char_traits@_W@std@@V?$allocator@_W@2@@std@@@2@@2@0@Z 0000000180040b84     tile.obj
 0004:00001b90       $pdata$?uvMapping@Tile@@CAXAEAVTilePoint@@VPoint3@@QEAMAEAVTileParam@@H@Z 0000000180040b90     tile.obj
 0004:00001b9c       $pdata$?add@Worley@@CAXJJJQEBNHPEANH@Z 0000000180040b9c     worley.obj
 0004:00001ba8       $pdata$11$?add@Worley@@CAXJJJQEBNHPEANH@Z 0000000180040ba8     worley.obj
 0004:00001bb4       $pdata$12$?add@Worley@@CAXJJJQEBNHPEANH@Z 0000000180040bb4     worley.obj
 0004:00001bc0       $pdata$13$?add@Worley@@CAXJJJQEBNHPEANH@Z 0000000180040bc0     worley.obj
 0004:00001bcc       $pdata$?noise@Worley@@SAXQEBNHPEANH@Z 0000000180040bcc     worley.obj
 0004:00001bd8       $pdata$??_Gtype_info@@UEAAPEAXI@Z 0000000180040bd8     MSVCRT:std_type_info_static.obj
 0004:00001be4       $pdata$__scrt_acquire_startup_lock 0000000180040be4     MSVCRT:utility.obj
 0004:00001bf0       $pdata$__scrt_dllmain_after_initialize_c 0000000180040bf0     MSVCRT:utility.obj
 0004:00001bfc       $pdata$__scrt_dllmain_before_initialize_c 0000000180040bfc     MSVCRT:utility.obj
 0004:00001c08       $pdata$__scrt_dllmain_crt_thread_attach 0000000180040c08     MSVCRT:utility.obj
 0004:00001c14       $pdata$__scrt_dllmain_crt_thread_detach 0000000180040c14     MSVCRT:utility.obj
 0004:00001c20       $pdata$__scrt_dllmain_exception_filter 0000000180040c20     MSVCRT:utility.obj
 0004:00001c2c       $pdata$__scrt_dllmain_uninitialize_c 0000000180040c2c     MSVCRT:utility.obj
 0004:00001c38       $pdata$__scrt_dllmain_uninitialize_critical 0000000180040c38     MSVCRT:utility.obj
 0004:00001c44       $pdata$__scrt_initialize_crt 0000000180040c44     MSVCRT:utility.obj
 0004:00001c50       $pdata$__scrt_initialize_onexit_tables 0000000180040c50     MSVCRT:utility.obj
 0004:00001c5c       $pdata$__scrt_is_nonwritable_in_current_image 0000000180040c5c     MSVCRT:utility.obj
 0004:00001c68       $pdata$__scrt_release_startup_lock 0000000180040c68     MSVCRT:utility.obj
 0004:00001c74       $pdata$__scrt_uninitialize_crt 0000000180040c74     MSVCRT:utility.obj
 0004:00001c80       $pdata$_onexit             0000000180040c80     MSVCRT:utility.obj
 0004:00001c8c       $pdata$atexit              0000000180040c8c     MSVCRT:utility.obj
 0004:00001c98       $pdata$??2@YAPEAX_K@Z      0000000180040c98     MSVCRT:new_scalar.obj
 0004:00001cb0       $pdata$?dllmain_crt_dispatch@@YAHQEAUHINSTANCE__@@KQEAX@Z 0000000180040cb0     MSVCRT:dll_dllmain.obj
 0004:00001cbc       $pdata$?dllmain_crt_process_attach@@YAHQEAUHINSTANCE__@@QEAX@Z 0000000180040cbc     MSVCRT:dll_dllmain.obj
 0004:00001cc8       $pdata$?dllmain_crt_process_detach@@YAH_N@Z 0000000180040cc8     MSVCRT:dll_dllmain.obj
 0004:00001cd4       $pdata$?dllmain_dispatch@@YAHQEAUHINSTANCE__@@KQEAX@Z 0000000180040cd4     MSVCRT:dll_dllmain.obj
 0004:00001ce0       $pdata$?dllmain_raw@@YAHQEAUHINSTANCE__@@KQEAX@Z 0000000180040ce0     MSVCRT:dll_dllmain.obj
 0004:00001cec       $pdata$_DllMainCRTStartup  0000000180040cec     MSVCRT:dll_dllmain.obj
 0004:00001cf8       $pdata$__isa_available_init 0000000180040cf8     MSVCRT:_cpu_disp_.obj
 0004:00001d04       $pdata$__scrt_fastfail     0000000180040d04     MSVCRT:utility_desktop.obj
 0004:00001d10       $pdata$??0bad_alloc@std@@QEAA@AEBV01@@Z 0000000180040d10     MSVCRT:throw_bad_alloc.obj
 0004:00001d1c       $pdata$??0bad_array_new_length@std@@QEAA@AEBV01@@Z 0000000180040d1c     MSVCRT:throw_bad_alloc.obj
 0004:00001d28       $pdata$??0exception@std@@QEAA@AEBV01@@Z 0000000180040d28     MSVCRT:throw_bad_alloc.obj
 0004:00001d34       $pdata$??_Gbad_alloc@std@@UEAAPEAXI@Z 0000000180040d34     MSVCRT:throw_bad_alloc.obj
 0004:00001d34       $pdata$??_Gbad_array_new_length@std@@UEAAPEAXI@Z 0000000180040d34     MSVCRT:throw_bad_alloc.obj
 0004:00001d34       $pdata$??_Gexception@std@@UEAAPEAXI@Z 0000000180040d34     MSVCRT:throw_bad_alloc.obj
 0004:00001d40       $pdata$?__scrt_throw_std_bad_alloc@@YAXXZ 0000000180040d40     MSVCRT:throw_bad_alloc.obj
 0004:00001d4c       $pdata$?__scrt_throw_std_bad_array_new_length@@YAXXZ 0000000180040d4c     MSVCRT:throw_bad_alloc.obj
 0004:00001d58       $pdata$__security_init_cookie 0000000180040d58     MSVCRT:gs_support.obj
 0004:00001d64       $pdata$__scrt_initialize_default_local_stdio_options 0000000180040d64     MSVCRT:default_local_stdio_options.obj
 0004:00001d70       $pdata$_RTC_Initialize     0000000180040d70     MSVCRT:_initsect_.obj
 0004:00001d7c       $pdata$_RTC_Terminate      0000000180040d7c     MSVCRT:_initsect_.obj
 0004:00001d94       $pdata$?dtor$1@?0???0BerconGradient@@QEAA@XZ@4HA 0000000180040d94     BerconGradient.obj
 0004:00001da0       $pdata$?dtor$0@?0??GetSubTexmapSlotName@BerconGradient@@UEAA?AVWStr@@H@Z@4HA 0000000180040da0     BerconGradient.obj
 0004:00001dac       $pdata$?dtor$0@?0??SubAnimName@BerconNoise@@UEAA?AVWStr@@H@Z@4HA 0000000180040dac     BerconNoise.obj
 0004:00001dac       $pdata$?dtor$0@?0??GetSubTexmapSlotName@BerconNoise@@UEAA?AVWStr@@H@Z@4HA 0000000180040dac     BerconNoise.obj
 0004:00001dac       $pdata$?dtor$0@?0??GetSubTexmapSlotName@BerconDistortion@@UEAA?AVWStr@@H@Z@4HA 0000000180040dac     BerconDistortion.obj
 0004:00001dac       $pdata$?dtor$0@?0??SubAnimName@BerconTile@@UEAA?AVWStr@@H@Z@4HA 0000000180040dac     BerconTile.obj
 0004:00001dac       $pdata$?dtor$0@?0??GetSubTexmapSlotName@BerconTile@@UEAA?AVWStr@@H@Z@4HA 0000000180040dac     BerconTile.obj
 0004:00001dac       $pdata$?dtor$0@?0??SubAnimName@BerconGradient@@UEAA?AVWStr@@H@Z@4HA 0000000180040dac     BerconGradient.obj
 0004:00001dac       $pdata$?dtor$0@?0??SubAnimName@BerconWood@@UEAA?AVWStr@@H@Z@4HA 0000000180040dac     BerconWood.obj
 0004:00001dac       $pdata$?dtor$0@?0??SubAnimName@BerconDistortion@@UEAA?AVWStr@@H@Z@4HA 0000000180040dac     BerconDistortion.obj
 0004:00001dac       $pdata$?dtor$0@?0??GetSubTexmapSlotName@BerconWood@@UEAA?AVWStr@@H@Z@4HA 0000000180040dac     BerconWood.obj
 0004:00001db8       $pdata$?catch$1@?0??_Copy@?$basic_string@_WU?$char_traits@_W@std@@V?$allocator@_W@2@@std@@QEAAX_K0@Z@4HA 0000000180040db8     BerconTile.obj
 0004:00001dc4       $pdata$?catch$0@?0??_Copy@?$basic_string@_WU?$char_traits@_W@std@@V?$allocator@_W@2@@std@@QEAAX_K0@Z@4HA 0000000180040dc4     BerconTile.obj
 0004:00001dd0       $pdata$CommctrlIsolationAwarePrivatetRgCebPnQQeRff_pbZPgYQP_QYY$fin$0 0000000180040dd0     DllEntry.obj
 0004:00001ddc       $pdata$IsolationAwareInitCommonControls$fin$0 0000000180040ddc     DllEntry.obj
 0004:00001de8       $pdata$WinbaseIsolationAwarePrivatetRgzlnPgpgk$fin$0 0000000180040de8     DllEntry.obj
 0004:00001df4       $pdata$IsolationAwareRegisterClassExW$fin$0 0000000180040df4     IGradient.obj
 0004:00001e00       $pdata$?catch$0@?0???$_Uninitialized_move_al_unchecked1@PEAV?$basic_string@_WU?$char_traits@_W@std@@V?$allocator@_W@2@@std@@PEAV12@V?$allocator@V?$basic_string@_WU?$char_traits@_W@std@@V?$allocator@_W@2@@std@@@2@@std@@YAPEAV?$basic_string@_WU?$char_traits@_W@std@@V?$allocator@_W@2@@0@PEAV10@00AEAU?$_Wrap_alloc@V?$allocator@V?$basic_string@_WU?$char_traits@_W@std@@V?$allocator@_W@2@@std@@@std@@@0@U_General_ptr_iterator_tag@0@U_Any_tag@0@@Z@4HA 0000000180040e00     tile.obj
 0004:00001e0c       $pdata$?catch$1@?0???$_Uninitialized_move_al_unchecked1@PEAVTileRow@@PEAV1@V?$allocator@VTileRow@@@std@@@std@@YAPEAVTileRow@@PEAV1@00AEAU?$_Wrap_alloc@V?$allocator@VTileRow@@@std@@@0@U_General_ptr_iterator_tag@0@U_Any_tag@0@@Z@4HA 0000000180040e0c     tile.obj
 0004:00001e18       $pdata$?catch$0@?0???0?$vector@MV?$allocator@M@std@@@std@@QEAA@AEBV01@@Z@4HA 0000000180040e18     tile.obj
 0004:00001e24       $pdata$?catch$0@?0??_Reallocate@?$vector@MV?$allocator@M@std@@@std@@IEAAX_K@Z@4HA 0000000180040e24     tile.obj
 0004:00001e30       $pdata$?catch$0@?0??_Reallocate@?$vector@V?$basic_string@_WU?$char_traits@_W@std@@V?$allocator@_W@2@@std@@V?$allocator@V?$basic_string@_WU?$char_traits@_W@std@@V?$allocator@_W@2@@std@@@2@@std@@IEAAX_K@Z@4HA 0000000180040e30     tile.obj
 0004:00001e3c       $pdata$?catch$0@?0??_Reallocate@?$vector@VTileRow@@V?$allocator@VTileRow@@@std@@@std@@IEAAX_K@Z@4HA 0000000180040e3c     tile.obj
 0004:00001e48       $pdata$?dtor$9@?0??parsePattern@@YAHV?$basic_string@_WU?$char_traits@_W@std@@V?$allocator@_W@2@@std@@PEAVTilePattern@@@Z@4HA 0000000180040e48     tile.obj
 0004:00001e54       $pdata$?dtor$13@?0??parsePattern@@YAHV?$basic_string@_WU?$char_traits@_W@std@@V?$allocator@_W@2@@std@@PEAVTilePattern@@@Z@4HA 0000000180040e54     tile.obj
 0004:00001e60       $pdata$?dtor$18@?0??parsePattern@@YAHV?$basic_string@_WU?$char_traits@_W@std@@V?$allocator@_W@2@@std@@PEAVTilePattern@@@Z@4HA 0000000180040e60     tile.obj
 0004:00001e6c       $pdata$?dtor$26@?0??parsePattern@@YAHV?$basic_string@_WU?$char_traits@_W@std@@V?$allocator@_W@2@@std@@PEAVTilePattern@@@Z@4HA 0000000180040e6c     tile.obj
 0004:00001e78       $pdata$?dtor$28@?0??parsePattern@@YAHV?$basic_string@_WU?$char_traits@_W@std@@V?$allocator@_W@2@@std@@PEAVTilePattern@@@Z@4HA 0000000180040e78     tile.obj
 0004:00001e84       $pdata$?dtor$0@?0??substr@?$basic_string@_WU?$char_traits@_W@std@@V?$allocator@_W@2@@std@@QEBA?AV12@_K0@Z@4HA 0000000180040e84     tile.obj
 0004:00001e90       $pdata$__scrt_is_nonwritable_in_current_image$filt$0 0000000180040e90     MSVCRT:utility.obj
 0004:00001e9c       $pdata$?fin$0@?0??dllmain_crt_process_attach@@YAHQEAUHINSTANCE__@@QEAX@Z@4HA 0000000180040e9c     MSVCRT:dll_dllmain.obj
 0004:00001ea8       $pdata$?fin$0@?0??dllmain_crt_process_detach@@YAH_N@Z@4HA 0000000180040ea8     MSVCRT:dll_dllmain.obj
 0004:00001eb4       $pdata$?filt$0@?0??dllmain_dispatch@@YAHQEAUHINSTANCE__@@KQEAX@Z@4HA 0000000180040eb4     MSVCRT:dll_dllmain.obj
 0004:00001ec0       $pdata$??__FBerconDistortionDesc@@YAXXZ 0000000180040ec0     BerconDistortion.obj
 0004:00001ecc       $pdata$??__Fxyz_blk@@YAXXZ 0000000180040ecc     BerconDistortion.obj
 0004:00001ed8       $pdata$??__FBerconGradientDesc@@YAXXZ 0000000180040ed8     BerconGradient.obj
 0004:00001ee4       $pdata$??__Fxyz_blk@@YAXXZ 0000000180040ee4     BerconGradient.obj
 0004:00001ef0       $pdata$??__FBerconTileDesc@@YAXXZ 0000000180040ef0     BerconTile.obj
 0004:00001efc       $pdata$??__Fxyz_blk@@YAXXZ 0000000180040efc     BerconTile.obj
 0004:00001f08       $pdata$??__FBerconWoodDesc@@YAXXZ 0000000180040f08     BerconWood.obj
 0004:00001f14       $pdata$??__Fxyz_blk@@YAXXZ 0000000180040f14     BerconWood.obj
 0004:00001f20       $pdata$??__FBerconNoiseDesc@@YAXXZ 0000000180040f20     BerconNoise.obj
 0004:00001f2c       $pdata$??__Fxyz_blk@@YAXXZ 0000000180040f2c     BerconNoise.obj
 0005:00000000       __guard_fids__             0000000180041000     MSVCRT:std_type_info_static.obj
 0005:00000004       __guard_fids_?dllmain_crt_process_attach@@YAHQEAUHINSTANCE__@@QEAX@Z 0000000180041004     MSVCRT:dll_dllmain.obj
 0005:0000000c       __guard_fids_?dllmain_dispatch@@YAHQEAUHINSTANCE__@@KQEAX@Z 000000018004100c     MSVCRT:dll_dllmain.obj
 0005:00000010       __guard_fids__             0000000180041010     MSVCRT:throw_bad_alloc.obj
 0005:00000018       __guard_fids__             0000000180041018     MSVCRT:throw_bad_alloc.obj
 0005:00000020       __guard_fids__             0000000180041020     MSVCRT:throw_bad_alloc.obj
 0005:00000028       __guard_fids__             0000000180041028     MSVCRT:guard_support.obj
 0006:00000a10       $R000000                   0000000180042a10     BerconNoise.res
 0006:00000ac8       $R0000B8                   0000000180042ac8     BerconNoise.res
 0006:00000af8       $R0000E8                   0000000180042af8     BerconNoise.res
 0006:00000ba0       $R000190                   0000000180042ba0     BerconNoise.res
 0006:00000d30       $R000320                   0000000180042d30     BerconNoise.res
 0006:00000dd8       $R0003C8                   0000000180042dd8     BerconNoise.res
 0006:00000e80       $R000470                   0000000180042e80     BerconNoise.res
 0006:00000f70       $R000560                   0000000180042f70     BerconNoise.res
 0006:00001018       $R000608                   0000000180043018     BerconNoise.res
 0006:00001ea8       $R001498                   0000000180043ea8     BerconNoise.res
 0006:00003138       $R002728                   0000000180045138     BerconNoise.res
 0006:00004910       $R003F00                   0000000180046910     BerconNoise.res
 0006:00005318       $R004908                   0000000180047318     BerconNoise.res
 0006:00005560       $R004B50                   0000000180047560     BerconNoise.res
 0006:000056d8       $R004CC8                   00000001800476d8     BerconNoise.res
 0006:00005ec8       $R0054B8                   0000000180047ec8     BerconNoise.res
 0006:00006ac8       $R0060B8                   0000000180048ac8     BerconNoise.res
 0006:00007c20       $R007210                   0000000180049c20     BerconNoise.res
 0006:00008d88       $R008378                   000000018004ad88     BerconNoise.res
 0006:00009d40       $R009330                   000000018004bd40     BerconNoise.res
 0006:0000add8       $R00A3C8                   000000018004cdd8     BerconNoise.res
 0006:0000b758       $R00AD48                   000000018004d758     BerconNoise.res
 0006:0000b760       $R00AD50                   000000018004d760     BerconNoise.res
 0006:0000b768       $R00AD58                   000000018004d768     BerconNoise.res
 0006:0000b770       $R00AD60                   000000018004d770     BerconNoise.res
 0006:0000b778       $R00AD68                   000000018004d778     BerconNoise.res
 0006:0000b780       $R00AD70                   000000018004d780     BerconNoise.res
 0006:0000b840       $R00AE30                   000000018004d840     BerconNoise.res
 0006:00018988       $R017F78                   000000018005a988     BerconNoise.res
 0006:00018b00       $R0180F0                   000000018005ab00     BerconNoise.res
 0006:00018b68       $R018158                   000000018005ab68     BerconNoise.res
 0006:00018cd0       $R0182C0                   000000018005acd0     BerconNoise.res
 0006:00018d20       $R018310                   000000018005ad20     BerconNoise.res
 0006:00018ee8       $R0184D8                   000000018005aee8     BerconNoise.res
 0006:000190c0       $R0186B0                   000000018005b0c0     BerconNoise.res
 0006:00019298       $R018888                   000000018005b298     BerconNoise.res
 0006:00019398       $R018988                   000000018005b398     BerconNoise.res
 0006:00019468       $R018A58                   000000018005b468     BerconNoise.res
 0006:00019590       $R018B80                   000000018005b590     BerconNoise.res
 0006:00019690       $R018C80                   000000018005b690     BerconNoise.res
 0006:00019808       $R018DF8                   000000018005b808     BerconNoise.res
 0006:00019988       $R018F78                   000000018005b988     BerconNoise.res
 0006:00019b38       $R019128                   000000018005bb38     BerconNoise.res
 0006:00019c18       $R019208                   000000018005bc18     BerconNoise.res
 0006:00019d58       $R019348                   000000018005bd58     BerconNoise.res
 0006:00019ed0       $R0194C0                   000000018005bed0     BerconNoise.res
 0006:0001a0e0       $R0196D0                   000000018005c0e0     BerconNoise.res
 0006:0001a298       $R019888                   000000018005c298     BerconNoise.res
 0006:0001a3b0       $R0199A0                   000000018005c3b0     BerconNoise.res

 Exports

  ordinal    name

        1    ?LibDescription@@YAPEB_WXZ (wchar_t const * __cdecl LibDescription(void))
               exported name: LibDescription
        2    ?LibNumberClasses@@YAHXZ (int __cdecl LibNumberClasses(void))
               exported name: LibNumberClasses
        3    ?LibClassDesc@@YAPEAVClassDesc@@H@Z (class ClassDesc * __cdecl LibClassDesc(int))
               exported name: LibClassDesc
        4    ?LibVersion@@YAKXZ (unsigned long __cdecl LibVersion(void))
               exported name: LibVersion
        5    ??0VertexNormalsControl@@QEAA@XZ (public: __cdecl VertexNormalsControl::VertexNormalsControl(void))
        6    ?LibInitialize@@YAHXZ (int __cdecl LibInitialize(void))
        7    ?LibShutdown@@YAHXZ (int __cdecl LibShutdown(void))
