 BerconMaps_2016_64

 Timestamp is 5ce56052 (Wed May 22 10:44:34 2019)

 Preferred load address is 0000000180000000

 Start         Length     Name                   Class
 0001:00000000 000079b0H .text$di                CODE
 0001:000079b0 00022370H .text$mn                CODE
 0001:00029d20 00000020H .text$mn$00             CODE
 0001:00029d40 00000e20H .text$x                 CODE
 0001:0002ab60 000001dfH .text$yd                CODE
 0002:00000000 00000898H .idata$5                DATA
 0002:00000898 00000010H .00cfg                  DATA
 0002:000008a8 00000008H .CRT$XCA                DATA
 0002:000008b0 000000f0H .CRT$XCU                DATA
 0002:000009a0 00000008H .CRT$XCZ                DATA
 0002:000009a8 00000008H .CRT$XIA                DATA
 0002:000009b0 00000008H .CRT$XIZ                DATA
 0002:000009b8 00000008H .CRT$XPA                DATA
 0002:000009c0 00000008H .CRT$XPZ                DATA
 0002:000009c8 00000008H .CRT$XTA                DATA
 0002:000009d0 00000010H .CRT$XTZ                DATA
 0002:000009e0 00006450H .rdata                  DATA
 0002:00006e30 00002184H .rdata$r                DATA
 0002:00008fb4 000002ccH .rdata$zzzdbg           DATA
 0002:00009280 00000008H .rtc$IAA                DATA
 0002:00009288 00000008H .rtc$IZZ                DATA
 0002:00009290 00000008H .rtc$TAA                DATA
 0002:00009298 00000008H .rtc$TZZ                DATA
 0002:000092a0 00003bb8H .xdata                  DATA
 0002:0000ce58 000001d8H .xdata$x                DATA
 0002:0000d030 00000104H .edata                  DATA
 0002:0000d134 00000118H .idata$2                DATA
 0002:0000d24c 00000014H .idata$3                DATA
 0002:0000d260 00000898H .idata$4                DATA
 0002:0000daf8 00002bf6H .idata$6                DATA
 0003:00000000 00000730H .data                   DATA
 0003:00000730 00000a20H .data$r                 DATA
 0003:00001150 00000b38H .bss                    DATA
 0004:00000000 00001f2cH .pdata                  DATA
 0005:00000000 0000002cH .gfids$y                DATA
 0006:00000000 00000950H .rsrc$01                DATA
 0006:00000950 00019a80H .rsrc$02                DATA

  Address         Publics by Value              Rva+Base               Lib:Object

 0000:00000000       __guard_iat_count          0000000000000000     <absolute>
 0000:00000000       __guard_longjmp_count      0000000000000000     <absolute>
 0000:00000000       __guard_fids_count         0000000000000000     <absolute>
 0000:00000000       ___safe_se_handler_table   0000000000000000     <absolute>
 0000:00000000       __guard_longjmp_table      0000000000000000     <absolute>
 0000:00000000       ___safe_se_handler_count   0000000000000000     <absolute>
 0000:00000000       __dynamic_value_reloc_table 0000000000000000     <absolute>
 0000:00000000       __guard_iat_table          0000000000000000     <absolute>
 0000:00000000       __guard_fids_table         0000000000000000     <absolute>
 0000:00000100       __guard_flags              0000000000000100     <absolute>
 0000:00000000       __ImageBase                0000000180000000     <linker-defined>
 0001:000079b0       ?Create@BerconDistortionClassDesc@@UEAAPEAXH@Z 00000001800089b0 f i BerconDistortion.obj
 0001:000079f0       ?ClassName@BerconDistortionClassDesc@@UEAAPEB_WXZ 00000001800089f0 f i BerconDistortion.obj
 0001:00007a00       ?ClassID@BerconDistortion@@UEAA?AVClass_ID@@XZ 0000000180008a00 f i BerconDistortion.obj
 0001:00007a00       ?ClassID@BerconDistortionClassDesc@@UEAA?AVClass_ID@@XZ 0000000180008a00 f i BerconDistortion.obj
 0001:00007a20       ?InternalName@BerconDistortionClassDesc@@UEAAPEB_WXZ 0000000180008a20 f i BerconDistortion.obj
 0001:00007a30       ??_EBerconDistortionClassDesc@@UEAAPEAXI@Z 0000000180008a30 f i BerconDistortion.obj
 0001:00007a30       ??_GBerconDistortionClassDesc@@UEAAPEAXI@Z 0000000180008a30 f i BerconDistortion.obj
 0001:00007a90       ?InitialRollupPageState@ClassDesc@@UEAAKXZ 0000000180008a90 f i BerconDistortion.obj
 0001:00007aa0       ?SetUserDlgProc@ClassDesc2@@UEAAXPEAVParamBlockDesc2@@PEAVParamMap2UserDlgProc@@@Z 0000000180008aa0 f i BerconDistortion.obj
 0001:00007ab0       ?DrawRepresentation@ClassDesc@@UEAA_NKPEAUHDC__@@AEAVBox2@@@Z 0000000180008ab0 f i BerconDistortion.obj
 0001:00007ab0       ?GetMacroRecorderName@Animatable@@UEAA_N_NAEAVWStr@@@Z 0000000180008ab0 f i BerconDistortion.obj
 0001:00007ab0       ?IsLocalOutputMeaningful@Texmap@@UEAA_NAEAVShadeContext@@@Z 0000000180008ab0 f i BerconDistortion.obj
 0001:00007ac0       ?NumInterfaces@ClassDesc@@UEAAHXZ 0000000180008ac0 f i BerconDistortion.obj
 0001:00007ad0       ?GetInterfaceAt@ClassDesc@@UEAAPEAVFPInterface@@H@Z 0000000180008ad0 f i BerconDistortion.obj
 0001:00007af0       ?ClearInterfaces@ClassDesc@@UEAAXXZ 0000000180008af0 f i BerconDistortion.obj
 0001:00007b00       ?SubClassID@ClassDesc@@UEAA?AVClass_ID@@XZ 0000000180008b00 f i BerconDistortion.obj
 0001:00007b10       ?What@TabOutOfRangeException@Util@MaxSDK@@UEBAPEB_WXZ 0000000180008b10 f i BerconDistortion.obj
 0001:00007b30       ??1TabOutOfRangeException@Util@MaxSDK@@UEAA@XZ 0000000180008b30 f i BerconDistortion.obj
 0001:00007b50       ??0TabOutOfRangeException@Util@MaxSDK@@QEAA@AEBV012@@Z 0000000180008b50 f i BerconDistortion.obj
 0001:00007b90       ??_EXYZ_Desc@@UEAAPEAXI@Z  0000000180008b90 f i BerconDistortion.obj
 0001:00007b90       ??_GXYZ_Desc@@UEAAPEAXI@Z  0000000180008b90 f i BerconDistortion.obj
 0001:00007bf0       ??_ETabOutOfRangeException@Util@MaxSDK@@UEAAPEAXI@Z 0000000180008bf0 f i BerconDistortion.obj
 0001:00007bf0       ??_GTabOutOfRangeException@Util@MaxSDK@@UEAAPEAXI@Z 0000000180008bf0 f i BerconDistortion.obj
 0001:00007c50       ??0BerconDistortion@@QEAA@XZ 0000000180008c50 f   BerconDistortion.obj
 0001:00007d80       ??0BerconSC@@QEAA@QEAVShadeContext@@@Z 0000000180008d80 f i BerconDistortion.obj
 0001:00007f50       ??0BerconXYZ@@QEAA@XZ      0000000180008f50 f i BerconDistortion.obj
 0001:00007fc0       ??0VertexNormalsControl@@QEAA@XZ 0000000180008fc0 f i BerconDistortion.obj
 0001:00007ff0       ??0XYZ_Desc@@QEAA@PEAVClassDesc2@@HHHHHHH@Z 0000000180008ff0 f i BerconDistortion.obj
 0001:000092c0       ??1?$Tab@PEAVBaseInterface@@@@QEAA@XZ 000000018000a2c0 f i BerconDistortion.obj
 0001:000092e0       ??1?$Tab@PEAVVertexNormalsCallback@@@@QEAA@XZ 000000018000a2e0 f i BerconDistortion.obj
 0001:00009300       ??1BerconSC@@UEAA@XZ       000000018000a300 f i BerconDistortion.obj
 0001:00009350       ??1ParamMap2UserDlgProc@@UEAA@XZ 000000018000a350 f i BerconDistortion.obj
 0001:00009360       ??1RenderGlobalContext@@UEAA@XZ 000000018000a360 f i BerconDistortion.obj
 0001:00009380       ??1ShadeContext@@UEAA@XZ   000000018000a380 f i BerconDistortion.obj
 0001:000093c0       ??1ShadeOutput@@UEAA@XZ    000000018000a3c0 f i BerconDistortion.obj
 0001:000093e0       ??1Texmap@@UEAA@XZ         000000018000a3e0 f i BerconDistortion.obj
 0001:00009400       ??A?$Tab@PEAVFPInterface@@@@QEBAAEAPEAVFPInterface@@_J@Z 000000018000a400 f i BerconDistortion.obj
 0001:000094f0       ??_EBerconDistortion@@WEA@EAAPEAXI@Z 000000018000a4f0 f i BerconDistortion.obj
 0001:000094fc       ??_EBerconSC@@WCII@EAAPEAXI@Z 000000018000a4fc f i BerconDistortion.obj
 0001:00009510       ??_EBaseInterfaceServer@@UEAAPEAXI@Z 000000018000a510 f i BerconDistortion.obj
 0001:00009510       ??_GBaseInterfaceServer@@UEAAPEAXI@Z 000000018000a510 f i BerconDistortion.obj
 0001:00009560       ??_EBerconDistortion@@UEAAPEAXI@Z 000000018000a560 f i BerconDistortion.obj
 0001:00009560       ??_GBerconDistortion@@UEAAPEAXI@Z 000000018000a560 f i BerconDistortion.obj
 0001:000095f0       ??_GBerconSC@@UEAAPEAXI@Z  000000018000a5f0 f i BerconDistortion.obj
 0001:000095f0       ??_EBerconSC@@UEAAPEAXI@Z  000000018000a5f0 f i BerconDistortion.obj
 0001:00009670       ??_EBerconXYZDlgProc@@UEAAPEAXI@Z 000000018000a670 f i BerconDistortion.obj
 0001:00009670       ??_GBerconXYZDlgProc@@UEAAPEAXI@Z 000000018000a670 f i BerconDistortion.obj
 0001:000096c0       ??_GInterfaceServer@@UEAAPEAXI@Z 000000018000a6c0 f i BerconDistortion.obj
 0001:000096c0       ??_EInterfaceServer@@UEAAPEAXI@Z 000000018000a6c0 f i BerconDistortion.obj
 0001:00009710       ??_GParamMap2UserDlgProc@@UEAAPEAXI@Z 000000018000a710 f i BerconDistortion.obj
 0001:00009710       ??_EParamMap2UserDlgProc@@UEAAPEAXI@Z 000000018000a710 f i BerconDistortion.obj
 0001:00009750       ??_GRenderGlobalContext@@UEAAPEAXI@Z 000000018000a750 f i BerconDistortion.obj
 0001:00009750       ??_ERenderGlobalContext@@UEAAPEAXI@Z 000000018000a750 f i BerconDistortion.obj
 0001:000097b0       ??_EShadeContext@@UEAAPEAXI@Z 000000018000a7b0 f i BerconDistortion.obj
 0001:000097b0       ??_GShadeContext@@UEAAPEAXI@Z 000000018000a7b0 f i BerconDistortion.obj
 0001:00009820       ??_GShadeOutput@@UEAAPEAXI@Z 000000018000a820 f i BerconDistortion.obj
 0001:00009820       ??_EShadeOutput@@UEAAPEAXI@Z 000000018000a820 f i BerconDistortion.obj
 0001:00009880       ?ActivateTexDisplay@BerconDistortion@@UEAAXH@Z 000000018000a880 f i BerconDistortion.obj
 0001:000098b0       ?Antialias@BerconSC@@UEAAHXZ 000000018000a8b0 f i BerconDistortion.obj
 0001:000098c0       ?BarycentricCoords@BerconSC@@UEAA?AVPoint3@@XZ 000000018000a8c0 f i BerconDistortion.obj
 0001:000098e0       ?BarycentricCoords@ShadeContext@@UEAA?AVPoint3@@XZ 000000018000a8e0 f i BerconDistortion.obj
 0001:000098f0       ?BumpBasisVectors@BerconSC@@UEAAHQEAVPoint3@@HH@Z 000000018000a8f0 f i BerconDistortion.obj
 0001:00009910       ?BypassTrackBar@Animatable@@UEAAHXZ 000000018000a910 f i BerconDistortion.obj
 0001:00009920       ?CamFarRange@BerconSC@@UEAAMXZ 000000018000a920 f i BerconDistortion.obj
 0001:00009940       ?CamNearRange@BerconSC@@UEAAMXZ 000000018000a940 f i BerconDistortion.obj
 0001:00009960       ?CamPos@BerconSC@@UEAA?AVPoint3@@XZ 000000018000a960 f i BerconDistortion.obj
 0001:00009990       ?ClassID@BerconSC@@UEAA?AVClass_ID@@XZ 000000018000a990 f i BerconDistortion.obj
 0001:000099b0       ?Clone@BerconDistortion@@UEAAPEAVReferenceTarget@@AEAVRemapDir@@@Z 000000018000a9b0 f   BerconDistortion.obj
 0001:00009ae0       ?CreateParamDlg@BerconDistortion@@UEAAPEAVParamDlg@@PEAUHWND__@@PEAVIMtlParams@@@Z 000000018000aae0 f   BerconDistortion.obj
 0001:00009b60       ?CurTime@BerconSC@@UEAAHXZ 000000018000ab60 f i BerconDistortion.obj
 0001:00009b70       ?Curve@BerconSC@@UEAAMXZ   000000018000ab70 f i BerconDistortion.obj
 0001:00009b90       ?CamFarRange@ShadeContext@@UEAAMXZ 000000018000ab90 f i BerconDistortion.obj
 0001:00009b90       ?CamNearRange@ShadeContext@@UEAAMXZ 000000018000ab90 f i BerconDistortion.obj
 0001:00009b90       ?GetAAFilterSize@RenderGlobalContext@@UEAAMXZ 000000018000ab90 f i BerconDistortion.obj
 0001:00009b90       ?RayConeAngle@ShadeContext@@UEAAMXZ 000000018000ab90 f i BerconDistortion.obj
 0001:00009b90       ?Curve@ShadeContext@@UEAAMXZ 000000018000ab90 f i BerconDistortion.obj
 0001:00009ba0       ?DP@BerconSC@@UEAA?AVPoint3@@XZ 000000018000aba0 f i BerconDistortion.obj
 0001:00009bd0       ?DP@BerconSC@@UEAAXAEAVPoint3@@0@Z 000000018000abd0 f i BerconDistortion.obj
 0001:00009bf0       ?DPObj@BerconSC@@UEAA?AVPoint3@@XZ 000000018000abf0 f i BerconDistortion.obj
 0001:00009c20       ?DPObjRelBox@BerconSC@@UEAA?AVPoint3@@XZ 000000018000ac20 f i BerconDistortion.obj
 0001:00009c50       ?DPdUVW@BerconSC@@UEAAXQEAVPoint3@@H@Z 000000018000ac50 f i BerconDistortion.obj
 0001:00009c70       ?DUVW@BerconSC@@UEAA?AVPoint3@@H@Z 000000018000ac70 f i BerconDistortion.obj
 0001:00009c94       ?DebugFile@BerconSC@@WCII@EAAPEAU_iobuf@@XZ 000000018000ac94 f i BerconDistortion.obj
 0001:00009ca0       ?DiffuseIllum@BerconSC@@UEAA?AVColor@@XZ 000000018000aca0 f i BerconDistortion.obj
 0001:00009cd0       ?DlgProc@BerconXYZDlgProc@@UEAA_JHPEAVIParamMap2@@PEAUHWND__@@I_K_J@Z 000000018000acd0 f i BerconDistortion.obj
 0001:0000a1d0       ?EditTrack@Animatable@@UEAAXXZ 000000018000b1d0 f i BerconDistortion.obj
 0001:0000a200       ?EvalColor@BerconDistortion@@UEAA?AVAColor@@AEAVShadeContext@@@Z 000000018000b200 f   BerconDistortion.obj
 0001:0000a3c0       ?EvalEnvironMap@BerconSC@@UEAA?AVAColor@@PEAVTexmap@@VPoint3@@@Z 000000018000b3c0 f i BerconDistortion.obj
 0001:0000a410       ?EvalGlobalEnvironMap@BerconSC@@UEAA?AVAColor@@VPoint3@@@Z 000000018000b410 f i BerconDistortion.obj
 0001:0000a460       ?EvalGlobalEnvironMap@RenderGlobalContext@@UEAA?AVAColor@@AEAVShadeContext@@AEAVRay@@H@Z 000000018000b460 f i BerconDistortion.obj
 0001:0000a480       ?EvalGlobalEnvironMap@ShadeContext@@UEAA?AVAColor@@VPoint3@@@Z 000000018000b480 f i BerconDistortion.obj
 0001:0000a490       ?EvalMono@BerconDistortion@@UEAAMAEAVShadeContext@@@Z 000000018000b490 f   BerconDistortion.obj
 0001:0000a620       ?EvalNormalPerturb@BerconDistortion@@UEAA?AVPoint3@@AEAVShadeContext@@@Z 000000018000b620 f   BerconDistortion.obj
 0001:0000a7b0       ?Execute@BerconSC@@UEAA_JH_K00@Z 000000018000b7b0 f i BerconDistortion.obj
 0001:0000a7c4       ?Execute@BerconSC@@WCII@EAA_JH_K00@Z 000000018000b7c4 f i BerconDistortion.obj
 0001:0000a7d0       ?FaceNumber@BerconSC@@UEAAHXZ 000000018000b7d0 f i BerconDistortion.obj
 0001:0000a7e0       ?GNormal@BerconSC@@UEAA?AVPoint3@@XZ 000000018000b7e0 f i BerconDistortion.obj
 0001:0000a810       ?GetActiveTexHandle@BerconDistortion@@UEAA_KHAEAVTexHandleMaker@@@Z 000000018000b810 f   BerconDistortion.obj
 0001:0000a8d0       ?GetBGColor@BerconSC@@UEAAXAEAVColor@@0H@Z 000000018000b8d0 f i BerconDistortion.obj
 0001:0000a8f0       ?GetBerconDistortionDesc@@YAPEAVClassDesc2@@XZ 000000018000b8f0 f   BerconDistortion.obj
 0001:0000a900       ?GetCache@BerconSC@@UEAAHPEAVTexmap@@AEAM@Z 000000018000b900 f i BerconDistortion.obj
 0001:0000a920       ?GetCache@BerconSC@@UEAAHPEAVTexmap@@AEAVAColor@@@Z 000000018000b920 f i BerconDistortion.obj
 0001:0000a940       ?GetCache@BerconSC@@UEAAHPEAVTexmap@@AEAVPoint3@@@Z 000000018000b940 f i BerconDistortion.obj
 0001:0000a960       ?GetClassName@BerconDistortion@@UEAAXAEAVWStr@@@Z 000000018000b960 f i BerconDistortion.obj
 0001:0000a990       ?GetEvalObject@BerconSC@@UEAAPEAVObject@@XZ 000000018000b990 f i BerconDistortion.obj
 0001:0000a9a0       ?GetKeyIndex@Animatable@@UEAAHH@Z 000000018000b9a0 f i BerconDistortion.obj
 0001:0000a9a0       ?NumKeys@Animatable@@UEAAHXZ 000000018000b9a0 f i BerconDistortion.obj
 0001:0000a9a0       ?GetFlagKeyIndex@Animatable@@UEAAHXZ 000000018000b9a0 f i BerconDistortion.obj
 0001:0000a9a0       ?NodeID@ShadeContext@@UEAAHXZ 000000018000b9a0 f i BerconDistortion.obj
 0001:0000a9b0       ?GetIOR@BerconSC@@UEAAMXZ  000000018000b9b0 f i BerconDistortion.obj
 0001:0000a9d0       ?GetSampleSizeScale@ShadeContext@@UEAAMXZ 000000018000b9d0 f i BerconDistortion.obj
 0001:0000a9d0       ?GetIOR@ShadeContext@@UEAAMXZ 000000018000b9d0 f i BerconDistortion.obj
 0001:0000a9e0       ?GetInterface@MtlBase@@UEAAPEAVBaseInterface@@VInterface_ID@@@Z 000000018000b9e0 f i BerconDistortion.obj
 0001:0000aa10       ?GetNSuperSample@BerconSC@@UEAAHXZ 000000018000ba10 f i BerconDistortion.obj
 0001:0000aa30       ?GetParamBlock@BerconDistortion@@UEAAPEAVIParamBlock2@@H@Z 000000018000ba30 f i BerconDistortion.obj
 0001:0000aa50       ?GetParamBlockByID@BerconDistortion@@UEAAPEAVIParamBlock2@@F@Z 000000018000ba50 f i BerconDistortion.obj
 0001:0000aaa0       ?GetParamDimension@Animatable@@UEAAPEAVParamDimension@@H@Z 000000018000baa0 f i BerconDistortion.obj
 0001:0000aab0       ?GetRefTarget@MtlBase@@UEAAPEAVReferenceTarget@@XZ 000000018000bab0 f i BerconDistortion.obj
 0001:0000aac0       ?GetRenderElement@BerconSC@@UEAAPEAVIRenderElement@@H@Z 000000018000bac0 f i BerconDistortion.obj
 0001:0000aae0       ?GetRenderElement@ShadeContext@@UEAAPEAVIRenderElement@@H@Z 000000018000bae0 f i BerconDistortion.obj
 0001:0000ab00       ?GetSampleSizeScale@BerconSC@@UEAAMXZ 000000018000bb00 f i BerconDistortion.obj
 0001:0000ab20       ?GetSubAnimCurveColor@Animatable@@UEAAKH@Z 000000018000bb20 f i BerconDistortion.obj
 0001:0000ab30       ?GetSubTexmap@BerconDistortion@@UEAAPEAVTexmap@@H@Z 000000018000bb30 f i BerconDistortion.obj
 0001:0000ab40       ?GetSubTexmapSlotName@BerconDistortion@@UEAA?AVWStr@@H@Z 000000018000bb40 f   BerconDistortion.obj
 0001:0000abd0       ?GetUVTransform@Texmap@@UEAAXAEAVMatrix3@@@Z 000000018000bbd0 f i BerconDistortion.obj
 0001:0000abe0       ?InMtlEditor@BerconSC@@UEAAHXZ 000000018000bbe0 f i BerconDistortion.obj
 0001:0000abf0       ?InitSlotType@Texmap@@UEAAXH@Z 000000018000bbf0 f i BerconDistortion.obj
 0001:0000ac00       ?IsSubClassOf@Animatable@@UEAAHVClass_ID@@@Z 000000018000bc00 f i BerconDistortion.obj
 0001:0000ac40       ?IsSuperSampleOn@BerconSC@@UEAAHXZ 000000018000bc40 f i BerconDistortion.obj
 0001:0000ac60       ?IsTextureSuperSampleOn@BerconSC@@UEAAHXZ 000000018000bc60 f i BerconDistortion.obj
 0001:0000ac80       ?Light@BerconSC@@UEAAPEAVLightDesc@@H@Z 000000018000bc80 f i BerconDistortion.obj
 0001:0000ac90       ?LocalRequirements@BerconDistortion@@UEAAKH@Z 000000018000bc90 f i BerconDistortion.obj
 0001:0000acb0       ?MapSlotType@Texmap@@UEAAHH@Z 000000018000bcb0 f i BerconDistortion.obj
 0001:0000acc0       ?MappingsRequired@BerconDistortion@@UEAAXHAEAVBitArray@@0@Z 000000018000bcc0 f i BerconDistortion.obj
 0001:0000ace0       ?NRenderElements@BerconSC@@UEAAHXZ 000000018000bce0 f i BerconDistortion.obj
 0001:0000ad00       ?NRenderElements@ShadeContext@@UEAAHXZ 000000018000bd00 f i BerconDistortion.obj
 0001:0000ad20       ?Node@BerconSC@@UEAAPEAVINode@@XZ 000000018000bd20 f i BerconDistortion.obj
 0001:0000ad30       ?NodeID@BerconSC@@UEAAHXZ  000000018000bd30 f i BerconDistortion.obj
 0001:0000ad40       ?Normal@BerconSC@@UEAA?AVPoint3@@XZ 000000018000bd40 f i BerconDistortion.obj
 0001:0000ad60       ?NotifyDependents@SealedReferenceMaker@@EEAA?AW4RefResult@@VInterval@@_KIKHPEAVReferenceTarget@@@Z 000000018000bd60 f i BerconDistortion.obj
 0001:0000ad90       ?NotifyForeground@ReferenceTarget@@UEAAXH@Z 000000018000bd90 f i BerconDistortion.obj
 0001:0000adf0       ?NotifyRefChanged@BerconDistortion@@UEAA?AW4RefResult@@AEBVInterval@@PEAVReferenceTarget@@AEA_KIH@Z 000000018000bdf0 f   BerconDistortion.obj
 0001:0000ae80       ?NotifyRefChanged@SealedReferenceMaker@@EEAA?AW4RefResult@@VInterval@@PEAVReferenceTarget@@AEA_KI@Z 000000018000be80 f i BerconDistortion.obj
 0001:0000aeb0       ?NumSubs@BerconDistortion@@UEAAHXZ 000000018000beb0 f i BerconDistortion.obj
 0001:0000aeb0       ?LibNumberClasses@@YAHXZ   000000018000beb0 f i DllEntry.obj
 0001:0000aeb0       ?NumRefs@BerconDistortion@@UEAAHXZ 000000018000beb0 f i BerconDistortion.obj
 0001:0000aec0       ?ObjectBox@BerconSC@@UEAA?AVBox3@@XZ 000000018000bec0 f i BerconDistortion.obj
 0001:0000aef0       ?OrigNormal@BerconSC@@UEAA?AVPoint3@@XZ 000000018000bef0 f i BerconDistortion.obj
 0001:0000af10       ?OrigNormal@ShadeContext@@UEAA?AVPoint3@@XZ 000000018000bf10 f i BerconDistortion.obj
 0001:0000af30       ?OrigView@BerconSC@@UEAA?AVPoint3@@XZ 000000018000bf30 f i BerconDistortion.obj
 0001:0000af60       ?OrigView@ShadeContext@@UEAA?AVPoint3@@XZ 000000018000bf60 f i BerconDistortion.obj
 0001:0000af80       ?P@BerconSC@@UEAA?AVPoint3@@XZ 000000018000bf80 f i BerconDistortion.obj
 0001:0000b000       ?PObj@BerconSC@@UEAA?AVPoint3@@XZ 000000018000c000 f i BerconDistortion.obj
 0001:0000b080       ?PObjRelBox@BerconSC@@UEAA?AVPoint3@@XZ 000000018000c080 f i BerconDistortion.obj
 0001:0000b0b0       ?NumParamBlocks@BerconDistortion@@UEAAHXZ 000000018000c0b0 f i BerconDistortion.obj
 0001:0000b0b0       ?HitTestTrack@Animatable@@UEAAHAEAV?$Tab@VTrackHitRecord@@@@AEAVBox2@@1MHK@Z 000000018000c0b0 f i BerconDistortion.obj
 0001:0000b0b0       ?PaintSubTrack@Animatable@@UEAAHHPEAVParamDimensionBase@@PEAUHDC__@@AEAVBox2@@2MHK@Z 000000018000c0b0 f i BerconDistortion.obj
 0001:0000b0b0       ?NumParamBlocks@BerconGradient@@UEAAHXZ 000000018000c0b0 f i BerconGradient.obj
 0001:0000b0b0       ?PaintTrack@Animatable@@UEAAHPEAVParamDimensionBase@@PEAUHDC__@@AEAVBox2@@2MHK@Z 000000018000c0b0 f i BerconDistortion.obj
 0001:0000b0c0       ?PointFrom@BerconSC@@UEAA?AVPoint3@@AEBV2@W4RefFrame@@@Z 000000018000c0c0 f i BerconDistortion.obj
 0001:0000b0f0       ?PointTo@BerconSC@@UEAA?AVPoint3@@AEBV2@W4RefFrame@@@Z 000000018000c0f0 f i BerconDistortion.obj
 0001:0000b120       ?ProjType@BerconSC@@UEAAHXZ 000000018000c120 f i BerconDistortion.obj
 0001:0000b130       ?PutCache@BerconSC@@UEAAXPEAVTexmap@@AEBVAColor@@@Z 000000018000c130 f i BerconDistortion.obj
 0001:0000b150       ?PutCache@BerconSC@@UEAAXPEAVTexmap@@AEBVPoint3@@@Z 000000018000c150 f i BerconDistortion.obj
 0001:0000b170       ?PutCache@BerconSC@@UEAAXPEAVTexmap@@M@Z 000000018000c170 f i BerconDistortion.obj
 0001:0000b190       ?RayConeAngle@BerconSC@@UEAAMXZ 000000018000c190 f i BerconDistortion.obj
 0001:0000b1b0       ?RayDiam@BerconSC@@UEAAMXZ 000000018000c1b0 f i BerconDistortion.obj
 0001:0000b1d0       ?RayDiam@ShadeContext@@UEAAMXZ 000000018000c1d0 f i BerconDistortion.obj
 0001:0000b1f0       ?ReflectVector@BerconSC@@UEAA?AVPoint3@@XZ 000000018000c1f0 f i BerconDistortion.obj
 0001:0000b220       ?RefractVector@BerconSC@@UEAA?AVPoint3@@M@Z 000000018000c220 f i BerconDistortion.obj
 0001:0000b250       ?Reset@BerconDistortion@@UEAAXXZ 000000018000c250 f   BerconDistortion.obj
 0001:0000b2d0       ?IsPhysicalSpace@BerconSC@@UEBAPEAVToneOperator@@XZ 000000018000c2d0 f i BerconDistortion.obj
 0001:0000b2d0       ?ScaledToRGB@BerconSC@@UEBAPEAVToneOperator@@M@Z 000000018000c2d0 f i BerconDistortion.obj
 0001:0000b2d0       ?ScaleRGB@BerconSC@@UEBAPEAVToneOperator@@M@Z 000000018000c2d0 f i BerconDistortion.obj
 0001:0000b2d0       ?ScaledToRGB@BerconSC@@UEBAPEAVToneOperator@@XZ 000000018000c2d0 f i BerconDistortion.obj
 0001:0000b300       ?ScreenCoord@BerconSC@@UEAA?AVIPoint2@@XZ 000000018000c300 f i BerconDistortion.obj
 0001:0000b330       ?ScreenUV@BerconSC@@UEAAXAEAVPoint2@@0@Z 000000018000c330 f i BerconDistortion.obj
 0001:0000b380       ?Set@BitArray@@QEAAXH@Z    000000018000c380 f i BerconDistortion.obj
 0001:0000b420       ?SetGBufferID@BerconSC@@UEAAXH@Z 000000018000c420 f i BerconDistortion.obj
 0001:0000b440       ?SetGBufferID@ShadeContext@@UEAAXH@Z 000000018000c440 f i BerconDistortion.obj
 0001:0000b450       ?SetIOR@BerconSC@@UEAAXM@Z 000000018000c450 f i BerconDistortion.obj
 0001:0000b470       ?SetNormal@BerconSC@@UEAAXVPoint3@@@Z 000000018000c470 f i BerconDistortion.obj
 0001:0000b4b0       ?SetReference@BerconDistortion@@UEAAXHPEAVReferenceTarget@@@Z 000000018000c4b0 f   BerconDistortion.obj
 0001:0000b4e0       ?SetSubTexmap@BerconDistortion@@UEAAXHPEAVTexmap@@@Z 000000018000c4e0 f   BerconDistortion.obj
 0001:0000b550       ?SetThing@BerconXYZDlgProc@@UEAAXPEAVReferenceTarget@@@Z 000000018000c550 f i BerconDistortion.obj
 0001:0000b560       ?SetView@BerconSC@@UEAAXVPoint3@@@Z 000000018000c560 f i BerconDistortion.obj
 0001:0000b5a0       ?SubAnim@BerconDistortion@@UEAAPEAVAnimatable@@H@Z 000000018000c5a0 f   BerconDistortion.obj
 0001:0000b5a0       ?GetReference@BerconDistortion@@UEAAPEAVReferenceTarget@@H@Z 000000018000c5a0 f   BerconDistortion.obj
 0001:0000b5d0       ?SubAnimName@BerconDistortion@@UEAA?AVWStr@@H@Z 000000018000c5d0 f   BerconDistortion.obj
 0001:0000b650       ?SuperClassID@BerconDistortion@@UEAAKXZ 000000018000c650 f i BerconDistortion.obj
 0001:0000b650       ?SuperClassID@BerconNoiseClassDesc@@UEAAKXZ 000000018000c650 f i BerconNoise.obj
 0001:0000b650       ?SuperClassID@BerconWoodClassDesc@@UEAAKXZ 000000018000c650 f i BerconWood.obj
 0001:0000b650       ?SuperClassID@BerconTileClassDesc@@UEAAKXZ 000000018000c650 f i BerconTile.obj
 0001:0000b650       ?SuperClassID@BerconNoise@@UEAAKXZ 000000018000c650 f i BerconNoise.obj
 0001:0000b650       ?SuperClassID@BerconWood@@UEAAKXZ 000000018000c650 f i BerconWood.obj
 0001:0000b650       ?SuperClassID@BerconGradient@@UEAAKXZ 000000018000c650 f i BerconGradient.obj
 0001:0000b650       ?SuperClassID@BerconGradientClassDesc@@UEAAKXZ 000000018000c650 f i BerconGradient.obj
 0001:0000b650       ?SuperClassID@BerconDistortionClassDesc@@UEAAKXZ 000000018000c650 f i BerconDistortion.obj
 0001:0000b650       ?SuperClassID@BerconTile@@UEAAKXZ 000000018000c650 f i BerconTile.obj
 0001:0000b660       ?SurfacePtScreen@BerconSC@@UEAA?AVPoint2@@XZ 000000018000c660 f i BerconDistortion.obj
 0001:0000b690       ?ClassID@ShadeContext@@UEAA?AVClass_ID@@XZ 000000018000c690 f i BerconDistortion.obj
 0001:0000b690       ?SurfacePtScreen@ShadeContext@@UEAA?AVPoint2@@XZ 000000018000c690 f i BerconDistortion.obj
 0001:0000b6a0       ?TossCache@BerconSC@@UEAAXPEAVTexmap@@@Z 000000018000c6a0 f i BerconDistortion.obj
 0001:0000b6c0       ?GetNextKeyTime@Animatable@@UEAAHHKAEAH@Z 000000018000c6c0 f i BerconDistortion.obj
 0001:0000b6c0       ?IsSuperSampleOn@ShadeContext@@UEAAHXZ 000000018000c6c0 f i BerconDistortion.obj
 0001:0000b6c0       ?GetKeySelState@Animatable@@UEAAHAEAVBitArray@@VInterval@@K@Z 000000018000c6c0 f i BerconDistortion.obj
 0001:0000b6c0       ?CopyTrack@Animatable@@UEAAPEAVTrackClipObject@@VInterval@@K@Z 000000018000c6c0 f i BerconDistortion.obj
 0001:0000b6c0       ?PaintSubFCurves@Animatable@@UEAAHHPEAVParamDimensionBase@@PEAUHDC__@@AEAVBox2@@2MHMHK@Z 000000018000c6c0 f i BerconDistortion.obj
 0001:0000b6c0       ?DebugFile@RenderGlobalContext@@UEAAPEAU_iobuf@@XZ 000000018000c6c0 f i BerconDistortion.obj
 0001:0000b6c0       ?IsCurveSelected@Animatable@@UEAAHXZ 000000018000c6c0 f i BerconDistortion.obj
 0001:0000b6c0       ?CanCopySubTrack@Animatable@@UEAAHHVInterval@@K@Z 000000018000c6c0 f i BerconDistortion.obj
 0001:0000b6c0       ?GetKeyTime@Animatable@@UEAAHH@Z 000000018000c6c0 f i BerconDistortion.obj
 0001:0000b6c0       ?SupportsMultiMapsInViewport@MtlBase@@UEAAHXZ 000000018000c6c0 f i BerconDistortion.obj
 0001:0000b6c0       ?IsTextureSuperSampleOn@ShadeContext@@UEAAHXZ 000000018000c6c0 f i BerconDistortion.obj
 0001:0000b6c0       ?GetUVWSource@Texmap@@UEAAHXZ 000000018000c6c0 f i BerconDistortion.obj
 0001:0000b6c0       ?SetCustomImageList@ResourceMakerCallback@@UEAAHAEAPEAU_IMAGELIST@@PEAVICurveCtl@@@Z 000000018000c6c0 f i BerconGradient.obj
 0001:0000b6c0       ?ShouldPersistWeakRef@ReferenceMaker@@UEAAHPEAVReferenceTarget@@@Z 000000018000c6c0 f i BerconDistortion.obj
 0001:0000b6c0       ?BypassPropertyLevel@Animatable@@UEAAHXZ 000000018000c6c0 f i BerconDistortion.obj
 0001:0000b6c0       ?GetCache@ShadeContext@@UEAAHPEAVTexmap@@AEAM@Z 000000018000c6c0 f i BerconDistortion.obj
 0001:0000b6c0       ?CanManipulate@ClassDesc@@UEAAHPEAVReferenceTarget@@@Z 000000018000c6c0 f i BerconDistortion.obj
 0001:0000b6c0       ?SelectSubAnim@Animatable@@UEAAHH@Z 000000018000c6c0 f i BerconDistortion.obj
 0001:0000b6c0       ?Execute@IGradient@@UEAA_JH_K00@Z 000000018000c6c0 f i BerconGradient.obj
 0001:0000b6c0       ?CopySubTrack@Animatable@@UEAAPEAVTrackClipObject@@HVInterval@@K@Z 000000018000c6c0 f i BerconDistortion.obj
 0001:0000b6c0       ?GetTheUVGen@Texmap@@UEAAPEAVUVGen@@XZ 000000018000c6c0 f i BerconDistortion.obj
 0001:0000b6c0       ?IsMultiMtl@MtlBase@@UEAAHXZ 000000018000c6c0 f i BerconDistortion.obj
 0001:0000b6c0       ?CreateManipulator@ClassDesc@@UEAAPEAVManipulator@@PEAVINode@@@Z 000000018000c6c0 f i BerconDistortion.obj
 0001:0000b6c0       ?CanPasteSubTrack@Animatable@@UEAAHHPEAVTrackClipObject@@VInterval@@K@Z 000000018000c6c0 f i BerconDistortion.obj
 0001:0000b6c0       ?IsSubCurveSelected@Animatable@@UEAAHH@Z 000000018000c6c0 f i BerconDistortion.obj
 0001:0000b6c0       ?NumRenderInstances@RenderGlobalContext@@UEAAHXZ 000000018000c6c0 f i BerconDistortion.obj
 0001:0000b6c0       ?GetToolTip@ResourceMakerCallback@@UEAAHHAEAVWStr@@PEAVICurveCtl@@@Z 000000018000c6c0 f i BerconGradient.obj
 0001:0000b6c0       ?GetCache@ShadeContext@@UEAAHPEAVTexmap@@AEAVPoint3@@@Z 000000018000c6c0 f i BerconDistortion.obj
 0001:0000b6c0       ?SetSelKeyCoordsExpr@Animatable@@UEAAHPEAVParamDimension@@PEB_W1K@Z 000000018000c6c0 f i BerconDistortion.obj
 0001:0000b6c0       ?GetSubFCurveExtents@Animatable@@UEAAHHPEAVParamDimensionBase@@AEAM1K@Z 000000018000c6c0 f i BerconDistortion.obj
 0001:0000b6c0       ?IntersectWorld@RenderGlobalContext@@UEAAHAEAVRay@@HAEAUISect@@AEAVISectList@@H@Z 000000018000c6c0 f i BerconDistortion.obj
 0001:0000b6c0       ?SetKeyBufferPresent@Animatable@@UEAAHXZ 000000018000c6c0 f i BerconDistortion.obj
 0001:0000b6c0       ?DebugFile@BerconSC@@UEAAPEAU_iobuf@@XZ 000000018000c6c0 f i BerconDistortion.obj
 0001:0000b6c0       ?Execute@ICustomControl@@UEAA_JH_K00@Z 000000018000c6c0 f i BerconGradient.obj
 0001:0000b6c0       ?BumpBasisVectors@ShadeContext@@UEAAHQEAVPoint3@@HH@Z 000000018000c6c0 f i BerconDistortion.obj
 0001:0000b6c0       ?IsKeyAtTime@Animatable@@UEAAHHK@Z 000000018000c6c0 f i BerconDistortion.obj
 0001:0000b6c0       ?ChildAnim@Animatable@@UEAAPEAV1@H@Z 000000018000c6c0 f i BerconDistortion.obj
 0001:0000b6c0       ?Execute@ClassDesc@@UEAA_JH_K00@Z 000000018000c6c0 f i BerconDistortion.obj
 0001:0000b6c0       ?GetActionTable@ClassDesc@@UEAAPEAVActionTable@@H@Z 000000018000c6c0 f i BerconDistortion.obj
 0001:0000b6c0       ?PaintFCurves@Animatable@@UEAAHPEAVParamDimensionBase@@PEAUHDC__@@AEAVBox2@@2MHMHK@Z 000000018000c6c0 f i BerconDistortion.obj
 0001:0000b6c0       ?BypassTreeView@Animatable@@UEAAHXZ 000000018000c6c0 f i BerconDistortion.obj
 0001:0000b6c0       ?CanDeleteSubAnim@Animatable@@UEAAHH@Z 000000018000c6c0 f i BerconDistortion.obj
 0001:0000b6c0       ?GetUserDlgProc@ClassDesc@@UEAAPEAVParamMap2UserDlgProc@@PEAVParamBlockDesc2@@@Z 000000018000c6c0 f i BerconDistortion.obj
 0001:0000b6c0       ?GetAAFilterKernel@RenderGlobalContext@@UEAAPEAVFilterKernel@@XZ 000000018000c6c0 f i BerconDistortion.obj
 0001:0000b6c0       ?Node@ShadeContext@@UEAAPEAVINode@@XZ 000000018000c6c0 f i BerconDistortion.obj
 0001:0000b6c0       ?GetViewParams@RenderGlobalContext@@UEAAPEAVViewParams@@XZ 000000018000c6c0 f i BerconDistortion.obj
 0001:0000b6c0       ?Execute@RenderGlobalContext@@UEAA_JH_K00@Z 000000018000c6c0 f i BerconDistortion.obj
 0001:0000b6c0       ?CreateManipulator@ClassDesc@@UEAAPEAVManipulator@@PEAVReferenceTarget@@PEAVINode@@@Z 000000018000c6c0 f i BerconDistortion.obj
 0001:0000b6c0       ?NumActionTables@ClassDesc@@UEAAHXZ 000000018000c6c0 f i BerconDistortion.obj
 0001:0000b6c0       ?CanManipulateNode@ClassDesc@@UEAAHPEAVINode@@@Z 000000018000c6c0 f i BerconDistortion.obj
 0001:0000b6c0       ?NumChildren@Animatable@@UEAAHXZ 000000018000c6c0 f i BerconDistortion.obj
 0001:0000b6c0       ?EndCreate@ClassDesc@@UEAAHPEAVInterface@@@Z 000000018000c6c0 f i BerconDistortion.obj
 0001:0000b6c0       ?RenderEnd@Animatable@@UEAAHH@Z 000000018000c6c0 f i BerconDistortion.obj
 0001:0000b6c0       ?HasClassParams@ClassDesc@@UEAAHXZ 000000018000c6c0 f i BerconDistortion.obj
 0001:0000b6c0       ?GetTheXYZGen@Texmap@@UEAAPEAVXYZGen@@XZ 000000018000c6c0 f i BerconDistortion.obj
 0001:0000b6c0       ?Antialias@ShadeContext@@UEAAHXZ 000000018000c6c0 f i BerconDistortion.obj
 0001:0000b6c0       ?Execute@ShadeContext@@UEAA_JH_K00@Z 000000018000c6c0 f i BerconDistortion.obj
 0001:0000b6c0       ?NumSelKeys@Animatable@@UEAAHXZ 000000018000c6c0 f i BerconDistortion.obj
 0001:0000b6c0       ?GetKeyTimes@Animatable@@UEAAHAEAV?$Tab@H@@VInterval@@K@Z 000000018000c6c0 f i BerconDistortion.obj
 0001:0000b6c0       ?GetTheXYZGen@BerconNoise@@UEAAPEAVXYZGen@@XZ 000000018000c6c0 f i BerconNoise.obj
 0001:0000b6c0       __scrt_stub_for_is_c_termination_complete 000000018000c6c0 f i MSVCRT:ucrt_stubs.obj
 0001:0000b6c0       ?HandleOwnViewPerturb@Texmap@@UEAAHXZ 000000018000c6c0 f i BerconDistortion.obj
 0001:0000b6c0       ?CanCopyTrack@Animatable@@UEAAHVInterval@@K@Z 000000018000c6c0 f i BerconDistortion.obj
 0001:0000b6c0       ?GetInterface@ResourceMakerCallback@@UEAAPEAXK@Z 000000018000c6c0 f i BerconGradient.obj
 0001:0000b6c0       ?IsHighDynamicRange@Texmap@@UEBAHXZ 000000018000c6c0 f i BerconDistortion.obj
 0001:0000b6c0       _is_c_termination_complete 000000018000c6c0 f i MSVCRT:ucrt_stubs.obj
 0001:0000b6c0       ?InvisibleProperty@Animatable@@UEAAHXZ 000000018000c6c0 f i BerconDistortion.obj
 0001:0000b6c0       ?GetParamMap@ClassDesc@@UEAAPEAVIParamMap2@@PEAVParamBlockDesc2@@@Z 000000018000c6c0 f i BerconDistortion.obj
 0001:0000b6c0       ?TrackParamsType@Animatable@@UEAAHXZ 000000018000c6c0 f i BerconDistortion.obj
 0001:0000b6c0       ?GetCache@ShadeContext@@UEAAHPEAVTexmap@@AEAVAColor@@@Z 000000018000c6c0 f i BerconDistortion.obj
 0001:0000b6c0       ?SetDlgThing@BerconDistortion@@UEAAHPEAVParamDlg@@@Z 000000018000c6c0 f i BerconDistortion.obj
 0001:0000b6c0       ?GetNSuperSample@ShadeContext@@UEAAHXZ 000000018000c6c0 f i BerconDistortion.obj
 0001:0000b6c0       ?SupportTimeOperations@Animatable@@UEAAHXZ 000000018000c6c0 f i BerconDistortion.obj
 0001:0000b6c0       ?BeginCreate@ClassDesc@@UEAAHPEAVInterface@@@Z 000000018000c6c0 f i BerconDistortion.obj
 0001:0000b6c0       ?CanPasteTrack@Animatable@@UEAAHPEAVTrackClipObject@@VInterval@@K@Z 000000018000c6c0 f i BerconDistortion.obj
 0001:0000b6c0       ?IsManipulator@ClassDesc@@UEAAHXZ 000000018000c6c0 f i BerconDistortion.obj
 0001:0000b6c0       ?TrackViewWinProc@Animatable@@UEAA_JPEAUHWND__@@I_K_J@Z 000000018000c6c0 f i BerconDistortion.obj
 0001:0000b6c0       ?GetFCurveExtents@Animatable@@UEAAHPEAVParamDimensionBase@@AEAM1K@Z 000000018000c6c0 f i BerconDistortion.obj
 0001:0000b6c0       ?NeedsToSave@ClassDesc@@UEAAHXZ 000000018000c6c0 f i BerconDistortion.obj
 0001:0000b6c0       ?Load@ClassDesc@@UEAA?AW4IOResult@@PEAVILoad@@@Z 000000018000c6c0 f i BerconDistortion.obj
 0001:0000b6c0       ?RenderBegin@Animatable@@UEAAHHK@Z 000000018000c6c0 f i BerconDistortion.obj
 0001:0000b6c0       ?IsKeySelected@Animatable@@UEAAHH@Z 000000018000c6c0 f i BerconDistortion.obj
 0001:0000b6c0       ?GetEvalObject@ShadeContext@@UEAAPEAVObject@@XZ 000000018000c6c0 f i BerconDistortion.obj
 0001:0000b6c0       ?DebugFile@ShadeContext@@UEAAPEAU_iobuf@@XZ 000000018000c6c0 f i BerconDistortion.obj
 0001:0000b6c0       ?GetRenderInstance@RenderGlobalContext@@UEAAPEAVRenderInstance@@H@Z 000000018000c6c0 f i BerconDistortion.obj
 0001:0000b6c0       ?AssignController@Animatable@@UEAAHPEAV1@H@Z 000000018000c6c0 f i BerconDistortion.obj
 0001:0000b6c0       ?Save@ClassDesc@@UEAA?AW4IOResult@@PEAVISave@@@Z 000000018000c6c0 f i BerconDistortion.obj
 0001:0000b6c0       ?ProjType@ShadeContext@@UEAAHXZ 000000018000c6c0 f i BerconDistortion.obj
 0001:0000b6d0       ?UVW@BerconSC@@UEAA?AVPoint3@@H@Z 000000018000c6d0 f i BerconDistortion.obj
 0001:0000b7a0       ?UVWNormal@BerconSC@@UEAA?AVPoint3@@H@Z 000000018000c7a0 f i BerconDistortion.obj
 0001:0000b7d0       ?UVWNormal@ShadeContext@@UEAA?AVPoint3@@H@Z 000000018000c7d0 f i BerconDistortion.obj
 0001:0000b7e0       ?Update@BerconDistortion@@UEAAXHAEAVInterval@@@Z 000000018000c7e0 f   BerconDistortion.obj
 0001:0000b900       ?Update@ParamMap2UserDlgProc@@UEAAXHAEAVInterval@@PEAVIParamMap2@@@Z 000000018000c900 f i BerconDistortion.obj
 0001:0000b910       ?V@BerconSC@@UEAA?AVPoint3@@XZ 000000018000c910 f i BerconDistortion.obj
 0001:0000b940       ?Validity@BerconDistortion@@UEAA?AVInterval@@H@Z 000000018000c940 f   BerconDistortion.obj
 0001:0000b990       ?VectorFrom@BerconSC@@UEAA?AVPoint3@@AEBV2@W4RefFrame@@@Z 000000018000c990 f i BerconDistortion.obj
 0001:0000b9c0       ?VectorFromNoScale@BerconSC@@UEAA?AVPoint3@@AEBV2@W4RefFrame@@@Z 000000018000c9c0 f i BerconDistortion.obj
 0001:0000b9f0       ?VectorTo@BerconSC@@UEAA?AVPoint3@@AEBV2@W4RefFrame@@@Z 000000018000c9f0 f i BerconDistortion.obj
 0001:0000ba20       ?VectorToNoScale@BerconSC@@UEAA?AVPoint3@@AEBV2@W4RefFrame@@@Z 000000018000ca20 f i BerconDistortion.obj
 0001:0000ba50       ?getDistVector@BerconDistortion@@QEAA?AVPoint3@@AEAVShadeContext@@@Z 000000018000ca50 f   BerconDistortion.obj
 0001:0000bb50       ?Create@BerconGradientClassDesc@@UEAAPEAXH@Z 000000018000cb50 f i BerconGradient.obj
 0001:0000bb90       ?ClassName@BerconGradientClassDesc@@UEAAPEB_WXZ 000000018000cb90 f i BerconGradient.obj
 0001:0000bba0       ?InternalName@BerconGradientClassDesc@@UEAAPEB_WXZ 000000018000cba0 f i BerconGradient.obj
 0001:0000bbb0       ??_EBerconGradientClassDesc@@UEAAPEAXI@Z 000000018000cbb0 f i BerconGradient.obj
 0001:0000bbb0       ??_GBerconGradientClassDesc@@UEAAPEAXI@Z 000000018000cbb0 f i BerconGradient.obj
 0001:0000bc10       ??0BerconGradient@@QEAA@XZ 000000018000cc10 f   BerconGradient.obj
 0001:0000bd70       ??0IGradient@@QEAA@PEAUHWND__@@PEAVGradientRamp@@@Z 000000018000cd70 f i BerconGradient.obj
 0001:0000bdd0       ??1BerconGradient@@UEAA@XZ 000000018000cdd0 f   BerconGradient.obj
 0001:0000bea0       ??1ICustomControl@@UEAA@XZ 000000018000cea0 f i BerconGradient.obj
 0001:0000bec0       ??_EBerconGradient@@WEA@EAAPEAXI@Z 000000018000cec0 f i BerconGradient.obj
 0001:0000bed0       ??_EBerconGradient@@UEAAPEAXI@Z 000000018000ced0 f i BerconGradient.obj
 0001:0000bed0       ??_GBerconGradient@@UEAAPEAXI@Z 000000018000ced0 f i BerconGradient.obj
 0001:0000bf20       ??_EBerconGradientDlgProc@@UEAAPEAXI@Z 000000018000cf20 f i BerconGradient.obj
 0001:0000bf20       ??_GBerconGradientDlgProc@@UEAAPEAXI@Z 000000018000cf20 f i BerconGradient.obj
 0001:0000bf70       ??_GICustomControl@@UEAAPEAXI@Z 000000018000cf70 f i BerconGradient.obj
 0001:0000bf70       ??_EICustomControl@@UEAAPEAXI@Z 000000018000cf70 f i BerconGradient.obj
 0001:0000bfd0       ??_EIGradient@@UEAAPEAXI@Z 000000018000cfd0 f i BerconGradient.obj
 0001:0000bfd0       ??_GIGradient@@UEAAPEAXI@Z 000000018000cfd0 f i BerconGradient.obj
 0001:0000c060       ?ActivateTexDisplay@BerconGradient@@UEAAXH@Z 000000018000d060 f i BerconGradient.obj
 0001:0000c090       ?ClassID@BerconGradient@@UEAA?AVClass_ID@@XZ 000000018000d090 f i BerconGradient.obj
 0001:0000c090       ?ClassID@BerconGradientClassDesc@@UEAA?AVClass_ID@@XZ 000000018000d090 f i BerconGradient.obj
 0001:0000c0b0       ?Clone@BerconGradient@@UEAAPEAVReferenceTarget@@AEAVRemapDir@@@Z 000000018000d0b0 f   BerconGradient.obj
 0001:0000c260       ?CreateParamDlg@BerconGradient@@UEAAPEAVParamDlg@@PEAUHWND__@@PEAVIMtlParams@@@Z 000000018000d260 f   BerconGradient.obj
 0001:0000c370       ?DiscardTexHandle@BerconGradient@@QEAAXXZ 000000018000d370 f i BerconGradient.obj
 0001:0000c3a0       ?DlgProc@BerconGradientDlgProc@@UEAA_JHPEAVIParamMap2@@PEAUHWND__@@I_K_J@Z 000000018000d3a0 f   BerconGradient.obj
 0001:0000d010       ?EnableStuff@BerconGradient@@QEAAXXZ 000000018000e010 f   BerconGradient.obj
 0001:0000d370       ?EvalColor@BerconGradient@@UEAA?AVAColor@@AEAVShadeContext@@@Z 000000018000e370 f   BerconGradient.obj
 0001:0000d530       ?EvalMono@BerconGradient@@UEAAMAEAVShadeContext@@@Z 000000018000e530 f   BerconGradient.obj
 0001:0000d530       ?EvalMono@BerconWood@@UEAAMAEAVShadeContext@@@Z 000000018000e530 f   BerconWood.obj
 0001:0000d530       ?EvalMono@BerconNoise@@UEAAMAEAVShadeContext@@@Z 000000018000e530 f   BerconNoise.obj
 0001:0000d530       ?EvalMono@BerconTile@@UEAAMAEAVShadeContext@@@Z 000000018000e530 f   BerconTile.obj
 0001:0000d560       ?EvalNormalPerturb@BerconGradient@@UEAA?AVPoint3@@AEAVShadeContext@@@Z 000000018000e560 f   BerconGradient.obj
 0001:0000da70       ?GetActiveTexHandle@BerconGradient@@UEAA_KHAEAVTexHandleMaker@@@Z 000000018000ea70 f   BerconGradient.obj
 0001:0000db30       ?GetBerconGradientDesc@@YAPEAVClassDesc2@@XZ 000000018000eb30 f   BerconGradient.obj
 0001:0000db40       ?GetClassName@BerconGradient@@UEAAXAEAVWStr@@@Z 000000018000eb40 f i BerconGradient.obj
 0001:0000db70       ?GetHwnd@IGradient@@UEAAPEAUHWND__@@XZ 000000018000eb70 f i BerconGradient.obj
 0001:0000db80       ?GetParamBlock@BerconGradient@@UEAAPEAVIParamBlock2@@H@Z 000000018000eb80 f i BerconGradient.obj
 0001:0000dba0       ?GetParamBlockByID@BerconGradient@@UEAAPEAVIParamBlock2@@F@Z 000000018000eba0 f i BerconGradient.obj
 0001:0000dc10       ?GetReference@BerconGradient@@UEAAPEAVReferenceTarget@@H@Z 000000018000ec10 f   BerconGradient.obj
 0001:0000dca0       ?GetSubTexmap@BerconGradient@@UEAAPEAVTexmap@@H@Z 000000018000eca0 f   BerconGradient.obj
 0001:0000dce0       ?GetSubTexmapSlotName@BerconGradient@@UEAA?AVWStr@@H@Z 000000018000ece0 f   BerconGradient.obj
 0001:0000dd90       ?LocalRequirements@BerconGradient@@UEAAKH@Z 000000018000ed90 f i BerconGradient.obj
 0001:0000ddb0       ?MappingsRequired@BerconGradient@@UEAAXHAEAVBitArray@@0@Z 000000018000edb0 f i BerconGradient.obj
 0001:0000ddd0       ?NotifyRefChanged@BerconGradient@@UEAA?AW4RefResult@@AEBVInterval@@PEAVReferenceTarget@@AEA_KIH@Z 000000018000edd0 f   BerconGradient.obj
 0001:0000dee0       ?NumSubTexmaps@BerconGradient@@UEAAHXZ 000000018000eee0 f i BerconGradient.obj
 0001:0000def0       ?NumRefs@BerconGradient@@UEAAHXZ 000000018000eef0 f i BerconGradient.obj
 0001:0000def0       ?NumSubs@BerconGradient@@UEAAHXZ 000000018000eef0 f i BerconGradient.obj
 0001:0000df00       ?RenderBegin@BerconGradient@@UEAAHHK@Z 000000018000ef00 f i BerconGradient.obj
 0001:0000df20       ?RenderEnd@BerconGradient@@UEAAHH@Z 000000018000ef20 f i BerconGradient.obj
 0001:0000df30       ?Reset@BerconGradient@@UEAAXXZ 000000018000ef30 f   BerconGradient.obj
 0001:0000e220       ?SetDlgThing@BerconGradient@@UEAAHPEAVParamDlg@@@Z 000000018000f220 f   BerconGradient.obj
 0001:0000e260       ?SetReference@BerconGradient@@UEAAXHPEAVReferenceTarget@@@Z 000000018000f260 f   BerconGradient.obj
 0001:0000e370       ?SetSubTexmap@BerconGradient@@UEAAXHPEAVTexmap@@@Z 000000018000f370 f   BerconGradient.obj
 0001:0000e400       ?SetThing@BerconGradientDlgProc@@UEAAXPEAVReferenceTarget@@@Z 000000018000f400 f i BerconGradient.obj
 0001:0000e4b0       ?SubAnim@BerconGradient@@UEAAPEAVAnimatable@@H@Z 000000018000f4b0 f   BerconGradient.obj
 0001:0000e540       ?SubAnimName@BerconGradient@@UEAA?AVWStr@@H@Z 000000018000f540 f   BerconGradient.obj
 0001:0000e5d0       ?SubNumToRefNum@BerconTile@@UEAAHH@Z 000000018000f5d0 f i BerconTile.obj
 0001:0000e5d0       ?SubNumToRefNum@BerconGradient@@UEAAHH@Z 000000018000f5d0 f i BerconGradient.obj
 0001:0000e5d0       ?SubNumToRefNum@BerconNoise@@UEAAHH@Z 000000018000f5d0 f i BerconNoise.obj
 0001:0000e5d0       ?SubNumToRefNum@BerconDistortion@@UEAAHH@Z 000000018000f5d0 f i BerconDistortion.obj
 0001:0000e5d0       ?SubNumToRefNum@BerconWood@@UEAAHH@Z 000000018000f5d0 f i BerconWood.obj
 0001:0000e5d0       ?RemapRefOnLoad@ReferenceMaker@@UEAAHH@Z 000000018000f5d0 f i BerconDistortion.obj
 0001:0000e5e0       ?Update@BerconGradient@@UEAAXHAEAVInterval@@@Z 000000018000f5e0 f   BerconGradient.obj
 0001:0000ecd0       ?Validity@BerconGradient@@UEAA?AVInterval@@H@Z 000000018000fcd0 f   BerconGradient.obj
 0001:0000ed20       ?countKeys@BerconGradient@@QEAAHXZ 000000018000fd20 f   BerconGradient.obj
 0001:0000edc0       ?getGradientValue@BerconGradient@@QEAAMAEAVShadeContext@@@Z 000000018000fdc0 f   BerconGradient.obj
 0001:0000f120       ?getGradientValueDist@BerconGradient@@QEAAMAEAVShadeContext@@@Z 0000000180010120 f   BerconGradient.obj
 0001:0000f4d0       ?getGradientValueNormal@BerconGradient@@QEAAMAEAVShadeContext@@@Z 00000001800104d0 f   BerconGradient.obj
 0001:0000f880       ?getGradientValueUVW@BerconGradient@@QEAAMVPoint3@@@Z 0000000180010880 f   BerconGradient.obj
 0001:0000fc10       ?gradAddKey@BerconGradient@@UEAAXM@Z 0000000180010c10 f   BerconGradient.obj
 0001:0000fd20       ?gradDelKey@BerconGradient@@UEAAXH@Z 0000000180010d20 f   BerconGradient.obj
 0001:0000fe00       ?gradMoveKey@BerconGradient@@UEAAXHM@Z 0000000180010e00 f   BerconGradient.obj
 0001:0000fed0       ?gradReset@BerconGradient@@UEAAXXZ 0000000180010ed0 f i BerconGradient.obj
 0001:0000fee0       ?gradSelKey@BerconGradient@@UEAAXXZ 0000000180010ee0 f   BerconGradient.obj
 0001:0000ff90       ?keyColorChanged@BerconGradient@@QEAAXVAColor@@@Z 0000000180010f90 f   BerconGradient.obj
 0001:00010040       ?keyNumChanged@BerconGradient@@QEAAXH@Z 0000000180011040 f   BerconGradient.obj
 0001:000100d0       ?keyPosChanged@BerconGradient@@QEAAXM@Z 00000001800110d0 f   BerconGradient.obj
 0001:00010190       ?limitRange@BerconGradient@@QEAAHAEAM@Z 0000000180011190 f   BerconGradient.obj
 0001:00010260       ?resetKeys@BerconGradient@@QEAAXXZ 0000000180011260 f   BerconGradient.obj
 0001:00010350       ?seedRandomGen@BerconGradient@@QEAAXAEAVShadeContext@@@Z 0000000180011350 f   BerconGradient.obj
 0001:000104c0       ?setKeyTex@BerconGradient@@QEAAXPEAVTexmap@@@Z 00000001800114c0 f   BerconGradient.obj
 0001:00010550       ?IsRefMaker@ReferenceMaker@@UEAAHXZ 0000000180011550 f i BerconDistortion.obj
 0001:00010550       ?SupportTexDisplay@BerconTile@@UEAAHXZ 0000000180011550 f i BerconTile.obj
 0001:00010550       ?CanCopyAnim@Animatable@@UEAAHXZ 0000000180011550 f i BerconDistortion.obj
 0001:00010550       ?IsRealDependency@ReferenceMaker@@UEAAHPEAVReferenceTarget@@@Z 0000000180011550 f i BerconDistortion.obj
 0001:00010550       ?GetToolTip@BerconWood@@UEAAHHAEAVWStr@@PEAVICurveCtl@@@Z 0000000180011550 f i BerconWood.obj
 0001:00010550       ?LibInitialize@@YAHXZ      0000000180011550 f i DllEntry.obj
 0001:00010550       ?GetTrackVSpace@Animatable@@UEAAHH@Z 0000000180011550 f i BerconDistortion.obj
 0001:00010550       ?SupportTexDisplay@BerconDistortion@@UEAAHXZ 0000000180011550 f i BerconDistortion.obj
 0001:00010550       ?IsPublic@BerconWoodClassDesc@@UEAAHXZ 0000000180011550 f i BerconWood.obj
 0001:00010550       ?CanTransferReference@ReferenceMaker@@UEAAHH@Z 0000000180011550 f i BerconDistortion.obj
 0001:00010550       ?GetToolTip@BerconGradient@@UEAAHHAEAVWStr@@PEAVICurveCtl@@@Z 0000000180011550 f i BerconGradient.obj
 0001:00010550       ?SetCustomImageList@BerconGradient@@UEAAHAEAPEAU_IMAGELIST@@PEAVICurveCtl@@@Z 0000000180011550 f i BerconGradient.obj
 0001:00010550       ?LoadMapFiles@Texmap@@UEAAHH@Z 0000000180011550 f i BerconDistortion.obj
 0001:00010550       ?IsPublic@BerconGradientClassDesc@@UEAAHXZ 0000000180011550 f i BerconGradient.obj
 0001:00010550       ?IsPublic@BerconNoiseClassDesc@@UEAAHXZ 0000000180011550 f i BerconNoise.obj
 0001:00010550       ?IsPublic@BerconTileClassDesc@@UEAAHXZ 0000000180011550 f i BerconTile.obj
 0001:00010550       ?CanAssignController@Animatable@@UEAAHH@Z 0000000180011550 f i BerconDistortion.obj
 0001:00010550       ?SubTexmapOn@ISubMap@@UEAAHH@Z 0000000180011550 f i BerconDistortion.obj
 0001:00010550       ?LibShutdown@@YAHXZ        0000000180011550 f i DllEntry.obj
 0001:00010550       ?SupportTexDisplay@BerconNoise@@UEAAHXZ 0000000180011550 f i BerconNoise.obj
 0001:00010550       ?GetTransparencyHint@MtlBase@@UEAAHHAEAVInterval@@@Z 0000000180011550 f i BerconDistortion.obj
 0001:00010550       ?OkToCreate@ClassDesc@@UEAAHPEAVInterface@@@Z 0000000180011550 f i BerconDistortion.obj
 0001:00010550       ?IsRefTarget@ReferenceTarget@@UEAAHXZ 0000000180011550 f i BerconDistortion.obj
 0001:00010550       ?BuildMaps@MtlBase@@UEAAHHAEAVRenderMapsContext@@@Z 0000000180011550 f i BerconDistortion.obj
 0001:00010550       ?SupportTexDisplay@BerconGradient@@UEAAHXZ 0000000180011550 f i BerconGradient.obj
 0001:00010550       ?IsEnabled@IGradient@@UEAAHXZ 0000000180011550 f i BerconGradient.obj
 0001:00010550       _get_startup_argv_mode     0000000180011550 f i MSVCRT:argv_mode.obj
 0001:00010550       ?IsPublic@BerconDistortionClassDesc@@UEAAHXZ 0000000180011550 f i BerconDistortion.obj
 0001:00010550       ?SupportTexDisplay@BerconWood@@UEAAHXZ 0000000180011550 f i BerconWood.obj
 0001:00010550       ?CanMakeUnique@Animatable@@UEAAHXZ 0000000180011550 f i BerconDistortion.obj
 0001:00010550       ?NumSubs@BerconNoise@@UEAAHXZ 0000000180011550 f i BerconNoise.obj
 0001:00010550       ?GetSelKeyCoords@Animatable@@UEAAHAEAHAEAMK@Z 0000000180011550 f i BerconDistortion.obj
 0001:00010550       ?GetMapChannel@Texmap@@UEAAHXZ 0000000180011550 f i BerconDistortion.obj
 0001:00010550       ?SetCustomImageList@BerconWood@@UEAAHAEAPEAU_IMAGELIST@@PEAVICurveCtl@@@Z 0000000180011550 f i BerconWood.obj
 0001:00010560       ?Create@BerconTileClassDesc@@UEAAPEAXH@Z 0000000180011560 f i BerconTile.obj
 0001:000105a0       ?ClassName@BerconTileClassDesc@@UEAAPEB_WXZ 00000001800115a0 f i BerconTile.obj
 0001:000105b0       ?Category@BerconTileClassDesc@@UEAAPEB_WXZ 00000001800115b0 f i BerconTile.obj
 0001:000105b0       ?Category@BerconNoiseClassDesc@@UEAAPEB_WXZ 00000001800115b0 f i BerconNoise.obj
 0001:000105b0       ?Category@BerconDistortionClassDesc@@UEAAPEB_WXZ 00000001800115b0 f i BerconDistortion.obj
 0001:000105b0       ?Category@BerconWoodClassDesc@@UEAAPEB_WXZ 00000001800115b0 f i BerconWood.obj
 0001:000105b0       ?Category@BerconGradientClassDesc@@UEAAPEB_WXZ 00000001800115b0 f i BerconGradient.obj
 0001:000105c0       ?InternalName@BerconTileClassDesc@@UEAAPEB_WXZ 00000001800115c0 f i BerconTile.obj
 0001:000105d0       ?HInstance@BerconTileClassDesc@@UEAAPEAUHINSTANCE__@@XZ 00000001800115d0 f i BerconTile.obj
 0001:000105d0       ?HInstance@BerconNoiseClassDesc@@UEAAPEAUHINSTANCE__@@XZ 00000001800115d0 f i BerconNoise.obj
 0001:000105d0       ?HInstance@BerconWoodClassDesc@@UEAAPEAUHINSTANCE__@@XZ 00000001800115d0 f i BerconWood.obj
 0001:000105d0       ?HInstance@BerconDistortionClassDesc@@UEAAPEAUHINSTANCE__@@XZ 00000001800115d0 f i BerconDistortion.obj
 0001:000105d0       ?HInstance@BerconGradientClassDesc@@UEAAPEAUHINSTANCE__@@XZ 00000001800115d0 f i BerconGradient.obj
 0001:000105e0       ??_EBerconTileClassDesc@@UEAAPEAXI@Z 00000001800115e0 f i BerconTile.obj
 0001:000105e0       ??_GBerconTileClassDesc@@UEAAPEAXI@Z 00000001800115e0 f i BerconTile.obj
 0001:00010640       ??$_Destroy_range1@V?$allocator@VTileRow@@@std@@PEAVTileRow@@@std@@YAXPEAVTileRow@@0AEAU?$_Wrap_alloc@V?$allocator@VTileRow@@@std@@@0@U?$integral_constant@_N$0A@@0@@Z 0000000180011640 f i BerconTile.obj
 0001:00010730       ??0BerconTile@@QEAA@XZ     0000000180011730 f   BerconTile.obj
 0001:00010870       ??1?$basic_string@_WU?$char_traits@_W@std@@V?$allocator@_W@2@@std@@QEAA@XZ 0000000180011870 f i BerconTile.obj
 0001:000108c0       ??1?$vector@MV?$allocator@M@std@@@std@@QEAA@XZ 00000001800118c0 f i BerconTile.obj
 0001:00010900       ??1?$vector@VTileRow@@V?$allocator@VTileRow@@@std@@@std@@QEAA@XZ 0000000180011900 f i BerconTile.obj
 0001:00010960       ??1BerconTile@@UEAA@XZ     0000000180011960 f   BerconTile.obj
 0001:000109e0       ??1TilePattern@@QEAA@XZ    00000001800119e0 f i BerconTile.obj
 0001:00010a80       ??_EBerconTile@@WEA@EAAPEAXI@Z 0000000180011a80 f i BerconTile.obj
 0001:00010a90       ??_GBerconTile@@UEAAPEAXI@Z 0000000180011a90 f i BerconTile.obj
 0001:00010a90       ??_EBerconTile@@UEAAPEAXI@Z 0000000180011a90 f i BerconTile.obj
 0001:00010ae0       ??_GBerconTileDlgProc@@UEAAPEAXI@Z 0000000180011ae0 f i BerconTile.obj
 0001:00010ae0       ??_EBerconTileDlgProc@@UEAAPEAXI@Z 0000000180011ae0 f i BerconTile.obj
 0001:00010b30       ?ActivateTexDisplay@BerconTile@@UEAAXH@Z 0000000180011b30 f i BerconTile.obj
 0001:00010b60       ?ClassID@BerconTileClassDesc@@UEAA?AVClass_ID@@XZ 0000000180011b60 f i BerconTile.obj
 0001:00010b60       ?ClassID@BerconTile@@UEAA?AVClass_ID@@XZ 0000000180011b60 f i BerconTile.obj
 0001:00010b80       ?Clone@BerconTile@@UEAAPEAVReferenceTarget@@AEAVRemapDir@@@Z 0000000180011b80 f   BerconTile.obj
 0001:00010d00       ?CreateParamDlg@BerconTile@@UEAAPEAVParamDlg@@PEAUHWND__@@PEAVIMtlParams@@@Z 0000000180011d00 f   BerconTile.obj
 0001:00010e20       ?DeleteThis@BerconWoodDlgProc@@UEAAXXZ 0000000180011e20 f i BerconWood.obj
 0001:00010e20       ?DeleteThis@BerconTile@@UEAAXXZ 0000000180011e20 f i BerconTile.obj
 0001:00010e20       ?DeleteThis@BerconDistortion@@UEAAXXZ 0000000180011e20 f i BerconDistortion.obj
 0001:00010e20       ?DeleteThis@BerconGradientDlgProc@@UEAAXXZ 0000000180011e20 f i BerconGradient.obj
 0001:00010e20       ?DeleteThis@BerconWood@@UEAAXXZ 0000000180011e20 f i BerconWood.obj
 0001:00010e20       ?DeleteThis@BerconNoise@@UEAAXXZ 0000000180011e20 f i BerconNoise.obj
 0001:00010e20       ?DeleteThis@BerconTileDlgProc@@UEAAXXZ 0000000180011e20 f i BerconTile.obj
 0001:00010e20       ?DeleteThis@BerconGradient@@UEAAXXZ 0000000180011e20 f i BerconGradient.obj
 0001:00010e20       ?DeleteThis@BerconNoiseDlgProc@@UEAAXXZ 0000000180011e20 f i BerconNoise.obj
 0001:00010e20       ?DeleteThis@BerconXYZDlgProc@@UEAAXXZ 0000000180011e20 f i BerconDistortion.obj
 0001:00010e40       ?DiscardTexHandle@BerconTile@@QEAAXXZ 0000000180011e40 f i BerconTile.obj
 0001:00010e70       ?DlgProc@BerconTileDlgProc@@UEAA_JHPEAVIParamMap2@@PEAUHWND__@@I_K_J@Z 0000000180011e70 f   BerconTile.obj
 0001:00011440       ?EnableStuff@BerconTile@@QEAAXH@Z 0000000180012440 f   BerconTile.obj
 0001:000118b0       ?EvalColor@BerconTile@@UEAA?AVAColor@@AEAVShadeContext@@@Z 00000001800128b0 f   BerconTile.obj
 0001:00011e70       ?EvalNormalPerturb@BerconTile@@UEAA?AVPoint3@@AEAVShadeContext@@@Z 0000000180012e70 f   BerconTile.obj
 0001:00012840       ?EvalParameters@BerconTile@@QEAA?AVTileParam@@AEAVShadeContext@@@Z 0000000180013840 f   BerconTile.obj
 0001:00012960       ?GetActiveTexHandle@BerconTile@@UEAA_KHAEAVTexHandleMaker@@@Z 0000000180013960 f   BerconTile.obj
 0001:00012a20       ?GetBerconTileDesc@@YAPEAVClassDesc2@@XZ 0000000180013a20 f   BerconTile.obj
 0001:00012a30       ?GetClassName@BerconTile@@UEAAXAEAVWStr@@@Z 0000000180013a30 f i BerconTile.obj
 0001:00012a60       ?GetParamBlock@BerconTile@@UEAAPEAVIParamBlock2@@H@Z 0000000180013a60 f i BerconTile.obj
 0001:00012a90       ?GetParamBlockByID@BerconTile@@UEAAPEAVIParamBlock2@@F@Z 0000000180013a90 f i BerconTile.obj
 0001:00012b30       ?GetSubTexmap@BerconTile@@UEAAPEAVTexmap@@H@Z 0000000180013b30 f i BerconTile.obj
 0001:00012b40       ?GetSubTexmapSlotName@BerconTile@@UEAA?AVWStr@@H@Z 0000000180013b40 f   BerconTile.obj
 0001:00012c30       ?LocalRequirements@BerconTile@@UEAAKH@Z 0000000180013c30 f i BerconTile.obj
 0001:00012c50       ?MappingsRequired@BerconTile@@UEAAXHAEAVBitArray@@0@Z 0000000180013c50 f i BerconTile.obj
 0001:00012c70       ?NotifyRefChanged@BerconTile@@UEAA?AW4RefResult@@AEBVInterval@@PEAVReferenceTarget@@AEA_KIH@Z 0000000180013c70 f   BerconTile.obj
 0001:00012d60       ?NumSubTexmaps@BerconTile@@UEAAHXZ 0000000180013d60 f i BerconTile.obj
 0001:00012d70       ?NumRefs@BerconTile@@UEAAHXZ 0000000180013d70 f i BerconTile.obj
 0001:00012d70       ?NumSubs@BerconTile@@UEAAHXZ 0000000180013d70 f i BerconTile.obj
 0001:00012d80       ?Reset@BerconTile@@UEAAXXZ 0000000180013d80 f   BerconTile.obj
 0001:00013380       ?SetDlgThing@BerconTile@@UEAAHPEAVParamDlg@@@Z 0000000180014380 f   BerconTile.obj
 0001:000133c0       ?SetReference@BerconTile@@UEAAXHPEAVReferenceTarget@@@Z 00000001800143c0 f   BerconTile.obj
 0001:00013410       ?SetSubTexmap@BerconTile@@UEAAXHPEAVTexmap@@@Z 0000000180014410 f   BerconTile.obj
 0001:00013500       ?SetThing@BerconTileDlgProc@@UEAAXPEAVReferenceTarget@@@Z 0000000180014500 f i BerconTile.obj
 0001:00013530       ?SubAnim@BerconTile@@UEAAPEAVAnimatable@@H@Z 0000000180014530 f   BerconTile.obj
 0001:00013530       ?GetReference@BerconTile@@UEAAPEAVReferenceTarget@@H@Z 0000000180014530 f   BerconTile.obj
 0001:00013580       ?SubAnimName@BerconTile@@UEAA?AVWStr@@H@Z 0000000180014580 f   BerconTile.obj
 0001:00013620       ?Update@BerconTile@@UEAAXHAEAVInterval@@@Z 0000000180014620 f   BerconTile.obj
 0001:00013e60       ?Validity@BerconTile@@UEAA?AVInterval@@H@Z 0000000180014e60 f   BerconTile.obj
 0001:00013eb0       ?_Copy@?$basic_string@_WU?$char_traits@_W@std@@V?$allocator@_W@2@@std@@QEAAX_K0@Z 0000000180014eb0 f i BerconTile.obj
 0001:00013fe0       ?allocate@?$allocator@_W@std@@QEAAPEA_W_K@Z 0000000180014fe0 f i BerconTile.obj
 0001:00014060       ?assign@?$basic_string@_WU?$char_traits@_W@std@@V?$allocator@_W@2@@std@@QEAAAEAV12@AEBV12@_K1@Z 0000000180015060 f i BerconTile.obj
 0001:000141a0       ?assign@?$basic_string@_WU?$char_traits@_W@std@@V?$allocator@_W@2@@std@@QEAAAEAV12@PEB_W_K@Z 00000001800151a0 f i BerconTile.obj
 0001:000142f0       ?checkValues@TileParam@@QEAAXXZ 00000001800152f0 f i BerconTile.obj
 0001:000143f0       ?deallocate@?$allocator@M@std@@QEAAXPEAM_K@Z 00000001800153f0 f i BerconTile.obj
 0001:00014470       ?deallocate@?$allocator@VTileRow@@@std@@QEAAXPEAVTileRow@@_K@Z 0000000180015470 f i BerconTile.obj
 0001:00014470       ?deallocate@?$allocator@V?$basic_string@_WU?$char_traits@_W@std@@V?$allocator@_W@2@@std@@@std@@QEAAXPEAV?$basic_string@_WU?$char_traits@_W@std@@V?$allocator@_W@2@@2@_K@Z 0000000180015470 f i tile.obj
 0001:000144e0       ?deallocate@?$allocator@_W@std@@QEAAXPEA_W_K@Z 00000001800154e0 f i BerconTile.obj
 0001:00014550       ?erase@?$basic_string@_WU?$char_traits@_W@std@@V?$allocator@_W@2@@std@@QEAAAEAV12@_K0@Z 0000000180015550 f i BerconTile.obj
 0001:00014600       ?getColor@BerconTile@@QEAA?AVAColor@@AEAVShadeContext@@H@Z 0000000180015600 f i BerconTile.obj
 0001:000146a0       ?getDistVector@BerconTile@@QEAA?AVPoint3@@AEAVShadeContext@@@Z 00000001800156a0 f   BerconTile.obj
 0001:000147c0       ?getFloat@BerconTile@@QEAAMAEAVShadeContext@@H@Z 00000001800157c0 f i BerconTile.obj
 0001:00014810       ?getNormal@BerconTile@@QEAA?AVPoint3@@AEAVShadeContext@@H@Z 0000000180015810 f i BerconTile.obj
 0001:000149a0       ?update@TilePattern@@QEAAXXZ 00000001800159a0 f i BerconTile.obj
 0001:00014a70       ?Create@BerconWoodClassDesc@@UEAAPEAXH@Z 0000000180015a70 f i BerconWood.obj
 0001:00014ab0       ?ClassName@BerconWoodClassDesc@@UEAAPEB_WXZ 0000000180015ab0 f i BerconWood.obj
 0001:00014ac0       ?InternalName@BerconWoodClassDesc@@UEAAPEB_WXZ 0000000180015ac0 f i BerconWood.obj
 0001:00014ad0       ??_GBerconWoodClassDesc@@UEAAPEAXI@Z 0000000180015ad0 f i BerconWood.obj
 0001:00014ad0       ??_EBerconWoodClassDesc@@UEAAPEAXI@Z 0000000180015ad0 f i BerconWood.obj
 0001:00014b30       ??0BerconWood@@QEAA@XZ     0000000180015b30 f   BerconWood.obj
 0001:00014c50       ??1BerconWood@@UEAA@XZ     0000000180015c50 f   BerconWood.obj
 0001:00014cb8       ??_EBerconWood@@WEA@EAAPEAXI@Z 0000000180015cb8 f i BerconWood.obj
 0001:00014cd0       ??_GBerconWood@@UEAAPEAXI@Z 0000000180015cd0 f i BerconWood.obj
 0001:00014cd0       ??_EBerconWood@@UEAAPEAXI@Z 0000000180015cd0 f i BerconWood.obj
 0001:00014d20       ??_EBerconWoodDlgProc@@UEAAPEAXI@Z 0000000180015d20 f i BerconWood.obj
 0001:00014d20       ??_GBerconWoodDlgProc@@UEAAPEAXI@Z 0000000180015d20 f i BerconWood.obj
 0001:00014d70       ?ActivateTexDisplay@BerconWood@@UEAAXH@Z 0000000180015d70 f i BerconWood.obj
 0001:00014da0       ?ClassID@BerconWoodClassDesc@@UEAA?AVClass_ID@@XZ 0000000180015da0 f i BerconWood.obj
 0001:00014da0       ?ClassID@BerconWood@@UEAA?AVClass_ID@@XZ 0000000180015da0 f i BerconWood.obj
 0001:00014dc0       ?Clone@BerconWood@@UEAAPEAVReferenceTarget@@AEAVRemapDir@@@Z 0000000180015dc0 f   BerconWood.obj
 0001:00014f40       ?CreateParamDlg@BerconWood@@UEAAPEAVParamDlg@@PEAUHWND__@@PEAVIMtlParams@@@Z 0000000180015f40 f   BerconWood.obj
 0001:00015040       ?DiscardTexHandle@BerconWood@@QEAAXXZ 0000000180016040 f i BerconWood.obj
 0001:00015070       ?DlgProc@BerconWoodDlgProc@@UEAA_JHPEAVIParamMap2@@PEAUHWND__@@I_K_J@Z 0000000180016070 f   BerconWood.obj
 0001:000151f0       ?EnableStuff@BerconWood@@QEAAXXZ 00000001800161f0 f   BerconWood.obj
 0001:000153a0       ?EvalColor@BerconWood@@UEAA?AVAColor@@AEAVShadeContext@@@Z 00000001800163a0 f   BerconWood.obj
 0001:00015a30       ?EvalNormalPerturb@BerconWood@@UEAA?AVPoint3@@AEAVShadeContext@@@Z 0000000180016a30 f   BerconWood.obj
 0001:00016430       ?EvalParameters@BerconWood@@QEAA?AVWoodParam@@AEAVShadeContext@@@Z 0000000180017430 f   BerconWood.obj
 0001:00016800       ?GetActiveTexHandle@BerconWood@@UEAA_KHAEAVTexHandleMaker@@@Z 0000000180017800 f   BerconWood.obj
 0001:000168c0       ?GetBerconWoodDesc@@YAPEAVClassDesc2@@XZ 00000001800178c0 f   BerconWood.obj
 0001:000168d0       ?GetClassName@BerconWood@@UEAAXAEAVWStr@@@Z 00000001800178d0 f i BerconWood.obj
 0001:00016900       ?GetInterface@BerconTile@@UEAAPEAXK@Z 0000000180017900 f i BerconTile.obj
 0001:00016900       ?GetInterface@BerconWood@@UEAAPEAXK@Z 0000000180017900 f i BerconWood.obj
 0001:00016900       ?GetInterface@BerconGradient@@UEAAPEAXK@Z 0000000180017900 f i BerconGradient.obj
 0001:00016920       ?GetInterface@BerconGradient@@WJA@EAAPEAXK@Z 0000000180017920 f i BerconGradient.obj
 0001:00016920       ?GetInterface@BerconTile@@WJA@EAAPEAXK@Z 0000000180017920 f i BerconTile.obj
 0001:00016920       ?GetInterface@BerconWood@@WJA@EAAPEAXK@Z 0000000180017920 f i BerconWood.obj
 0001:00016930       ?GetParamBlock@BerconWood@@UEAAPEAVIParamBlock2@@H@Z 0000000180017930 f i BerconWood.obj
 0001:00016960       ?GetParamBlockByID@BerconWood@@UEAAPEAVIParamBlock2@@F@Z 0000000180017960 f i BerconWood.obj
 0001:00016a00       ?GetSubTexmap@BerconWood@@UEAAPEAVTexmap@@H@Z 0000000180017a00 f i BerconWood.obj
 0001:00016a10       ?GetSubTexmapSlotName@BerconWood@@UEAA?AVWStr@@H@Z 0000000180017a10 f   BerconWood.obj
 0001:00016c40       ?LocalRequirements@BerconWood@@UEAAKH@Z 0000000180017c40 f i BerconWood.obj
 0001:00016c60       ?MappingsRequired@BerconWood@@UEAAXHAEAVBitArray@@0@Z 0000000180017c60 f i BerconWood.obj
 0001:00016c80       ?NewCurveCreatedCallback@BerconWood@@UEAAXHPEAVICurveCtl@@@Z 0000000180017c80 f i BerconWood.obj
 0001:00016df0       ?NotifyRefChanged@BerconWood@@UEAA?AW4RefResult@@AEBVInterval@@PEAVReferenceTarget@@AEA_KIH@Z 0000000180017df0 f   BerconWood.obj
 0001:00016ee0       ?HitTestFCurves@Animatable@@UEAAHPEAVParamDimensionBase@@AEAV?$Tab@VTrackHitRecord@@@@AEAVBox2@@2MHMHK@Z 0000000180017ee0 f i BerconDistortion.obj
 0001:00016ee0       ?HitTestSubFCurves@Animatable@@UEAAHHPEAVParamDimensionBase@@AEAV?$Tab@VTrackHitRecord@@@@AEAVBox2@@2MHMHK@Z 0000000180017ee0 f i BerconDistortion.obj
 0001:00016ee0       ?NumParamBlocks@BerconWood@@UEAAHXZ 0000000180017ee0 f i BerconWood.obj
 0001:00016ef0       ?NumSubTexmaps@BerconWood@@UEAAHXZ 0000000180017ef0 f i BerconWood.obj
 0001:00016f00       ?NumSubs@BerconWood@@UEAAHXZ 0000000180017f00 f i BerconWood.obj
 0001:00016f00       ?NumRefs@BerconWood@@UEAAHXZ 0000000180017f00 f i BerconWood.obj
 0001:00016f10       ?Reset@BerconWood@@UEAAXXZ 0000000180017f10 f   BerconWood.obj
 0001:00017440       ?ResetCallback@BerconWood@@UEAAXHPEAVICurveCtl@@@Z 0000000180018440 f i BerconWood.obj
 0001:000174a0       ?SetDlgThing@BerconWood@@UEAAHPEAVParamDlg@@@Z 00000001800184a0 f   BerconWood.obj
 0001:000174e0       ?SetReference@BerconWood@@UEAAXHPEAVReferenceTarget@@@Z 00000001800184e0 f   BerconWood.obj
 0001:00017530       ?SetSubTexmap@BerconWood@@UEAAXHPEAVTexmap@@@Z 0000000180018530 f   BerconWood.obj
 0001:00017620       ?SetThing@BerconWoodDlgProc@@UEAAXPEAVReferenceTarget@@@Z 0000000180018620 f i BerconWood.obj
 0001:00017630       ?GetReference@BerconWood@@UEAAPEAVReferenceTarget@@H@Z 0000000180018630 f   BerconWood.obj
 0001:00017630       ?SubAnim@BerconWood@@UEAAPEAVAnimatable@@H@Z 0000000180018630 f   BerconWood.obj
 0001:00017680       ?SubAnimName@BerconWood@@UEAA?AVWStr@@H@Z 0000000180018680 f   BerconWood.obj
 0001:00017770       ?Update@BerconWood@@UEAAXHAEAVInterval@@@Z 0000000180018770 f   BerconWood.obj
 0001:00017d70       ?Validity@BerconWood@@UEAA?AVInterval@@H@Z 0000000180018d70 f   BerconWood.obj
 0001:00017dc0       ?applyDistortion@BerconWood@@QEAAXAEAVShadeContext@@AEAVPoint3@@@Z 0000000180018dc0 f   BerconWood.obj
 0001:00017ee0       ?GetString@@YAPEA_WH@Z     0000000180018ee0 f   DllEntry.obj
 0001:00017f30       ?LibClassDesc@@YAPEAVClassDesc@@H@Z 0000000180018f30 f   DllEntry.obj
 0001:00017f70       ?LibDescription@@YAPEB_WXZ 0000000180018f70 f   DllEntry.obj
 0001:00017fc0       ?LibVersion@@YAKXZ         0000000180018fc0 f   DllEntry.obj
 0001:00017fd0       CommctrlIsolationAwarePrivatetRgCebPnQQeRff_pbZPgYQP_QYY 0000000180018fd0 f i DllEntry.obj
 0001:000180a0       DllMain                    00000001800190a0 f   DllEntry.obj
 0001:000180f0       IsolationAwareInitCommonControls 00000001800190f0 f i DllEntry.obj
 0001:000181e0       IsolationAwarePrivatenPgViNgRzlnPgpgk 00000001800191e0 f i DllEntry.obj
 0001:00018270       IsolationAwarePrivatezlybNQyVOeNelJ 0000000180019270 f i DllEntry.obj
 0001:00018280       WinbaseIsolationAwarePrivatetRgzlnPgpgk 0000000180019280 f i DllEntry.obj
 0001:00018440       ?EnableStuff@BerconXYZ@@AEAAXPEAVIParamBlock2@@H@Z 0000000180019440 f   BerconCommon.obj
 0001:00018710       ?get@BerconXYZ@@AEAAHAEAVShadeContext@@AEAVPoint3@@11VMatrix3@@PEAH@Z 0000000180019710 f   BerconCommon.obj
 0001:00018ba0       ?get@BerconXYZ@@AEAAHAEAVShadeContext@@AEAVPoint3@@VMatrix3@@PEAH@Z 0000000180019ba0 f   BerconCommon.obj
 0001:00018de0       ?get@BerconXYZ@@QEAAHAEAVShadeContext@@AEAVPoint3@@11@Z 0000000180019de0 f   BerconCommon.obj
 0001:00018ed0       ?get@BerconXYZ@@QEAAHAEAVShadeContext@@AEAVPoint3@@11PEAV3@@Z 0000000180019ed0 f   BerconCommon.obj
 0001:00019280       ?get@BerconXYZ@@QEAAHAEAVShadeContext@@AEAVPoint3@@@Z 000000018001a280 f   BerconCommon.obj
 0001:00019350       ?get@BerconXYZ@@QEAAHAEAVShadeContext@@AEAVPoint3@@PEAV3@@Z 000000018001a350 f   BerconCommon.obj
 0001:000196d0       ?getBasis@BerconXYZ@@AEAAXVMatrix3@@PEAVPoint3@@@Z 000000018001a6d0 f   BerconCommon.obj
 0001:00019880       ?random@BerconXYZ@@AEAA?AVMatrix3@@AEAVShadeContext@@PEAV2@@Z 000000018001a880 f   BerconCommon.obj
 0001:00019b90       ?reset@BerconXYZ@@QEAAXPEAVIParamBlock2@@AEAVInterval@@HHHH@Z 000000018001ab90 f   BerconCommon.obj
 0001:00019f30       ?seedRandomGen@BerconXYZ@@AEAAXAEAVShadeContext@@@Z 000000018001af30 f   BerconCommon.obj
 0001:0001a240       ?update@BerconXYZ@@QEAAXPEAVIParamBlock2@@HAEAVInterval@@@Z 000000018001b240 f   BerconCommon.obj
 0001:0001a760       ?update@BerconXYZ@@QEAAXXZ 000000018001b760 f   BerconCommon.obj
 0001:0001a900       ?Create@BerconNoiseClassDesc@@UEAAPEAXH@Z 000000018001b900 f i BerconNoise.obj
 0001:0001a940       ?ClassName@BerconNoiseClassDesc@@UEAAPEB_WXZ 000000018001b940 f i BerconNoise.obj
 0001:0001a950       ?InternalName@BerconNoiseClassDesc@@UEAAPEB_WXZ 000000018001b950 f i BerconNoise.obj
 0001:0001a960       ??_GBerconNoiseClassDesc@@UEAAPEAXI@Z 000000018001b960 f i BerconNoise.obj
 0001:0001a960       ??_EBerconNoiseClassDesc@@UEAAPEAXI@Z 000000018001b960 f i BerconNoise.obj
 0001:0001a9c0       ??0BerconNoise@@QEAA@XZ    000000018001b9c0 f   BerconNoise.obj
 0001:0001ab70       ??1BerconNoise@@UEAA@XZ    000000018001bb70 f   BerconNoise.obj
 0001:0001abd8       ??_EBerconNoise@@WEA@EAAPEAXI@Z 000000018001bbd8 f i BerconNoise.obj
 0001:0001abf0       ??_EBerconNoise@@UEAAPEAXI@Z 000000018001bbf0 f i BerconNoise.obj
 0001:0001abf0       ??_GBerconNoise@@UEAAPEAXI@Z 000000018001bbf0 f i BerconNoise.obj
 0001:0001ac40       ??_EBerconNoiseDlgProc@@UEAAPEAXI@Z 000000018001bc40 f i BerconNoise.obj
 0001:0001ac40       ??_GBerconNoiseDlgProc@@UEAAPEAXI@Z 000000018001bc40 f i BerconNoise.obj
 0001:0001ac90       ?ActivateTexDisplay@BerconNoise@@UEAAXH@Z 000000018001bc90 f i BerconNoise.obj
 0001:0001acc0       ?ClassID@BerconNoiseClassDesc@@UEAA?AVClass_ID@@XZ 000000018001bcc0 f i BerconNoise.obj
 0001:0001acc0       ?ClassID@BerconNoise@@UEAA?AVClass_ID@@XZ 000000018001bcc0 f i BerconNoise.obj
 0001:0001ace0       ?Clone@BerconNoise@@UEAAPEAVReferenceTarget@@AEAVRemapDir@@@Z 000000018001bce0 f   BerconNoise.obj
 0001:0001ae80       ?CreateParamDlg@BerconNoise@@UEAAPEAVParamDlg@@PEAUHWND__@@PEAVIMtlParams@@@Z 000000018001be80 f   BerconNoise.obj
 0001:0001af80       ?DiscardTexHandle@BerconNoise@@QEAAXXZ 000000018001bf80 f i BerconNoise.obj
 0001:0001afb0       ?DlgProc@BerconNoiseDlgProc@@UEAA_JHPEAVIParamMap2@@PEAUHWND__@@I_K_J@Z 000000018001bfb0 f   BerconNoise.obj
 0001:0001b4e0       ?EnableStuff@BerconNoise@@QEAAXXZ 000000018001c4e0 f   BerconNoise.obj
 0001:0001b800       ?EvalColor@BerconNoise@@UEAA?AVAColor@@AEAVShadeContext@@@Z 000000018001c800 f   BerconNoise.obj
 0001:0001bc90       ?EvalNormalPerturb@BerconNoise@@UEAA?AVPoint3@@AEAVShadeContext@@@Z 000000018001cc90 f   BerconNoise.obj
 0001:0001c240       ?EvalParameters@BerconNoise@@QEAA?AVNoiseParams@@PEAVShadeContext@@@Z 000000018001d240 f   BerconNoise.obj
 0001:0001c630       ?GetActiveTexHandle@BerconNoise@@UEAA_KHAEAVTexHandleMaker@@@Z 000000018001d630 f   BerconNoise.obj
 0001:0001c6f0       ?GetBerconNoiseDesc@@YAPEAVClassDesc2@@XZ 000000018001d6f0 f   BerconNoise.obj
 0001:0001c700       ?GetClassName@BerconNoise@@UEAAXAEAVWStr@@@Z 000000018001d700 f i BerconNoise.obj
 0001:0001c730       ?GetParamBlock@BerconNoise@@UEAAPEAVIParamBlock2@@H@Z 000000018001d730 f i BerconNoise.obj
 0001:0001c790       ?GetParamBlockByID@BerconNoise@@UEAAPEAVIParamBlock2@@F@Z 000000018001d790 f i BerconNoise.obj
 0001:0001c870       ?GetSubTexmap@BerconNoise@@UEAAPEAVTexmap@@H@Z 000000018001d870 f i BerconNoise.obj
 0001:0001c880       ?GetSubTexmapSlotName@BerconNoise@@UEAA?AVWStr@@H@Z 000000018001d880 f   BerconNoise.obj
 0001:0001ca60       ?LocalRequirements@BerconNoise@@UEAAKH@Z 000000018001da60 f i BerconNoise.obj
 0001:0001ca80       ?MappingsRequired@BerconNoise@@UEAAXHAEAVBitArray@@0@Z 000000018001da80 f i BerconNoise.obj
 0001:0001caa0       ?NotifyRefChanged@BerconNoise@@UEAA?AW4RefResult@@AEBVInterval@@PEAVReferenceTarget@@AEA_KIH@Z 000000018001daa0 f   BerconNoise.obj
 0001:0001cbb0       ?GetTextureTiling@Texmap@@UEAAHXZ 000000018001dbb0 f i BerconDistortion.obj
 0001:0001cbb0       ?NumParamBlocks@BerconNoise@@UEAAHXZ 000000018001dbb0 f i BerconNoise.obj
 0001:0001cbb0       ?NumSubTexmaps@BerconDistortion@@UEAAHXZ 000000018001dbb0 f i BerconDistortion.obj
 0001:0001cbb0       ?NumParamBlocks@BerconTile@@UEAAHXZ 000000018001dbb0 f i BerconTile.obj
 0001:0001cbc0       ?NumRefs@BerconNoise@@UEAAHXZ 000000018001dbc0 f i BerconNoise.obj
 0001:0001cbd0       ?NumSubTexmaps@BerconNoise@@UEAAHXZ 000000018001dbd0 f i BerconNoise.obj
 0001:0001cbe0       ?Reset@BerconNoise@@UEAAXXZ 000000018001dbe0 f   BerconNoise.obj
 0001:0001d080       ?SetDlgThing@BerconNoise@@UEAAHPEAVParamDlg@@@Z 000000018001e080 f   BerconNoise.obj
 0001:0001d0c0       ?SetReference@BerconNoise@@EEAAXHPEAVReferenceTarget@@@Z 000000018001e0c0 f   BerconNoise.obj
 0001:0001d110       ?SetSubTexmap@BerconNoise@@UEAAXHPEAVTexmap@@@Z 000000018001e110 f   BerconNoise.obj
 0001:0001d1e0       ?SetThing@BerconNoiseDlgProc@@UEAAXPEAVReferenceTarget@@@Z 000000018001e1e0 f i BerconNoise.obj
 0001:0001d1f0       ?SubAnim@BerconNoise@@UEAAPEAVAnimatable@@H@Z 000000018001e1f0 f   BerconNoise.obj
 0001:0001d1f0       ?GetReference@BerconNoise@@UEAAPEAVReferenceTarget@@H@Z 000000018001e1f0 f   BerconNoise.obj
 0001:0001d240       ?SubAnimName@BerconNoise@@UEAA?AVWStr@@H@Z 000000018001e240 f   BerconNoise.obj
 0001:0001d330       ?Update@BerconNoise@@UEAAXHAEAVInterval@@@Z 000000018001e330 f   BerconNoise.obj
 0001:0001d8c0       ?Validity@BerconNoise@@UEAA?AVInterval@@H@Z 000000018001e8c0 f   BerconNoise.obj
 0001:0001d910       ?applyDistortion@BerconNoise@@QEAAXAEAVShadeContext@@AEAVPoint3@@@Z 000000018001e910 f   BerconNoise.obj
 0001:0001da30       ?fBm@Fractal@@SAMVPoint3@@AEAVNoiseParams@@@Z 000000018001ea30 f   fractal.obj
 0001:0001dba0       ?fBm@Fractal@@SAMVPoint3@@MAEAVNoiseParams@@@Z 000000018001eba0 f   fractal.obj
 0001:0001dd30       ?fBm@Fractal@@SAMVPoint3@@MMM@Z 000000018001ed30 f   fractal.obj
 0001:0001de80       ?fBmTurb@Fractal@@SAMVPoint3@@AEAVNoiseParams@@@Z 000000018001ee80 f   fractal.obj
 0001:0001e010       ?fBmTurb@Fractal@@SAMVPoint3@@MAEAVNoiseParams@@@Z 000000018001f010 f   fractal.obj
 0001:0001e1d0       ?fractal@Fractal@@SAMVPoint3@@AEAVNoiseParams@@@Z 000000018001f1d0 f   fractal.obj
 0001:0001e310       ?fractal@Fractal@@SAMVPoint3@@MAEAVNoiseParams@@@Z 000000018001f310 f   fractal.obj
 0001:0001e470       ?grain@Fractal@@SAMVPoint3@@MM@Z 000000018001f470 f   fractal.obj
 0001:0001e510       ?heteroTerrain@Fractal@@SAMVPoint3@@AEAVNoiseParams@@@Z 000000018001f510 f   fractal.obj
 0001:0001e6e0       ?hybridMultiFractal@Fractal@@SAMVPoint3@@AEAVNoiseParams@@@Z 000000018001f6e0 f   fractal.obj
 0001:0001e910       ?hybridMultiFractal@Fractal@@SAMVPoint3@@MAEAVNoiseParams@@@Z 000000018001f910 f   fractal.obj
 0001:0001eb70       ?ridgedMultiFractal@Fractal@@SAMVPoint3@@AEAVNoiseParams@@@Z 000000018001fb70 f   fractal.obj
 0001:0001ed20       ?ridgedMultiFractal@Fractal@@SAMVPoint3@@MAEAVNoiseParams@@@Z 000000018001fd20 f   fractal.obj
 0001:0001eef0       ?turbulence@Fractal@@SAMVPoint3@@AEAVNoiseParams@@@Z 000000018001fef0 f   fractal.obj
 0001:0001f050       ?turbulence@Fractal@@SAMVPoint3@@MAEAVNoiseParams@@@Z 0000000180020050 f   fractal.obj
 0001:0001f1e0       ?addKey@GradientRamp@@QEAAXHMVAColor@@PEAVTexmap@@@Z 00000001800201e0 f   GradientRamp.obj
 0001:0001f400       ?dragging@GradientRamp@@QEAAXHH_N00@Z 0000000180020400 f   GradientRamp.obj
 0001:0001f470       ?getBump@GradientRamp@@QEAA?AVPoint3@@MV2@AEAVShadeContext@@@Z 0000000180020470 f   GradientRamp.obj
 0001:0001f820       ?getColor@GradientRamp@@QEAA?AVAColor@@M@Z 0000000180020820 f   GradientRamp.obj
 0001:0001fa40       ?getColor@GradientRamp@@QEAA?AVAColor@@MAEAVShadeContext@@@Z 0000000180020a40 f   GradientRamp.obj
 0001:0001fd30       ?getSubtex@GradientRamp@@QEAAPEAVTexmap@@H@Z 0000000180020d30 f   GradientRamp.obj
 0001:0001fdc0       ?interpolate@GradientRamp@@QEAAMMMM@Z 0000000180020dc0 f   GradientRamp.obj
 0001:0001fe20       ?invalidate@GradientRamp@@QEAAXXZ 0000000180020e20 f   GradientRamp.obj
 0001:0001fe40       ?leftDown@GradientRamp@@QEAAXHH_N00@Z 0000000180020e40 f   GradientRamp.obj
 0001:0001fed0       ?leftUp@GradientRamp@@QEAAXHH_N00@Z 0000000180020ed0 f   GradientRamp.obj
 0001:00020000       ?paint@GradientRamp@@QEAAXPEAUHDC__@@@Z 0000000180021000 f   GradientRamp.obj
 0001:000204a0       ?popup@GradientRamp@@QEAAXHHH@Z 00000001800214a0 f   GradientRamp.obj
 0001:000205d0       ?reset@GradientRamp@@QEAAXXZ 00000001800215d0 f   GradientRamp.obj
 0001:00020690       ?setHWND@GradientRamp@@QEAAXPEAUHWND__@@@Z 0000000180021690 f   GradientRamp.obj
 0001:000206d0       ?setSubtex@GradientRamp@@QEAAXHPEAVTexmap@@@Z 00000001800216d0 f   GradientRamp.obj
 0001:00020720       ?setSubtex@GradientRamp@@QEAAXPEAVTexmap@@@Z 0000000180021720 f   GradientRamp.obj
 0001:00020780       ?sort@GradientRamp@@QEAAXXZ 0000000180021780 f   GradientRamp.obj
 0001:00020890       ?GradientProc@IGradient@@SA_JPEAUHWND__@@I_K_J@Z 0000000180021890 f   IGradient.obj
 0001:00020b10       ?InitGradientControls@@YAXXZ 0000000180021b10 f   IGradient.obj
 0001:00020b90       IsolationAwareRegisterClassExW 0000000180021b90 f i IGradient.obj
 0001:00020ca0       ?alterUVW@Noise@@SAXAEAVPoint3@@H@Z 0000000180021ca0 f   noise.obj
 0001:00020d40       ?f@Fractal@@SAMVPoint3@@AEAVNoiseParams@@@Z 0000000180021d40 f i noise.obj
 0001:00020f10       ?f@Fractal@@SAMVPoint3@@MAEAVNoiseParams@@@Z 0000000180021f10 f i noise.obj
 0001:000210f0       ?limitedNoise@Noise@@SAMVPoint3@@00AEAVNoiseParams@@@Z 00000001800220f0 f   noise.obj
 0001:000211a0       ?limitedNoise@Noise@@SAMVPoint3@@AEAVNoiseParams@@@Z 00000001800221a0 f   noise.obj
 0001:00021210       ?noise@Noise@@SAMVPoint3@@AEAVNoiseParams@@@Z 0000000180022210 f   noise.obj
 0001:00021320       ?noise@Noise@@SAMVPoint3@@MAEAVNoiseParams@@@Z 0000000180022320 f   noise.obj
 0001:00021440       ?wood@Noise@@SAMVPoint3@@00AEAV2@VWoodParam@@@Z 0000000180022440 f   noise.obj
 0001:00021ab0       ?wood@Noise@@SAMVPoint3@@AEAV2@AEAVWoodParam@@@Z 0000000180022ab0 f   noise.obj
 0001:00021ed0       ?worleyWrapper@Noise@@SAMVPoint3@@AEAVNoiseParams@@@Z 0000000180022ed0 f   noise.obj
 0001:00022070       ?fnoise2D@Perlin@@SAMMMM@Z 0000000180023070 f   perlin.obj
 0001:000220f0       ?fnoise3D@Perlin@@SAMMMMM@Z 00000001800230f0 f   perlin.obj
 0001:00022180       ?fnoise4D@Perlin@@SAMMMMMM@Z 0000000180023180 f   perlin.obj
 0001:00022230       ?fsnoise2D@Perlin@@SAMMMM@Z 0000000180023230 f   perlin.obj
 0001:000222b0       ?fsnoise3D@Perlin@@SAMMMMM@Z 00000001800232b0 f   perlin.obj
 0001:00022340       ?fsnoise4D@Perlin@@SAMMMMMM@Z 0000000180023340 f   perlin.obj
 0001:000223f0       ?noise@Perlin@@SAMMM@Z     00000001800233f0 f   perlin.obj
 0001:00022670       ?noise@Perlin@@SAMMMM@Z    0000000180023670 f   perlin.obj
 0001:00022b20       ?noise@Perlin@@SAMMMMM@Z   0000000180023b20 f   perlin.obj
 0001:00023450       ?point@Perlin@@CAMMMHH@Z   0000000180024450 f i perlin.obj
 0001:000234f0       ?point@Perlin@@CAMMMMHHH@Z 00000001800244f0 f i perlin.obj
 0001:000235b0       ?point@Perlin@@CAMMMMMHHHH@Z 00000001800245b0 f i perlin.obj
 0001:00023690       ?snoise@Perlin@@SAMM@Z     0000000180024690 f   perlin.obj
 0001:00023770       ?snoise@Perlin@@SAMMM@Z    0000000180024770 f   perlin.obj
 0001:000238e0       ?snoise@Perlin@@SAMMMM@Z   00000001800248e0 f   perlin.obj
 0001:00023bd0       ?snoise@Perlin@@SAMMMMM@Z  0000000180024bd0 f   perlin.obj
 0001:00024070       ??$_Destroy_range1@V?$allocator@V?$basic_string@_WU?$char_traits@_W@std@@V?$allocator@_W@2@@std@@@std@@PEAV?$basic_string@_WU?$char_traits@_W@std@@V?$allocator@_W@2@@2@@std@@YAXPEAV?$basic_string@_WU?$char_traits@_W@std@@V?$allocator@_W@2@@0@0AEAU?$_Wrap_alloc@V?$allocator@V?$basic_string@_WU?$char_traits@_W@std@@V?$allocator@_W@2@@std@@@std@@@0@U?$integral_constant@_N$0A@@0@@Z 0000000180025070 f i tile.obj
 0001:00024150       ??$_Uninitialized_move_al_unchecked1@PEAV?$basic_string@_WU?$char_traits@_W@std@@V?$allocator@_W@2@@std@@PEAV12@V?$allocator@V?$basic_string@_WU?$char_traits@_W@std@@V?$allocator@_W@2@@std@@@2@@std@@YAPEAV?$basic_string@_WU?$char_traits@_W@std@@V?$allocator@_W@2@@0@PEAV10@00AEAU?$_Wrap_alloc@V?$allocator@V?$basic_string@_WU?$char_traits@_W@std@@V?$allocator@_W@2@@std@@@std@@@0@U_General_ptr_iterator_tag@0@U_Any_tag@0@@Z 0000000180025150 f i tile.obj
 0001:000241f0       ??$_Uninitialized_move_al_unchecked1@PEAVTileRow@@PEAV1@V?$allocator@VTileRow@@@std@@@std@@YAPEAVTileRow@@PEAV1@00AEAU?$_Wrap_alloc@V?$allocator@VTileRow@@@std@@@0@U_General_ptr_iterator_tag@0@U_Any_tag@0@@Z 00000001800251f0 f i tile.obj
 0001:00024280       ??0?$vector@MV?$allocator@M@std@@@std@@QEAA@AEBV01@@Z 0000000180025280 f i tile.obj
 0001:00024340       ??1?$basic_stringbuf@_WU?$char_traits@_W@std@@V?$allocator@_W@2@@std@@UEAA@XZ 0000000180025340 f i tile.obj
 0001:00024380       ??1?$basic_stringstream@_WU?$char_traits@_W@std@@V?$allocator@_W@2@@std@@UEAA@XZ 0000000180025380 f i tile.obj
 0001:00024410       ??1?$vector@V?$basic_string@_WU?$char_traits@_W@std@@V?$allocator@_W@2@@std@@V?$allocator@V?$basic_string@_WU?$char_traits@_W@std@@V?$allocator@_W@2@@std@@@2@@std@@QEAA@XZ 0000000180025410 f i tile.obj
 0001:00024470       ??1TileRow@@QEAA@XZ        0000000180025470 f i tile.obj
 0001:000244c0       ??_D?$basic_stringstream@_WU?$char_traits@_W@std@@V?$allocator@_W@2@@std@@QEAAXXZ 00000001800254c0 f i tile.obj
 0001:00024508       ??_E?$basic_stringstream@_WU?$char_traits@_W@std@@V?$allocator@_W@2@@std@@$4PPPPPPPM@A@EAAPEAXI@Z 0000000180025508 f i tile.obj
 0001:00024520       ??_G?$basic_stringbuf@_WU?$char_traits@_W@std@@V?$allocator@_W@2@@std@@UEAAPEAXI@Z 0000000180025520 f i tile.obj
 0001:00024520       ??_E?$basic_stringbuf@_WU?$char_traits@_W@std@@V?$allocator@_W@2@@std@@UEAAPEAXI@Z 0000000180025520 f i tile.obj
 0001:00024580       ??_G?$basic_stringstream@_WU?$char_traits@_W@std@@V?$allocator@_W@2@@std@@UEAAPEAXI@Z 0000000180025580 f i tile.obj
 0001:00024580       ??_E?$basic_stringstream@_WU?$char_traits@_W@std@@V?$allocator@_W@2@@std@@UEAAPEAXI@Z 0000000180025580 f i tile.obj
 0001:000245f0       ?_Assign_rv@?$basic_string@_WU?$char_traits@_W@std@@V?$allocator@_W@2@@std@@QEAAX$$QEAV12@@Z 00000001800255f0 f i tile.obj
[...]
 0004:00001a34       $pdata$?corner@Tile@@CA?AVTilePoint@@MMMMAEAVTileParam@@@Z 0000000180040a34     tile.obj
 0004:00001a40       $pdata$?draw@Tile@@SA?AVTilePoint@@VPoint3@@AEAVTileParam@@@Z 0000000180040a40     tile.obj
 0004:00001a4c       $pdata$?drawTile@Tile@@CA?AVTilePoint@@VPoint3@@QEAMAEAVTileParam@@HH@Z 0000000180040a4c     tile.obj
 0004:00001a58       $pdata$1$?drawTile@Tile@@CA?AVTilePoint@@VPoint3@@QEAMAEAVTileParam@@HH@Z 0000000180040a58     tile.obj
 0004:00001a64       $pdata$2$?drawTile@Tile@@CA?AVTilePoint@@VPoint3@@QEAMAEAVTileParam@@HH@Z 0000000180040a64     tile.obj
 0004:00001a70       $pdata$?find_first_not_of@?$basic_string@_WU?$char_traits@_W@std@@V?$allocator@_W@2@@std@@QEBA_KAEBV12@_K@Z 0000000180040a70     tile.obj
 0004:00001a7c       $pdata$?find_first_of@?$basic_string@_WU?$char_traits@_W@std@@V?$allocator@_W@2@@std@@QEBA_KAEBV12@_K@Z 0000000180040a7c     tile.obj
 0004:00001a88       $pdata$?getAngle@@YAMHM@Z  0000000180040a88     tile.obj
 0004:00001a94       $pdata$?overflow@?$basic_stringbuf@_WU?$char_traits@_W@std@@V?$allocator@_W@2@@std@@MEAAGG@Z 0000000180040a94     tile.obj
 0004:00001aa0       $pdata$0$?overflow@?$basic_stringbuf@_WU?$char_traits@_W@std@@V?$allocator@_W@2@@std@@MEAAGG@Z 0000000180040aa0     tile.obj
 0004:00001aac       $pdata$2$?overflow@?$basic_stringbuf@_WU?$char_traits@_W@std@@V?$allocator@_W@2@@std@@MEAAGG@Z 0000000180040aac     tile.obj
 0004:00001ab8       $pdata$5$?overflow@?$basic_stringbuf@_WU?$char_traits@_W@std@@V?$allocator@_W@2@@std@@MEAAGG@Z 0000000180040ab8     tile.obj
 0004:00001ac4       $pdata$11$?overflow@?$basic_stringbuf@_WU?$char_traits@_W@std@@V?$allocator@_W@2@@std@@MEAAGG@Z 0000000180040ac4     tile.obj
 0004:00001ad0       $pdata$12$?overflow@?$basic_stringbuf@_WU?$char_traits@_W@std@@V?$allocator@_W@2@@std@@MEAAGG@Z 0000000180040ad0     tile.obj
 0004:00001adc       $pdata$?parsePattern@@YAHV?$basic_string@_WU?$char_traits@_W@std@@V?$allocator@_W@2@@std@@PEAVTilePattern@@@Z 0000000180040adc     tile.obj
 0004:00001ae8       $pdata$?pat_herring@Tile@@CA?AVTilePoint@@VPoint3@@AEAVTileParam@@@Z 0000000180040ae8     tile.obj
 0004:00001af4       $pdata$?pat_xBond@Tile@@CA?AVTilePoint@@VPoint3@@AEAVTileParam@@@Z 0000000180040af4     tile.obj
 0004:00001b00       $pdata$0$?pat_xBond@Tile@@CA?AVTilePoint@@VPoint3@@AEAVTileParam@@@Z 0000000180040b00     tile.obj
 0004:00001b0c       $pdata$1$?pat_xBond@Tile@@CA?AVTilePoint@@VPoint3@@AEAVTileParam@@@Z 0000000180040b0c     tile.obj
 0004:00001b18       $pdata$?rowcol@@YAHAEAM0AEAHMMAEAV?$vector@MV?$allocator@M@std@@@std@@MMM@Z 0000000180040b18     tile.obj
 0004:00001b24       $pdata$7$?rowcol@@YAHAEAM0AEAHMMAEAV?$vector@MV?$allocator@M@std@@@std@@MMM@Z 0000000180040b24     tile.obj
 0004:00001b30       $pdata$8$?rowcol@@YAHAEAM0AEAHMMAEAV?$vector@MV?$allocator@M@std@@@std@@MMM@Z 0000000180040b30     tile.obj
 0004:00001b3c       $pdata$?seekoff@?$basic_stringbuf@_WU?$char_traits@_W@std@@V?$allocator@_W@2@@std@@MEAA?AV?$fpos@U_Mbstatet@@@2@_JHH@Z 0000000180040b3c     tile.obj
 0004:00001b48       $pdata$?seekpos@?$basic_stringbuf@_WU?$char_traits@_W@std@@V?$allocator@_W@2@@std@@MEAA?AV?$fpos@U_Mbstatet@@@2@V32@H@Z 0000000180040b48     tile.obj
 0004:00001b54       $pdata$?setPattern@TilePattern@@QEAAXV?$basic_string@_WU?$char_traits@_W@std@@V?$allocator@_W@2@@std@@@Z 0000000180040b54     tile.obj
 0004:00001b60       $pdata$?setPreset@TilePattern@@QEAAXH@Z 0000000180040b60     tile.obj
 0004:00001b6c       $pdata$?substr@?$basic_string@_WU?$char_traits@_W@std@@V?$allocator@_W@2@@std@@QEBA?AV12@_K0@Z 0000000180040b6c     tile.obj
 0004:00001b78       $pdata$?tokenize@@YAXAEBV?$basic_string@_WU?$char_traits@_W@std@@V?$allocator@_W@2@@std@@AEAV?$vector@V?$basic_string@_WU?$char_traits@_W@std@@V?$allocator@_W@2@@std@@V?$allocator@V?$basic_string@_WU?$char_traits@_W@std@@V?$allocator@_W@2@@std@@@2@@2@0@Z 0000000180040b78     tile.obj
 0004:00001b84       $pdata$?uvMapping@Tile@@CAXAEAVTilePoint@@VPoint3@@QEAMAEAVTileParam@@H@Z 0000000180040b84     tile.obj
 0004:00001b90       $pdata$?add@Worley@@CAXJJJQEANHPEANH@Z 0000000180040b90     worley.obj
 0004:00001b9c       $pdata$11$?add@Worley@@CAXJJJQEANHPEANH@Z 0000000180040b9c     worley.obj
 0004:00001ba8       $pdata$12$?add@Worley@@CAXJJJQEANHPEANH@Z 0000000180040ba8     worley.obj
 0004:00001bb4       $pdata$13$?add@Worley@@CAXJJJQEANHPEANH@Z 0000000180040bb4     worley.obj
 0004:00001bc0       $pdata$?noise@Worley@@SAXQEANHPEANH@Z 0000000180040bc0     worley.obj
 0004:00001bcc       $pdata$??_Gtype_info@@UEAAPEAXI@Z 0000000180040bcc     MSVCRT:std_type_info_static.obj
 0004:00001bd8       $pdata$__scrt_acquire_startup_lock 0000000180040bd8     MSVCRT:utility.obj
 0004:00001be4       $pdata$__scrt_dllmain_after_initialize_c 0000000180040be4     MSVCRT:utility.obj
 0004:00001bf0       $pdata$__scrt_dllmain_before_initialize_c 0000000180040bf0     MSVCRT:utility.obj
 0004:00001bfc       $pdata$__scrt_dllmain_crt_thread_attach 0000000180040bfc     MSVCRT:utility.obj
 0004:00001c08       $pdata$__scrt_dllmain_crt_thread_detach 0000000180040c08     MSVCRT:utility.obj
 0004:00001c14       $pdata$__scrt_dllmain_exception_filter 0000000180040c14     MSVCRT:utility.obj
 0004:00001c20       $pdata$__scrt_dllmain_uninitialize_c 0000000180040c20     MSVCRT:utility.obj
 0004:00001c2c       $pdata$__scrt_dllmain_uninitialize_critical 0000000180040c2c     MSVCRT:utility.obj
 0004:00001c38       $pdata$__scrt_initialize_crt 0000000180040c38     MSVCRT:utility.obj
 0004:00001c44       $pdata$__scrt_initialize_onexit_tables 0000000180040c44     MSVCRT:utility.obj
 0004:00001c50       $pdata$__scrt_is_nonwritable_in_current_image 0000000180040c50     MSVCRT:utility.obj
 0004:00001c5c       $pdata$__scrt_release_startup_lock 0000000180040c5c     MSVCRT:utility.obj
 0004:00001c68       $pdata$__scrt_uninitialize_crt 0000000180040c68     MSVCRT:utility.obj
 0004:00001c74       $pdata$_onexit             0000000180040c74     MSVCRT:utility.obj
 0004:00001c80       $pdata$atexit              0000000180040c80     MSVCRT:utility.obj
 0004:00001c8c       $pdata$??2@YAPEAX_K@Z      0000000180040c8c     MSVCRT:new_scalar.obj
 0004:00001ca4       $pdata$?dllmain_crt_dispatch@@YAHQEAUHINSTANCE__@@KQEAX@Z 0000000180040ca4     MSVCRT:dll_dllmain.obj
 0004:00001cb0       $pdata$?dllmain_crt_process_attach@@YAHQEAUHINSTANCE__@@QEAX@Z 0000000180040cb0     MSVCRT:dll_dllmain.obj
 0004:00001cbc       $pdata$?dllmain_crt_process_detach@@YAH_N@Z 0000000180040cbc     MSVCRT:dll_dllmain.obj
 0004:00001cc8       $pdata$?dllmain_dispatch@@YAHQEAUHINSTANCE__@@KQEAX@Z 0000000180040cc8     MSVCRT:dll_dllmain.obj
 0004:00001cd4       $pdata$?dllmain_raw@@YAHQEAUHINSTANCE__@@KQEAX@Z 0000000180040cd4     MSVCRT:dll_dllmain.obj
 0004:00001ce0       $pdata$_DllMainCRTStartup  0000000180040ce0     MSVCRT:dll_dllmain.obj
 0004:00001cec       $pdata$__isa_available_init 0000000180040cec     MSVCRT:_cpu_disp_.obj
 0004:00001cf8       $pdata$__scrt_fastfail     0000000180040cf8     MSVCRT:utility_desktop.obj
 0004:00001d04       $pdata$??0bad_alloc@std@@QEAA@AEBV01@@Z 0000000180040d04     MSVCRT:throw_bad_alloc.obj
 0004:00001d10       $pdata$??0bad_array_new_length@std@@QEAA@AEBV01@@Z 0000000180040d10     MSVCRT:throw_bad_alloc.obj
 0004:00001d1c       $pdata$??0exception@std@@QEAA@AEBV01@@Z 0000000180040d1c     MSVCRT:throw_bad_alloc.obj
 0004:00001d28       $pdata$??_Gbad_alloc@std@@UEAAPEAXI@Z 0000000180040d28     MSVCRT:throw_bad_alloc.obj
 0004:00001d28       $pdata$??_Gexception@std@@UEAAPEAXI@Z 0000000180040d28     MSVCRT:throw_bad_alloc.obj
 0004:00001d28       $pdata$??_Gbad_array_new_length@std@@UEAAPEAXI@Z 0000000180040d28     MSVCRT:throw_bad_alloc.obj
 0004:00001d34       $pdata$?__scrt_throw_std_bad_alloc@@YAXXZ 0000000180040d34     MSVCRT:throw_bad_alloc.obj
 0004:00001d40       $pdata$?__scrt_throw_std_bad_array_new_length@@YAXXZ 0000000180040d40     MSVCRT:throw_bad_alloc.obj
 0004:00001d4c       $pdata$__security_init_cookie 0000000180040d4c     MSVCRT:gs_support.obj
 0004:00001d58       $pdata$__scrt_initialize_default_local_stdio_options 0000000180040d58     MSVCRT:default_local_stdio_options.obj
 0004:00001d64       $pdata$_RTC_Initialize     0000000180040d64     MSVCRT:_initsect_.obj
 0004:00001d70       $pdata$_RTC_Terminate      0000000180040d70     MSVCRT:_initsect_.obj
 0004:00001d88       $pdata$?dtor$1@?0???0BerconGradient@@QEAA@XZ@4HA 0000000180040d88     BerconGradient.obj
 0004:00001d94       $pdata$?dtor$0@?0??GetSubTexmapSlotName@BerconGradient@@UEAA?AVWStr@@H@Z@4HA 0000000180040d94     BerconGradient.obj
 0004:00001da0       $pdata$?catch$1@?0??_Copy@?$basic_string@_WU?$char_traits@_W@std@@V?$allocator@_W@2@@std@@QEAAX_K0@Z@4HA 0000000180040da0     BerconTile.obj
 0004:00001dac       $pdata$?catch$0@?0??_Copy@?$basic_string@_WU?$char_traits@_W@std@@V?$allocator@_W@2@@std@@QEAAX_K0@Z@4HA 0000000180040dac     BerconTile.obj
 0004:00001db8       $pdata$CommctrlIsolationAwarePrivatetRgCebPnQQeRff_pbZPgYQP_QYY$fin$0 0000000180040db8     DllEntry.obj
 0004:00001dc4       $pdata$IsolationAwareInitCommonControls$fin$0 0000000180040dc4     DllEntry.obj
 0004:00001dd0       $pdata$WinbaseIsolationAwarePrivatetRgzlnPgpgk$fin$0 0000000180040dd0     DllEntry.obj
 0004:00001ddc       $pdata$?dtor$0@?0??SubAnimName@BerconNoise@@UEAA?AVWStr@@H@Z@4HA 0000000180040ddc     BerconNoise.obj
 0004:00001ddc       $pdata$?dtor$0@?0??SubAnimName@BerconWood@@UEAA?AVWStr@@H@Z@4HA 0000000180040ddc     BerconWood.obj
 0004:00001ddc       $pdata$?dtor$0@?0??GetSubTexmapSlotName@BerconTile@@UEAA?AVWStr@@H@Z@4HA 0000000180040ddc     BerconTile.obj
 0004:00001ddc       $pdata$?dtor$0@?0??GetSubTexmapSlotName@BerconNoise@@UEAA?AVWStr@@H@Z@4HA 0000000180040ddc     BerconNoise.obj
 0004:00001ddc       $pdata$?dtor$0@?0??SubAnimName@BerconDistortion@@UEAA?AVWStr@@H@Z@4HA 0000000180040ddc     BerconDistortion.obj
 0004:00001ddc       $pdata$?dtor$0@?0??GetSubTexmapSlotName@BerconWood@@UEAA?AVWStr@@H@Z@4HA 0000000180040ddc     BerconWood.obj
 0004:00001ddc       $pdata$?dtor$0@?0??SubAnimName@BerconTile@@UEAA?AVWStr@@H@Z@4HA 0000000180040ddc     BerconTile.obj
 0004:00001ddc       $pdata$?dtor$0@?0??SubAnimName@BerconGradient@@UEAA?AVWStr@@H@Z@4HA 0000000180040ddc     BerconGradient.obj
 0004:00001ddc       $pdata$?dtor$0@?0??GetSubTexmapSlotName@BerconDistortion@@UEAA?AVWStr@@H@Z@4HA 0000000180040ddc     BerconDistortion.obj
 0004:00001de8       $pdata$IsolationAwareRegisterClassExW$fin$0 0000000180040de8     IGradient.obj
 0004:00001df4       $pdata$?catch$0@?0???$_Uninitialized_move_al_unchecked1@PEAV?$basic_string@_WU?$char_traits@_W@std@@V?$allocator@_W@2@@std@@PEAV12@V?$allocator@V?$basic_string@_WU?$char_traits@_W@std@@V?$allocator@_W@2@@std@@@2@@std@@YAPEAV?$basic_string@_WU?$char_traits@_W@std@@V?$allocator@_W@2@@0@PEAV10@00AEAU?$_Wrap_alloc@V?$allocator@V?$basic_string@_WU?$char_traits@_W@std@@V?$allocator@_W@2@@std@@@std@@@0@U_General_ptr_iterator_tag@0@U_Any_tag@0@@Z@4HA 0000000180040df4     tile.obj
 0004:00001e00       $pdata$?catch$1@?0???$_Uninitialized_move_al_unchecked1@PEAVTileRow@@PEAV1@V?$allocator@VTileRow@@@std@@@std@@YAPEAVTileRow@@PEAV1@00AEAU?$_Wrap_alloc@V?$allocator@VTileRow@@@std@@@0@U_General_ptr_iterator_tag@0@U_Any_tag@0@@Z@4HA 0000000180040e00     tile.obj
 0004:00001e0c       $pdata$?catch$0@?0???0?$vector@MV?$allocator@M@std@@@std@@QEAA@AEBV01@@Z@4HA 0000000180040e0c     tile.obj
 0004:00001e18       $pdata$?catch$0@?0??_Reallocate@?$vector@MV?$allocator@M@std@@@std@@IEAAX_K@Z@4HA 0000000180040e18     tile.obj
 0004:00001e24       $pdata$?catch$0@?0??_Reallocate@?$vector@V?$basic_string@_WU?$char_traits@_W@std@@V?$allocator@_W@2@@std@@V?$allocator@V?$basic_string@_WU?$char_traits@_W@std@@V?$allocator@_W@2@@std@@@2@@std@@IEAAX_K@Z@4HA 0000000180040e24     tile.obj
 0004:00001e30       $pdata$?catch$0@?0??_Reallocate@?$vector@VTileRow@@V?$allocator@VTileRow@@@std@@@std@@IEAAX_K@Z@4HA 0000000180040e30     tile.obj
 0004:00001e3c       $pdata$?dtor$9@?0??parsePattern@@YAHV?$basic_string@_WU?$char_traits@_W@std@@V?$allocator@_W@2@@std@@PEAVTilePattern@@@Z@4HA 0000000180040e3c     tile.obj
 0004:00001e48       $pdata$?dtor$13@?0??parsePattern@@YAHV?$basic_string@_WU?$char_traits@_W@std@@V?$allocator@_W@2@@std@@PEAVTilePattern@@@Z@4HA 0000000180040e48     tile.obj
 0004:00001e54       $pdata$?dtor$18@?0??parsePattern@@YAHV?$basic_string@_WU?$char_traits@_W@std@@V?$allocator@_W@2@@std@@PEAVTilePattern@@@Z@4HA 0000000180040e54     tile.obj
 0004:00001e60       $pdata$?dtor$26@?0??parsePattern@@YAHV?$basic_string@_WU?$char_traits@_W@std@@V?$allocator@_W@2@@std@@PEAVTilePattern@@@Z@4HA 0000000180040e60     tile.obj
 0004:00001e6c       $pdata$?dtor$28@?0??parsePattern@@YAHV?$basic_string@_WU?$char_traits@_W@std@@V?$allocator@_W@2@@std@@PEAVTilePattern@@@Z@4HA 0000000180040e6c     tile.obj
 0004:00001e78       $pdata$?dtor$0@?0??substr@?$basic_string@_WU?$char_traits@_W@std@@V?$allocator@_W@2@@std@@QEBA?AV12@_K0@Z@4HA 0000000180040e78     tile.obj
 0004:00001e84       $pdata$__scrt_is_nonwritable_in_current_image$filt$0 0000000180040e84     MSVCRT:utility.obj
 0004:00001e90       $pdata$?fin$0@?0??dllmain_crt_process_attach@@YAHQEAUHINSTANCE__@@QEAX@Z@4HA 0000000180040e90     MSVCRT:dll_dllmain.obj
 0004:00001e9c       $pdata$?fin$0@?0??dllmain_crt_process_detach@@YAH_N@Z@4HA 0000000180040e9c     MSVCRT:dll_dllmain.obj
 0004:00001ea8       $pdata$?filt$0@?0??dllmain_dispatch@@YAHQEAUHINSTANCE__@@KQEAX@Z@4HA 0000000180040ea8     MSVCRT:dll_dllmain.obj
 0004:00001eb4       $pdata$??__FBerconDistortionDesc@@YAXXZ 0000000180040eb4     BerconDistortion.obj
 0004:00001ec0       $pdata$??__Fxyz_blk@@YAXXZ 0000000180040ec0     BerconDistortion.obj
 0004:00001ecc       $pdata$??__FBerconGradientDesc@@YAXXZ 0000000180040ecc     BerconGradient.obj
 0004:00001ed8       $pdata$??__Fxyz_blk@@YAXXZ 0000000180040ed8     BerconGradient.obj
 0004:00001ee4       $pdata$??__FBerconTileDesc@@YAXXZ 0000000180040ee4     BerconTile.obj
 0004:00001ef0       $pdata$??__Fxyz_blk@@YAXXZ 0000000180040ef0     BerconTile.obj
 0004:00001efc       $pdata$??__FBerconWoodDesc@@YAXXZ 0000000180040efc     BerconWood.obj
 0004:00001f08       $pdata$??__Fxyz_blk@@YAXXZ 0000000180040f08     BerconWood.obj
 0004:00001f14       $pdata$??__FBerconNoiseDesc@@YAXXZ 0000000180040f14     BerconNoise.obj
 0004:00001f20       $pdata$??__Fxyz_blk@@YAXXZ 0000000180040f20     BerconNoise.obj
 0005:00000000       __guard_fids__             0000000180041000     MSVCRT:std_type_info_static.obj
 0005:00000004       __guard_fids_?dllmain_crt_process_attach@@YAHQEAUHINSTANCE__@@QEAX@Z 0000000180041004     MSVCRT:dll_dllmain.obj
 0005:0000000c       __guard_fids_?dllmain_dispatch@@YAHQEAUHINSTANCE__@@KQEAX@Z 000000018004100c     MSVCRT:dll_dllmain.obj
 0005:00000010       __guard_fids__             0000000180041010     MSVCRT:throw_bad_alloc.obj
 0005:00000018       __guard_fids__             0000000180041018     MSVCRT:throw_bad_alloc.obj
 0005:00000020       __guard_fids__             0000000180041020     MSVCRT:throw_bad_alloc.obj
 0005:00000028       __guard_fids__             0000000180041028     MSVCRT:guard_support.obj
 0006:00000950       $R000000                   0000000180042950     BerconNoise.res
 0006:00000a08       $R0000B8                   0000000180042a08     BerconNoise.res
 0006:00000a38       $R0000E8                   0000000180042a38     BerconNoise.res
 0006:00000ae0       $R000190                   0000000180042ae0     BerconNoise.res
 0006:00000c70       $R000320                   0000000180042c70     BerconNoise.res
 0006:00000d18       $R0003C8                   0000000180042d18     BerconNoise.res
 0006:00000dc0       $R000470                   0000000180042dc0     BerconNoise.res
 0006:00000eb0       $R000560                   0000000180042eb0     BerconNoise.res
 0006:00000f58       $R000608                   0000000180042f58     BerconNoise.res
 0006:00001dc0       $R001470                   0000000180043dc0     BerconNoise.res
 0006:00003000       $R0026B0                   0000000180045000     BerconNoise.res
 0006:000047d8       $R003E88                   00000001800467d8     BerconNoise.res
 0006:000051d8       $R004888                   00000001800471d8     BerconNoise.res
 0006:00005420       $R004AD0                   0000000180047420     BerconNoise.res
 0006:00005598       $R004C48                   0000000180047598     BerconNoise.res
 0006:00005d88       $R005438                   0000000180047d88     BerconNoise.res
 0006:00006988       $R006038                   0000000180048988     BerconNoise.res
 0006:00007ae0       $R007190                   0000000180049ae0     BerconNoise.res
 0006:00008c48       $R0082F8                   000000018004ac48     BerconNoise.res
 0006:00009c00       $R0092B0                   000000018004bc00     BerconNoise.res
 0006:0000ac98       $R00A348                   000000018004cc98     BerconNoise.res
 0006:0000b618       $R00ACC8                   000000018004d618     BerconNoise.res
 0006:0000b620       $R00ACD0                   000000018004d620     BerconNoise.res
 0006:0000b6e0       $R00AD90                   000000018004d6e0     BerconNoise.res
 0006:00018828       $R017ED8                   000000018005a828     BerconNoise.res
 0006:000189a0       $R018050                   000000018005a9a0     BerconNoise.res
 0006:00018a08       $R0180B8                   000000018005aa08     BerconNoise.res
 0006:00018b70       $R018220                   000000018005ab70     BerconNoise.res
 0006:00018bc0       $R018270                   000000018005abc0     BerconNoise.res
 0006:00018d88       $R018438                   000000018005ad88     BerconNoise.res
 0006:00018f60       $R018610                   000000018005af60     BerconNoise.res
 0006:00019138       $R0187E8                   000000018005b138     BerconNoise.res
 0006:00019238       $R0188E8                   000000018005b238     BerconNoise.res
 0006:00019308       $R0189B8                   000000018005b308     BerconNoise.res
 0006:00019430       $R018AE0                   000000018005b430     BerconNoise.res
 0006:00019530       $R018BE0                   000000018005b530     BerconNoise.res
 0006:000196a8       $R018D58                   000000018005b6a8     BerconNoise.res
 0006:00019828       $R018ED8                   000000018005b828     BerconNoise.res
 0006:000199d8       $R019088                   000000018005b9d8     BerconNoise.res
 0006:00019ab8       $R019168                   000000018005bab8     BerconNoise.res
 0006:00019bf8       $R0192A8                   000000018005bbf8     BerconNoise.res
 0006:00019d70       $R019420                   000000018005bd70     BerconNoise.res
 0006:00019f80       $R019630                   000000018005bf80     BerconNoise.res
 0006:0001a138       $R0197E8                   000000018005c138     BerconNoise.res
 0006:0001a250       $R019900                   000000018005c250     BerconNoise.res

 Exports

  ordinal    name

        1    ?LibDescription@@YAPEB_WXZ (wchar_t const * __cdecl LibDescription(void))
               exported name: LibDescription
        2    ?LibNumberClasses@@YAHXZ (int __cdecl LibNumberClasses(void))
               exported name: LibNumberClasses
        3    ?LibClassDesc@@YAPEAVClassDesc@@H@Z (class ClassDesc * __cdecl LibClassDesc(int))
               exported name: LibClassDesc
        4    ?LibVersion@@YAKXZ (unsigned long __cdecl LibVersion(void))
               exported name: LibVersion
        5    ??0VertexNormalsControl@@QEAA@XZ (public: __cdecl VertexNormalsControl::VertexNormalsControl(void))
        6    ?LibInitialize@@YAHXZ (int __cdecl LibInitialize(void))
        7    ?LibShutdown@@YAHXZ (int __cdecl LibShutdown(void))
