 BerconMaps_2016_64

 Timestamp is 5ce6d5eb (Thu May 23 13:18:35 2019)

 Preferred load address is 0000000180000000

 Start         Length     Name                   Class
 0001:00000000 000079b0H .text$di                CODE
 0001:000079b0 00022140H .text$mn                CODE
 0001:00029af0 00000020H .text$mn$00             CODE
 0001:00029b10 00000e20H .text$x                 CODE
 0001:0002a930 000001dfH .text$yd                CODE
 0002:00000000 000008a8H .idata$5                DATA
 0002:000008a8 00000010H .00cfg                  DATA
 0002:000008b8 00000008H .CRT$XCA                DATA
 0002:000008c0 000000f8H .CRT$XCU                DATA
 0002:000009b8 00000008H .CRT$XCZ                DATA
 0002:000009c0 00000008H .CRT$XIA                DATA
 0002:000009c8 00000008H .CRT$XIZ                DATA
 0002:000009d0 00000008H .CRT$XPA                DATA
 0002:000009d8 00000008H .CRT$XPZ                DATA
 0002:000009e0 00000008H .CRT$XTA                DATA
 0002:000009e8 00000008H .CRT$XTZ                DATA
 0002:000009f0 00006390H .rdata                  DATA
 0002:00006d80 00002184H .rdata$r                DATA
 0002:00008f04 000002ccH .rdata$zzzdbg           DATA
 0002:000091d0 00000008H .rtc$IAA                DATA
 0002:000091d8 00000008H .rtc$IZZ                DATA
 0002:000091e0 00000008H .rtc$TAA                DATA
 0002:000091e8 00000008H .rtc$TZZ                DATA
 0002:000091f0 00003b98H .xdata                  DATA
 0002:0000cd88 000001d8H .xdata$x                DATA
 0002:0000cf60 00000104H .edata                  DATA
 0002:0000d064 00000118H .idata$2                DATA
 0002:0000d17c 00000014H .idata$3                DATA
 0002:0000d190 000008a8H .idata$4                DATA
 0002:0000da38 00002c08H .idata$6                DATA
 0003:00000000 00000730H .data                   DATA
 0003:00000730 00000a20H .data$r                 DATA
 0003:00001150 00000b48H .bss                    DATA
 0004:00000000 00001efcH .pdata                  DATA
 0005:00000000 0000002cH .gfids$y                DATA
 0006:00000000 000009b0H .rsrc$01                DATA
 0006:000009b0 00019ae8H .rsrc$02                DATA

  Address         Publics by Value              Rva+Base               Lib:Object

 0000:00000000       __guard_iat_count          0000000000000000     <absolute>
 0000:00000000       __guard_fids_count         0000000000000000     <absolute>
 0000:00000000       ___safe_se_handler_table   0000000000000000     <absolute>
 0000:00000000       __guard_iat_table          0000000000000000     <absolute>
 0000:00000000       ___safe_se_handler_count   0000000000000000     <absolute>
 0000:00000000       __guard_longjmp_table      0000000000000000     <absolute>
 0000:00000000       __guard_longjmp_count      0000000000000000     <absolute>
 0000:00000000       __guard_fids_table         0000000000000000     <absolute>
 0000:00000000       __dynamic_value_reloc_table 0000000000000000     <absolute>
 0000:00000100       __guard_flags              0000000000000100     <absolute>
 0000:00000000       __ImageBase                0000000180000000     <linker-defined>
 0001:000079b0       ?Create@BerconDistortionClassDesc@@UEAAPEAXH@Z 00000001800089b0 f i BerconDistortion.obj
 0001:000079f0       ?ClassName@BerconDistortionClassDesc@@UEAAPEB_WXZ 00000001800089f0 f i BerconDistortion.obj
 0001:00007a00       ?ClassID@BerconDistortionClassDesc@@UEAA?AVClass_ID@@XZ 0000000180008a00 f i BerconDistortion.obj
 0001:00007a00       ?ClassID@BerconDistortion@@UEAA?AVClass_ID@@XZ 0000000180008a00 f i BerconDistortion.obj
 0001:00007a20       ?InternalName@BerconDistortionClassDesc@@UEAAPEB_WXZ 0000000180008a20 f i BerconDistortion.obj
 0001:00007a30       ??_EBerconDistortionClassDesc@@UEAAPEAXI@Z 0000000180008a30 f i BerconDistortion.obj
 0001:00007a30       ??_GBerconDistortionClassDesc@@UEAAPEAXI@Z 0000000180008a30 f i BerconDistortion.obj
 0001:00007a90       ?InitialRollupPageState@ClassDesc@@UEAAKXZ 0000000180008a90 f i BerconDistortion.obj
 0001:00007aa0       ?IsLocalOutputMeaningful@Texmap@@UEAA_NAEAVShadeContext@@@Z 0000000180008aa0 f i BerconDistortion.obj
 0001:00007aa0       ?DrawRepresentation@ClassDesc@@UEAA_NKPEAUHDC__@@AEAVBox2@@@Z 0000000180008aa0 f i BerconDistortion.obj
 0001:00007aa0       ?GetMacroRecorderName@Animatable@@UEAA_N_NAEAVWStr@@@Z 0000000180008aa0 f i BerconDistortion.obj
 0001:00007ab0       ?NumInterfaces@ClassDesc@@UEAAHXZ 0000000180008ab0 f i BerconDistortion.obj
 0001:00007ac0       ?GetInterfaceAt@ClassDesc@@UEAAPEAVFPInterface@@H@Z 0000000180008ac0 f i BerconDistortion.obj
 0001:00007ae0       ?SetUserDlgProc@ClassDesc2@@UEAAXPEAVParamBlockDesc2@@PEAVParamMap2UserDlgProc@@@Z 0000000180008ae0 f i BerconDistortion.obj
 0001:00007af0       ?ClearInterfaces@ClassDesc@@UEAAXXZ 0000000180008af0 f i BerconDistortion.obj
 0001:00007b00       ?SubClassID@ClassDesc@@UEAA?AVClass_ID@@XZ 0000000180008b00 f i BerconDistortion.obj
 0001:00007b10       ?What@TabOutOfRangeException@Util@MaxSDK@@UEBAPEB_WXZ 0000000180008b10 f i BerconDistortion.obj
 0001:00007b30       ??1TabOutOfRangeException@Util@MaxSDK@@UEAA@XZ 0000000180008b30 f i BerconDistortion.obj
 0001:00007b50       ??0TabOutOfRangeException@Util@MaxSDK@@QEAA@AEBV012@@Z 0000000180008b50 f i BerconDistortion.obj
 0001:00007b90       ??_ETabOutOfRangeException@Util@MaxSDK@@UEAAPEAXI@Z 0000000180008b90 f i BerconDistortion.obj
 0001:00007b90       ??_GTabOutOfRangeException@Util@MaxSDK@@UEAAPEAXI@Z 0000000180008b90 f i BerconDistortion.obj
 0001:00007bf0       ??_EXYZ_Desc@@UEAAPEAXI@Z  0000000180008bf0 f i BerconDistortion.obj
 0001:00007bf0       ??_GXYZ_Desc@@UEAAPEAXI@Z  0000000180008bf0 f i BerconDistortion.obj
 0001:00007c50       ??0BerconDistortion@@QEAA@XZ 0000000180008c50 f   BerconDistortion.obj
 0001:00007da0       ??0BerconSC@@QEAA@QEAVShadeContext@@@Z 0000000180008da0 f i BerconDistortion.obj
 0001:00007f70       ??0BerconXYZ@@QEAA@XZ      0000000180008f70 f i BerconDistortion.obj
 0001:00008010       ??0VertexNormalsControl@@QEAA@XZ 0000000180009010 f i BerconDistortion.obj
 0001:00008040       ??0XYZ_Desc@@QEAA@PEAVClassDesc2@@HHHHHHH@Z 0000000180009040 f i BerconDistortion.obj
 0001:00009310       ??1?$Tab@PEAVBaseInterface@@@@QEAA@XZ 000000018000a310 f i BerconDistortion.obj
 0001:00009330       ??1?$Tab@PEAVVertexNormalsCallback@@@@QEAA@XZ 000000018000a330 f i BerconDistortion.obj
 0001:00009350       ??1BerconSC@@UEAA@XZ       000000018000a350 f i BerconDistortion.obj
 0001:000093a0       ??1ParamMap2UserDlgProc@@UEAA@XZ 000000018000a3a0 f i BerconDistortion.obj
 0001:000093b0       ??1RenderGlobalContext@@UEAA@XZ 000000018000a3b0 f i BerconDistortion.obj
 0001:000093d0       ??1ShadeContext@@UEAA@XZ   000000018000a3d0 f i BerconDistortion.obj
 0001:00009410       ??1ShadeOutput@@UEAA@XZ    000000018000a410 f i BerconDistortion.obj
 0001:00009430       ??1Texmap@@UEAA@XZ         000000018000a430 f i BerconDistortion.obj
 0001:00009450       ??A?$Tab@PEAVFPInterface@@@@QEBAAEAPEAVFPInterface@@_J@Z 000000018000a450 f i BerconDistortion.obj
 0001:00009540       ??_EBerconDistortion@@WEA@EAAPEAXI@Z 000000018000a540 f i BerconDistortion.obj
 0001:0000954c       ??_EBerconSC@@WCII@EAAPEAXI@Z 000000018000a54c f i BerconDistortion.obj
 0001:00009560       ??_EBaseInterfaceServer@@UEAAPEAXI@Z 000000018000a560 f i BerconDistortion.obj
 0001:00009560       ??_GBaseInterfaceServer@@UEAAPEAXI@Z 000000018000a560 f i BerconDistortion.obj
 0001:000095b0       ??_EBerconDistortion@@UEAAPEAXI@Z 000000018000a5b0 f i BerconDistortion.obj
 0001:000095b0       ??_GBerconDistortion@@UEAAPEAXI@Z 000000018000a5b0 f i BerconDistortion.obj
 0001:00009640       ??_GBerconSC@@UEAAPEAXI@Z  000000018000a640 f i BerconDistortion.obj
 0001:00009640       ??_EBerconSC@@UEAAPEAXI@Z  000000018000a640 f i BerconDistortion.obj
 0001:000096c0       ??_GBerconXYZDlgProc@@UEAAPEAXI@Z 000000018000a6c0 f i BerconDistortion.obj
 0001:000096c0       ??_EBerconXYZDlgProc@@UEAAPEAXI@Z 000000018000a6c0 f i BerconDistortion.obj
 0001:00009710       ??_GInterfaceServer@@UEAAPEAXI@Z 000000018000a710 f i BerconDistortion.obj
 0001:00009710       ??_EInterfaceServer@@UEAAPEAXI@Z 000000018000a710 f i BerconDistortion.obj
 0001:00009760       ??_EParamMap2UserDlgProc@@UEAAPEAXI@Z 000000018000a760 f i BerconDistortion.obj
 0001:00009760       ??_GParamMap2UserDlgProc@@UEAAPEAXI@Z 000000018000a760 f i BerconDistortion.obj
 0001:000097a0       ??_GRenderGlobalContext@@UEAAPEAXI@Z 000000018000a7a0 f i BerconDistortion.obj
 0001:000097a0       ??_ERenderGlobalContext@@UEAAPEAXI@Z 000000018000a7a0 f i BerconDistortion.obj
 0001:00009800       ??_EShadeContext@@UEAAPEAXI@Z 000000018000a800 f i BerconDistortion.obj
 0001:00009800       ??_GShadeContext@@UEAAPEAXI@Z 000000018000a800 f i BerconDistortion.obj
 0001:00009870       ??_GShadeOutput@@UEAAPEAXI@Z 000000018000a870 f i BerconDistortion.obj
 0001:00009870       ??_EShadeOutput@@UEAAPEAXI@Z 000000018000a870 f i BerconDistortion.obj
 0001:000098d0       ?ActivateTexDisplay@BerconDistortion@@UEAAXH@Z 000000018000a8d0 f i BerconDistortion.obj
 0001:00009900       ?Antialias@BerconSC@@UEAAHXZ 000000018000a900 f i BerconDistortion.obj
 0001:00009910       ?BarycentricCoords@BerconSC@@UEAA?AVPoint3@@XZ 000000018000a910 f i BerconDistortion.obj
 0001:00009930       ?BarycentricCoords@ShadeContext@@UEAA?AVPoint3@@XZ 000000018000a930 f i BerconDistortion.obj
 0001:00009940       ?BumpBasisVectors@BerconSC@@UEAAHQEAVPoint3@@HH@Z 000000018000a940 f i BerconDistortion.obj
 0001:00009960       ?BypassTrackBar@Animatable@@UEAAHXZ 000000018000a960 f i BerconDistortion.obj
 0001:00009970       ?CamFarRange@BerconSC@@UEAAMXZ 000000018000a970 f i BerconDistortion.obj
 0001:00009990       ?CamNearRange@BerconSC@@UEAAMXZ 000000018000a990 f i BerconDistortion.obj
 0001:000099b0       ?CamPos@BerconSC@@UEAA?AVPoint3@@XZ 000000018000a9b0 f i BerconDistortion.obj
 0001:000099e0       ?ClassID@BerconSC@@UEAA?AVClass_ID@@XZ 000000018000a9e0 f i BerconDistortion.obj
 0001:00009a00       ?ClassID@ShadeContext@@UEAA?AVClass_ID@@XZ 000000018000aa00 f i BerconDistortion.obj
 0001:00009a00       ?SurfacePtScreen@ShadeContext@@UEAA?AVPoint2@@XZ 000000018000aa00 f i BerconDistortion.obj
 0001:00009a10       ?Clone@BerconDistortion@@UEAAPEAVReferenceTarget@@AEAVRemapDir@@@Z 000000018000aa10 f   BerconDistortion.obj
 0001:00009b40       ?CreateParamDlg@BerconDistortion@@UEAAPEAVParamDlg@@PEAUHWND__@@PEAVIMtlParams@@@Z 000000018000ab40 f   BerconDistortion.obj
 0001:00009bc0       ?CurTime@BerconSC@@UEAAHXZ 000000018000abc0 f i BerconDistortion.obj
 0001:00009bd0       ?Curve@BerconSC@@UEAAMXZ   000000018000abd0 f i BerconDistortion.obj
 0001:00009bf0       ?DP@BerconSC@@UEAA?AVPoint3@@XZ 000000018000abf0 f i BerconDistortion.obj
 0001:00009c20       ?DP@BerconSC@@UEAAXAEAVPoint3@@0@Z 000000018000ac20 f i BerconDistortion.obj
 0001:00009c40       ?DPObj@BerconSC@@UEAA?AVPoint3@@XZ 000000018000ac40 f i BerconDistortion.obj
 0001:00009c70       ?DPObjRelBox@BerconSC@@UEAA?AVPoint3@@XZ 000000018000ac70 f i BerconDistortion.obj
 0001:00009ca0       ?DPdUVW@BerconSC@@UEAAXQEAVPoint3@@H@Z 000000018000aca0 f i BerconDistortion.obj
 0001:00009cc0       ?DUVW@BerconSC@@UEAA?AVPoint3@@H@Z 000000018000acc0 f i BerconDistortion.obj
 0001:00009ce4       ?DebugFile@BerconSC@@WCII@EAAPEAU_iobuf@@XZ 000000018000ace4 f i BerconDistortion.obj
 0001:00009cf0       ?DiffuseIllum@BerconSC@@UEAA?AVColor@@XZ 000000018000acf0 f i BerconDistortion.obj
 0001:00009d20       ?DlgProc@BerconXYZDlgProc@@UEAA_JHPEAVIParamMap2@@PEAUHWND__@@I_K_J@Z 000000018000ad20 f i BerconDistortion.obj
 0001:0000a220       ?EditTrack@Animatable@@UEAAXXZ 000000018000b220 f i BerconDistortion.obj
 0001:0000a250       ?EvalColor@BerconDistortion@@UEAA?AVAColor@@AEAVShadeContext@@@Z 000000018000b250 f   BerconDistortion.obj
 0001:0000a410       ?EvalEnvironMap@BerconSC@@UEAA?AVAColor@@PEAVTexmap@@VPoint3@@@Z 000000018000b410 f i BerconDistortion.obj
 0001:0000a460       ?EvalGlobalEnvironMap@BerconSC@@UEAA?AVAColor@@VPoint3@@@Z 000000018000b460 f i BerconDistortion.obj
 0001:0000a4b0       ?EvalGlobalEnvironMap@RenderGlobalContext@@UEAA?AVAColor@@AEAVShadeContext@@AEAVRay@@H@Z 000000018000b4b0 f i BerconDistortion.obj
 0001:0000a4d0       ?EvalGlobalEnvironMap@ShadeContext@@UEAA?AVAColor@@VPoint3@@@Z 000000018000b4d0 f i BerconDistortion.obj
 0001:0000a4e0       ?EvalMono@BerconDistortion@@UEAAMAEAVShadeContext@@@Z 000000018000b4e0 f   BerconDistortion.obj
 0001:0000a670       ?EvalNormalPerturb@BerconDistortion@@UEAA?AVPoint3@@AEAVShadeContext@@@Z 000000018000b670 f   BerconDistortion.obj
 0001:0000a800       ?Execute@BerconSC@@UEAA_JH_K00@Z 000000018000b800 f i BerconDistortion.obj
 0001:0000a814       ?Execute@BerconSC@@WCII@EAA_JH_K00@Z 000000018000b814 f i BerconDistortion.obj
 0001:0000a820       ?FaceNumber@BerconSC@@UEAAHXZ 000000018000b820 f i BerconDistortion.obj
 0001:0000a830       ?GNormal@BerconSC@@UEAA?AVPoint3@@XZ 000000018000b830 f i BerconDistortion.obj
 0001:0000a860       ?GetActiveTexHandle@BerconDistortion@@UEAA_KHAEAVTexHandleMaker@@@Z 000000018000b860 f   BerconDistortion.obj
 0001:0000a920       ?GetBGColor@BerconSC@@UEAAXAEAVColor@@0H@Z 000000018000b920 f i BerconDistortion.obj
 0001:0000a940       ?GetBerconDistortionDesc@@YAPEAVClassDesc2@@XZ 000000018000b940 f   BerconDistortion.obj
 0001:0000a950       ?GetCache@BerconSC@@UEAAHPEAVTexmap@@AEAM@Z 000000018000b950 f i BerconDistortion.obj
 0001:0000a970       ?GetCache@BerconSC@@UEAAHPEAVTexmap@@AEAVAColor@@@Z 000000018000b970 f i BerconDistortion.obj
 0001:0000a990       ?GetCache@BerconSC@@UEAAHPEAVTexmap@@AEAVPoint3@@@Z 000000018000b990 f i BerconDistortion.obj
 0001:0000a9b0       ?GetClassName@BerconDistortion@@UEAAXAEAVWStr@@@Z 000000018000b9b0 f i BerconDistortion.obj
 0001:0000a9e0       ?GetEvalObject@BerconSC@@UEAAPEAVObject@@XZ 000000018000b9e0 f i BerconDistortion.obj
 0001:0000a9f0       ?GetIOR@BerconSC@@UEAAMXZ  000000018000b9f0 f i BerconDistortion.obj
 0001:0000aa10       ?GetSampleSizeScale@ShadeContext@@UEAAMXZ 000000018000ba10 f i BerconDistortion.obj
 0001:0000aa10       ?GetIOR@ShadeContext@@UEAAMXZ 000000018000ba10 f i BerconDistortion.obj
 0001:0000aa20       ?GetInterface@MtlBase@@UEAAPEAVBaseInterface@@VInterface_ID@@@Z 000000018000ba20 f i BerconDistortion.obj
 0001:0000aa50       ?GetNSuperSample@BerconSC@@UEAAHXZ 000000018000ba50 f i BerconDistortion.obj
 0001:0000aa70       ?GetParamBlock@BerconDistortion@@UEAAPEAVIParamBlock2@@H@Z 000000018000ba70 f i BerconDistortion.obj
 0001:0000aa90       ?GetParamBlockByID@BerconDistortion@@UEAAPEAVIParamBlock2@@F@Z 000000018000ba90 f i BerconDistortion.obj
 0001:0000aae0       ?GetParamDimension@Animatable@@UEAAPEAVParamDimension@@H@Z 000000018000bae0 f i BerconDistortion.obj
 0001:0000aaf0       ?GetRefTarget@MtlBase@@UEAAPEAVReferenceTarget@@XZ 000000018000baf0 f i BerconDistortion.obj
 0001:0000ab00       ?GetReference@BerconDistortion@@UEAAPEAVReferenceTarget@@H@Z 000000018000bb00 f   BerconDistortion.obj
 0001:0000ab00       ?SubAnim@BerconDistortion@@UEAAPEAVAnimatable@@H@Z 000000018000bb00 f   BerconDistortion.obj
 0001:0000ab30       ?GetRenderElement@BerconSC@@UEAAPEAVIRenderElement@@H@Z 000000018000bb30 f i BerconDistortion.obj
 0001:0000ab50       ?GetRenderElement@ShadeContext@@UEAAPEAVIRenderElement@@H@Z 000000018000bb50 f i BerconDistortion.obj
 0001:0000ab70       ?GetSampleSizeScale@BerconSC@@UEAAMXZ 000000018000bb70 f i BerconDistortion.obj
 0001:0000ab90       ?GetSubAnimCurveColor@Animatable@@UEAAKH@Z 000000018000bb90 f i BerconDistortion.obj
 0001:0000aba0       ?GetSubTexmap@BerconDistortion@@UEAAPEAVTexmap@@H@Z 000000018000bba0 f i BerconDistortion.obj
 0001:0000abb0       ?GetSubTexmapSlotName@BerconDistortion@@UEAA?AVWStr@@H@Z 000000018000bbb0 f   BerconDistortion.obj
 0001:0000ac40       ?GetUVTransform@Texmap@@UEAAXAEAVMatrix3@@@Z 000000018000bc40 f i BerconDistortion.obj
 0001:0000ac50       ?HitTestFCurves@Animatable@@UEAAHPEAVParamDimensionBase@@AEAV?$Tab@VTrackHitRecord@@@@AEAVBox2@@2MHMHK@Z 000000018000bc50 f i BerconDistortion.obj
 0001:0000ac50       ?HitTestSubFCurves@Animatable@@UEAAHHPEAVParamDimensionBase@@AEAV?$Tab@VTrackHitRecord@@@@AEAVBox2@@2MHMHK@Z 000000018000bc50 f i BerconDistortion.obj
 0001:0000ac60       ?InMtlEditor@BerconSC@@UEAAHXZ 000000018000bc60 f i BerconDistortion.obj
 0001:0000ac70       ?InitSlotType@Texmap@@UEAAXH@Z 000000018000bc70 f i BerconDistortion.obj
 0001:0000ac80       ?CanMakeUnique@Animatable@@UEAAHXZ 000000018000bc80 f i BerconDistortion.obj
 0001:0000ac80       ?IsEnabled@IGradient@@UEAAHXZ 000000018000bc80 f i BerconGradient.obj
 0001:0000ac80       ?SupportTexDisplay@BerconNoise@@UEAAHXZ 000000018000bc80 f i BerconNoise.obj
 0001:0000ac80       ?SupportTexDisplay@BerconGradient@@UEAAHXZ 000000018000bc80 f i BerconGradient.obj
 0001:0000ac80       ?CanTransferReference@ReferenceMaker@@UEAAHH@Z 000000018000bc80 f i BerconDistortion.obj
 0001:0000ac80       ?CanAssignController@Animatable@@UEAAHH@Z 000000018000bc80 f i BerconDistortion.obj
 0001:0000ac80       ?LibInitialize@@YAHXZ      000000018000bc80 f i DllEntry.obj
 0001:0000ac80       ?CanCopyAnim@Animatable@@UEAAHXZ 000000018000bc80 f i BerconDistortion.obj
 0001:0000ac80       ?LoadMapFiles@Texmap@@UEAAHH@Z 000000018000bc80 f i BerconDistortion.obj
 0001:0000ac80       ?IsPublic@BerconNoiseClassDesc@@UEAAHXZ 000000018000bc80 f i BerconNoise.obj
 0001:0000ac80       ?NumSubs@BerconWood@@UEAAHXZ 000000018000bc80 f i BerconWood.obj
 0001:0000ac80       ?SupportTexDisplay@BerconWood@@UEAAHXZ 000000018000bc80 f i BerconWood.obj
 0001:0000ac80       ?GetTrackVSpace@Animatable@@UEAAHH@Z 000000018000bc80 f i BerconDistortion.obj
 0001:0000ac80       ?GetTransparencyHint@MtlBase@@UEAAHHAEAVInterval@@@Z 000000018000bc80 f i BerconDistortion.obj
 0001:0000ac80       ?IsRefMaker@ReferenceMaker@@UEAAHXZ 000000018000bc80 f i BerconDistortion.obj
 0001:0000ac80       ?SupportTexDisplay@BerconDistortion@@UEAAHXZ 000000018000bc80 f i BerconDistortion.obj
 0001:0000ac80       ?IsPublic@BerconWoodClassDesc@@UEAAHXZ 000000018000bc80 f i BerconWood.obj
 0001:0000ac80       ?LibShutdown@@YAHXZ        000000018000bc80 f i DllEntry.obj
 0001:0000ac80       ?SupportTexDisplay@BerconTile@@UEAAHXZ 000000018000bc80 f i BerconTile.obj
 0001:0000ac80       ?GetMapChannel@Texmap@@UEAAHXZ 000000018000bc80 f i BerconDistortion.obj
 0001:0000ac80       ?GetSelKeyCoords@Animatable@@UEAAHAEAHAEAMK@Z 000000018000bc80 f i BerconDistortion.obj
 0001:0000ac80       ?NumSubs@BerconTile@@UEAAHXZ 000000018000bc80 f i BerconTile.obj
 0001:0000ac80       ?IsRefTarget@ReferenceTarget@@UEAAHXZ 000000018000bc80 f i BerconDistortion.obj
 0001:0000ac80       ?NumSubs@BerconNoise@@UEAAHXZ 000000018000bc80 f i BerconNoise.obj
 0001:0000ac80       ?BuildMaps@MtlBase@@UEAAHHAEAVRenderMapsContext@@@Z 000000018000bc80 f i BerconDistortion.obj
 0001:0000ac80       ?IsPublic@BerconGradientClassDesc@@UEAAHXZ 000000018000bc80 f i BerconGradient.obj
 0001:0000ac80       ?IsPublic@BerconTileClassDesc@@UEAAHXZ 000000018000bc80 f i BerconTile.obj
 0001:0000ac80       ?IsPublic@BerconDistortionClassDesc@@UEAAHXZ 000000018000bc80 f i BerconDistortion.obj
 0001:0000ac80       ?SubTexmapOn@ISubMap@@UEAAHH@Z 000000018000bc80 f i BerconDistortion.obj
 0001:0000ac80       _get_startup_argv_mode     000000018000bc80 f i MSVCRT:argv_mode.obj
 0001:0000ac80       ?OkToCreate@ClassDesc@@UEAAHPEAVInterface@@@Z 000000018000bc80 f i BerconDistortion.obj
 0001:0000ac80       ?IsRealDependency@ReferenceMaker@@UEAAHPEAVReferenceTarget@@@Z 000000018000bc80 f i BerconDistortion.obj
 0001:0000ac90       ?IsSubClassOf@Animatable@@UEAAHVClass_ID@@@Z 000000018000bc90 f i BerconDistortion.obj
 0001:0000acd0       ?IsSuperSampleOn@BerconSC@@UEAAHXZ 000000018000bcd0 f i BerconDistortion.obj
 0001:0000acf0       ?IsTextureSuperSampleOn@BerconSC@@UEAAHXZ 000000018000bcf0 f i BerconDistortion.obj
 0001:0000ad10       ?Light@BerconSC@@UEAAPEAVLightDesc@@H@Z 000000018000bd10 f i BerconDistortion.obj
 0001:0000ad20       ?LocalRequirements@BerconDistortion@@UEAAKH@Z 000000018000bd20 f i BerconDistortion.obj
 0001:0000ad40       ?MapSlotType@Texmap@@UEAAHH@Z 000000018000bd40 f i BerconDistortion.obj
 0001:0000ad50       ?MappingsRequired@BerconDistortion@@UEAAXHAEAVBitArray@@0@Z 000000018000bd50 f i BerconDistortion.obj
 0001:0000ad70       ?NRenderElements@BerconSC@@UEAAHXZ 000000018000bd70 f i BerconDistortion.obj
 0001:0000ad90       ?NRenderElements@ShadeContext@@UEAAHXZ 000000018000bd90 f i BerconDistortion.obj
 0001:0000adb0       ?Node@BerconSC@@UEAAPEAVINode@@XZ 000000018000bdb0 f i BerconDistortion.obj
 0001:0000adc0       ?NodeID@BerconSC@@UEAAHXZ  000000018000bdc0 f i BerconDistortion.obj
 0001:0000add0       ?Normal@BerconSC@@UEAA?AVPoint3@@XZ 000000018000bdd0 f i BerconDistortion.obj
 0001:0000adf0       ?NotifyDependents@SealedReferenceMaker@@EEAA?AW4RefResult@@VInterval@@_KIKHPEAVReferenceTarget@@@Z 000000018000bdf0 f i BerconDistortion.obj
 0001:0000ae20       ?NotifyForeground@ReferenceTarget@@UEAAXH@Z 000000018000be20 f i BerconDistortion.obj
 0001:0000ae80       ?NotifyRefChanged@BerconDistortion@@UEAA?AW4RefResult@@AEBVInterval@@PEAVReferenceTarget@@AEA_KIH@Z 000000018000be80 f   BerconDistortion.obj
 0001:0000af10       ?NotifyRefChanged@SealedReferenceMaker@@EEAA?AW4RefResult@@VInterval@@PEAVReferenceTarget@@AEA_KI@Z 000000018000bf10 f i BerconDistortion.obj
 0001:0000af40       ?GetFlagKeyIndex@Animatable@@UEAAHXZ 000000018000bf40 f i BerconDistortion.obj
 0001:0000af40       ?GetKeyIndex@Animatable@@UEAAHH@Z 000000018000bf40 f i BerconDistortion.obj
 0001:0000af40       ?NodeID@ShadeContext@@UEAAHXZ 000000018000bf40 f i BerconDistortion.obj
 0001:0000af40       ?NumKeys@Animatable@@UEAAHXZ 000000018000bf40 f i BerconDistortion.obj
 0001:0000af50       ?NumRefs@BerconDistortion@@UEAAHXZ 000000018000bf50 f i BerconDistortion.obj
 0001:0000af50       ?NumSubs@BerconDistortion@@UEAAHXZ 000000018000bf50 f i BerconDistortion.obj
 0001:0000af50       ?LibNumberClasses@@YAHXZ   000000018000bf50 f i DllEntry.obj
 0001:0000af60       ?ObjectBox@BerconSC@@UEAA?AVBox3@@XZ 000000018000bf60 f i BerconDistortion.obj
 0001:0000af90       ?OrigNormal@BerconSC@@UEAA?AVPoint3@@XZ 000000018000bf90 f i BerconDistortion.obj
 0001:0000afb0       ?OrigNormal@ShadeContext@@UEAA?AVPoint3@@XZ 000000018000bfb0 f i BerconDistortion.obj
 0001:0000afd0       ?OrigView@BerconSC@@UEAA?AVPoint3@@XZ 000000018000bfd0 f i BerconDistortion.obj
 0001:0000b000       ?OrigView@ShadeContext@@UEAA?AVPoint3@@XZ 000000018000c000 f i BerconDistortion.obj
 0001:0000b020       ?P@BerconSC@@UEAA?AVPoint3@@XZ 000000018000c020 f i BerconDistortion.obj
 0001:0000b0a0       ?PObj@BerconSC@@UEAA?AVPoint3@@XZ 000000018000c0a0 f i BerconDistortion.obj
 0001:0000b120       ?PObjRelBox@BerconSC@@UEAA?AVPoint3@@XZ 000000018000c120 f i BerconDistortion.obj
 0001:0000b150       ?NumParamBlocks@BerconDistortion@@UEAAHXZ 000000018000c150 f i BerconDistortion.obj
 0001:0000b150       ?NumParamBlocks@BerconGradient@@UEAAHXZ 000000018000c150 f i BerconGradient.obj
 0001:0000b150       ?HitTestTrack@Animatable@@UEAAHAEAV?$Tab@VTrackHitRecord@@@@AEAVBox2@@1MHK@Z 000000018000c150 f i BerconDistortion.obj
 0001:0000b150       ?PaintTrack@Animatable@@UEAAHPEAVParamDimensionBase@@PEAUHDC__@@AEAVBox2@@2MHK@Z 000000018000c150 f i BerconDistortion.obj
 0001:0000b150       ?PaintSubTrack@Animatable@@UEAAHHPEAVParamDimensionBase@@PEAUHDC__@@AEAVBox2@@2MHK@Z 000000018000c150 f i BerconDistortion.obj
 0001:0000b160       ?PointFrom@BerconSC@@UEAA?AVPoint3@@AEBV2@W4RefFrame@@@Z 000000018000c160 f i BerconDistortion.obj
 0001:0000b190       ?PointTo@BerconSC@@UEAA?AVPoint3@@AEBV2@W4RefFrame@@@Z 000000018000c190 f i BerconDistortion.obj
 0001:0000b1c0       ?ProjType@BerconSC@@UEAAHXZ 000000018000c1c0 f i BerconDistortion.obj
 0001:0000b1d0       ?PutCache@BerconSC@@UEAAXPEAVTexmap@@AEBVAColor@@@Z 000000018000c1d0 f i BerconDistortion.obj
 0001:0000b1f0       ?PutCache@BerconSC@@UEAAXPEAVTexmap@@AEBVPoint3@@@Z 000000018000c1f0 f i BerconDistortion.obj
 0001:0000b210       ?PutCache@BerconSC@@UEAAXPEAVTexmap@@M@Z 000000018000c210 f i BerconDistortion.obj
 0001:0000b230       ?RayConeAngle@BerconSC@@UEAAMXZ 000000018000c230 f i BerconDistortion.obj
 0001:0000b250       ?CamNearRange@ShadeContext@@UEAAMXZ 000000018000c250 f i BerconDistortion.obj
 0001:0000b250       ?GetAAFilterSize@RenderGlobalContext@@UEAAMXZ 000000018000c250 f i BerconDistortion.obj
 0001:0000b250       ?RayConeAngle@ShadeContext@@UEAAMXZ 000000018000c250 f i BerconDistortion.obj
 0001:0000b250       ?Curve@ShadeContext@@UEAAMXZ 000000018000c250 f i BerconDistortion.obj
 0001:0000b250       ?CamFarRange@ShadeContext@@UEAAMXZ 000000018000c250 f i BerconDistortion.obj
 0001:0000b260       ?RayDiam@BerconSC@@UEAAMXZ 000000018000c260 f i BerconDistortion.obj
 0001:0000b280       ?RayDiam@ShadeContext@@UEAAMXZ 000000018000c280 f i BerconDistortion.obj
 0001:0000b2a0       ?ReflectVector@BerconSC@@UEAA?AVPoint3@@XZ 000000018000c2a0 f i BerconDistortion.obj
 0001:0000b2d0       ?RefractVector@BerconSC@@UEAA?AVPoint3@@M@Z 000000018000c2d0 f i BerconDistortion.obj
 0001:0000b300       ?Reset@BerconDistortion@@UEAAXXZ 000000018000c300 f   BerconDistortion.obj
 0001:0000b380       ?ScaledToRGB@BerconSC@@UEBAPEAVToneOperator@@M@Z 000000018000c380 f i BerconDistortion.obj
 0001:0000b380       ?IsPhysicalSpace@BerconSC@@UEBAPEAVToneOperator@@XZ 000000018000c380 f i BerconDistortion.obj
 0001:0000b380       ?ScaledToRGB@BerconSC@@UEBAPEAVToneOperator@@XZ 000000018000c380 f i BerconDistortion.obj
 0001:0000b380       ?ScaleRGB@BerconSC@@UEBAPEAVToneOperator@@M@Z 000000018000c380 f i BerconDistortion.obj
 0001:0000b3b0       ?ScreenCoord@BerconSC@@UEAA?AVIPoint2@@XZ 000000018000c3b0 f i BerconDistortion.obj
 0001:0000b3e0       ?ScreenUV@BerconSC@@UEAAXAEAVPoint2@@0@Z 000000018000c3e0 f i BerconDistortion.obj
 0001:0000b430       ?Set@BitArray@@QEAAXH@Z    000000018000c430 f i BerconDistortion.obj
 0001:0000b4d0       ?SetGBufferID@BerconSC@@UEAAXH@Z 000000018000c4d0 f i BerconDistortion.obj
 0001:0000b4f0       ?SetGBufferID@ShadeContext@@UEAAXH@Z 000000018000c4f0 f i BerconDistortion.obj
 0001:0000b500       ?SetIOR@BerconSC@@UEAAXM@Z 000000018000c500 f i BerconDistortion.obj
 0001:0000b520       ?SetNormal@BerconSC@@UEAAXVPoint3@@@Z 000000018000c520 f i BerconDistortion.obj
 0001:0000b560       ?SetReference@BerconDistortion@@EEAAXHPEAVReferenceTarget@@@Z 000000018000c560 f   BerconDistortion.obj
 0001:0000b590       ?SetSubTexmap@BerconDistortion@@UEAAXHPEAVTexmap@@@Z 000000018000c590 f   BerconDistortion.obj
 0001:0000b600       ?SetThing@BerconXYZDlgProc@@UEAAXPEAVReferenceTarget@@@Z 000000018000c600 f i BerconDistortion.obj
 0001:0000b610       ?SetView@BerconSC@@UEAAXVPoint3@@@Z 000000018000c610 f i BerconDistortion.obj
 0001:0000b650       ?SubAnimName@BerconDistortion@@UEAA?AVWStr@@H@Z 000000018000c650 f   BerconDistortion.obj
 0001:0000b6d0       ?IsTextureSuperSampleOn@ShadeContext@@UEAAHXZ 000000018000c6d0 f i BerconDistortion.obj
 0001:0000b6d0       ?GetCache@ShadeContext@@UEAAHPEAVTexmap@@AEAM@Z 000000018000c6d0 f i BerconDistortion.obj
 0001:0000b6d0       ?CanManipulate@ClassDesc@@UEAAHPEAVReferenceTarget@@@Z 000000018000c6d0 f i BerconDistortion.obj
 0001:0000b6d0       ?CopyTrack@Animatable@@UEAAPEAVTrackClipObject@@VInterval@@K@Z 000000018000c6d0 f i BerconDistortion.obj
 0001:0000b6d0       ?NeedsToSave@ClassDesc@@UEAAHXZ 000000018000c6d0 f i BerconDistortion.obj
 0001:0000b6d0       ?GetActionTable@ClassDesc@@UEAAPEAVActionTable@@H@Z 000000018000c6d0 f i BerconDistortion.obj
 0001:0000b6d0       ?IsKeyAtTime@Animatable@@UEAAHHK@Z 000000018000c6d0 f i BerconDistortion.obj
 0001:0000b6d0       ?Node@ShadeContext@@UEAAPEAVINode@@XZ 000000018000c6d0 f i BerconDistortion.obj
 0001:0000b6d0       ?GetViewParams@RenderGlobalContext@@UEAAPEAVViewParams@@XZ 000000018000c6d0 f i BerconDistortion.obj
 0001:0000b6d0       ?DebugFile@BerconSC@@UEAAPEAU_iobuf@@XZ 000000018000c6d0 f i BerconDistortion.obj
 0001:0000b6d0       ?CreateManipulator@ClassDesc@@UEAAPEAVManipulator@@PEAVReferenceTarget@@PEAVINode@@@Z 000000018000c6d0 f i BerconDistortion.obj
 0001:0000b6d0       ?SetKeyBufferPresent@Animatable@@UEAAHXZ 000000018000c6d0 f i BerconDistortion.obj
 0001:0000b6d0       ?NumActionTables@ClassDesc@@UEAAHXZ 000000018000c6d0 f i BerconDistortion.obj
 0001:0000b6d0       ?Execute@ICustomControl@@UEAA_JH_K00@Z 000000018000c6d0 f i BerconGradient.obj
 0001:0000b6d0       ?ShouldPersistWeakRef@ReferenceMaker@@UEAAHPEAVReferenceTarget@@@Z 000000018000c6d0 f i BerconDistortion.obj
 0001:0000b6d0       ?RenderEnd@Animatable@@UEAAHH@Z 000000018000c6d0 f i BerconDistortion.obj
 0001:0000b6d0       ?EndCreate@ClassDesc@@UEAAHPEAVInterface@@@Z 000000018000c6d0 f i BerconDistortion.obj
 0001:0000b6d0       ?NumRenderInstances@RenderGlobalContext@@UEAAHXZ 000000018000c6d0 f i BerconDistortion.obj
 0001:0000b6d0       ?BypassTreeView@Animatable@@UEAAHXZ 000000018000c6d0 f i BerconDistortion.obj
 0001:0000b6d0       ?Execute@ShadeContext@@UEAA_JH_K00@Z 000000018000c6d0 f i BerconDistortion.obj
 0001:0000b6d0       ?HasClassParams@ClassDesc@@UEAAHXZ 000000018000c6d0 f i BerconDistortion.obj
 0001:0000b6d0       ?Execute@IGradient@@UEAA_JH_K00@Z 000000018000c6d0 f i BerconGradient.obj
 0001:0000b6d0       ?SelectSubAnim@Animatable@@UEAAHH@Z 000000018000c6d0 f i BerconDistortion.obj
 0001:0000b6d0       ?GetKeySelState@Animatable@@UEAAHAEAVBitArray@@VInterval@@K@Z 000000018000c6d0 f i BerconDistortion.obj
 0001:0000b6d0       ?DebugFile@ShadeContext@@UEAAPEAU_iobuf@@XZ 000000018000c6d0 f i BerconDistortion.obj
 0001:0000b6d0       ?GetNextKeyTime@Animatable@@UEAAHHKAEAH@Z 000000018000c6d0 f i BerconDistortion.obj
 0001:0000b6d0       ?SetDlgThing@BerconDistortion@@UEAAHPEAVParamDlg@@@Z 000000018000c6d0 f i BerconDistortion.obj
 0001:0000b6d0       ?GetSubFCurveExtents@Animatable@@UEAAHHPEAVParamDimensionBase@@AEAM1K@Z 000000018000c6d0 f i BerconDistortion.obj
 0001:0000b6d0       ?SupportTimeOperations@Animatable@@UEAAHXZ 000000018000c6d0 f i BerconDistortion.obj
 0001:0000b6d0       __scrt_stub_for_is_c_termination_complete 000000018000c6d0 f i MSVCRT:ucrt_stubs.obj
 0001:0000b6d0       ?GetTheUVGen@Texmap@@UEAAPEAVUVGen@@XZ 000000018000c6d0 f i BerconDistortion.obj
 0001:0000b6d0       ?GetAAFilterKernel@RenderGlobalContext@@UEAAPEAVFilterKernel@@XZ 000000018000c6d0 f i BerconDistortion.obj
 0001:0000b6d0       ?PaintFCurves@Animatable@@UEAAHPEAVParamDimensionBase@@PEAUHDC__@@AEAVBox2@@2MHMHK@Z 000000018000c6d0 f i BerconDistortion.obj
 0001:0000b6d0       ?SetCustomImageList@ResourceMakerCallback@@UEAAHAEAPEAU_IMAGELIST@@PEAVICurveCtl@@@Z 000000018000c6d0 f i BerconGradient.obj
 0001:0000b6d0       ?TrackParamsType@Animatable@@UEAAHXZ 000000018000c6d0 f i BerconDistortion.obj
 0001:0000b6d0       ?SupportsMultiMapsInViewport@MtlBase@@UEAAHXZ 000000018000c6d0 f i BerconDistortion.obj
 0001:0000b6d0       ?BeginCreate@ClassDesc@@UEAAHPEAVInterface@@@Z 000000018000c6d0 f i BerconDistortion.obj
 0001:0000b6d0       ?Load@ClassDesc@@UEAA?AW4IOResult@@PEAVILoad@@@Z 000000018000c6d0 f i BerconDistortion.obj
 0001:0000b6d0       ?NumChildren@Animatable@@UEAAHXZ 000000018000c6d0 f i BerconDistortion.obj
 0001:0000b6d0       ?NumSelKeys@Animatable@@UEAAHXZ 000000018000c6d0 f i BerconDistortion.obj
 0001:0000b6d0       ?Execute@RenderGlobalContext@@UEAA_JH_K00@Z 000000018000c6d0 f i BerconDistortion.obj
 0001:0000b6d0       ?GetNSuperSample@ShadeContext@@UEAAHXZ 000000018000c6d0 f i BerconDistortion.obj
 0001:0000b6d0       ?IsSuperSampleOn@ShadeContext@@UEAAHXZ 000000018000c6d0 f i BerconDistortion.obj
 0001:0000b6d0       ?GetTheXYZGen@Texmap@@UEAAPEAVXYZGen@@XZ 000000018000c6d0 f i BerconDistortion.obj
 0001:0000b6d0       ?BypassPropertyLevel@Animatable@@UEAAHXZ 000000018000c6d0 f i BerconDistortion.obj
 0001:0000b6d0       ?CanManipulateNode@ClassDesc@@UEAAHPEAVINode@@@Z 000000018000c6d0 f i BerconDistortion.obj
 0001:0000b6d0       ?HandleOwnViewPerturb@Texmap@@UEAAHXZ 000000018000c6d0 f i BerconDistortion.obj
 0001:0000b6d0       ?TrackViewWinProc@Animatable@@UEAA_JPEAUHWND__@@I_K_J@Z 000000018000c6d0 f i BerconDistortion.obj
 0001:0000b6d0       ?DebugFile@RenderGlobalContext@@UEAAPEAU_iobuf@@XZ 000000018000c6d0 f i BerconDistortion.obj
 0001:0000b6d0       ?IsCurveSelected@Animatable@@UEAAHXZ 000000018000c6d0 f i BerconDistortion.obj
 0001:0000b6d0       ?CanCopySubTrack@Animatable@@UEAAHHVInterval@@K@Z 000000018000c6d0 f i BerconDistortion.obj
 0001:0000b6d0       ?GetCache@ShadeContext@@UEAAHPEAVTexmap@@AEAVPoint3@@@Z 000000018000c6d0 f i BerconDistortion.obj
 0001:0000b6d0       ?IntersectWorld@RenderGlobalContext@@UEAAHAEAVRay@@HAEAUISect@@AEAVISectList@@H@Z 000000018000c6d0 f i BerconDistortion.obj
 0001:0000b6d0       ?BumpBasisVectors@ShadeContext@@UEAAHQEAVPoint3@@HH@Z 000000018000c6d0 f i BerconDistortion.obj
 0001:0000b6d0       ?GetKeyTime@Animatable@@UEAAHH@Z 000000018000c6d0 f i BerconDistortion.obj
 0001:0000b6d0       ?GetKeyTimes@Animatable@@UEAAHAEAV?$Tab@H@@VInterval@@K@Z 000000018000c6d0 f i BerconDistortion.obj
 0001:0000b6d0       ?GetToolTip@ResourceMakerCallback@@UEAAHHAEAVWStr@@PEAVICurveCtl@@@Z 000000018000c6d0 f i BerconGradient.obj
 0001:0000b6d0       ?RenderBegin@Animatable@@UEAAHHK@Z 000000018000c6d0 f i BerconDistortion.obj
 0001:0000b6d0       ?IsMultiMtl@MtlBase@@UEAAHXZ 000000018000c6d0 f i BerconDistortion.obj
 0001:0000b6d0       ?GetCache@ShadeContext@@UEAAHPEAVTexmap@@AEAVAColor@@@Z 000000018000c6d0 f i BerconDistortion.obj
 0001:0000b6d0       ?InvisibleProperty@Animatable@@UEAAHXZ 000000018000c6d0 f i BerconDistortion.obj
 0001:0000b6d0       ?GetParamMap@ClassDesc@@UEAAPEAVIParamMap2@@PEAVParamBlockDesc2@@@Z 000000018000c6d0 f i BerconDistortion.obj
 0001:0000b6d0       ?CanPasteTrack@Animatable@@UEAAHPEAVTrackClipObject@@VInterval@@K@Z 000000018000c6d0 f i BerconDistortion.obj
 0001:0000b6d0       ?GetRenderInstance@RenderGlobalContext@@UEAAPEAVRenderInstance@@H@Z 000000018000c6d0 f i BerconDistortion.obj
 0001:0000b6d0       ?CanDeleteSubAnim@Animatable@@UEAAHH@Z 000000018000c6d0 f i BerconDistortion.obj
 0001:0000b6d0       ?IsManipulator@ClassDesc@@UEAAHXZ 000000018000c6d0 f i BerconDistortion.obj
 0001:0000b6d0       ?GetFCurveExtents@Animatable@@UEAAHPEAVParamDimensionBase@@AEAM1K@Z 000000018000c6d0 f i BerconDistortion.obj
 0001:0000b6d0       ?GetUserDlgProc@ClassDesc@@UEAAPEAVParamMap2UserDlgProc@@PEAVParamBlockDesc2@@@Z 000000018000c6d0 f i BerconDistortion.obj
 0001:0000b6d0       ?CopySubTrack@Animatable@@UEAAPEAVTrackClipObject@@HVInterval@@K@Z 000000018000c6d0 f i BerconDistortion.obj
 0001:0000b6d0       ?Save@ClassDesc@@UEAA?AW4IOResult@@PEAVISave@@@Z 000000018000c6d0 f i BerconDistortion.obj
 0001:0000b6d0       ?GetTheXYZGen@BerconNoise@@UEAAPEAVXYZGen@@XZ 000000018000c6d0 f i BerconNoise.obj
 0001:0000b6d0       ?PaintSubFCurves@Animatable@@UEAAHHPEAVParamDimensionBase@@PEAUHDC__@@AEAVBox2@@2MHMHK@Z 000000018000c6d0 f i BerconDistortion.obj
 0001:0000b6d0       ?GetUVWSource@Texmap@@UEAAHXZ 000000018000c6d0 f i BerconDistortion.obj
 0001:0000b6d0       ?IsHighDynamicRange@Texmap@@UEBAHXZ 000000018000c6d0 f i BerconDistortion.obj
 0001:0000b6d0       _is_c_termination_complete 000000018000c6d0 f i MSVCRT:ucrt_stubs.obj
 0001:0000b6d0       ?AssignController@Animatable@@UEAAHPEAV1@H@Z 000000018000c6d0 f i BerconDistortion.obj
 0001:0000b6d0       ?ChildAnim@Animatable@@UEAAPEAV1@H@Z 000000018000c6d0 f i BerconDistortion.obj
 0001:0000b6d0       ?ProjType@ShadeContext@@UEAAHXZ 000000018000c6d0 f i BerconDistortion.obj
 0001:0000b6d0       ?IsKeySelected@Animatable@@UEAAHH@Z 000000018000c6d0 f i BerconDistortion.obj
 0001:0000b6d0       ?GetEvalObject@ShadeContext@@UEAAPEAVObject@@XZ 000000018000c6d0 f i BerconDistortion.obj
 0001:0000b6d0       ?CreateManipulator@ClassDesc@@UEAAPEAVManipulator@@PEAVINode@@@Z 000000018000c6d0 f i BerconDistortion.obj
 0001:0000b6d0       ?Antialias@ShadeContext@@UEAAHXZ 000000018000c6d0 f i BerconDistortion.obj
 0001:0000b6d0       ?IsSubCurveSelected@Animatable@@UEAAHH@Z 000000018000c6d0 f i BerconDistortion.obj
 0001:0000b6d0       ?CanPasteSubTrack@Animatable@@UEAAHHPEAVTrackClipObject@@VInterval@@K@Z 000000018000c6d0 f i BerconDistortion.obj
 0001:0000b6d0       ?Execute@ClassDesc@@UEAA_JH_K00@Z 000000018000c6d0 f i BerconDistortion.obj
 0001:0000b6d0       ?CanCopyTrack@Animatable@@UEAAHVInterval@@K@Z 000000018000c6d0 f i BerconDistortion.obj
 0001:0000b6d0       ?SetSelKeyCoordsExpr@Animatable@@UEAAHPEAVParamDimension@@PEB_W1K@Z 000000018000c6d0 f i BerconDistortion.obj
 0001:0000b6e0       ?SurfacePtScreen@BerconSC@@UEAA?AVPoint2@@XZ 000000018000c6e0 f i BerconDistortion.obj
 0001:0000b710       ?TossCache@BerconSC@@UEAAXPEAVTexmap@@@Z 000000018000c710 f i BerconDistortion.obj
 0001:0000b730       ?UVW@BerconSC@@UEAA?AVPoint3@@H@Z 000000018000c730 f i BerconDistortion.obj
 0001:0000b800       ?UVWNormal@BerconSC@@UEAA?AVPoint3@@H@Z 000000018000c800 f i BerconDistortion.obj
 0001:0000b830       ?UVWNormal@ShadeContext@@UEAA?AVPoint3@@H@Z 000000018000c830 f i BerconDistortion.obj
 0001:0000b840       ?Update@BerconDistortion@@UEAAXHAEAVInterval@@@Z 000000018000c840 f   BerconDistortion.obj
 0001:0000b960       ?Update@ParamMap2UserDlgProc@@UEAAXHAEAVInterval@@PEAVIParamMap2@@@Z 000000018000c960 f i BerconDistortion.obj
 0001:0000b970       ?V@BerconSC@@UEAA?AVPoint3@@XZ 000000018000c970 f i BerconDistortion.obj
 0001:0000b9a0       ?Validity@BerconDistortion@@UEAA?AVInterval@@H@Z 000000018000c9a0 f   BerconDistortion.obj
 0001:0000b9f0       ?VectorFrom@BerconSC@@UEAA?AVPoint3@@AEBV2@W4RefFrame@@@Z 000000018000c9f0 f i BerconDistortion.obj
 0001:0000ba20       ?VectorFromNoScale@BerconSC@@UEAA?AVPoint3@@AEBV2@W4RefFrame@@@Z 000000018000ca20 f i BerconDistortion.obj
 0001:0000ba50       ?VectorTo@BerconSC@@UEAA?AVPoint3@@AEBV2@W4RefFrame@@@Z 000000018000ca50 f i BerconDistortion.obj
 0001:0000ba80       ?VectorToNoScale@BerconSC@@UEAA?AVPoint3@@AEBV2@W4RefFrame@@@Z 000000018000ca80 f i BerconDistortion.obj
 0001:0000bab0       ?getDistVector@BerconDistortion@@QEAA?AVPoint3@@AEAVShadeContext@@@Z 000000018000cab0 f   BerconDistortion.obj
 0001:0000bbb0       ?Create@BerconGradientClassDesc@@UEAAPEAXH@Z 000000018000cbb0 f i BerconGradient.obj
 0001:0000bbf0       ?ClassName@BerconGradientClassDesc@@UEAAPEB_WXZ 000000018000cbf0 f i BerconGradient.obj
 0001:0000bc00       ?ClassID@BerconGradient@@UEAA?AVClass_ID@@XZ 000000018000cc00 f i BerconGradient.obj
 0001:0000bc00       ?ClassID@BerconGradientClassDesc@@UEAA?AVClass_ID@@XZ 000000018000cc00 f i BerconGradient.obj
 0001:0000bc20       ?InternalName@BerconGradientClassDesc@@UEAAPEB_WXZ 000000018000cc20 f i BerconGradient.obj
 0001:0000bc30       ??_EBerconGradientClassDesc@@UEAAPEAXI@Z 000000018000cc30 f i BerconGradient.obj
 0001:0000bc30       ??_GBerconGradientClassDesc@@UEAAPEAXI@Z 000000018000cc30 f i BerconGradient.obj
 0001:0000bc90       ??0BerconGradient@@QEAA@XZ 000000018000cc90 f   BerconGradient.obj
 0001:0000bdf0       ??0IGradient@@QEAA@PEAUHWND__@@PEAVGradientRamp@@@Z 000000018000cdf0 f i BerconGradient.obj
 0001:0000be50       ??1BerconGradient@@UEAA@XZ 000000018000ce50 f   BerconGradient.obj
 0001:0000bf20       ??1ICustomControl@@UEAA@XZ 000000018000cf20 f i BerconGradient.obj
 0001:0000bf40       ??_EBerconGradient@@WEA@EAAPEAXI@Z 000000018000cf40 f i BerconGradient.obj
 0001:0000bf50       ??_EBerconGradient@@UEAAPEAXI@Z 000000018000cf50 f i BerconGradient.obj
 0001:0000bf50       ??_GBerconGradient@@UEAAPEAXI@Z 000000018000cf50 f i BerconGradient.obj
 0001:0000bfa0       ??_EBerconGradientDlgProc@@UEAAPEAXI@Z 000000018000cfa0 f i BerconGradient.obj
 0001:0000bfa0       ??_GBerconGradientDlgProc@@UEAAPEAXI@Z 000000018000cfa0 f i BerconGradient.obj
 0001:0000bff0       ??_GICustomControl@@UEAAPEAXI@Z 000000018000cff0 f i BerconGradient.obj
 0001:0000bff0       ??_EICustomControl@@UEAAPEAXI@Z 000000018000cff0 f i BerconGradient.obj
 0001:0000c050       ??_EIGradient@@UEAAPEAXI@Z 000000018000d050 f i BerconGradient.obj
 0001:0000c050       ??_GIGradient@@UEAAPEAXI@Z 000000018000d050 f i BerconGradient.obj
 0001:0000c0e0       ?ActivateTexDisplay@BerconGradient@@UEAAXH@Z 000000018000d0e0 f i BerconGradient.obj
 0001:0000c110       ?Clone@BerconGradient@@UEAAPEAVReferenceTarget@@AEAVRemapDir@@@Z 000000018000d110 f   BerconGradient.obj
 0001:0000c2c0       ?CreateParamDlg@BerconGradient@@UEAAPEAVParamDlg@@PEAUHWND__@@PEAVIMtlParams@@@Z 000000018000d2c0 f   BerconGradient.obj
 0001:0000c3d0       ?DiscardTexHandle@BerconGradient@@QEAAXXZ 000000018000d3d0 f i BerconGradient.obj
 0001:0000c400       ?DlgProc@BerconGradientDlgProc@@UEAA_JHPEAVIParamMap2@@PEAUHWND__@@I_K_J@Z 000000018000d400 f   BerconGradient.obj
 0001:0000d070       ?EnableStuff@BerconGradient@@QEAAXXZ 000000018000e070 f   BerconGradient.obj
 0001:0000d3d0       ?EvalColor@BerconGradient@@UEAA?AVAColor@@AEAVShadeContext@@@Z 000000018000e3d0 f   BerconGradient.obj
 0001:0000d590       ?EvalNormalPerturb@BerconGradient@@UEAA?AVPoint3@@AEAVShadeContext@@@Z 000000018000e590 f   BerconGradient.obj
 0001:0000daa0       ?GetActiveTexHandle@BerconGradient@@UEAA_KHAEAVTexHandleMaker@@@Z 000000018000eaa0 f   BerconGradient.obj
 0001:0000db60       ?GetBerconGradientDesc@@YAPEAVClassDesc2@@XZ 000000018000eb60 f   BerconGradient.obj
 0001:0000db70       ?GetClassName@BerconGradient@@UEAAXAEAVWStr@@@Z 000000018000eb70 f i BerconGradient.obj
 0001:0000dba0       ?GetHwnd@IGradient@@UEAAPEAUHWND__@@XZ 000000018000eba0 f i BerconGradient.obj
 0001:0000dbb0       ?GetParamBlock@BerconGradient@@UEAAPEAVIParamBlock2@@H@Z 000000018000ebb0 f i BerconGradient.obj
 0001:0000dbd0       ?GetParamBlockByID@BerconGradient@@UEAAPEAVIParamBlock2@@F@Z 000000018000ebd0 f i BerconGradient.obj
 0001:0000dc40       ?GetReference@BerconGradient@@UEAAPEAVReferenceTarget@@H@Z 000000018000ec40 f   BerconGradient.obj
 0001:0000dcd0       ?GetSubTexmap@BerconGradient@@UEAAPEAVTexmap@@H@Z 000000018000ecd0 f   BerconGradient.obj
 0001:0000dd10       ?GetSubTexmapSlotName@BerconGradient@@UEAA?AVWStr@@H@Z 000000018000ed10 f   BerconGradient.obj
 0001:0000ddc0       ?LocalRequirements@BerconGradient@@UEAAKH@Z 000000018000edc0 f i BerconGradient.obj
 0001:0000dde0       ?MappingsRequired@BerconGradient@@UEAAXHAEAVBitArray@@0@Z 000000018000ede0 f i BerconGradient.obj
 0001:0000de00       ?NotifyRefChanged@BerconGradient@@UEAA?AW4RefResult@@AEBVInterval@@PEAVReferenceTarget@@AEA_KIH@Z 000000018000ee00 f   BerconGradient.obj
 0001:0000df10       ?NumSubs@BerconGradient@@UEAAHXZ 000000018000ef10 f   BerconGradient.obj
 0001:0000df10       ?NumRefs@BerconGradient@@UEAAHXZ 000000018000ef10 f   BerconGradient.obj
 0001:0000df20       ?NumSubTexmaps@BerconGradient@@UEAAHXZ 000000018000ef20 f i BerconGradient.obj
 0001:0000df30       ?RenderBegin@BerconGradient@@UEAAHHK@Z 000000018000ef30 f i BerconGradient.obj
 0001:0000df50       ?RenderEnd@BerconGradient@@UEAAHH@Z 000000018000ef50 f i BerconGradient.obj
 0001:0000df60       ?Reset@BerconGradient@@UEAAXXZ 000000018000ef60 f   BerconGradient.obj
 0001:0000e250       ?SetDlgThing@BerconGradient@@UEAAHPEAVParamDlg@@@Z 000000018000f250 f   BerconGradient.obj
 0001:0000e290       ?SetReference@BerconGradient@@EEAAXHPEAVReferenceTarget@@@Z 000000018000f290 f   BerconGradient.obj
 0001:0000e3a0       ?SetSubTexmap@BerconGradient@@UEAAXHPEAVTexmap@@@Z 000000018000f3a0 f   BerconGradient.obj
 0001:0000e430       ?SetThing@BerconGradientDlgProc@@UEAAXPEAVReferenceTarget@@@Z 000000018000f430 f i BerconGradient.obj
 0001:0000e4e0       ?SubAnim@BerconGradient@@UEAAPEAVAnimatable@@H@Z 000000018000f4e0 f   BerconGradient.obj
 0001:0000e570       ?SubAnimName@BerconGradient@@UEAA?AVWStr@@H@Z 000000018000f570 f   BerconGradient.obj
 0001:0000e600       ?Update@BerconGradient@@UEAAXHAEAVInterval@@@Z 000000018000f600 f   BerconGradient.obj
 0001:0000ecf0       ?Validity@BerconGradient@@UEAA?AVInterval@@H@Z 000000018000fcf0 f   BerconGradient.obj
 0001:0000ed40       ?countKeys@BerconGradient@@QEAAHXZ 000000018000fd40 f   BerconGradient.obj
 0001:0000ede0       ?getGradientValue@BerconGradient@@QEAAMAEAVShadeContext@@@Z 000000018000fde0 f   BerconGradient.obj
 0001:0000f140       ?getGradientValueDist@BerconGradient@@QEAAMAEAVShadeContext@@@Z 0000000180010140 f   BerconGradient.obj
 0001:0000f4f0       ?getGradientValueNormal@BerconGradient@@QEAAMAEAVShadeContext@@@Z 00000001800104f0 f   BerconGradient.obj
 0001:0000f8a0       ?getGradientValueUVW@BerconGradient@@QEAAMVPoint3@@@Z 00000001800108a0 f   BerconGradient.obj
 0001:0000fc30       ?gradAddKey@BerconGradient@@UEAAXM@Z 0000000180010c30 f   BerconGradient.obj
 0001:0000fd40       ?gradDelKey@BerconGradient@@UEAAXH@Z 0000000180010d40 f   BerconGradient.obj
 0001:0000fe20       ?gradMoveKey@BerconGradient@@UEAAXHM@Z 0000000180010e20 f   BerconGradient.obj
 0001:0000fef0       ?gradReset@BerconGradient@@UEAAXXZ 0000000180010ef0 f i BerconGradient.obj
 0001:0000ff00       ?gradSelKey@BerconGradient@@UEAAXXZ 0000000180010f00 f   BerconGradient.obj
 0001:0000ffb0       ?keyColorChanged@BerconGradient@@QEAAXVAColor@@@Z 0000000180010fb0 f   BerconGradient.obj
 0001:00010060       ?keyNumChanged@BerconGradient@@QEAAXH@Z 0000000180011060 f   BerconGradient.obj
 0001:000100f0       ?keyPosChanged@BerconGradient@@QEAAXM@Z 00000001800110f0 f   BerconGradient.obj
 0001:000101b0       ?limitRange@BerconGradient@@QEAAHAEAM@Z 00000001800111b0 f   BerconGradient.obj
 0001:00010280       ?resetKeys@BerconGradient@@QEAAXXZ 0000000180011280 f   BerconGradient.obj
 0001:00010370       ?seedRandomGen@BerconGradient@@QEAAXAEAVShadeContext@@@Z 0000000180011370 f   BerconGradient.obj
 0001:000104e0       ?setKeyTex@BerconGradient@@QEAAXPEAVTexmap@@@Z 00000001800114e0 f   BerconGradient.obj
 0001:00010570       ?Create@BerconTileClassDesc@@UEAAPEAXH@Z 0000000180011570 f i BerconTile.obj
 0001:000105b0       ?ClassName@BerconTileClassDesc@@UEAAPEB_WXZ 00000001800115b0 f i BerconTile.obj
 0001:000105c0       ?InternalName@BerconTileClassDesc@@UEAAPEB_WXZ 00000001800115c0 f i BerconTile.obj
 0001:000105d0       ?HInstance@BerconTileClassDesc@@UEAAPEAUHINSTANCE__@@XZ 00000001800115d0 f i BerconTile.obj
 0001:000105d0       ?HInstance@BerconWoodClassDesc@@UEAAPEAUHINSTANCE__@@XZ 00000001800115d0 f i BerconWood.obj
 0001:000105d0       ?HInstance@BerconGradientClassDesc@@UEAAPEAUHINSTANCE__@@XZ 00000001800115d0 f i BerconGradient.obj
 0001:000105d0       ?HInstance@BerconNoiseClassDesc@@UEAAPEAUHINSTANCE__@@XZ 00000001800115d0 f i BerconNoise.obj
 0001:000105d0       ?HInstance@BerconDistortionClassDesc@@UEAAPEAUHINSTANCE__@@XZ 00000001800115d0 f i BerconDistortion.obj
 0001:000105e0       ??_EBerconTileClassDesc@@UEAAPEAXI@Z 00000001800115e0 f i BerconTile.obj
 0001:000105e0       ??_GBerconTileClassDesc@@UEAAPEAXI@Z 00000001800115e0 f i BerconTile.obj
 0001:00010640       ??$_Destroy_range1@V?$allocator@VTileRow@@@std@@PEAVTileRow@@@std@@YAXPEAVTileRow@@0AEAU?$_Wrap_alloc@V?$allocator@VTileRow@@@std@@@0@U?$integral_constant@_N$0A@@0@@Z 0000000180011640 f i BerconTile.obj
 0001:00010730       ??0BerconTile@@QEAA@XZ     0000000180011730 f   BerconTile.obj
 0001:00010920       ??1?$basic_string@_WU?$char_traits@_W@std@@V?$allocator@_W@2@@std@@QEAA@XZ 0000000180011920 f i BerconTile.obj
 0001:00010970       ??1?$vector@MV?$allocator@M@std@@@std@@QEAA@XZ 0000000180011970 f i BerconTile.obj
 0001:000109b0       ??1?$vector@VTileRow@@V?$allocator@VTileRow@@@std@@@std@@QEAA@XZ 00000001800119b0 f i BerconTile.obj
 0001:00010a10       ??1BerconTile@@UEAA@XZ     0000000180011a10 f   BerconTile.obj
 0001:00010a90       ??1TilePattern@@QEAA@XZ    0000000180011a90 f i BerconTile.obj
 0001:00010b30       ??_EBerconTile@@WEA@EAAPEAXI@Z 0000000180011b30 f i BerconTile.obj
 0001:00010b40       ??_EBerconTile@@UEAAPEAXI@Z 0000000180011b40 f i BerconTile.obj
 0001:00010b40       ??_GBerconTile@@UEAAPEAXI@Z 0000000180011b40 f i BerconTile.obj
 0001:00010b90       ??_GBerconTileDlgProc@@UEAAPEAXI@Z 0000000180011b90 f i BerconTile.obj
 0001:00010b90       ??_EBerconTileDlgProc@@UEAAPEAXI@Z 0000000180011b90 f i BerconTile.obj
 0001:00010be0       ?ActivateTexDisplay@BerconTile@@UEAAXH@Z 0000000180011be0 f i BerconTile.obj
 0001:00010c10       ?ClassID@BerconTile@@UEAA?AVClass_ID@@XZ 0000000180011c10 f i BerconTile.obj
 0001:00010c10       ?ClassID@BerconTileClassDesc@@UEAA?AVClass_ID@@XZ 0000000180011c10 f i BerconTile.obj
 0001:00010c30       ?Clone@BerconTile@@UEAAPEAVReferenceTarget@@AEAVRemapDir@@@Z 0000000180011c30 f   BerconTile.obj
 0001:00010db0       ?CreateParamDlg@BerconTile@@UEAAPEAVParamDlg@@PEAUHWND__@@PEAVIMtlParams@@@Z 0000000180011db0 f   BerconTile.obj
 0001:00010ed0       ?DiscardTexHandle@BerconTile@@QEAAXXZ 0000000180011ed0 f i BerconTile.obj
 0001:00010f00       ?DlgProc@BerconTileDlgProc@@UEAA_JHPEAVIParamMap2@@PEAUHWND__@@I_K_J@Z 0000000180011f00 f   BerconTile.obj
 0001:000114d0       ?EnableStuff@BerconTile@@QEAAXH@Z 00000001800124d0 f   BerconTile.obj
 0001:00011940       ?EvalColor@BerconTile@@UEAA?AVAColor@@AEAVShadeContext@@@Z 0000000180012940 f   BerconTile.obj
 0001:00011f00       ?EvalNormalPerturb@BerconTile@@UEAA?AVPoint3@@AEAVShadeContext@@@Z 0000000180012f00 f   BerconTile.obj
 0001:000128d0       ?EvalParameters@BerconTile@@QEAA?AVTileParam@@AEAVShadeContext@@@Z 00000001800138d0 f   BerconTile.obj
 0001:000129f0       ?GetActiveTexHandle@BerconTile@@UEAA_KHAEAVTexHandleMaker@@@Z 00000001800139f0 f   BerconTile.obj
 0001:00012ab0       ?GetBerconTileDesc@@YAPEAVClassDesc2@@XZ 0000000180013ab0 f   BerconTile.obj
 0001:00012ac0       ?GetClassName@BerconTile@@UEAAXAEAVWStr@@@Z 0000000180013ac0 f i BerconTile.obj
 0001:00012af0       ?GetParamBlock@BerconTile@@UEAAPEAVIParamBlock2@@H@Z 0000000180013af0 f i BerconTile.obj
 0001:00012b20       ?GetParamBlockByID@BerconTile@@UEAAPEAVIParamBlock2@@F@Z 0000000180013b20 f i BerconTile.obj
 0001:00012bc0       ?GetSubTexmap@BerconTile@@UEAAPEAVTexmap@@H@Z 0000000180013bc0 f i BerconTile.obj
 0001:00012bd0       ?GetSubTexmapSlotName@BerconTile@@UEAA?AVWStr@@H@Z 0000000180013bd0 f   BerconTile.obj
 0001:00012cc0       ?LocalRequirements@BerconTile@@UEAAKH@Z 0000000180013cc0 f i BerconTile.obj
 0001:00012ce0       ?MappingsRequired@BerconTile@@UEAAXHAEAVBitArray@@0@Z 0000000180013ce0 f i BerconTile.obj
 0001:00012d00       ?NotifyRefChanged@BerconTile@@UEAA?AW4RefResult@@AEBVInterval@@PEAVReferenceTarget@@AEA_KIH@Z 0000000180013d00 f   BerconTile.obj
 0001:00012df0       ?NumRefs@BerconTile@@UEAAHXZ 0000000180013df0 f i BerconTile.obj
 0001:00012e00       ?NumSubTexmaps@BerconTile@@UEAAHXZ 0000000180013e00 f i BerconTile.obj
 0001:00012e10       ?Reset@BerconTile@@UEAAXXZ 0000000180013e10 f   BerconTile.obj
 0001:00013410       ?SetDlgThing@BerconTile@@UEAAHPEAVParamDlg@@@Z 0000000180014410 f   BerconTile.obj
 0001:00013450       ?SetReference@BerconTile@@EEAAXHPEAVReferenceTarget@@@Z 0000000180014450 f   BerconTile.obj
 0001:000134a0       ?SetSubTexmap@BerconTile@@UEAAXHPEAVTexmap@@@Z 00000001800144a0 f   BerconTile.obj
 0001:00013590       ?SetThing@BerconTileDlgProc@@UEAAXPEAVReferenceTarget@@@Z 0000000180014590 f i BerconTile.obj
 0001:000135c0       ?SubAnim@BerconTile@@UEAAPEAVAnimatable@@H@Z 00000001800145c0 f   BerconTile.obj
 0001:000135c0       ?GetReference@BerconTile@@UEAAPEAVReferenceTarget@@H@Z 00000001800145c0 f   BerconTile.obj
 0001:00013610       ?SubAnimName@BerconTile@@UEAA?AVWStr@@H@Z 0000000180014610 f   BerconTile.obj
 0001:000136b0       ?Update@BerconTile@@UEAAXHAEAVInterval@@@Z 00000001800146b0 f   BerconTile.obj
 0001:00013ef0       ?Validity@BerconTile@@UEAA?AVInterval@@H@Z 0000000180014ef0 f   BerconTile.obj
 0001:00013f40       ?_Copy@?$basic_string@_WU?$char_traits@_W@std@@V?$allocator@_W@2@@std@@QEAAX_K0@Z 0000000180014f40 f i BerconTile.obj
 0001:00014070       ?allocate@?$allocator@_W@std@@QEAAPEA_W_K@Z 0000000180015070 f i BerconTile.obj
 0001:000140f0       ?assign@?$basic_string@_WU?$char_traits@_W@std@@V?$allocator@_W@2@@std@@QEAAAEAV12@AEBV12@_K1@Z 00000001800150f0 f i BerconTile.obj
 0001:00014230       ?assign@?$basic_string@_WU?$char_traits@_W@std@@V?$allocator@_W@2@@std@@QEAAAEAV12@PEB_W_K@Z 0000000180015230 f i BerconTile.obj
 0001:00014380       ?checkValues@TileParam@@QEAAXXZ 0000000180015380 f i BerconTile.obj
 0001:00014480       ?deallocate@?$allocator@M@std@@QEAAXPEAM_K@Z 0000000180015480 f i BerconTile.obj
 0001:00014500       ?deallocate@?$allocator@_W@std@@QEAAXPEA_W_K@Z 0000000180015500 f i BerconTile.obj
 0001:00014570       ?erase@?$basic_string@_WU?$char_traits@_W@std@@V?$allocator@_W@2@@std@@QEAAAEAV12@_K0@Z 0000000180015570 f i BerconTile.obj
 0001:00014620       ?getColor@BerconTile@@QEAA?AVAColor@@AEAVShadeContext@@H@Z 0000000180015620 f i BerconTile.obj
 0001:000146c0       ?getDistVector@BerconTile@@QEAA?AVPoint3@@AEAVShadeContext@@@Z 00000001800156c0 f   BerconTile.obj
 0001:000147e0       ?getFloat@BerconTile@@QEAAMAEAVShadeContext@@H@Z 00000001800157e0 f i BerconTile.obj
 0001:00014830       ?getNormal@BerconTile@@QEAA?AVPoint3@@AEAVShadeContext@@H@Z 0000000180015830 f i BerconTile.obj
 0001:000148a0       ?update@TilePattern@@QEAAXXZ 00000001800158a0 f i BerconTile.obj
 0001:00014960       ?Create@BerconWoodClassDesc@@UEAAPEAXH@Z 0000000180015960 f i BerconWood.obj
 0001:000149a0       ?ClassName@BerconWoodClassDesc@@UEAAPEB_WXZ 00000001800159a0 f i BerconWood.obj
 0001:000149b0       ?Category@BerconGradientClassDesc@@UEAAPEB_WXZ 00000001800159b0 f i BerconGradient.obj
 0001:000149b0       ?Category@BerconTileClassDesc@@UEAAPEB_WXZ 00000001800159b0 f i BerconTile.obj
 0001:000149b0       ?Category@BerconNoiseClassDesc@@UEAAPEB_WXZ 00000001800159b0 f i BerconNoise.obj
 0001:000149b0       ?Category@BerconWoodClassDesc@@UEAAPEB_WXZ 00000001800159b0 f i BerconWood.obj
 0001:000149b0       ?Category@BerconDistortionClassDesc@@UEAAPEB_WXZ 00000001800159b0 f i BerconDistortion.obj
 0001:000149c0       ?InternalName@BerconWoodClassDesc@@UEAAPEB_WXZ 00000001800159c0 f i BerconWood.obj
 0001:000149d0       ??_GBerconWoodClassDesc@@UEAAPEAXI@Z 00000001800159d0 f i BerconWood.obj
 0001:000149d0       ??_EBerconWoodClassDesc@@UEAAPEAXI@Z 00000001800159d0 f i BerconWood.obj
 0001:00014a30       ??0BerconWood@@QEAA@XZ     0000000180015a30 f   BerconWood.obj
 0001:00014b50       ??1BerconWood@@UEAA@XZ     0000000180015b50 f   BerconWood.obj
 0001:00014bb8       ??_EBerconWood@@WEA@EAAPEAXI@Z 0000000180015bb8 f i BerconWood.obj
 0001:00014bd0       ??_EBerconWood@@UEAAPEAXI@Z 0000000180015bd0 f i BerconWood.obj
 0001:00014bd0       ??_GBerconWood@@UEAAPEAXI@Z 0000000180015bd0 f i BerconWood.obj
 0001:00014c20       ??_GBerconWoodDlgProc@@UEAAPEAXI@Z 0000000180015c20 f i BerconWood.obj
 0001:00014c20       ??_EBerconWoodDlgProc@@UEAAPEAXI@Z 0000000180015c20 f i BerconWood.obj
 0001:00014c70       ?ActivateTexDisplay@BerconWood@@UEAAXH@Z 0000000180015c70 f i BerconWood.obj
 0001:00014ca0       ?ClassID@BerconWood@@UEAA?AVClass_ID@@XZ 0000000180015ca0 f i BerconWood.obj
 0001:00014ca0       ?ClassID@BerconWoodClassDesc@@UEAA?AVClass_ID@@XZ 0000000180015ca0 f i BerconWood.obj
 0001:00014cc0       ?Clone@BerconWood@@UEAAPEAVReferenceTarget@@AEAVRemapDir@@@Z 0000000180015cc0 f   BerconWood.obj
 0001:00014e40       ?CreateParamDlg@BerconWood@@UEAAPEAVParamDlg@@PEAUHWND__@@PEAVIMtlParams@@@Z 0000000180015e40 f   BerconWood.obj
 0001:00014f40       ?DeleteThis@BerconWoodDlgProc@@UEAAXXZ 0000000180015f40 f i BerconWood.obj
 0001:00014f40       ?DeleteThis@BerconNoise@@UEAAXXZ 0000000180015f40 f i BerconNoise.obj
 0001:00014f40       ?DeleteThis@BerconGradientDlgProc@@UEAAXXZ 0000000180015f40 f i BerconGradient.obj
 0001:00014f40       ?DeleteThis@BerconDistortion@@UEAAXXZ 0000000180015f40 f i BerconDistortion.obj
 0001:00014f40       ?DeleteThis@BerconGradient@@UEAAXXZ 0000000180015f40 f i BerconGradient.obj
 0001:00014f40       ?DeleteThis@BerconTile@@UEAAXXZ 0000000180015f40 f i BerconTile.obj
 0001:00014f40       ?DeleteThis@BerconTileDlgProc@@UEAAXXZ 0000000180015f40 f i BerconTile.obj
 0001:00014f40       ?DeleteThis@BerconNoiseDlgProc@@UEAAXXZ 0000000180015f40 f i BerconNoise.obj
 0001:00014f40       ?DeleteThis@BerconXYZDlgProc@@UEAAXXZ 0000000180015f40 f i BerconDistortion.obj
 0001:00014f40       ?DeleteThis@BerconWood@@UEAAXXZ 0000000180015f40 f i BerconWood.obj
 0001:00014f60       ?DiscardTexHandle@BerconWood@@QEAAXXZ 0000000180015f60 f i BerconWood.obj
 0001:00014f90       ?DlgProc@BerconWoodDlgProc@@UEAA_JHPEAVIParamMap2@@PEAUHWND__@@I_K_J@Z 0000000180015f90 f   BerconWood.obj
 0001:00015110       ?EnableStuff@BerconWood@@QEAAXXZ 0000000180016110 f   BerconWood.obj
 0001:000152c0       ?EvalColor@BerconWood@@UEAA?AVAColor@@AEAVShadeContext@@@Z 00000001800162c0 f   BerconWood.obj
 0001:00015950       ?EvalMono@BerconNoise@@UEAAMAEAVShadeContext@@@Z 0000000180016950 f   BerconNoise.obj
 0001:00015950       ?EvalMono@BerconWood@@UEAAMAEAVShadeContext@@@Z 0000000180016950 f   BerconWood.obj
 0001:00015950       ?EvalMono@BerconGradient@@UEAAMAEAVShadeContext@@@Z 0000000180016950 f   BerconGradient.obj
 0001:00015950       ?EvalMono@BerconTile@@UEAAMAEAVShadeContext@@@Z 0000000180016950 f   BerconTile.obj
 0001:00015980       ?EvalNormalPerturb@BerconWood@@UEAA?AVPoint3@@AEAVShadeContext@@@Z 0000000180016980 f   BerconWood.obj
 0001:00016380       ?EvalParameters@BerconWood@@QEAA?AVWoodParam@@AEAVShadeContext@@@Z 0000000180017380 f   BerconWood.obj
 0001:00016770       ?GetActiveTexHandle@BerconWood@@UEAA_KHAEAVTexHandleMaker@@@Z 0000000180017770 f   BerconWood.obj
 0001:00016830       ?GetBerconWoodDesc@@YAPEAVClassDesc2@@XZ 0000000180017830 f   BerconWood.obj
 0001:00016840       ?GetClassName@BerconWood@@UEAAXAEAVWStr@@@Z 0000000180017840 f i BerconWood.obj
 0001:00016868       ?GetInterface@BerconWood@@WJA@EAAPEAXK@Z 0000000180017868 f i BerconWood.obj
 0001:00016868       ?GetInterface@BerconNoise@@WJA@EAAPEAXK@Z 0000000180017868 f i BerconNoise.obj
 0001:00016868       ?GetInterface@BerconGradient@@WJA@EAAPEAXK@Z 0000000180017868 f i BerconGradient.obj
 0001:00016868       ?GetInterface@BerconTile@@WJA@EAAPEAXK@Z 0000000180017868 f i BerconTile.obj
 0001:00016880       ?GetParamBlock@BerconWood@@UEAAPEAVIParamBlock2@@H@Z 0000000180017880 f i BerconWood.obj
 0001:000168b0       ?GetParamBlockByID@BerconWood@@UEAAPEAVIParamBlock2@@F@Z 00000001800178b0 f i BerconWood.obj
 0001:00016950       ?SubAnim@BerconWood@@UEAAPEAVAnimatable@@H@Z 0000000180017950 f   BerconWood.obj
 0001:00016950       ?GetReference@BerconWood@@UEAAPEAVReferenceTarget@@H@Z 0000000180017950 f   BerconWood.obj
 0001:000169a0       ?GetSubTexmap@BerconWood@@UEAAPEAVTexmap@@H@Z 00000001800179a0 f i BerconWood.obj
 0001:000169b0       ?GetSubTexmapSlotName@BerconWood@@UEAA?AVWStr@@H@Z 00000001800179b0 f   BerconWood.obj
 0001:00016be0       ?LocalRequirements@BerconWood@@UEAAKH@Z 0000000180017be0 f i BerconWood.obj
 0001:00016c00       ?MappingsRequired@BerconWood@@UEAAXHAEAVBitArray@@0@Z 0000000180017c00 f i BerconWood.obj
 0001:00016c20       ?NotifyRefChanged@BerconWood@@UEAA?AW4RefResult@@AEBVInterval@@PEAVReferenceTarget@@AEA_KIH@Z 0000000180017c20 f   BerconWood.obj
 0001:00016d10       ?GetTextureTiling@Texmap@@UEAAHXZ 0000000180017d10 f i BerconDistortion.obj
 0001:00016d10       ?NumParamBlocks@BerconNoise@@UEAAHXZ 0000000180017d10 f i BerconNoise.obj
 0001:00016d10       ?NumParamBlocks@BerconWood@@UEAAHXZ 0000000180017d10 f i BerconWood.obj
 0001:00016d10       ?NumParamBlocks@BerconTile@@UEAAHXZ 0000000180017d10 f i BerconTile.obj
 0001:00016d10       ?NumSubTexmaps@BerconDistortion@@UEAAHXZ 0000000180017d10 f i BerconDistortion.obj
 0001:00016d20       ?NumRefs@BerconWood@@UEAAHXZ 0000000180017d20 f i BerconWood.obj
 0001:00016d30       ?NumSubTexmaps@BerconWood@@UEAAHXZ 0000000180017d30 f i BerconWood.obj
 0001:00016d40       ?Reset@BerconWood@@UEAAXXZ 0000000180017d40 f   BerconWood.obj
 0001:00017270       ?SetDlgThing@BerconWood@@UEAAHPEAVParamDlg@@@Z 0000000180018270 f   BerconWood.obj
 0001:000172b0       ?SetReference@BerconWood@@EEAAXHPEAVReferenceTarget@@@Z 00000001800182b0 f   BerconWood.obj
 0001:00017300       ?SetSubTexmap@BerconWood@@UEAAXHPEAVTexmap@@@Z 0000000180018300 f   BerconWood.obj
 0001:000173f0       ?SetThing@BerconWoodDlgProc@@UEAAXPEAVReferenceTarget@@@Z 00000001800183f0 f i BerconWood.obj
 0001:00017400       ?SubAnimName@BerconWood@@UEAA?AVWStr@@H@Z 0000000180018400 f   BerconWood.obj
 0001:000174f0       ?SuperClassID@BerconTileClassDesc@@UEAAKXZ 00000001800184f0 f i BerconTile.obj
 0001:000174f0       ?SuperClassID@BerconDistortionClassDesc@@UEAAKXZ 00000001800184f0 f i BerconDistortion.obj
 0001:000174f0       ?SuperClassID@BerconGradient@@UEAAKXZ 00000001800184f0 f i BerconGradient.obj
 0001:000174f0       ?SuperClassID@BerconWood@@UEAAKXZ 00000001800184f0 f i BerconWood.obj
 0001:000174f0       ?SuperClassID@BerconGradientClassDesc@@UEAAKXZ 00000001800184f0 f i BerconGradient.obj
 0001:000174f0       ?SuperClassID@BerconNoiseClassDesc@@UEAAKXZ 00000001800184f0 f i BerconNoise.obj
 0001:000174f0       ?SuperClassID@BerconTile@@UEAAKXZ 00000001800184f0 f i BerconTile.obj
 0001:000174f0       ?SuperClassID@BerconNoise@@UEAAKXZ 00000001800184f0 f i BerconNoise.obj
 0001:000174f0       ?SuperClassID@BerconWoodClassDesc@@UEAAKXZ 00000001800184f0 f i BerconWood.obj
 0001:000174f0       ?SuperClassID@BerconDistortion@@UEAAKXZ 00000001800184f0 f i BerconDistortion.obj
 0001:00017500       ?Update@BerconWood@@UEAAXHAEAVInterval@@@Z 0000000180018500 f   BerconWood.obj
 0001:00017b00       ?Validity@BerconWood@@UEAA?AVInterval@@H@Z 0000000180018b00 f   BerconWood.obj
 0001:00017b50       ?applyDistortion@BerconWood@@QEAAXAEAVShadeContext@@AEAVPoint3@@@Z 0000000180018b50 f   BerconWood.obj
 0001:00017c70       ?GetString@@YAPEA_WH@Z     0000000180018c70 f   DllEntry.obj
 0001:00017cc0       ?LibClassDesc@@YAPEAVClassDesc@@H@Z 0000000180018cc0 f   DllEntry.obj
 0001:00017d30       ?LibDescription@@YAPEB_WXZ 0000000180018d30 f   DllEntry.obj
 0001:00017d80       ?LibVersion@@YAKXZ         0000000180018d80 f   DllEntry.obj
 0001:00017d90       CommctrlIsolationAwarePrivatetRgCebPnQQeRff_pbZPgYQP_QYY 0000000180018d90 f i DllEntry.obj
 0001:00017e60       DllMain                    0000000180018e60 f   DllEntry.obj
 0001:00017eb0       IsolationAwareInitCommonControls 0000000180018eb0 f i DllEntry.obj
 0001:00017fa0       IsolationAwarePrivatenPgViNgRzlnPgpgk 0000000180018fa0 f i DllEntry.obj
 0001:00018030       IsolationAwarePrivatezlybNQyVOeNelJ 0000000180019030 f i DllEntry.obj
 0001:00018040       WinbaseIsolationAwarePrivatetRgzlnPgpgk 0000000180019040 f i DllEntry.obj
 0001:00018200       ?EnableStuff@BerconXYZ@@AEAAXPEAVIParamBlock2@@H@Z 0000000180019200 f   BerconCommon.obj
 0001:000184d0       ?get@BerconXYZ@@AEAAHAEAVShadeContext@@AEAVPoint3@@11VMatrix3@@PEAH@Z 00000001800194d0 f   BerconCommon.obj
 0001:00018960       ?get@BerconXYZ@@AEAAHAEAVShadeContext@@AEAVPoint3@@VMatrix3@@PEAH@Z 0000000180019960 f   BerconCommon.obj
 0001:00018ba0       ?get@BerconXYZ@@QEAAHAEAVShadeContext@@AEAVPoint3@@11@Z 0000000180019ba0 f   BerconCommon.obj
 0001:00018c90       ?get@BerconXYZ@@QEAAHAEAVShadeContext@@AEAVPoint3@@11PEAV3@@Z 0000000180019c90 f   BerconCommon.obj
 0001:00019040       ?get@BerconXYZ@@QEAAHAEAVShadeContext@@AEAVPoint3@@@Z 000000018001a040 f   BerconCommon.obj
 0001:00019110       ?get@BerconXYZ@@QEAAHAEAVShadeContext@@AEAVPoint3@@PEAV3@@Z 000000018001a110 f   BerconCommon.obj
 0001:00019490       ?getBasis@BerconXYZ@@AEAAXVMatrix3@@PEAVPoint3@@@Z 000000018001a490 f   BerconCommon.obj
 0001:00019640       ?random@BerconXYZ@@AEAA?AVMatrix3@@AEAVShadeContext@@PEAV2@@Z 000000018001a640 f   BerconCommon.obj
 0001:00019950       ?reset@BerconXYZ@@QEAAXPEAVIParamBlock2@@AEAVInterval@@HHHH@Z 000000018001a950 f   BerconCommon.obj
 0001:00019cf0       ?seedRandomGen@BerconXYZ@@AEAAXAEAVShadeContext@@@Z 000000018001acf0 f   BerconCommon.obj
 0001:0001a120       ?update@BerconXYZ@@QEAAXPEAVIParamBlock2@@HAEAVInterval@@@Z 000000018001b120 f   BerconCommon.obj
 0001:0001a640       ?update@BerconXYZ@@QEAAXXZ 000000018001b640 f   BerconCommon.obj
 0001:0001a7e0       ?Create@BerconNoiseClassDesc@@UEAAPEAXH@Z 000000018001b7e0 f i BerconNoise.obj
 0001:0001a820       ?ClassName@BerconNoiseClassDesc@@UEAAPEB_WXZ 000000018001b820 f i BerconNoise.obj
 0001:0001a830       ?ClassID@BerconNoiseClassDesc@@UEAA?AVClass_ID@@XZ 000000018001b830 f i BerconNoise.obj
 0001:0001a830       ?ClassID@BerconNoise@@UEAA?AVClass_ID@@XZ 000000018001b830 f i BerconNoise.obj
 0001:0001a850       ?InternalName@BerconNoiseClassDesc@@UEAAPEB_WXZ 000000018001b850 f i BerconNoise.obj
 0001:0001a860       ??_GBerconNoiseClassDesc@@UEAAPEAXI@Z 000000018001b860 f i BerconNoise.obj
 0001:0001a860       ??_EBerconNoiseClassDesc@@UEAAPEAXI@Z 000000018001b860 f i BerconNoise.obj
 0001:0001a8c0       ??0BerconNoise@@QEAA@XZ    000000018001b8c0 f   BerconNoise.obj
 0001:0001aa70       ??1BerconNoise@@UEAA@XZ    000000018001ba70 f   BerconNoise.obj
 0001:0001aad8       ??_EBerconNoise@@WEA@EAAPEAXI@Z 000000018001bad8 f i BerconNoise.obj
 0001:0001aaf0       ??_GBerconNoise@@UEAAPEAXI@Z 000000018001baf0 f i BerconNoise.obj
 0001:0001aaf0       ??_EBerconNoise@@UEAAPEAXI@Z 000000018001baf0 f i BerconNoise.obj
 0001:0001ab40       ??_EBerconNoiseDlgProc@@UEAAPEAXI@Z 000000018001bb40 f i BerconNoise.obj
 0001:0001ab40       ??_GBerconNoiseDlgProc@@UEAAPEAXI@Z 000000018001bb40 f i BerconNoise.obj
 0001:0001ab90       ?ActivateTexDisplay@BerconNoise@@UEAAXH@Z 000000018001bb90 f i BerconNoise.obj
 0001:0001abc0       ?Clone@BerconNoise@@UEAAPEAVReferenceTarget@@AEAVRemapDir@@@Z 000000018001bbc0 f   BerconNoise.obj
 0001:0001ad60       ?CreateParamDlg@BerconNoise@@UEAAPEAVParamDlg@@PEAUHWND__@@PEAVIMtlParams@@@Z 000000018001bd60 f   BerconNoise.obj
 0001:0001ae60       ?DiscardTexHandle@BerconNoise@@QEAAXXZ 000000018001be60 f i BerconNoise.obj
 0001:0001ae90       ?DlgProc@BerconNoiseDlgProc@@UEAA_JHPEAVIParamMap2@@PEAUHWND__@@I_K_J@Z 000000018001be90 f   BerconNoise.obj
 0001:0001b3c0       ?EnableStuff@BerconNoise@@QEAAXXZ 000000018001c3c0 f   BerconNoise.obj
 0001:0001b6e0       ?EvalColor@BerconNoise@@UEAA?AVAColor@@AEAVShadeContext@@@Z 000000018001c6e0 f   BerconNoise.obj
 0001:0001bb70       ?EvalNormalPerturb@BerconNoise@@UEAA?AVPoint3@@AEAVShadeContext@@@Z 000000018001cb70 f   BerconNoise.obj
 0001:0001c120       ?EvalParameters@BerconNoise@@QEAA?AVNoiseParams@@PEAVShadeContext@@@Z 000000018001d120 f   BerconNoise.obj
 0001:0001c510       ?GetActiveTexHandle@BerconNoise@@UEAA_KHAEAVTexHandleMaker@@@Z 000000018001d510 f   BerconNoise.obj
 0001:0001c5d0       ?GetBerconNoiseDesc@@YAPEAVClassDesc2@@XZ 000000018001d5d0 f   BerconNoise.obj
 0001:0001c5e0       ?GetClassName@BerconNoise@@UEAAXAEAVWStr@@@Z 000000018001d5e0 f i BerconNoise.obj
 0001:0001c610       ?GetInterface@BerconTile@@UEAAPEAXK@Z 000000018001d610 f i BerconTile.obj
 0001:0001c610       ?GetInterface@BerconWood@@UEAAPEAXK@Z 000000018001d610 f i BerconWood.obj
 0001:0001c610       ?GetInterface@BerconGradient@@UEAAPEAXK@Z 000000018001d610 f i BerconGradient.obj
 0001:0001c610       ?GetInterface@BerconNoise@@UEAAPEAXK@Z 000000018001d610 f i BerconNoise.obj
 0001:0001c620       ?GetParamBlock@BerconNoise@@UEAAPEAVIParamBlock2@@H@Z 000000018001d620 f i BerconNoise.obj
 0001:0001c650       ?GetParamBlockByID@BerconNoise@@UEAAPEAVIParamBlock2@@F@Z 000000018001d650 f i BerconNoise.obj
 0001:0001c6f0       ?GetReference@BerconNoise@@UEAAPEAVReferenceTarget@@H@Z 000000018001d6f0 f   BerconNoise.obj
 0001:0001c6f0       ?SubAnim@BerconNoise@@UEAAPEAVAnimatable@@H@Z 000000018001d6f0 f   BerconNoise.obj
 0001:0001c740       ?GetSubTexmap@BerconNoise@@UEAAPEAVTexmap@@H@Z 000000018001d740 f i BerconNoise.obj
 0001:0001c750       ?GetSubTexmapSlotName@BerconNoise@@UEAA?AVWStr@@H@Z 000000018001d750 f   BerconNoise.obj
 0001:0001c930       ?LocalRequirements@BerconNoise@@UEAAKH@Z 000000018001d930 f i BerconNoise.obj
 0001:0001c950       ?MappingsRequired@BerconNoise@@UEAAXHAEAVBitArray@@0@Z 000000018001d950 f i BerconNoise.obj
 0001:0001c970       ?NotifyRefChanged@BerconNoise@@UEAA?AW4RefResult@@AEBVInterval@@PEAVReferenceTarget@@AEA_KIH@Z 000000018001d970 f   BerconNoise.obj
 0001:0001ca80       ?NumRefs@BerconNoise@@UEAAHXZ 000000018001da80 f i BerconNoise.obj
 0001:0001ca90       ?NumSubTexmaps@BerconNoise@@UEAAHXZ 000000018001da90 f i BerconNoise.obj
 0001:0001caa0       ?Reset@BerconNoise@@UEAAXXZ 000000018001daa0 f   BerconNoise.obj
 0001:0001cf40       ?SetDlgThing@BerconNoise@@UEAAHPEAVParamDlg@@@Z 000000018001df40 f   BerconNoise.obj
 0001:0001cf80       ?SetReference@BerconNoise@@EEAAXHPEAVReferenceTarget@@@Z 000000018001df80 f   BerconNoise.obj
 0001:0001cfd0       ?SetSubTexmap@BerconNoise@@UEAAXHPEAVTexmap@@@Z 000000018001dfd0 f   BerconNoise.obj
 0001:0001d0a0       ?SetThing@BerconNoiseDlgProc@@UEAAXPEAVReferenceTarget@@@Z 000000018001e0a0 f i BerconNoise.obj
 0001:0001d0b0       ?SubAnimName@BerconNoise@@UEAA?AVWStr@@H@Z 000000018001e0b0 f   BerconNoise.obj
 0001:0001d1a0       ?SubNumToRefNum@BerconDistortion@@UEAAHH@Z 000000018001e1a0 f i BerconDistortion.obj
 0001:0001d1a0       ?RemapRefOnLoad@ReferenceMaker@@UEAAHH@Z 000000018001e1a0 f i BerconDistortion.obj
 0001:0001d1a0       ?SubNumToRefNum@BerconWood@@UEAAHH@Z 000000018001e1a0 f i BerconWood.obj
 0001:0001d1a0       ?SubNumToRefNum@BerconGradient@@UEAAHH@Z 000000018001e1a0 f i BerconGradient.obj
 0001:0001d1a0       ?SubNumToRefNum@BerconNoise@@UEAAHH@Z 000000018001e1a0 f i BerconNoise.obj
 0001:0001d1a0       ?SubNumToRefNum@BerconTile@@UEAAHH@Z 000000018001e1a0 f i BerconTile.obj
 0001:0001d1b0       ?Update@BerconNoise@@UEAAXHAEAVInterval@@@Z 000000018001e1b0 f   BerconNoise.obj
 0001:0001d740       ?Validity@BerconNoise@@UEAA?AVInterval@@H@Z 000000018001e740 f   BerconNoise.obj
 0001:0001d790       ?applyDistortion@BerconNoise@@QEAAXAEAVShadeContext@@AEAVPoint3@@@Z 000000018001e790 f   BerconNoise.obj
 0001:0001d8b0       ?fBm@Fractal@@SAMVPoint3@@AEAVNoiseParams@@@Z 000000018001e8b0 f   fractal.obj
 0001:0001da10       ?fBm@Fractal@@SAMVPoint3@@MAEAVNoiseParams@@@Z 000000018001ea10 f   fractal.obj
 0001:0001db90       ?fBm@Fractal@@SAMVPoint3@@MMM@Z 000000018001eb90 f   fractal.obj
 0001:0001dcd0       ?fBmTurb@Fractal@@SAMVPoint3@@AEAVNoiseParams@@@Z 000000018001ecd0 f   fractal.obj
 0001:0001de50       ?fBmTurb@Fractal@@SAMVPoint3@@MAEAVNoiseParams@@@Z 000000018001ee50 f   fractal.obj
 0001:0001e000       ?fractal@Fractal@@SAMVPoint3@@AEAVNoiseParams@@@Z 000000018001f000 f   fractal.obj
 0001:0001e140       ?fractal@Fractal@@SAMVPoint3@@MAEAVNoiseParams@@@Z 000000018001f140 f   fractal.obj
 0001:0001e2a0       ?grain@Fractal@@SAMVPoint3@@MM@Z 000000018001f2a0 f   fractal.obj
 0001:0001e340       ?heteroTerrain@Fractal@@SAMVPoint3@@AEAVNoiseParams@@@Z 000000018001f340 f   fractal.obj
 0001:0001e500       ?hybridMultiFractal@Fractal@@SAMVPoint3@@AEAVNoiseParams@@@Z 000000018001f500 f   fractal.obj
 0001:0001e720       ?hybridMultiFractal@Fractal@@SAMVPoint3@@MAEAVNoiseParams@@@Z 000000018001f720 f   fractal.obj
 0001:0001e980       ?ridgedMultiFractal@Fractal@@SAMVPoint3@@AEAVNoiseParams@@@Z 000000018001f980 f   fractal.obj
 0001:0001eb30       ?ridgedMultiFractal@Fractal@@SAMVPoint3@@MAEAVNoiseParams@@@Z 000000018001fb30 f   fractal.obj
 0001:0001ed00       ?turbulence@Fractal@@SAMVPoint3@@AEAVNoiseParams@@@Z 000000018001fd00 f   fractal.obj
 0001:0001ee60       ?turbulence@Fractal@@SAMVPoint3@@MAEAVNoiseParams@@@Z 000000018001fe60 f   fractal.obj
 0001:0001eff0       ?addKey@GradientRamp@@QEAAXHMVAColor@@PEAVTexmap@@@Z 000000018001fff0 f   GradientRamp.obj
 0001:0001f210       ?dragging@GradientRamp@@QEAAXHH_N00@Z 0000000180020210 f   GradientRamp.obj
 0001:0001f280       ?getBump@GradientRamp@@QEAA?AVPoint3@@MV2@AEAVShadeContext@@@Z 0000000180020280 f   GradientRamp.obj
 0001:0001f630       ?getColor@GradientRamp@@QEAA?AVAColor@@M@Z 0000000180020630 f   GradientRamp.obj
 0001:0001f850       ?getColor@GradientRamp@@QEAA?AVAColor@@MAEAVShadeContext@@@Z 0000000180020850 f   GradientRamp.obj
 0001:0001fb40       ?getSubtex@GradientRamp@@QEAAPEAVTexmap@@H@Z 0000000180020b40 f   GradientRamp.obj
 0001:0001fbd0       ?interpolate@GradientRamp@@QEAAMMMM@Z 0000000180020bd0 f   GradientRamp.obj
 0001:0001fc30       ?invalidate@GradientRamp@@QEAAXXZ 0000000180020c30 f   GradientRamp.obj
 0001:0001fc50       ?leftDown@GradientRamp@@QEAAXHH_N00@Z 0000000180020c50 f   GradientRamp.obj
 0001:0001fce0       ?leftUp@GradientRamp@@QEAAXHH_N00@Z 0000000180020ce0 f   GradientRamp.obj
 0001:0001fe10       ?paint@GradientRamp@@QEAAXPEAUHDC__@@@Z 0000000180020e10 f   GradientRamp.obj
 0001:000202b0       ?popup@GradientRamp@@QEAAXHHH@Z 00000001800212b0 f   GradientRamp.obj
 0001:000203e0       ?reset@GradientRamp@@QEAAXXZ 00000001800213e0 f   GradientRamp.obj
 0001:000204a0       ?setHWND@GradientRamp@@QEAAXPEAUHWND__@@@Z 00000001800214a0 f   GradientRamp.obj
 0001:000204e0       ?setSubtex@GradientRamp@@QEAAXHPEAVTexmap@@@Z 00000001800214e0 f   GradientRamp.obj
 0001:00020530       ?setSubtex@GradientRamp@@QEAAXPEAVTexmap@@@Z 0000000180021530 f   GradientRamp.obj
 0001:00020590       ?sort@GradientRamp@@QEAAXXZ 0000000180021590 f   GradientRamp.obj
 0001:000206a0       ?GradientProc@IGradient@@SA_JPEAUHWND__@@I_K_J@Z 00000001800216a0 f   IGradient.obj
 0001:00020920       ?InitGradientControls@@YAXXZ 0000000180021920 f   IGradient.obj
 0001:000209a0       IsolationAwareRegisterClassExW 00000001800219a0 f i IGradient.obj
 0001:00020ab0       ?alterUVW@Noise@@SAXAEAVPoint3@@H@Z 0000000180021ab0 f   noise.obj
 0001:00020b30       ?f@Fractal@@SAMVPoint3@@AEAVNoiseParams@@@Z 0000000180021b30 f i noise.obj
 0001:00020d00       ?f@Fractal@@SAMVPoint3@@MAEAVNoiseParams@@@Z 0000000180021d00 f i noise.obj
 0001:00020ee0       ?limitedNoise@Noise@@SAMVPoint3@@00AEAVNoiseParams@@@Z 0000000180021ee0 f   noise.obj
 0001:00020f90       ?limitedNoise@Noise@@SAMVPoint3@@AEAVNoiseParams@@@Z 0000000180021f90 f   noise.obj
 0001:00021000       ?noise@Noise@@SAMVPoint3@@AEAVNoiseParams@@@Z 0000000180022000 f   noise.obj
 0001:00021110       ?noise@Noise@@SAMVPoint3@@MAEAVNoiseParams@@@Z 0000000180022110 f   noise.obj
 0001:00021230       ?wood@Noise@@SAMVPoint3@@00AEAV2@VWoodParam@@@Z 0000000180022230 f   noise.obj
 0001:00021880       ?wood@Noise@@SAMVPoint3@@AEAV2@AEAVWoodParam@@@Z 0000000180022880 f   noise.obj
 0001:00021ca0       ?worleyWrapper@Noise@@SAMVPoint3@@AEAVNoiseParams@@@Z 0000000180022ca0 f   noise.obj
 0001:00021e40       ?fnoise2D@Perlin@@SAMMMM@Z 0000000180022e40 f   perlin.obj
 0001:00021ec0       ?fnoise3D@Perlin@@SAMMMMM@Z 0000000180022ec0 f   perlin.obj
 0001:00021f50       ?fnoise4D@Perlin@@SAMMMMMM@Z 0000000180022f50 f   perlin.obj
 0001:00022000       ?fsnoise2D@Perlin@@SAMMMM@Z 0000000180023000 f   perlin.obj
 0001:00022080       ?fsnoise3D@Perlin@@SAMMMMM@Z 0000000180023080 f   perlin.obj
 0001:00022110       ?fsnoise4D@Perlin@@SAMMMMMM@Z 0000000180023110 f   perlin.obj
 0001:000221c0       ?noise@Perlin@@SAMMM@Z     00000001800231c0 f   perlin.obj
 0001:00022450       ?noise@Perlin@@SAMMMM@Z    0000000180023450 f   perlin.obj
 0001:00022900       ?noise@Perlin@@SAMMMMM@Z   0000000180023900 f   perlin.obj
 0001:00023210       ?point@Perlin@@CAMMMHH@Z   0000000180024210 f i perlin.obj
 0001:000232b0       ?point@Perlin@@CAMMMMHHH@Z 00000001800242b0 f i perlin.obj
 0001:00023370       ?point@Perlin@@CAMMMMMHHHH@Z 0000000180024370 f i perlin.obj
 0001:00023450       ?snoise@Perlin@@SAMM@Z     0000000180024450 f   perlin.obj
 0001:00023540       ?snoise@Perlin@@SAMMM@Z    0000000180024540 f   perlin.obj
 0001:000236b0       ?snoise@Perlin@@SAMMMM@Z   00000001800246b0 f   perlin.obj
 0001:00023990       ?snoise@Perlin@@SAMMMMM@Z  0000000180024990 f   perlin.obj
 0001:00023e20       ??$_Destroy_range1@V?$allocator@V?$basic_string@_WU?$char_traits@_W@std@@V?$allocator@_W@2@@std@@@std@@PEAV?$basic_string@_WU?$char_traits@_W@std@@V?$allocator@_W@2@@2@@std@@YAXPEAV?$basic_string@_WU?$char_traits@_W@std@@V?$allocator@_W@2@@0@0AEAU?$_Wrap_alloc@V?$allocator@V?$basic_string@_WU?$char_traits@_W@std@@V?$allocator@_W@2@@std@@@std@@@0@U?$integral_constant@_N$0A@@0@@Z 0000000180024e20 f i tile.obj
 0001:00023f00       ??$_Uninitialized_move_al_unchecked1@PEAV?$basic_string@_WU?$char_traits@_W@std@@V?$allocator@_W@2@@std@@PEAV12@V?$allocator@V?$basic_string@_WU?$char_traits@_W@std@@V?$allocator@_W@2@@std@@@2@@std@@YAPEAV?$basic_string@_WU?$char_traits@_W@std@@V?$allocator@_W@2@@0@PEAV10@00AEAU?$_Wrap_alloc@V?$allocator@V?$basic_string@_WU?$char_traits@_W@std@@V?$allocator@_W@2@@std@@@std@@@0@U_General_ptr_iterator_tag@0@U_Any_tag@0@@Z 0000000180024f00 f i tile.obj
 0001:00023fa0       ??$_Uninitialized_move_al_unchecked1@PEAVTileRow@@PEAV1@V?$allocator@VTileRow@@@std@@@std@@YAPEAVTileRow@@PEAV1@00AEAU?$_Wrap_alloc@V?$allocator@VTileRow@@@std@@@0@U_General_ptr_iterator_tag@0@U_Any_tag@0@@Z 0000000180024fa0 f i tile.obj
 0001:00024030       ??0?$vector@MV?$allocator@M@std@@@std@@QEAA@AEBV01@@Z 0000000180025030 f i tile.obj
 0001:000240f0       ??1?$basic_stringbuf@_WU?$char_traits@_W@std@@V?$allocator@_W@2@@std@@UEAA@XZ 00000001800250f0 f i tile.obj
 0001:00024130       ??1?$basic_stringstream@_WU?$char_traits@_W@std@@V?$allocator@_W@2@@std@@UEAA@XZ 0000000180025130 f i tile.obj
 0001:000241c0       ??1?$vector@V?$basic_string@_WU?$char_traits@_W@std@@V?$allocator@_W@2@@std@@V?$allocator@V?$basic_string@_WU?$char_traits@_W@std@@V?$allocator@_W@2@@std@@@2@@std@@QEAA@XZ 00000001800251c0 f i tile.obj
 0001:00024220       ??1TileRow@@QEAA@XZ        0000000180025220 f i tile.obj
 0001:00024270       ??_D?$basic_stringstream@_WU?$char_traits@_W@std@@V?$allocator@_W@2@@std@@QEAAXXZ 0000000180025270 f i tile.obj
 0001:000242b8       ??_E?$basic_stringstream@_WU?$char_traits@_W@std@@V?$allocator@_W@2@@std@@$4PPPPPPPM@A@EAAPEAXI@Z 00000001800252b8 f i tile.obj
 0001:000242d0       ??_G?$basic_stringbuf@_WU?$char_traits@_W@std@@V?$allocator@_W@2@@std@@UEAAPEAXI@Z 00000001800252d0 f i tile.obj
 0001:000242d0       ??_E?$basic_stringbuf@_WU?$char_traits@_W@std@@V?$allocator@_W@2@@std@@UEAAPEAXI@Z 00000001800252d0 f i tile.obj
 0001:00024330       ??_G?$basic_stringstream@_WU?$char_traits@_W@std@@V?$allocator@_W@2@@std@@UEAAPEAXI@Z 0000000180025330 f i tile.obj
 0001:00024330       ??_E?$basic_stringstream@_WU?$char_traits@_W@std@@V?$allocator@_W@2@@std@@UEAAPEAXI@Z 0000000180025330 f i tile.obj
 0001:000243a0       ?_Assign_rv@?$basic_string@_WU?$char_traits@_W@std@@V?$allocator@_W@2@@std@@QEAAX$$QEAV12@@Z 00000001800253a0 f i tile.obj
 0001:00024430       ?_Init@?$basic_stringbuf@_WU?$char_traits@_W@std@@V?$allocator@_W@2@@std@@IEAAXPEB_W_KH@Z 0000000180025430 f i tile.obj
 0001:00024530       ?_Reallocate@?$vector@MV?$allocator@M@std@@@std@@IEAAX_K@Z 0000000180025530 f i tile.obj
 0001:000245c0       ?_Reallocate@?$vector@V?$basic_string@_WU?$char_traits@_W@std@@V?$allocator@_W@2@@std@@V?$allocator@V?$basic_string@_WU?$char_traits@_W@std@@V?$allocator@_W@2@@std@@@2@@std@@IEAAX_K@Z 00000001800255c0 f i tile.obj
 0001:00024680       ?_Reallocate@?$vector@VTileRow@@V?$allocator@VTileRow@@@std@@@std@@IEAAX_K@Z 0000000180025680 f i tile.obj
 0001:00024740       ?_Tidy@?$basic_stringbuf@_WU?$char_traits@_W@std@@V?$allocator@_W@2@@std@@IEAAXXZ 0000000180025740 f i tile.obj
 0001:000247d0       ?allocate@?$allocator@M@std@@QEAAPEAM_K@Z 00000001800257d0 f i tile.obj
 0001:00024850       ?allocate@?$allocator@VTileRow@@@std@@QEAAPEAVTileRow@@_K@Z 0000000180025850 f i tile.obj
[...]
 0004:00001a04       $pdata$?deallocate@?$allocator@VTileRow@@@std@@QEAAXPEAVTileRow@@_K@Z 0000000180040a04     BerconTile.obj
 0004:00001a10       $pdata$?draw@Tile@@SA?AVTilePoint@@VPoint3@@AEAVTileParam@@@Z 0000000180040a10     tile.obj
 0004:00001a1c       $pdata$?drawTile@Tile@@CA?AVTilePoint@@VPoint3@@QEAMAEAVTileParam@@HH@Z 0000000180040a1c     tile.obj
 0004:00001a28       $pdata$1$?drawTile@Tile@@CA?AVTilePoint@@VPoint3@@QEAMAEAVTileParam@@HH@Z 0000000180040a28     tile.obj
 0004:00001a34       $pdata$2$?drawTile@Tile@@CA?AVTilePoint@@VPoint3@@QEAMAEAVTileParam@@HH@Z 0000000180040a34     tile.obj
 0004:00001a40       $pdata$?find_first_not_of@?$basic_string@_WU?$char_traits@_W@std@@V?$allocator@_W@2@@std@@QEBA_KAEBV12@_K@Z 0000000180040a40     tile.obj
 0004:00001a4c       $pdata$?find_first_of@?$basic_string@_WU?$char_traits@_W@std@@V?$allocator@_W@2@@std@@QEBA_KAEBV12@_K@Z 0000000180040a4c     tile.obj
 0004:00001a58       $pdata$?getAngle@@YAMHM@Z  0000000180040a58     tile.obj
 0004:00001a64       $pdata$?overflow@?$basic_stringbuf@_WU?$char_traits@_W@std@@V?$allocator@_W@2@@std@@MEAAGG@Z 0000000180040a64     tile.obj
 0004:00001a70       $pdata$0$?overflow@?$basic_stringbuf@_WU?$char_traits@_W@std@@V?$allocator@_W@2@@std@@MEAAGG@Z 0000000180040a70     tile.obj
 0004:00001a7c       $pdata$2$?overflow@?$basic_stringbuf@_WU?$char_traits@_W@std@@V?$allocator@_W@2@@std@@MEAAGG@Z 0000000180040a7c     tile.obj
 0004:00001a88       $pdata$5$?overflow@?$basic_stringbuf@_WU?$char_traits@_W@std@@V?$allocator@_W@2@@std@@MEAAGG@Z 0000000180040a88     tile.obj
 0004:00001a94       $pdata$11$?overflow@?$basic_stringbuf@_WU?$char_traits@_W@std@@V?$allocator@_W@2@@std@@MEAAGG@Z 0000000180040a94     tile.obj
 0004:00001aa0       $pdata$12$?overflow@?$basic_stringbuf@_WU?$char_traits@_W@std@@V?$allocator@_W@2@@std@@MEAAGG@Z 0000000180040aa0     tile.obj
 0004:00001aac       $pdata$?parsePattern@@YAHV?$basic_string@_WU?$char_traits@_W@std@@V?$allocator@_W@2@@std@@PEAVTilePattern@@@Z 0000000180040aac     tile.obj
 0004:00001ab8       $pdata$?pat_herring@Tile@@CA?AVTilePoint@@VPoint3@@AEAVTileParam@@@Z 0000000180040ab8     tile.obj
 0004:00001ac4       $pdata$?pat_xBond@Tile@@CA?AVTilePoint@@VPoint3@@AEAVTileParam@@@Z 0000000180040ac4     tile.obj
 0004:00001ad0       $pdata$0$?pat_xBond@Tile@@CA?AVTilePoint@@VPoint3@@AEAVTileParam@@@Z 0000000180040ad0     tile.obj
 0004:00001adc       $pdata$1$?pat_xBond@Tile@@CA?AVTilePoint@@VPoint3@@AEAVTileParam@@@Z 0000000180040adc     tile.obj
 0004:00001ae8       $pdata$?rowcol@@YAHAEAM0AEAHMMAEAV?$vector@MV?$allocator@M@std@@@std@@MMM@Z 0000000180040ae8     tile.obj
 0004:00001af4       $pdata$5$?rowcol@@YAHAEAM0AEAHMMAEAV?$vector@MV?$allocator@M@std@@@std@@MMM@Z 0000000180040af4     tile.obj
 0004:00001b00       $pdata$6$?rowcol@@YAHAEAM0AEAHMMAEAV?$vector@MV?$allocator@M@std@@@std@@MMM@Z 0000000180040b00     tile.obj
 0004:00001b0c       $pdata$?seekoff@?$basic_stringbuf@_WU?$char_traits@_W@std@@V?$allocator@_W@2@@std@@MEAA?AV?$fpos@U_Mbstatet@@@2@_JHH@Z 0000000180040b0c     tile.obj
 0004:00001b18       $pdata$?seekpos@?$basic_stringbuf@_WU?$char_traits@_W@std@@V?$allocator@_W@2@@std@@MEAA?AV?$fpos@U_Mbstatet@@@2@V32@H@Z 0000000180040b18     tile.obj
 0004:00001b24       $pdata$?setPattern@TilePattern@@QEAAXV?$basic_string@_WU?$char_traits@_W@std@@V?$allocator@_W@2@@std@@@Z 0000000180040b24     tile.obj
 0004:00001b30       $pdata$?setPreset@TilePattern@@QEAAXH@Z 0000000180040b30     tile.obj
 0004:00001b3c       $pdata$?substr@?$basic_string@_WU?$char_traits@_W@std@@V?$allocator@_W@2@@std@@QEBA?AV12@_K0@Z 0000000180040b3c     tile.obj
 0004:00001b48       $pdata$?tokenize@@YAXAEBV?$basic_string@_WU?$char_traits@_W@std@@V?$allocator@_W@2@@std@@AEAV?$vector@V?$basic_string@_WU?$char_traits@_W@std@@V?$allocator@_W@2@@std@@V?$allocator@V?$basic_string@_WU?$char_traits@_W@std@@V?$allocator@_W@2@@std@@@2@@2@0@Z 0000000180040b48     tile.obj
 0004:00001b54       $pdata$?uvMapping@Tile@@CAXAEAVTilePoint@@VPoint3@@QEAMAEAVTileParam@@H@Z 0000000180040b54     tile.obj
 0004:00001b60       $pdata$?add@Worley@@CAXJJJQEBNHPEANH@Z 0000000180040b60     worley.obj
 0004:00001b6c       $pdata$11$?add@Worley@@CAXJJJQEBNHPEANH@Z 0000000180040b6c     worley.obj
 0004:00001b78       $pdata$12$?add@Worley@@CAXJJJQEBNHPEANH@Z 0000000180040b78     worley.obj
 0004:00001b84       $pdata$13$?add@Worley@@CAXJJJQEBNHPEANH@Z 0000000180040b84     worley.obj
 0004:00001b90       $pdata$?noise@Worley@@SAXQEBNHPEANH@Z 0000000180040b90     worley.obj
 0004:00001b9c       $pdata$??_Gtype_info@@UEAAPEAXI@Z 0000000180040b9c     MSVCRT:std_type_info_static.obj
 0004:00001ba8       $pdata$__scrt_acquire_startup_lock 0000000180040ba8     MSVCRT:utility.obj
 0004:00001bb4       $pdata$__scrt_dllmain_after_initialize_c 0000000180040bb4     MSVCRT:utility.obj
 0004:00001bc0       $pdata$__scrt_dllmain_before_initialize_c 0000000180040bc0     MSVCRT:utility.obj
 0004:00001bcc       $pdata$__scrt_dllmain_crt_thread_attach 0000000180040bcc     MSVCRT:utility.obj
 0004:00001bd8       $pdata$__scrt_dllmain_crt_thread_detach 0000000180040bd8     MSVCRT:utility.obj
 0004:00001be4       $pdata$__scrt_dllmain_exception_filter 0000000180040be4     MSVCRT:utility.obj
 0004:00001bf0       $pdata$__scrt_dllmain_uninitialize_c 0000000180040bf0     MSVCRT:utility.obj
 0004:00001bfc       $pdata$__scrt_dllmain_uninitialize_critical 0000000180040bfc     MSVCRT:utility.obj
 0004:00001c08       $pdata$__scrt_initialize_crt 0000000180040c08     MSVCRT:utility.obj
 0004:00001c14       $pdata$__scrt_initialize_onexit_tables 0000000180040c14     MSVCRT:utility.obj
 0004:00001c20       $pdata$__scrt_is_nonwritable_in_current_image 0000000180040c20     MSVCRT:utility.obj
 0004:00001c2c       $pdata$__scrt_release_startup_lock 0000000180040c2c     MSVCRT:utility.obj
 0004:00001c38       $pdata$__scrt_uninitialize_crt 0000000180040c38     MSVCRT:utility.obj
 0004:00001c44       $pdata$_onexit             0000000180040c44     MSVCRT:utility.obj
 0004:00001c50       $pdata$atexit              0000000180040c50     MSVCRT:utility.obj
 0004:00001c5c       $pdata$??2@YAPEAX_K@Z      0000000180040c5c     MSVCRT:new_scalar.obj
 0004:00001c74       $pdata$?dllmain_crt_dispatch@@YAHQEAUHINSTANCE__@@KQEAX@Z 0000000180040c74     MSVCRT:dll_dllmain.obj
 0004:00001c80       $pdata$?dllmain_crt_process_attach@@YAHQEAUHINSTANCE__@@QEAX@Z 0000000180040c80     MSVCRT:dll_dllmain.obj
 0004:00001c8c       $pdata$?dllmain_crt_process_detach@@YAH_N@Z 0000000180040c8c     MSVCRT:dll_dllmain.obj
 0004:00001c98       $pdata$?dllmain_dispatch@@YAHQEAUHINSTANCE__@@KQEAX@Z 0000000180040c98     MSVCRT:dll_dllmain.obj
 0004:00001ca4       $pdata$?dllmain_raw@@YAHQEAUHINSTANCE__@@KQEAX@Z 0000000180040ca4     MSVCRT:dll_dllmain.obj
 0004:00001cb0       $pdata$_DllMainCRTStartup  0000000180040cb0     MSVCRT:dll_dllmain.obj
 0004:00001cbc       $pdata$__isa_available_init 0000000180040cbc     MSVCRT:_cpu_disp_.obj
 0004:00001cc8       $pdata$__scrt_fastfail     0000000180040cc8     MSVCRT:utility_desktop.obj
 0004:00001cd4       $pdata$??0bad_alloc@std@@QEAA@AEBV01@@Z 0000000180040cd4     MSVCRT:throw_bad_alloc.obj
 0004:00001ce0       $pdata$??0bad_array_new_length@std@@QEAA@AEBV01@@Z 0000000180040ce0     MSVCRT:throw_bad_alloc.obj
 0004:00001cec       $pdata$??0exception@std@@QEAA@AEBV01@@Z 0000000180040cec     MSVCRT:throw_bad_alloc.obj
 0004:00001cf8       $pdata$??_Gbad_alloc@std@@UEAAPEAXI@Z 0000000180040cf8     MSVCRT:throw_bad_alloc.obj
 0004:00001cf8       $pdata$??_Gbad_array_new_length@std@@UEAAPEAXI@Z 0000000180040cf8     MSVCRT:throw_bad_alloc.obj
 0004:00001cf8       $pdata$??_Gexception@std@@UEAAPEAXI@Z 0000000180040cf8     MSVCRT:throw_bad_alloc.obj
 0004:00001d04       $pdata$?__scrt_throw_std_bad_alloc@@YAXXZ 0000000180040d04     MSVCRT:throw_bad_alloc.obj
 0004:00001d10       $pdata$?__scrt_throw_std_bad_array_new_length@@YAXXZ 0000000180040d10     MSVCRT:throw_bad_alloc.obj
 0004:00001d1c       $pdata$__security_init_cookie 0000000180040d1c     MSVCRT:gs_support.obj
 0004:00001d28       $pdata$__scrt_initialize_default_local_stdio_options 0000000180040d28     MSVCRT:default_local_stdio_options.obj
 0004:00001d34       $pdata$_RTC_Initialize     0000000180040d34     MSVCRT:_initsect_.obj
 0004:00001d40       $pdata$_RTC_Terminate      0000000180040d40     MSVCRT:_initsect_.obj
 0004:00001d58       $pdata$?dtor$1@?0???0BerconGradient@@QEAA@XZ@4HA 0000000180040d58     BerconGradient.obj
 0004:00001d64       $pdata$?dtor$0@?0??GetSubTexmapSlotName@BerconGradient@@UEAA?AVWStr@@H@Z@4HA 0000000180040d64     BerconGradient.obj
 0004:00001d70       $pdata$?catch$1@?0??_Copy@?$basic_string@_WU?$char_traits@_W@std@@V?$allocator@_W@2@@std@@QEAAX_K0@Z@4HA 0000000180040d70     BerconTile.obj
 0004:00001d7c       $pdata$?catch$0@?0??_Copy@?$basic_string@_WU?$char_traits@_W@std@@V?$allocator@_W@2@@std@@QEAAX_K0@Z@4HA 0000000180040d7c     BerconTile.obj
 0004:00001d88       $pdata$CommctrlIsolationAwarePrivatetRgCebPnQQeRff_pbZPgYQP_QYY$fin$0 0000000180040d88     DllEntry.obj
 0004:00001d94       $pdata$IsolationAwareInitCommonControls$fin$0 0000000180040d94     DllEntry.obj
 0004:00001da0       $pdata$WinbaseIsolationAwarePrivatetRgzlnPgpgk$fin$0 0000000180040da0     DllEntry.obj
 0004:00001dac       $pdata$?dtor$0@?0??GetSubTexmapSlotName@BerconNoise@@UEAA?AVWStr@@H@Z@4HA 0000000180040dac     BerconNoise.obj
 0004:00001dac       $pdata$?dtor$0@?0??GetSubTexmapSlotName@BerconDistortion@@UEAA?AVWStr@@H@Z@4HA 0000000180040dac     BerconDistortion.obj
 0004:00001dac       $pdata$?dtor$0@?0??GetSubTexmapSlotName@BerconTile@@UEAA?AVWStr@@H@Z@4HA 0000000180040dac     BerconTile.obj
 0004:00001dac       $pdata$?dtor$0@?0??SubAnimName@BerconWood@@UEAA?AVWStr@@H@Z@4HA 0000000180040dac     BerconWood.obj
 0004:00001dac       $pdata$?dtor$0@?0??SubAnimName@BerconDistortion@@UEAA?AVWStr@@H@Z@4HA 0000000180040dac     BerconDistortion.obj
 0004:00001dac       $pdata$?dtor$0@?0??SubAnimName@BerconGradient@@UEAA?AVWStr@@H@Z@4HA 0000000180040dac     BerconGradient.obj
 0004:00001dac       $pdata$?dtor$0@?0??SubAnimName@BerconNoise@@UEAA?AVWStr@@H@Z@4HA 0000000180040dac     BerconNoise.obj
 0004:00001dac       $pdata$?dtor$0@?0??GetSubTexmapSlotName@BerconWood@@UEAA?AVWStr@@H@Z@4HA 0000000180040dac     BerconWood.obj
 0004:00001dac       $pdata$?dtor$0@?0??SubAnimName@BerconTile@@UEAA?AVWStr@@H@Z@4HA 0000000180040dac     BerconTile.obj
 0004:00001db8       $pdata$IsolationAwareRegisterClassExW$fin$0 0000000180040db8     IGradient.obj
 0004:00001dc4       $pdata$?catch$0@?0???$_Uninitialized_move_al_unchecked1@PEAV?$basic_string@_WU?$char_traits@_W@std@@V?$allocator@_W@2@@std@@PEAV12@V?$allocator@V?$basic_string@_WU?$char_traits@_W@std@@V?$allocator@_W@2@@std@@@2@@std@@YAPEAV?$basic_string@_WU?$char_traits@_W@std@@V?$allocator@_W@2@@0@PEAV10@00AEAU?$_Wrap_alloc@V?$allocator@V?$basic_string@_WU?$char_traits@_W@std@@V?$allocator@_W@2@@std@@@std@@@0@U_General_ptr_iterator_tag@0@U_Any_tag@0@@Z@4HA 0000000180040dc4     tile.obj
 0004:00001dd0       $pdata$?catch$1@?0???$_Uninitialized_move_al_unchecked1@PEAVTileRow@@PEAV1@V?$allocator@VTileRow@@@std@@@std@@YAPEAVTileRow@@PEAV1@00AEAU?$_Wrap_alloc@V?$allocator@VTileRow@@@std@@@0@U_General_ptr_iterator_tag@0@U_Any_tag@0@@Z@4HA 0000000180040dd0     tile.obj
 0004:00001ddc       $pdata$?catch$0@?0???0?$vector@MV?$allocator@M@std@@@std@@QEAA@AEBV01@@Z@4HA 0000000180040ddc     tile.obj
 0004:00001de8       $pdata$?catch$0@?0??_Reallocate@?$vector@MV?$allocator@M@std@@@std@@IEAAX_K@Z@4HA 0000000180040de8     tile.obj
 0004:00001df4       $pdata$?catch$0@?0??_Reallocate@?$vector@V?$basic_string@_WU?$char_traits@_W@std@@V?$allocator@_W@2@@std@@V?$allocator@V?$basic_string@_WU?$char_traits@_W@std@@V?$allocator@_W@2@@std@@@2@@std@@IEAAX_K@Z@4HA 0000000180040df4     tile.obj
 0004:00001e00       $pdata$?catch$0@?0??_Reallocate@?$vector@VTileRow@@V?$allocator@VTileRow@@@std@@@std@@IEAAX_K@Z@4HA 0000000180040e00     tile.obj
 0004:00001e0c       $pdata$?dtor$9@?0??parsePattern@@YAHV?$basic_string@_WU?$char_traits@_W@std@@V?$allocator@_W@2@@std@@PEAVTilePattern@@@Z@4HA 0000000180040e0c     tile.obj
 0004:00001e18       $pdata$?dtor$13@?0??parsePattern@@YAHV?$basic_string@_WU?$char_traits@_W@std@@V?$allocator@_W@2@@std@@PEAVTilePattern@@@Z@4HA 0000000180040e18     tile.obj
 0004:00001e24       $pdata$?dtor$18@?0??parsePattern@@YAHV?$basic_string@_WU?$char_traits@_W@std@@V?$allocator@_W@2@@std@@PEAVTilePattern@@@Z@4HA 0000000180040e24     tile.obj
 0004:00001e30       $pdata$?dtor$26@?0??parsePattern@@YAHV?$basic_string@_WU?$char_traits@_W@std@@V?$allocator@_W@2@@std@@PEAVTilePattern@@@Z@4HA 0000000180040e30     tile.obj
 0004:00001e3c       $pdata$?dtor$28@?0??parsePattern@@YAHV?$basic_string@_WU?$char_traits@_W@std@@V?$allocator@_W@2@@std@@PEAVTilePattern@@@Z@4HA 0000000180040e3c     tile.obj
 0004:00001e48       $pdata$?dtor$0@?0??substr@?$basic_string@_WU?$char_traits@_W@std@@V?$allocator@_W@2@@std@@QEBA?AV12@_K0@Z@4HA 0000000180040e48     tile.obj
 0004:00001e54       $pdata$__scrt_is_nonwritable_in_current_image$filt$0 0000000180040e54     MSVCRT:utility.obj
 0004:00001e60       $pdata$?fin$0@?0??dllmain_crt_process_attach@@YAHQEAUHINSTANCE__@@QEAX@Z@4HA 0000000180040e60     MSVCRT:dll_dllmain.obj
 0004:00001e6c       $pdata$?fin$0@?0??dllmain_crt_process_detach@@YAH_N@Z@4HA 0000000180040e6c     MSVCRT:dll_dllmain.obj
 0004:00001e78       $pdata$?filt$0@?0??dllmain_dispatch@@YAHQEAUHINSTANCE__@@KQEAX@Z@4HA 0000000180040e78     MSVCRT:dll_dllmain.obj
 0004:00001e84       $pdata$??__FBerconDistortionDesc@@YAXXZ 0000000180040e84     BerconDistortion.obj
 0004:00001e90       $pdata$??__Fxyz_blk@@YAXXZ 0000000180040e90     BerconDistortion.obj
 0004:00001e9c       $pdata$??__FBerconGradientDesc@@YAXXZ 0000000180040e9c     BerconGradient.obj
 0004:00001ea8       $pdata$??__Fxyz_blk@@YAXXZ 0000000180040ea8     BerconGradient.obj
 0004:00001eb4       $pdata$??__FBerconTileDesc@@YAXXZ 0000000180040eb4     BerconTile.obj
 0004:00001ec0       $pdata$??__Fxyz_blk@@YAXXZ 0000000180040ec0     BerconTile.obj
 0004:00001ecc       $pdata$??__FBerconWoodDesc@@YAXXZ 0000000180040ecc     BerconWood.obj
 0004:00001ed8       $pdata$??__Fxyz_blk@@YAXXZ 0000000180040ed8     BerconWood.obj
 0004:00001ee4       $pdata$??__FBerconNoiseDesc@@YAXXZ 0000000180040ee4     BerconNoise.obj
 0004:00001ef0       $pdata$??__Fxyz_blk@@YAXXZ 0000000180040ef0     BerconNoise.obj
 0005:00000000       __guard_fids__             0000000180041000     MSVCRT:std_type_info_static.obj
 0005:00000004       __guard_fids_?dllmain_crt_process_attach@@YAHQEAUHINSTANCE__@@QEAX@Z 0000000180041004     MSVCRT:dll_dllmain.obj
 0005:0000000c       __guard_fids_?dllmain_dispatch@@YAHQEAUHINSTANCE__@@KQEAX@Z 000000018004100c     MSVCRT:dll_dllmain.obj
 0005:00000010       __guard_fids__             0000000180041010     MSVCRT:throw_bad_alloc.obj
 0005:00000018       __guard_fids__             0000000180041018     MSVCRT:throw_bad_alloc.obj
 0005:00000020       __guard_fids__             0000000180041020     MSVCRT:throw_bad_alloc.obj
 0005:00000028       __guard_fids__             0000000180041028     MSVCRT:guard_support.obj
 0006:000009b0       $R000000                   00000001800429b0     BerconNoise.res
 0006:00000a68       $R0000B8                   0000000180042a68     BerconNoise.res
 0006:00000a98       $R0000E8                   0000000180042a98     BerconNoise.res
 0006:00000b40       $R000190                   0000000180042b40     BerconNoise.res
 0006:00000cd0       $R000320                   0000000180042cd0     BerconNoise.res
 0006:00000d78       $R0003C8                   0000000180042d78     BerconNoise.res
 0006:00000e20       $R000470                   0000000180042e20     BerconNoise.res
 0006:00000f10       $R000560                   0000000180042f10     BerconNoise.res
 0006:00000fb8       $R000608                   0000000180042fb8     BerconNoise.res
 0006:00001e20       $R001470                   0000000180043e20     BerconNoise.res
 0006:000030b0       $R002700                   00000001800450b0     BerconNoise.res
 0006:00004888       $R003ED8                   0000000180046888     BerconNoise.res
 0006:00005290       $R0048E0                   0000000180047290     BerconNoise.res
 0006:000054d8       $R004B28                   00000001800474d8     BerconNoise.res
 0006:00005650       $R004CA0                   0000000180047650     BerconNoise.res
 0006:00005e40       $R005490                   0000000180047e40     BerconNoise.res
 0006:00006a40       $R006090                   0000000180048a40     BerconNoise.res
 0006:00007b98       $R0071E8                   0000000180049b98     BerconNoise.res
 0006:00008d00       $R008350                   000000018004ad00     BerconNoise.res
 0006:00009cb8       $R009308                   000000018004bcb8     BerconNoise.res
 0006:0000ad50       $R00A3A0                   000000018004cd50     BerconNoise.res
 0006:0000b6d0       $R00AD20                   000000018004d6d0     BerconNoise.res
 0006:0000b6d8       $R00AD28                   000000018004d6d8     BerconNoise.res
 0006:0000b6e0       $R00AD30                   000000018004d6e0     BerconNoise.res
 0006:0000b6e8       $R00AD38                   000000018004d6e8     BerconNoise.res
 0006:0000b7a8       $R00ADF8                   000000018004d7a8     BerconNoise.res
 0006:000188f0       $R017F40                   000000018005a8f0     BerconNoise.res
 0006:00018a68       $R0180B8                   000000018005aa68     BerconNoise.res
 0006:00018ad0       $R018120                   000000018005aad0     BerconNoise.res
 0006:00018c38       $R018288                   000000018005ac38     BerconNoise.res
 0006:00018c88       $R0182D8                   000000018005ac88     BerconNoise.res
 0006:00018e50       $R0184A0                   000000018005ae50     BerconNoise.res
 0006:00019028       $R018678                   000000018005b028     BerconNoise.res
 0006:00019200       $R018850                   000000018005b200     BerconNoise.res
 0006:00019300       $R018950                   000000018005b300     BerconNoise.res
 0006:000193d0       $R018A20                   000000018005b3d0     BerconNoise.res
 0006:000194f8       $R018B48                   000000018005b4f8     BerconNoise.res
 0006:000195f8       $R018C48                   000000018005b5f8     BerconNoise.res
 0006:00019770       $R018DC0                   000000018005b770     BerconNoise.res
 0006:000198f0       $R018F40                   000000018005b8f0     BerconNoise.res
 0006:00019aa0       $R0190F0                   000000018005baa0     BerconNoise.res
 0006:00019b80       $R0191D0                   000000018005bb80     BerconNoise.res
 0006:00019cc0       $R019310                   000000018005bcc0     BerconNoise.res
 0006:00019e38       $R019488                   000000018005be38     BerconNoise.res
 0006:0001a048       $R019698                   000000018005c048     BerconNoise.res
 0006:0001a200       $R019850                   000000018005c200     BerconNoise.res
 0006:0001a318       $R019968                   000000018005c318     BerconNoise.res

 Exports

  ordinal    name

        1    ?LibDescription@@YAPEB_WXZ (wchar_t const * __cdecl LibDescription(void))
               exported name: LibDescription
        2    ?LibNumberClasses@@YAHXZ (int __cdecl LibNumberClasses(void))
               exported name: LibNumberClasses
        3    ?LibClassDesc@@YAPEAVClassDesc@@H@Z (class ClassDesc * __cdecl LibClassDesc(int))
               exported name: LibClassDesc
        4    ?LibVersion@@YAKXZ (unsigned long __cdecl LibVersion(void))
               exported name: LibVersion
        5    ??0VertexNormalsControl@@QEAA@XZ (public: __cdecl VertexNormalsControl::VertexNormalsControl(void))
        6    ?LibInitialize@@YAHXZ (int __cdecl LibInitialize(void))
        7    ?LibShutdown@@YAHXZ (int __cdecl LibShutdown(void))
