 BerconMaps_2020_64

 Timestamp is 5ce6d6d2 (Thu May 23 13:22:26 2019)

 Preferred load address is 0000000180000000

 Start         Length     Name                   Class
 0001:00000000 000079b0H .text$di                CODE
 0001:000079b0 00022520H .text$mn                CODE
 0001:00029ed0 00000020H .text$mn$00             CODE
 0001:00029ef0 00000b50H .text$x                 CODE
 0001:0002aa40 000001dfH .text$yd                CODE
 0002:00000000 000008c0H .idata$5                DATA
 0002:000008c0 00000010H .00cfg                  DATA
 0002:000008d0 00000008H .CRT$XCA                DATA
 0002:000008d8 000000f8H .CRT$XCU                DATA
 0002:000009d0 00000008H .CRT$XCZ                DATA
 0002:000009d8 00000008H .CRT$XIA                DATA
 0002:000009e0 00000008H .CRT$XIZ                DATA
 0002:000009e8 00000008H .CRT$XPA                DATA
 0002:000009f0 00000008H .CRT$XPZ                DATA
 0002:000009f8 00000008H .CRT$XTA                DATA
 0002:00000a00 00000010H .CRT$XTZ                DATA
 0002:00000a08 00000000H .gfids$y                DATA
 0002:00000a10 000063f0H .rdata                  DATA
 0002:00006e00 00002244H .rdata$r                DATA
 0002:00009044 000002b4H .rdata$zzzdbg           DATA
 0002:000092f8 00000008H .rtc$IAA                DATA
 0002:00009300 00000008H .rtc$IZZ                DATA
 0002:00009308 00000008H .rtc$TAA                DATA
 0002:00009310 00000010H .rtc$TZZ                DATA
 0002:00009320 000039b8H .xdata                  DATA
 0002:0000ccd8 000001d8H .xdata$x                DATA
 0002:0000ceb0 00000104H .edata                  DATA
 0002:0000cfb4 00000118H .idata$2                DATA
 0002:0000d0cc 00000014H .idata$3                DATA
 0002:0000d0e0 000008c0H .idata$4                DATA
 0002:0000d9a0 00002c84H .idata$6                DATA
 0003:00000000 00000730H .data                   DATA
 0003:00000730 00000a60H .data$r                 DATA
 0003:00001190 00000d98H .bss                    DATA
 0004:00000000 00001d70H .pdata                  DATA
 0005:00000000 000009b0H .rsrc$01                DATA
 0005:000009b0 00019ae8H .rsrc$02                DATA

  Address         Publics by Value              Rva+Base               Lib:Object

 0000:00000000       __guard_longjmp_table      0000000000000000     <absolute>
 0000:00000000       __guard_fids_count         0000000000000000     <absolute>
 0000:00000000       __guard_longjmp_count      0000000000000000     <absolute>
 0000:00000000       __enclave_config           0000000000000000     <absolute>
 0000:00000000       __dynamic_value_reloc_table 0000000000000000     <absolute>
 0000:00000000       __volatile_metadata        0000000000000000     <absolute>
 0000:00000000       __hybrid_code_map_count    0000000000000000     <absolute>
 0000:00000000       ___safe_se_handler_count   0000000000000000     <absolute>
 0000:00000000       ___safe_se_handler_table   0000000000000000     <absolute>
 0000:00000000       __guard_fids_table         0000000000000000     <absolute>
 0000:00000000       __guard_iat_table          0000000000000000     <absolute>
 0000:00000000       __hybrid_auxiliary_iat     0000000000000000     <absolute>
 0000:00000000       __hybrid_code_map          0000000000000000     <absolute>
 0000:00000000       __guard_iat_count          0000000000000000     <absolute>
 0000:00000100       __guard_flags              0000000000000100     <absolute>
 0000:00000000       __ImageBase                0000000180000000     <linker-defined>
 0001:000079b0       ??_EXYZ_Desc@@UEAAPEAXI@Z  00000001800089b0 f i BerconDistortion.obj
 0001:000079b0       ??_GXYZ_Desc@@UEAAPEAXI@Z  00000001800089b0 f i BerconDistortion.obj
 0001:00007a20       ?IsEnabled@IGradient@@UEAAHXZ 0000000180008a20 f i BerconGradient.obj
 0001:00007a20       _get_startup_argv_mode     0000000180008a20 f i MSVCRT:argv_mode.obj
 0001:00007a20       ?GetTrackVSpace@Animatable@@UEAAHH@Z 0000000180008a20 f i BerconDistortion.obj
 0001:00007a20       ?OkToCreate@ClassDesc@@UEAAHPEAVInterface@@@Z 0000000180008a20 f i BerconDistortion.obj
 0001:00007a20       ?SupportTexDisplay@BerconNoise@@UEAAHXZ 0000000180008a20 f i BerconNoise.obj
 0001:00007a20       ?NumSubs@BerconTile@@UEAAHXZ 0000000180008a20 f i BerconTile.obj
 0001:00007a20       ?IsPublic@BerconGradientClassDesc@@UEAAHXZ 0000000180008a20 f i BerconGradient.obj
 0001:00007a20       ?IsPublic@BerconTileClassDesc@@UEAAHXZ 0000000180008a20 f i BerconTile.obj
 0001:00007a20       ?LibInitialize@@YAHXZ      0000000180008a20 f i DllEntry.obj
 0001:00007a20       ?SupportTexDisplay@BerconTile@@UEAAHXZ 0000000180008a20 f i BerconTile.obj
 0001:00007a20       ?LibShutdown@@YAHXZ        0000000180008a20 f i DllEntry.obj
 0001:00007a20       ?NumSubs@BerconWood@@UEAAHXZ 0000000180008a20 f i BerconWood.obj
 0001:00007a20       ?SubTexmapOn@ISubMap@@UEAAHH@Z 0000000180008a20 f i BerconDistortion.obj
 0001:00007a20       ?CanAssignController@Animatable@@UEAAHH@Z 0000000180008a20 f i BerconDistortion.obj
 0001:00007a20       ?SupportTexDisplay@BerconGradient@@UEAAHXZ 0000000180008a20 f i BerconGradient.obj
 0001:00007a20       ?CanTransferReference@ReferenceMaker@@UEAAHH@Z 0000000180008a20 f i BerconDistortion.obj
 0001:00007a20       ?IsPublic@BerconDistortionClassDesc@@UEAAHXZ 0000000180008a20 f i BerconDistortion.obj
 0001:00007a20       ?GetTransparencyHint@MtlBase@@UEAAHHAEAVInterval@@@Z 0000000180008a20 f i BerconDistortion.obj
 0001:00007a20       ?LoadMapFiles@Texmap@@UEAAHH@Z 0000000180008a20 f i BerconDistortion.obj
 0001:00007a20       ?GetMapChannel@Texmap@@UEAAHXZ 0000000180008a20 f i BerconDistortion.obj
 0001:00007a20       ?IsRefTarget@ReferenceTarget@@UEAAHXZ 0000000180008a20 f i BerconDistortion.obj
 0001:00007a20       ?BuildMaps@MtlBase@@UEAAHHAEAVRenderMapsContext@@@Z 0000000180008a20 f i BerconDistortion.obj
 0001:00007a20       ?IsRefMaker@ReferenceMaker@@UEAAHXZ 0000000180008a20 f i BerconDistortion.obj
 0001:00007a20       ?GetSelKeyCoords@Animatable@@UEAAHAEAHAEAMK@Z 0000000180008a20 f i BerconDistortion.obj
 0001:00007a20       ?CanCopyAnim@Animatable@@UEAAHXZ 0000000180008a20 f i BerconDistortion.obj
 0001:00007a20       ?SupportTexDisplay@BerconWood@@UEAAHXZ 0000000180008a20 f i BerconWood.obj
 0001:00007a20       ?IsPublic@BerconWoodClassDesc@@UEAAHXZ 0000000180008a20 f i BerconWood.obj
 0001:00007a20       ?IsPublic@BerconNoiseClassDesc@@UEAAHXZ 0000000180008a20 f i BerconNoise.obj
 0001:00007a20       ?NumSubs@BerconNoise@@UEAAHXZ 0000000180008a20 f i BerconNoise.obj
 0001:00007a20       ?CanMakeUnique@Animatable@@UEAAHXZ 0000000180008a20 f i BerconDistortion.obj
 0001:00007a20       ?IsRealDependency@ReferenceMaker@@UEAAHPEAVReferenceTarget@@@Z 0000000180008a20 f i BerconDistortion.obj
 0001:00007a20       ?SupportTexDisplay@BerconDistortion@@UEAAHXZ 0000000180008a20 f i BerconDistortion.obj
 0001:00007a30       ?Create@BerconDistortionClassDesc@@UEAAPEAXH@Z 0000000180008a30 f i BerconDistortion.obj
 0001:00007a70       ?ClassName@BerconDistortionClassDesc@@UEAAPEB_WXZ 0000000180008a70 f i BerconDistortion.obj
 0001:00007a80       ?SuperClassID@BerconWood@@UEAAKXZ 0000000180008a80 f i BerconWood.obj
 0001:00007a80       ?SuperClassID@BerconGradient@@UEAAKXZ 0000000180008a80 f i BerconGradient.obj
 0001:00007a80       ?SuperClassID@BerconGradientClassDesc@@UEAAKXZ 0000000180008a80 f i BerconGradient.obj
 0001:00007a80       ?SuperClassID@BerconNoiseClassDesc@@UEAAKXZ 0000000180008a80 f i BerconNoise.obj
 0001:00007a80       ?SuperClassID@BerconDistortion@@UEAAKXZ 0000000180008a80 f i BerconDistortion.obj
 0001:00007a80       ?SuperClassID@BerconTile@@UEAAKXZ 0000000180008a80 f i BerconTile.obj
 0001:00007a80       ?SuperClassID@BerconNoise@@UEAAKXZ 0000000180008a80 f i BerconNoise.obj
 0001:00007a80       ?SuperClassID@BerconDistortionClassDesc@@UEAAKXZ 0000000180008a80 f i BerconDistortion.obj
 0001:00007a80       ?SuperClassID@BerconWoodClassDesc@@UEAAKXZ 0000000180008a80 f i BerconWood.obj
 0001:00007a80       ?SuperClassID@BerconTileClassDesc@@UEAAKXZ 0000000180008a80 f i BerconTile.obj
 0001:00007a90       ?ClassID@BerconDistortion@@UEAA?AVClass_ID@@XZ 0000000180008a90 f i BerconDistortion.obj
 0001:00007a90       ?ClassID@BerconDistortionClassDesc@@UEAA?AVClass_ID@@XZ 0000000180008a90 f i BerconDistortion.obj
 0001:00007ab0       ?Category@BerconGradientClassDesc@@UEAAPEB_WXZ 0000000180008ab0 f i BerconGradient.obj
 0001:00007ab0       ?Category@BerconNoiseClassDesc@@UEAAPEB_WXZ 0000000180008ab0 f i BerconNoise.obj
 0001:00007ab0       ?Category@BerconDistortionClassDesc@@UEAAPEB_WXZ 0000000180008ab0 f i BerconDistortion.obj
 0001:00007ab0       ?Category@BerconTileClassDesc@@UEAAPEB_WXZ 0000000180008ab0 f i BerconTile.obj
 0001:00007ab0       ?Category@BerconWoodClassDesc@@UEAAPEB_WXZ 0000000180008ab0 f i BerconWood.obj
 0001:00007ac0       ?InternalName@BerconDistortionClassDesc@@UEAAPEB_WXZ 0000000180008ac0 f i BerconDistortion.obj
 0001:00007ad0       ?HInstance@BerconNoiseClassDesc@@UEAAPEAUHINSTANCE__@@XZ 0000000180008ad0 f i BerconNoise.obj
 0001:00007ad0       ?HInstance@BerconGradientClassDesc@@UEAAPEAUHINSTANCE__@@XZ 0000000180008ad0 f i BerconGradient.obj
 0001:00007ad0       ?HInstance@BerconWoodClassDesc@@UEAAPEAUHINSTANCE__@@XZ 0000000180008ad0 f i BerconWood.obj
 0001:00007ad0       ?HInstance@BerconDistortionClassDesc@@UEAAPEAUHINSTANCE__@@XZ 0000000180008ad0 f i BerconDistortion.obj
 0001:00007ad0       ?HInstance@BerconTileClassDesc@@UEAAPEAUHINSTANCE__@@XZ 0000000180008ad0 f i BerconTile.obj
 0001:00007ae0       ??_GBerconDistortionClassDesc@@UEAAPEAXI@Z 0000000180008ae0 f i BerconDistortion.obj
 0001:00007ae0       ??_EBerconDistortionClassDesc@@UEAAPEAXI@Z 0000000180008ae0 f i BerconDistortion.obj
 0001:00007b50       ?SetUserDlgProc@ClassDesc2@@UEAA_NPEAVParamBlockDesc2@@PEAVParamMap2UserDlgProc@@@Z 0000000180008b50 f i BerconDistortion.obj
 0001:00007b60       ?CanManipulateNode@ClassDesc@@UEAAHPEAVINode@@@Z 0000000180008b60 f i BerconDistortion.obj
 0001:00007b60       ?IsKeyAtTime@Animatable@@UEAAHHK@Z 0000000180008b60 f i BerconDistortion.obj
 0001:00007b60       ?Execute@RenderGlobalContext@@UEAA_JH_K00@Z 0000000180008b60 f i BerconDistortion.obj
 0001:00007b60       ?GetCache@ShadeContext@@UEAAHPEAVTexmap@@AEAVPoint3@@@Z 0000000180008b60 f i BerconDistortion.obj
 0001:00007b60       ?Node@ShadeContext@@UEAAPEAVINode@@XZ 0000000180008b60 f i BerconDistortion.obj
 0001:00007b60       ?RenderEnd@Animatable@@UEAAHH@Z 0000000180008b60 f i BerconDistortion.obj
 0001:00007b60       ?NumChildren@Animatable@@UEAAHXZ 0000000180008b60 f i BerconDistortion.obj
 0001:00007b60       ?GetEvalObject@ShadeContext@@UEAAPEAVObject@@XZ 0000000180008b60 f i BerconDistortion.obj
 0001:00007b60       ?IsSuperSampleOn@ShadeContext@@UEAAHXZ 0000000180008b60 f i BerconDistortion.obj
 0001:00007b60       ?NumSelKeys@Animatable@@UEAAHXZ 0000000180008b60 f i BerconDistortion.obj
 0001:00007b60       _is_c_termination_complete 0000000180008b60 f i MSVCRT:ucrt_stubs.obj
 0001:00007b60       ?GetUserDlgProc@ClassDesc@@UEAAPEAVParamMap2UserDlgProc@@PEAVParamBlockDesc2@@@Z 0000000180008b60 f i BerconDistortion.obj
 0001:00007b60       ?ProjType@ShadeContext@@UEAAHXZ 0000000180008b60 f i BerconDistortion.obj
 0001:00007b60       ?CanDeleteSubAnim@Animatable@@UEAAHH@Z 0000000180008b60 f i BerconDistortion.obj
 0001:00007b60       ?Execute@ICustomControl@@UEAA_JH_K00@Z 0000000180008b60 f i BerconGradient.obj
 0001:00007b60       ?IsCurveSelected@Animatable@@UEAAHXZ 0000000180008b60 f i BerconDistortion.obj
 0001:00007b60       ?GetTheXYZGen@Texmap@@UEAAPEAVXYZGen@@XZ 0000000180008b60 f i BerconDistortion.obj
 0001:00007b60       ?RenderBegin@Animatable@@UEAAHHK@Z 0000000180008b60 f i BerconDistortion.obj
 0001:00007b60       ?SelectSubAnim@Animatable@@UEAAHH@Z 0000000180008b60 f i BerconDistortion.obj
 0001:00007b60       ?CanCopyTrack@Animatable@@UEAAHVInterval@@K@Z 0000000180008b60 f i BerconDistortion.obj
 0001:00007b60       ?Antialias@ShadeContext@@UEAAHXZ 0000000180008b60 f i BerconDistortion.obj
 0001:00007b60       ?GetActionTable@ClassDesc@@UEAAPEAVActionTable@@H@Z 0000000180008b60 f i BerconDistortion.obj
 0001:00007b60       ?SetDlgThing@BerconDistortion@@UEAAHPEAVParamDlg@@@Z 0000000180008b60 f i BerconDistortion.obj
 0001:00007b60       ?GetAAFilterKernel@RenderGlobalContext@@UEAAPEAVFilterKernel@@XZ 0000000180008b60 f i BerconDistortion.obj
 0001:00007b60       ?CanPasteTrack@Animatable@@UEAAHPEAVTrackClipObject@@VInterval@@K@Z 0000000180008b60 f i BerconDistortion.obj
 0001:00007b60       ?IsHighDynamicRange@Texmap@@UEBAHXZ 0000000180008b60 f i BerconDistortion.obj
 0001:00007b60       ?Execute@ClassDesc@@UEAA_JH_K00@Z 0000000180008b60 f i BerconDistortion.obj
 0001:00007b60       ?GetParamMap@ClassDesc@@UEAAPEAVIParamMap2@@PEAVParamBlockDesc2@@@Z 0000000180008b60 f i BerconDistortion.obj
 0001:00007b60       ?ShouldPersistWeakRef@ReferenceMaker@@UEAAHPEAVReferenceTarget@@@Z 0000000180008b60 f i BerconDistortion.obj
 0001:00007b60       ?CanPasteSubTrack@Animatable@@UEAAHHPEAVTrackClipObject@@VInterval@@K@Z 0000000180008b60 f i BerconDistortion.obj
 0001:00007b60       ?PaintSubFCurves@Animatable@@UEAAHHPEAVParamDimensionBase@@PEAUHDC__@@AEAVBox2@@2MHMHK@Z 0000000180008b60 f i BerconDistortion.obj
 0001:00007b60       ?GetCache@ShadeContext@@UEAAHPEAVTexmap@@AEAM@Z 0000000180008b60 f i BerconDistortion.obj
 0001:00007b60       ?GetNextKeyTime@Animatable@@UEAAHHKAEAH@Z 0000000180008b60 f i BerconDistortion.obj
 0001:00007b60       ?BypassTreeView@Animatable@@UEAAHXZ 0000000180008b60 f i BerconDistortion.obj
 0001:00007b60       ?Load@ClassDesc@@UEAA?AW4IOResult@@PEAVILoad@@@Z 0000000180008b60 f i BerconDistortion.obj
 0001:00007b60       ?Save@ClassDesc@@UEAA?AW4IOResult@@PEAVISave@@@Z 0000000180008b60 f i BerconDistortion.obj
 0001:00007b60       ?SupportsMultiMapsInViewport@MtlBase@@UEAAHXZ 0000000180008b60 f i BerconDistortion.obj
 0001:00007b60       ?InvisibleProperty@Animatable@@UEAAHXZ 0000000180008b60 f i BerconDistortion.obj
 0001:00007b60       ?IsMultiMtl@MtlBase@@UEAAHXZ 0000000180008b60 f i BerconDistortion.obj
 0001:00007b60       ?DebugFile@RenderGlobalContext@@UEAAPEAU_iobuf@@XZ 0000000180008b60 f i BerconDistortion.obj
 0001:00007b60       ?IsManipulator@ClassDesc@@UEAAHXZ 0000000180008b60 f i BerconDistortion.obj
 0001:00007b60       ?CopySubTrack@Animatable@@UEAAPEAVTrackClipObject@@HVInterval@@K@Z 0000000180008b60 f i BerconDistortion.obj
 0001:00007b60       ?CreateQtWidget@ClassDesc2@@UEAAPEAVQMaxParamBlockWidget@MaxSDK@@AEAVReferenceMaker@@AEAVIParamBlock2@@FAEAVWStr@@AEAH3@Z 0000000180008b60 f i BerconDistortion.obj
 0001:00007b60       __scrt_stub_for_is_c_termination_complete 0000000180008b60 f i MSVCRT:ucrt_stubs.obj
 0001:00007b60       ?BeginCreate@ClassDesc@@UEAAHPEAVInterface@@@Z 0000000180008b60 f i BerconDistortion.obj
 0001:00007b60       ?SetSelKeyCoordsExpr@Animatable@@UEAAHPEAVParamDimension@@PEB_W1K@Z 0000000180008b60 f i BerconDistortion.obj
 0001:00007b60       ?PaintFCurves@Animatable@@UEAAHPEAVParamDimensionBase@@PEAUHDC__@@AEAVBox2@@2MHMHK@Z 0000000180008b60 f i BerconDistortion.obj
 0001:00007b60       ?SupportTimeOperations@Animatable@@UEAAHXZ 0000000180008b60 f i BerconDistortion.obj
 0001:00007b60       ?TrackParamsType@Animatable@@UEAAHXZ 0000000180008b60 f i BerconDistortion.obj
 0001:00007b60       ?IsSubCurveSelected@Animatable@@UEAAHH@Z 0000000180008b60 f i BerconDistortion.obj
 0001:00007b60       ?GetTheUVGen@Texmap@@UEAAPEAVUVGen@@XZ 0000000180008b60 f i BerconDistortion.obj
 0001:00007b60       ?NumRenderInstances@RenderGlobalContext@@UEAAHXZ 0000000180008b60 f i BerconDistortion.obj
 0001:00007b60       ?GetKeySelState@Animatable@@UEAAHAEAVBitArray@@VInterval@@K@Z 0000000180008b60 f i BerconDistortion.obj
 0001:00007b60       ?GetViewParams@RenderGlobalContext@@UEAAPEAVViewParams@@XZ 0000000180008b60 f i BerconDistortion.obj
 0001:00007b60       ?HandleOwnViewPerturb@Texmap@@UEAAHXZ 0000000180008b60 f i BerconDistortion.obj
 0001:00007b60       ?IntersectWorld@RenderGlobalContext@@UEAAHAEAVRay@@HAEAUISect@@AEAVISectList@@H@Z 0000000180008b60 f i BerconDistortion.obj
 0001:00007b60       ?GetSubFCurveExtents@Animatable@@UEAAHHPEAVParamDimensionBase@@AEAM1K@Z 0000000180008b60 f i BerconDistortion.obj
 0001:00007b60       ?AssignController@Animatable@@UEAAHPEAV1@H@Z 0000000180008b60 f i BerconDistortion.obj
 0001:00007b60       ?GetKeyTimes@Animatable@@UEAAHAEAV?$Tab@H@@VInterval@@K@Z 0000000180008b60 f i BerconDistortion.obj
 0001:00007b60       ?IsTextureSuperSampleOn@ShadeContext@@UEAAHXZ 0000000180008b60 f i BerconDistortion.obj
 0001:00007b60       ?GetNSuperSample@ShadeContext@@UEAAHXZ 0000000180008b60 f i BerconDistortion.obj
 0001:00007b60       ?GetCache@ShadeContext@@UEAAHPEAVTexmap@@AEAVAColor@@@Z 0000000180008b60 f i BerconDistortion.obj
 0001:00007b60       ?GetTheXYZGen@BerconNoise@@UEAAPEAVXYZGen@@XZ 0000000180008b60 f i BerconNoise.obj
 0001:00007b60       ?EndCreate@ClassDesc@@UEAAHPEAVInterface@@@Z 0000000180008b60 f i BerconDistortion.obj
 0001:00007b60       ?SetCustomImageList@ResourceMakerCallback@@UEAAHAEAPEAU_IMAGELIST@@PEAVICurveCtl@@@Z 0000000180008b60 f i BerconGradient.obj
 0001:00007b60       ?DebugFile@BerconSC@@UEAAPEAU_iobuf@@XZ 0000000180008b60 f i BerconDistortion.obj
 0001:00007b60       ?CanCopySubTrack@Animatable@@UEAAHHVInterval@@K@Z 0000000180008b60 f i BerconDistortion.obj
 0001:00007b60       ?HasClassParams@ClassDesc@@UEAAHXZ 0000000180008b60 f i BerconDistortion.obj
 0001:00007b60       ?NumActionTables@ClassDesc@@UEAAHXZ 0000000180008b60 f i BerconDistortion.obj
 0001:00007b60       ?SetKeyBufferPresent@Animatable@@UEAAHXZ 0000000180008b60 f i BerconDistortion.obj
 0001:00007b60       ?DebugFile@ShadeContext@@UEAAPEAU_iobuf@@XZ 0000000180008b60 f i BerconDistortion.obj
 0001:00007b60       ?Execute@IGradient@@UEAA_JH_K00@Z 0000000180008b60 f i BerconGradient.obj
 0001:00007b60       ?BypassPropertyLevel@Animatable@@UEAAHXZ 0000000180008b60 f i BerconDistortion.obj
 0001:00007b60       ?GetUVWSource@Texmap@@UEAAHXZ 0000000180008b60 f i BerconDistortion.obj
 0001:00007b60       ?GetFCurveExtents@Animatable@@UEAAHPEAVParamDimensionBase@@AEAM1K@Z 0000000180008b60 f i BerconDistortion.obj
 0001:00007b60       ?TrackViewWinProc@Animatable@@UEAA_JPEAUHWND__@@I_K_J@Z 0000000180008b60 f i BerconDistortion.obj
 0001:00007b60       ?CreateManipulator@ClassDesc@@UEAAPEAVManipulator@@PEAVReferenceTarget@@PEAVINode@@@Z 0000000180008b60 f i BerconDistortion.obj
 0001:00007b60       ?CanManipulate@ClassDesc@@UEAAHPEAVReferenceTarget@@@Z 0000000180008b60 f i BerconDistortion.obj
 0001:00007b60       ?ChildAnim@Animatable@@UEAAPEAV1@H@Z 0000000180008b60 f i BerconDistortion.obj
 0001:00007b60       ?NeedsToSave@ClassDesc@@UEAAHXZ 0000000180008b60 f i BerconDistortion.obj
 0001:00007b60       ?GetToolTip@ResourceMakerCallback@@UEAAHHAEAVWStr@@PEAVICurveCtl@@@Z 0000000180008b60 f i BerconGradient.obj
 0001:00007b60       ?GetKeyTime@Animatable@@UEAAHH@Z 0000000180008b60 f i BerconDistortion.obj
 0001:00007b60       ?Execute@ShadeContext@@UEAA_JH_K00@Z 0000000180008b60 f i BerconDistortion.obj
 0001:00007b60       ?GetRenderInstance@RenderGlobalContext@@UEAAPEAVRenderInstance@@H@Z 0000000180008b60 f i BerconDistortion.obj
 0001:00007b60       ?CopyTrack@Animatable@@UEAAPEAVTrackClipObject@@VInterval@@K@Z 0000000180008b60 f i BerconDistortion.obj
 0001:00007b60       ?CreateManipulator@ClassDesc@@UEAAPEAVManipulator@@PEAVINode@@@Z 0000000180008b60 f i BerconDistortion.obj
 0001:00007b60       ?BumpBasisVectors@ShadeContext@@UEAAHQEAVPoint3@@HH@Z 0000000180008b60 f i BerconDistortion.obj
 0001:00007b60       ?IsKeySelected@Animatable@@UEAAHH@Z 0000000180008b60 f i BerconDistortion.obj
 0001:00007b70       ?CreateQtWidget@ClassDesc2@@UEAAPEAVQMaxParamBlockWidget@MaxSDK@@AEAVReferenceMaker@@AEAVIParamBlock2@@FAEAVWStr@@AEAH3AEAVClass_ID@@@Z 0000000180008b70 f i BerconDistortion.obj
 0001:00007b80       ?SelectKeyByIndex@Animatable@@UEAAXHH@Z 0000000180008b80 f i BerconDistortion.obj
 0001:00007b80       ?PasteTrack@Animatable@@UEAAXPEAVTrackClipObject@@VInterval@@K@Z 0000000180008b80 f i BerconDistortion.obj
 0001:00007b80       ?DeleteKeyByIndex@Animatable@@UEAAXH@Z 0000000180008b80 f i BerconDistortion.obj
 0001:00007b80       ?__empty_global_delete@@YAXPEAX_K@Z 0000000180008b80 f i BerconDistortion.obj
 0001:00007b80       ?SetNormal@ShadeContext@@UEAAXVPoint3@@@Z 0000000180008b80 f i BerconDistortion.obj
 0001:00007b80       ?SetSelKeyCoords@Animatable@@UEAAXHMK@Z 0000000180008b80 f i BerconDistortion.obj
 0001:00007b80       ?PutCache@ShadeContext@@UEAAXPEAVTexmap@@AEBVAColor@@@Z 0000000180008b80 f i BerconDistortion.obj
 0001:00007b80       ?DeleteKeys@Animatable@@UEAAXK@Z 0000000180008b80 f i BerconDistortion.obj
 0001:00007b80       ?EditClassParams@ClassDesc@@UEAAXPEAUHWND__@@@Z 0000000180008b80 f i BerconDistortion.obj
 0001:00007b80       ?SelectSubCurve@Animatable@@UEAAXHH@Z 0000000180008b80 f i BerconDistortion.obj
 0001:00007b80       ?RefDeleted@ReferenceTarget@@UEAAXXZ 0000000180008b80 f i BerconDistortion.obj
 0001:00007b80       ?SelectKeys@Animatable@@UEAAXAEAV?$Tab@VTrackHitRecord@@@@K@Z 0000000180008b80 f i BerconDistortion.obj
 0001:00007b80       ?DeleteTime@Animatable@@UEAAXVInterval@@K@Z 0000000180008b80 f i BerconDistortion.obj
 0001:00007b80       ?PutCache@ShadeContext@@UEAAXPEAVTexmap@@AEBVPoint3@@@Z 0000000180008b80 f i BerconDistortion.obj
 0001:00007b80       ?PutCache@ShadeContext@@UEAAXPEAVTexmap@@M@Z 0000000180008b80 f i BerconDistortion.obj
 0001:00007b80       ?InsertTime@Animatable@@UEAAXHH@Z 0000000180008b80 f i BerconDistortion.obj
 0001:00007b80       ?FreeCaches@Animatable@@UEAAXXZ 0000000180008b80 f i BerconDistortion.obj
 0001:00007b80       ?DeleteSubAnim@Animatable@@UEAAXH@Z 0000000180008b80 f i BerconDistortion.obj
 0001:00007b80       ?SetupGfxMultiMaps@MtlBase@@UEAAXHPEAVMaterial@@AEAVMtlMakerCallback@@@Z 0000000180008b80 f i BerconDistortion.obj
 0001:00007b80       ?SelectSubKeys@Animatable@@UEAAXHAEAV?$Tab@VTrackHitRecord@@@@K@Z 0000000180008b80 f i BerconDistortion.obj
 0001:00007b80       ?MoveKeys@Animatable@@UEAAXPEAVParamDimensionBase@@MK@Z 0000000180008b80 f i BerconDistortion.obj
 0001:00007b80       ?ScaleTime@Animatable@@UEAAXVInterval@@M@Z 0000000180008b80 f i BerconDistortion.obj
 0001:00007b80       ?Update@ParamMap2UserDlgProc@@UEAAXH@Z 0000000180008b80 f i BerconDistortion.obj
 0001:00007b80       ?EndEditParams@Animatable@@UEAAXPEAVIObjParam@@KPEAV1@@Z 0000000180008b80 f i BerconDistortion.obj
 0001:00007b80       ?ReverseTime@Animatable@@UEAAXVInterval@@K@Z 0000000180008b80 f i BerconDistortion.obj
 0001:00007b80       ?EditTimeRange@Animatable@@UEAAXVInterval@@K@Z 0000000180008b80 f i BerconDistortion.obj
 0001:00007b80       ?SetThing@ParamMap2UserDlgProc@@UEAAXPEAVReferenceTarget@@@Z 0000000180008b80 f i BerconDistortion.obj
 0001:00007b80       ?SetTooltip@IGradient@@UEAAX_NPEB_W@Z 0000000180008b80 f i BerconGradient.obj
 0001:00007b80       ?Enable2@IGradient@@UEAAXH@Z 0000000180008b80 f i BerconGradient.obj
 0001:00007b80       _guard_check_icall_nop     0000000180008b80 f i MSVCRT:guard_support.obj
 0001:00007b80       ?ScaleKeyValues@Animatable@@UEAAXPEAVParamDimensionBase@@MMK@Z 0000000180008b80 f i BerconDistortion.obj
 0001:00007b80       ?AddNewKey@Animatable@@UEAAXHK@Z 0000000180008b80 f i BerconDistortion.obj
 0001:00007b80       ?IntersectRay@RenderGlobalContext@@UEAAXPEAVRenderInstance@@AEAVRay@@AEAUISect@@AEAVISectList@@H@Z 0000000180008b80 f i BerconDistortion.obj
 0001:00007b80       ?LocalMappingsRequired@MtlBase@@UEAAXHAEAVBitArray@@0@Z 0000000180008b80 f i BerconDistortion.obj
 0001:00007b80       ?CloneSelectedKeys@Animatable@@UEAAXH@Z 0000000180008b80 f i BerconDistortion.obj
 0001:00007b80       ?CopyKeysFromTime@Animatable@@UEAAXHHK@Z 0000000180008b80 f i BerconDistortion.obj
 0001:00007b80       ?CommitSetKeyBuffer@Animatable@@UEAAXH@Z 0000000180008b80 f i BerconDistortion.obj
 0001:00007b80       ?ResetCallback@ResourceMakerCallback@@UEAAXHPEAVICurveCtl@@@Z 0000000180008b80 f i BerconGradient.obj
 0001:00007b80       ?AdjustTangents@Animatable@@UEAAXVTrackHitRecord@@PEAVParamDimensionBase@@AEAVBox2@@MHMHHHK@Z 0000000180008b80 f i BerconDistortion.obj
 0001:00007b80       ?FreeAllBitmaps@Animatable@@UEAAXXZ 0000000180008b80 f i BerconDistortion.obj
 0001:00007b80       ?Enable@IGradient@@UEAAXH@Z 0000000180008b80 f i BerconGradient.obj
 0001:00007b80       ?FlagKey@Animatable@@UEAAXVTrackHitRecord@@@Z 0000000180008b80 f i BerconDistortion.obj
 0001:00007b80       ?AdjustTangents@Animatable@@UEAAXVTrackHitRecord@@PEAVParamDimensionBase@@MMK@Z 0000000180008b80 f i BerconDistortion.obj
 0001:00007b80       ?SelectCurve@Animatable@@UEAAXH@Z 0000000180008b80 f i BerconDistortion.obj
 0001:00007b80       ?SetOutputLevel@Texmap@@UEAAXHM@Z 0000000180008b80 f i BerconDistortion.obj
 0001:00007b80       ?SetIOR@ShadeContext@@UEAAXM@Z 0000000180008b80 f i BerconDistortion.obj
 0001:00007b80       ?BeginEditParams@Animatable@@UEAAXPEAVIObjParam@@KPEAV1@@Z 0000000180008b80 f i BerconDistortion.obj
 0001:00007b80       ?SetParamBlock@ParamMap2UserDlgProc@@UEAAXPEAVIParamBlock2@@@Z 0000000180008b80 f i BerconDistortion.obj
 0001:00007b80       ?DeleteKeyAtTime@Animatable@@UEAAXH@Z 0000000180008b80 f i BerconDistortion.obj
 0001:00007b80       ?NotifyTarget@ReferenceTarget@@UEAAXHPEAVReferenceMaker@@@Z 0000000180008b80 f i BerconDistortion.obj
 0001:00007b80       ?NewCurveCreatedCallback@ResourceMakerCallback@@UEAAXHPEAVICurveCtl@@@Z 0000000180008b80 f i BerconGradient.obj
 0001:00007b80       ?__global_delete@@YAXPEAX_K@Z 0000000180008b80 f i BerconDistortion.obj
 0001:00007b80       ?DP@ShadeContext@@UEAAXAEAVPoint3@@0@Z 0000000180008b80 f i BerconDistortion.obj
 0001:00007b80       ?RevertSetKeyBuffer@Animatable@@UEAAXXZ 0000000180008b80 f i BerconDistortion.obj
 0001:00007b80       ?GetSystemNodes@Animatable@@UEAAXAEAVINodeTab@@W4SysNodeContext@@@Z 0000000180008b80 f i BerconDistortion.obj
 0001:00007b80       ?RefDeletedUndoRedo@ReferenceTarget@@UEAAXXZ 0000000180008b80 f i BerconDistortion.obj
 0001:00007b80       ?PasteSubTrack@Animatable@@UEAAXHPEAVTrackClipObject@@VInterval@@K@Z 0000000180008b80 f i BerconDistortion.obj
 0001:00007b80       ?RefAddedUndoRedo@ReferenceTarget@@UEAAXPEAVReferenceMaker@@@Z 0000000180008b80 f i BerconDistortion.obj
 0001:00007b80       ?TossCache@ShadeContext@@UEAAXPEAVTexmap@@@Z 0000000180008b80 f i BerconDistortion.obj
 0001:00007b80       ?EditTrackParams@Animatable@@UEAAXHPEAVParamDimensionBase@@PEB_WPEAUHWND__@@PEAVIObjParam@@K@Z 0000000180008b80 f i BerconDistortion.obj
 0001:00007b80       ?Disable@IGradient@@UEAAXXZ 0000000180008b80 f i BerconGradient.obj
 0001:00007b90       ?InitialRollupPageState@ClassDesc@@UEAAKXZ 0000000180008b90 f i BerconDistortion.obj
 0001:00007ba0       ?DrawRepresentation@ClassDesc@@UEAA_NKPEAUHDC__@@AEAVBox2@@@Z 0000000180008ba0 f i BerconDistortion.obj
 0001:00007ba0       ?UseOnlyInternalNameForMAXScriptExposure@ClassDesc@@UEAA_NXZ 0000000180008ba0 f i BerconDistortion.obj
 0001:00007ba0       ?GetMacroRecorderName@Animatable@@UEAA_N_NAEAVWStr@@@Z 0000000180008ba0 f i BerconDistortion.obj
 0001:00007ba0       ?IsLocalOutputMeaningful@Texmap@@UEAA_NAEAVShadeContext@@@Z 0000000180008ba0 f i BerconDistortion.obj
 0001:00007bb0       ?NumInterfaces@ClassDesc@@UEAAHXZ 0000000180008bb0 f i BerconDistortion.obj
 0001:00007bc0       ?GetInterfaceAt@ClassDesc@@UEAAPEAVFPInterface@@H@Z 0000000180008bc0 f i BerconDistortion.obj
 0001:00007ca0       ?ClearInterfaces@ClassDesc@@UEAAXXZ 0000000180008ca0 f i BerconDistortion.obj
 0001:00007cb0       ?SubClassID@ClassDesc@@UEAA?AVClass_ID@@XZ 0000000180008cb0 f i BerconDistortion.obj
 0001:00007cc0       ?What@TabOutOfRangeException@Util@MaxSDK@@UEBAPEB_WXZ 0000000180008cc0 f i BerconDistortion.obj
 0001:00007ce0       ??1TabOutOfRangeException@Util@MaxSDK@@UEAA@XZ 0000000180008ce0 f i BerconDistortion.obj
 0001:00007d00       ??0TabOutOfRangeException@Util@MaxSDK@@QEAA@AEBV012@@Z 0000000180008d00 f i BerconDistortion.obj
 0001:00007d40       ??_ETabOutOfRangeException@Util@MaxSDK@@UEAAPEAXI@Z 0000000180008d40 f i BerconDistortion.obj
 0001:00007d40       ??_GTabOutOfRangeException@Util@MaxSDK@@UEAAPEAXI@Z 0000000180008d40 f i BerconDistortion.obj
 0001:00007db0       ??0BerconDistortion@@QEAA@XZ 0000000180008db0 f   BerconDistortion.obj
 0001:00007f70       ??0BerconSC@@QEAA@QEAVShadeContext@@@Z 0000000180008f70 f i BerconDistortion.obj
 0001:00008150       ??0TabOutOfRangeException@Util@MaxSDK@@QEAA@PEB_W@Z 0000000180009150 f i BerconDistortion.obj
 0001:00008180       ??0VertexNormalsControl@@QEAA@XZ 0000000180009180 f i BerconDistortion.obj
 0001:000081b0       ??0XYZ_Desc@@QEAA@PEAVClassDesc2@@HHHHHHH@Z 00000001800091b0 f i BerconDistortion.obj
 0001:00009480       ??1?$Tab@PEAVBaseInterface@@@@UEAA@XZ 000000018000a480 f i BerconDistortion.obj
 0001:000094b0       ??1?$Tab@PEAVVertexNormalsCallback@@@@UEAA@XZ 000000018000a4b0 f i BerconDistortion.obj
 0001:000094e0       ??1BerconSC@@UEAA@XZ       000000018000a4e0 f i BerconDistortion.obj
 0001:00009530       ??1ParamMap2UserDlgProc@@UEAA@XZ 000000018000a530 f i BerconDistortion.obj
 0001:00009540       ??1ShadeOutput@@UEAA@XZ    000000018000a540 f i BerconDistortion.obj
 0001:00009540       ??1RenderGlobalContext@@UEAA@XZ 000000018000a540 f i BerconDistortion.obj
 0001:00009560       ??1ShadeContext@@UEAA@XZ   000000018000a560 f i BerconDistortion.obj
 0001:000095a0       ??1Texmap@@UEAA@XZ         000000018000a5a0 f i BerconDistortion.obj
 0001:000095c0       ??_EBerconDistortion@@WEI@EAAPEAXI@Z 000000018000a5c0 f i BerconDistortion.obj
 0001:000095cc       ??_EBerconSC@@WCJA@EAAPEAXI@Z 000000018000a5cc f i BerconDistortion.obj
 0001:000095e0       ??_G?$Tab@PEAVBaseInterface@@@@UEAAPEAXI@Z 000000018000a5e0 f i BerconDistortion.obj
 0001:000095e0       ??_E?$Tab@PEAVBaseInterface@@@@UEAAPEAXI@Z 000000018000a5e0 f i BerconDistortion.obj
 0001:00009650       ??_E?$Tab@PEAVVertexNormalsCallback@@@@UEAAPEAXI@Z 000000018000a650 f i BerconDistortion.obj
 0001:00009650       ??_G?$Tab@PEAVVertexNormalsCallback@@@@UEAAPEAXI@Z 000000018000a650 f i BerconDistortion.obj
 0001:000096c0       ??_GBaseInterfaceServer@@UEAAPEAXI@Z 000000018000a6c0 f i BerconDistortion.obj
 0001:000096c0       ??_EBaseInterfaceServer@@UEAAPEAXI@Z 000000018000a6c0 f i BerconDistortion.obj
 0001:00009710       ??_EBerconDistortion@@UEAAPEAXI@Z 000000018000a710 f i BerconDistortion.obj
 0001:00009710       ??_GBerconDistortion@@UEAAPEAXI@Z 000000018000a710 f i BerconDistortion.obj
 0001:000097b0       ??_EBerconSC@@UEAAPEAXI@Z  000000018000a7b0 f i BerconDistortion.obj
 0001:000097b0       ??_GBerconSC@@UEAAPEAXI@Z  000000018000a7b0 f i BerconDistortion.obj
 0001:00009840       ??_GBerconNoiseDlgProc@@UEAAPEAXI@Z 000000018000a840 f i BerconNoise.obj
 0001:00009840       ??_GBerconTileDlgProc@@UEAAPEAXI@Z 000000018000a840 f i BerconTile.obj
 0001:00009840       ??_EBerconTileDlgProc@@UEAAPEAXI@Z 000000018000a840 f i BerconTile.obj
 0001:00009840       ??_GBerconWoodDlgProc@@UEAAPEAXI@Z 000000018000a840 f i BerconWood.obj
 0001:00009840       ??_GBerconXYZDlgProc@@UEAAPEAXI@Z 000000018000a840 f i BerconDistortion.obj
 0001:00009840       ??_EBerconXYZDlgProc@@UEAAPEAXI@Z 000000018000a840 f i BerconDistortion.obj
 0001:00009840       ??_EBerconWoodDlgProc@@UEAAPEAXI@Z 000000018000a840 f i BerconWood.obj
 0001:00009840       ??_EBerconNoiseDlgProc@@UEAAPEAXI@Z 000000018000a840 f i BerconNoise.obj
 0001:00009890       ??_GInterfaceServer@@UEAAPEAXI@Z 000000018000a890 f i BerconDistortion.obj
 0001:00009890       ??_EInterfaceServer@@UEAAPEAXI@Z 000000018000a890 f i BerconDistortion.obj
 0001:000098e0       ??_GParamMap2UserDlgProc@@UEAAPEAXI@Z 000000018000a8e0 f i BerconDistortion.obj
 0001:000098e0       ??_EParamMap2UserDlgProc@@UEAAPEAXI@Z 000000018000a8e0 f i BerconDistortion.obj
 0001:00009920       ??_ERenderGlobalContext@@UEAAPEAXI@Z 000000018000a920 f i BerconDistortion.obj
 0001:00009920       ??_GRenderGlobalContext@@UEAAPEAXI@Z 000000018000a920 f i BerconDistortion.obj
 0001:00009990       ??_EShadeContext@@UEAAPEAXI@Z 000000018000a990 f i BerconDistortion.obj
 0001:00009990       ??_GShadeContext@@UEAAPEAXI@Z 000000018000a990 f i BerconDistortion.obj
 0001:00009a10       ??_GShadeOutput@@UEAAPEAXI@Z 000000018000aa10 f i BerconDistortion.obj
 0001:00009a10       ??_EShadeOutput@@UEAAPEAXI@Z 000000018000aa10 f i BerconDistortion.obj
 0001:00009a80       ?ActivateTexDisplay@BerconDistortion@@UEAAXH@Z 000000018000aa80 f i BerconDistortion.obj
 0001:00009ab0       ?Antialias@BerconSC@@UEAAHXZ 000000018000aab0 f i BerconDistortion.obj
 0001:00009ac0       ?BarycentricCoords@BerconSC@@UEAA?AVPoint3@@XZ 000000018000aac0 f i BerconDistortion.obj
 0001:00009ae0       ?BarycentricCoords@ShadeContext@@UEAA?AVPoint3@@XZ 000000018000aae0 f i BerconDistortion.obj
 0001:00009af0       ?BumpBasisVectors@BerconSC@@UEAAHQEAVPoint3@@HH@Z 000000018000aaf0 f i BerconDistortion.obj
 0001:00009b10       ?BypassTrackBar@Animatable@@UEAAHXZ 000000018000ab10 f i BerconDistortion.obj
 0001:00009b20       ?CamFarRange@BerconSC@@UEAAMXZ 000000018000ab20 f i BerconDistortion.obj
 0001:00009b40       ?RayConeAngle@ShadeContext@@UEAAMXZ 000000018000ab40 f i BerconDistortion.obj
 0001:00009b40       ?Curve@ShadeContext@@UEAAMXZ 000000018000ab40 f i BerconDistortion.obj
 0001:00009b40       ?CamFarRange@ShadeContext@@UEAAMXZ 000000018000ab40 f i BerconDistortion.obj
 0001:00009b40       ?CamNearRange@ShadeContext@@UEAAMXZ 000000018000ab40 f i BerconDistortion.obj
 0001:00009b40       ?GetAAFilterSize@RenderGlobalContext@@UEAAMXZ 000000018000ab40 f i BerconDistortion.obj
 0001:00009b50       ?CamNearRange@BerconSC@@UEAAMXZ 000000018000ab50 f i BerconDistortion.obj
 0001:00009b70       ?CamPos@BerconSC@@UEAA?AVPoint3@@XZ 000000018000ab70 f i BerconDistortion.obj
 0001:00009ba0       ?ClassID@BerconSC@@UEAA?AVClass_ID@@XZ 000000018000aba0 f i BerconDistortion.obj
 0001:00009bc0       ?ClassID@ShadeContext@@UEAA?AVClass_ID@@XZ 000000018000abc0 f i BerconDistortion.obj
 0001:00009bc0       ?SurfacePtScreen@ShadeContext@@UEAA?AVPoint2@@XZ 000000018000abc0 f i BerconDistortion.obj
 0001:00009bd0       ?Clone@BerconDistortion@@UEAAPEAVReferenceTarget@@AEAVRemapDir@@@Z 000000018000abd0 f   BerconDistortion.obj
 0001:00009d00       ?CreateParamDlg@BerconDistortion@@UEAAPEAVParamDlg@@PEAUHWND__@@PEAVIMtlParams@@@Z 000000018000ad00 f   BerconDistortion.obj
 0001:00009d80       ?CurTime@BerconSC@@UEAAHXZ 000000018000ad80 f i BerconDistortion.obj
 0001:00009d90       ?Curve@BerconSC@@UEAAMXZ   000000018000ad90 f i BerconDistortion.obj
 0001:00009db0       ?DP@BerconSC@@UEAA?AVPoint3@@XZ 000000018000adb0 f i BerconDistortion.obj
 0001:00009de0       ?DP@BerconSC@@UEAAXAEAVPoint3@@0@Z 000000018000ade0 f i BerconDistortion.obj
 0001:00009e00       ?DPObj@BerconSC@@UEAA?AVPoint3@@XZ 000000018000ae00 f i BerconDistortion.obj
 0001:00009e30       ?DPObjRelBox@BerconSC@@UEAA?AVPoint3@@XZ 000000018000ae30 f i BerconDistortion.obj
 0001:00009e60       ?DPdUVW@BerconSC@@UEAAXQEAVPoint3@@H@Z 000000018000ae60 f i BerconDistortion.obj
 0001:00009e80       ?DUVW@BerconSC@@UEAA?AVPoint3@@H@Z 000000018000ae80 f i BerconDistortion.obj
 0001:00009ea4       ?DebugFile@BerconSC@@WCJA@EAAPEAU_iobuf@@XZ 000000018000aea4 f i BerconDistortion.obj
 0001:00009eb0       ?DeleteThis@BerconNoiseDlgProc@@UEAAXXZ 000000018000aeb0 f i BerconNoise.obj
 0001:00009eb0       ?DeleteThis@BerconXYZDlgProc@@UEAAXXZ 000000018000aeb0 f i BerconDistortion.obj
 0001:00009eb0       ?DeleteThis@BerconNoise@@UEAAXXZ 000000018000aeb0 f i BerconNoise.obj
 0001:00009eb0       ?DeleteThis@BerconGradient@@UEAAXXZ 000000018000aeb0 f i BerconGradient.obj
 0001:00009eb0       ?DeleteThis@BerconWoodDlgProc@@UEAAXXZ 000000018000aeb0 f i BerconWood.obj
 0001:00009eb0       ?DeleteThis@BerconTileDlgProc@@UEAAXXZ 000000018000aeb0 f i BerconTile.obj
 0001:00009eb0       ?DeleteThis@BerconDistortion@@UEAAXXZ 000000018000aeb0 f i BerconDistortion.obj
 0001:00009eb0       ?DeleteThis@BerconGradientDlgProc@@UEAAXXZ 000000018000aeb0 f i BerconGradient.obj
 0001:00009eb0       ?DeleteThis@BerconTile@@UEAAXXZ 000000018000aeb0 f i BerconTile.obj
 0001:00009eb0       ?DeleteThis@BerconWood@@UEAAXXZ 000000018000aeb0 f i BerconWood.obj
 0001:00009ed0       ?DiffuseIllum@BerconSC@@UEAA?AVColor@@XZ 000000018000aed0 f i BerconDistortion.obj
 0001:00009f00       ?DlgProc@BerconXYZDlgProc@@UEAA_JHPEAVIParamMap2@@PEAUHWND__@@I_K_J@Z 000000018000af00 f i BerconDistortion.obj
 0001:0000a410       ?EditTrack@Animatable@@UEAAXXZ 000000018000b410 f i BerconDistortion.obj
 0001:0000a440       ?EvalColor@BerconDistortion@@UEAA?AVAColor@@AEAVShadeContext@@@Z 000000018000b440 f   BerconDistortion.obj
 0001:0000a5c0       ?EvalEnvironMap@BerconSC@@UEAA?AVAColor@@PEAVTexmap@@VPoint3@@@Z 000000018000b5c0 f i BerconDistortion.obj
 0001:0000a610       ?EvalGlobalEnvironMap@BerconSC@@UEAA?AVAColor@@VPoint3@@@Z 000000018000b610 f i BerconDistortion.obj
 0001:0000a660       ?EvalGlobalEnvironMap@RenderGlobalContext@@UEAA?AVAColor@@AEAVShadeContext@@AEAVRay@@H@Z 000000018000b660 f i BerconDistortion.obj
 0001:0000a680       ?EvalGlobalEnvironMap@ShadeContext@@UEAA?AVAColor@@VPoint3@@@Z 000000018000b680 f i BerconDistortion.obj
 0001:0000a690       ?EvalMono@BerconDistortion@@UEAAMAEAVShadeContext@@@Z 000000018000b690 f   BerconDistortion.obj
 0001:0000a800       ?EvalNormalPerturb@BerconDistortion@@UEAA?AVPoint3@@AEAVShadeContext@@@Z 000000018000b800 f   BerconDistortion.obj
 0001:0000a970       ?Execute@BerconSC@@UEAA_JH_K00@Z 000000018000b970 f i BerconDistortion.obj
 0001:0000a984       ?Execute@BerconSC@@WCJA@EAA_JH_K00@Z 000000018000b984 f i BerconDistortion.obj
 0001:0000a990       ?FaceNumber@BerconSC@@UEAAHXZ 000000018000b990 f i BerconDistortion.obj
 0001:0000a9a0       ?GNormal@BerconSC@@UEAA?AVPoint3@@XZ 000000018000b9a0 f i BerconDistortion.obj
 0001:0000a9d0       ?GetActiveTexHandle@BerconDistortion@@UEAA_KHAEAVTexHandleMaker@@@Z 000000018000b9d0 f   BerconDistortion.obj
 0001:0000aa90       ?GetBGColor@BerconSC@@UEAAXAEAVColor@@0H@Z 000000018000ba90 f i BerconDistortion.obj
 0001:0000aab0       ?GetBerconDistortionDesc@@YAPEAVClassDesc2@@XZ 000000018000bab0 f   BerconDistortion.obj
 0001:0000aac0       ?GetCache@BerconSC@@UEAAHPEAVTexmap@@AEAM@Z 000000018000bac0 f i BerconDistortion.obj
 0001:0000aae0       ?GetCache@BerconSC@@UEAAHPEAVTexmap@@AEAVAColor@@@Z 000000018000bae0 f i BerconDistortion.obj
 0001:0000ab00       ?GetCache@BerconSC@@UEAAHPEAVTexmap@@AEAVPoint3@@@Z 000000018000bb00 f i BerconDistortion.obj
 0001:0000ab20       ?GetClassName@BerconDistortion@@UEAAXAEAVWStr@@@Z 000000018000bb20 f i BerconDistortion.obj
 0001:0000ab50       ?GetEvalObject@BerconSC@@UEAAPEAVObject@@XZ 000000018000bb50 f i BerconDistortion.obj
 0001:0000ab60       ?GetKeyIndex@Animatable@@UEAAHH@Z 000000018000bb60 f i BerconDistortion.obj
 0001:0000ab60       ?GetFlagKeyIndex@Animatable@@UEAAHXZ 000000018000bb60 f i BerconDistortion.obj
 0001:0000ab60       ?NodeID@ShadeContext@@UEAAHXZ 000000018000bb60 f i BerconDistortion.obj
 0001:0000ab60       ?NumKeys@Animatable@@UEAAHXZ 000000018000bb60 f i BerconDistortion.obj
 0001:0000ab70       ?GetIOR@BerconSC@@UEAAMXZ  000000018000bb70 f i BerconDistortion.obj
 0001:0000ab90       ?GetSampleSizeScale@ShadeContext@@UEAAMXZ 000000018000bb90 f i BerconDistortion.obj
 0001:0000ab90       ?GetIOR@ShadeContext@@UEAAMXZ 000000018000bb90 f i BerconDistortion.obj
 0001:0000aba0       ?GetInterface@MtlBase@@UEAAPEAVBaseInterface@@VInterface_ID@@@Z 000000018000bba0 f i BerconDistortion.obj
 0001:0000abd0       ?GetNSuperSample@BerconSC@@UEAAHXZ 000000018000bbd0 f i BerconDistortion.obj
 0001:0000abf0       ?GetParamBlock@BerconDistortion@@UEAAPEAVIParamBlock2@@H@Z 000000018000bbf0 f i BerconDistortion.obj
 0001:0000ac10       ?GetParamBlockByID@BerconDistortion@@UEAAPEAVIParamBlock2@@F@Z 000000018000bc10 f i BerconDistortion.obj
 0001:0000ac60       ?GetParamDimension@Animatable@@UEAAPEAVParamDimension@@H@Z 000000018000bc60 f i BerconDistortion.obj
 0001:0000ac70       ?GetRefTarget@MtlBase@@UEAAPEAVReferenceTarget@@XZ 000000018000bc70 f i BerconDistortion.obj
 0001:0000ac80       ?SubAnim@BerconDistortion@@UEAAPEAVAnimatable@@H@Z 000000018000bc80 f   BerconDistortion.obj
 0001:0000ac80       ?GetReference@BerconDistortion@@UEAAPEAVReferenceTarget@@H@Z 000000018000bc80 f   BerconDistortion.obj
 0001:0000acb0       ?GetRenderElement@BerconSC@@UEAAPEAVIRenderElement@@H@Z 000000018000bcb0 f i BerconDistortion.obj
 0001:0000acd0       ?GetRenderElement@ShadeContext@@UEAAPEAVIRenderElement@@H@Z 000000018000bcd0 f i BerconDistortion.obj
 0001:0000acf0       ?GetSampleSizeScale@BerconSC@@UEAAMXZ 000000018000bcf0 f i BerconDistortion.obj
 0001:0000ad10       ?GetSubAnimCurveColor@Animatable@@UEAAKH@Z 000000018000bd10 f i BerconDistortion.obj
 0001:0000ad20       ?GetSubTexmap@BerconDistortion@@UEAAPEAVTexmap@@H@Z 000000018000bd20 f i BerconDistortion.obj
 0001:0000ad30       ?GetSubTexmapSlotName@BerconDistortion@@UEAA?AVWStr@@H@Z 000000018000bd30 f   BerconDistortion.obj
 0001:0000adc0       ?NumParamBlocks@BerconTile@@UEAAHXZ 000000018000bdc0 f i BerconTile.obj
 0001:0000adc0       ?NumParamBlocks@BerconWood@@UEAAHXZ 000000018000bdc0 f i BerconWood.obj
 0001:0000adc0       ?GetTextureTiling@Texmap@@UEAAHXZ 000000018000bdc0 f i BerconDistortion.obj
 0001:0000adc0       ?NumParamBlocks@BerconNoise@@UEAAHXZ 000000018000bdc0 f i BerconNoise.obj
 0001:0000adc0       ?NumSubTexmaps@BerconDistortion@@UEAAHXZ 000000018000bdc0 f i BerconDistortion.obj
 0001:0000add0       ?GetUVTransform@Texmap@@UEAAXAEAVMatrix3@@@Z 000000018000bdd0 f i BerconDistortion.obj
 0001:0000ade0       ?HitTestFCurves@Animatable@@UEAAHPEAVParamDimensionBase@@AEAV?$Tab@VTrackHitRecord@@@@AEAVBox2@@2MHMHK@Z 000000018000bde0 f i BerconDistortion.obj
 0001:0000ade0       ?HitTestSubFCurves@Animatable@@UEAAHHPEAVParamDimensionBase@@AEAV?$Tab@VTrackHitRecord@@@@AEAVBox2@@2MHMHK@Z 000000018000bde0 f i BerconDistortion.obj
 0001:0000adf0       ?NumParamBlocks@BerconDistortion@@UEAAHXZ 000000018000bdf0 f i BerconDistortion.obj
 0001:0000adf0       ?PaintTrack@Animatable@@UEAAHPEAVParamDimensionBase@@PEAUHDC__@@AEAVBox2@@2MHK@Z 000000018000bdf0 f i BerconDistortion.obj
 0001:0000adf0       ?HitTestTrack@Animatable@@UEAAHAEAV?$Tab@VTrackHitRecord@@@@AEAVBox2@@1MHK@Z 000000018000bdf0 f i BerconDistortion.obj
 0001:0000adf0       ?PaintSubTrack@Animatable@@UEAAHHPEAVParamDimensionBase@@PEAUHDC__@@AEAVBox2@@2MHK@Z 000000018000bdf0 f i BerconDistortion.obj
 0001:0000adf0       ?NumParamBlocks@BerconGradient@@UEAAHXZ 000000018000bdf0 f i BerconGradient.obj
 0001:0000ae00       ?InMtlEditor@BerconSC@@UEAAHXZ 000000018000be00 f i BerconDistortion.obj
 0001:0000ae10       ?InitSlotType@Texmap@@UEAAXH@Z 000000018000be10 f i BerconDistortion.obj
 0001:0000ae20       __acrt_thread_detach       000000018000be20 f i MSVCRT:ucrt_stubs.obj
 0001:0000ae20       __vcrt_uninitialize        000000018000be20 f i MSVCRT:ucrt_stubs.obj
 0001:0000ae20       __acrt_uninitialize_critical 000000018000be20 f i MSVCRT:ucrt_stubs.obj
 0001:0000ae20       __acrt_initialize          000000018000be20 f i MSVCRT:ucrt_stubs.obj
 0001:0000ae20       __vcrt_initialize          000000018000be20 f i MSVCRT:ucrt_stubs.obj
 0001:0000ae20       __vcrt_uninitialize_critical 000000018000be20 f i MSVCRT:ucrt_stubs.obj
 0001:0000ae20       __scrt_stub_for_acrt_thread_detach 000000018000be20 f i MSVCRT:ucrt_stubs.obj
 0001:0000ae20       __scrt_stub_for_acrt_uninitialize 000000018000be20 f i MSVCRT:ucrt_stubs.obj
 0001:0000ae20       __acrt_thread_attach       000000018000be20 f i MSVCRT:ucrt_stubs.obj
 0001:0000ae20       __vcrt_thread_attach       000000018000be20 f i MSVCRT:ucrt_stubs.obj
 0001:0000ae20       __scrt_stub_for_acrt_thread_attach 000000018000be20 f i MSVCRT:ucrt_stubs.obj
 0001:0000ae20       __vcrt_thread_detach       000000018000be20 f i MSVCRT:ucrt_stubs.obj
 0001:0000ae20       ?IsParamBlockDesc2Used@Animatable@@UEAA_NPEAVParamBlockDesc2@@@Z 000000018000be20 f i BerconDistortion.obj
 0001:0000ae20       __scrt_stub_for_acrt_uninitialize_critical 000000018000be20 f i MSVCRT:ucrt_stubs.obj
 0001:0000ae20       __acrt_uninitialize        000000018000be20 f i MSVCRT:ucrt_stubs.obj
 0001:0000ae20       __scrt_stub_for_acrt_initialize 000000018000be20 f i MSVCRT:ucrt_stubs.obj
 0001:0000ae30       ?ScaledToRGB@BerconSC@@UEBAPEAVToneOperator@@M@Z 000000018000be30 f i BerconDistortion.obj
 0001:0000ae30       ?ScaleRGB@BerconSC@@UEBAPEAVToneOperator@@M@Z 000000018000be30 f i BerconDistortion.obj
 0001:0000ae30       ?ScaledToRGB@BerconSC@@UEBAPEAVToneOperator@@XZ 000000018000be30 f i BerconDistortion.obj
 0001:0000ae30       ?IsPhysicalSpace@BerconSC@@UEBAPEAVToneOperator@@XZ 000000018000be30 f i BerconDistortion.obj
 0001:0000ae60       ?IsSubClassOf@Animatable@@UEAAHVClass_ID@@@Z 000000018000be60 f i BerconDistortion.obj
 0001:0000aea0       ?IsSuperSampleOn@BerconSC@@UEAAHXZ 000000018000bea0 f i BerconDistortion.obj
 0001:0000aec0       ?IsTextureSuperSampleOn@BerconSC@@UEAAHXZ 000000018000bec0 f i BerconDistortion.obj
 0001:0000aee0       ?Light@BerconSC@@UEAAPEAVLightDesc@@H@Z 000000018000bee0 f i BerconDistortion.obj
 0001:0000aef0       ?LocalRequirements@BerconDistortion@@UEAAKH@Z 000000018000bef0 f i BerconDistortion.obj
 0001:0000af10       ?MapSlotType@Texmap@@UEAAHH@Z 000000018000bf10 f i BerconDistortion.obj
 0001:0000af20       ?MappingsRequired@BerconDistortion@@UEAAXHAEAVBitArray@@0@Z 000000018000bf20 f i BerconDistortion.obj
 0001:0000af40       ?NRenderElements@BerconSC@@UEAAHXZ 000000018000bf40 f i BerconDistortion.obj
 0001:0000af60       ?NRenderElements@ShadeContext@@UEAAHXZ 000000018000bf60 f i BerconDistortion.obj
 0001:0000af80       ?Node@BerconSC@@UEAAPEAVINode@@XZ 000000018000bf80 f i BerconDistortion.obj
 0001:0000af90       ?NodeID@BerconSC@@UEAAHXZ  000000018000bf90 f i BerconDistortion.obj
 0001:0000afa0       ?Normal@BerconSC@@UEAA?AVPoint3@@XZ 000000018000bfa0 f i BerconDistortion.obj
 0001:0000afc0       ?NotifyDependents@ReferenceMaker@@EEAA?AW4RefResult@@AEBVInterval@@_KIKHPEAVReferenceTarget@@@Z 000000018000bfc0 f i BerconDistortion.obj
 0001:0000aff0       ?NotifyForeground@ReferenceTarget@@UEAAXH@Z 000000018000bff0 f i BerconDistortion.obj
 0001:0000b050       ?NotifyRefChanged@BerconDistortion@@UEAA?AW4RefResult@@AEBVInterval@@PEAVReferenceTarget@@AEA_KIH@Z 000000018000c050 f   BerconDistortion.obj
 0001:0000b0f0       ?NumSubs@BerconDistortion@@UEAAHXZ 000000018000c0f0 f i BerconDistortion.obj
 0001:0000b0f0       ?NumRefs@BerconDistortion@@UEAAHXZ 000000018000c0f0 f i BerconDistortion.obj
 0001:0000b0f0       ?LibNumberClasses@@YAHXZ   000000018000c0f0 f i DllEntry.obj
 0001:0000b100       ?ObjectBox@BerconSC@@UEAA?AVBox3@@XZ 000000018000c100 f i BerconDistortion.obj
 0001:0000b130       ?OrigNormal@BerconSC@@UEAA?AVPoint3@@XZ 000000018000c130 f i BerconDistortion.obj
 0001:0000b150       ?OrigNormal@ShadeContext@@UEAA?AVPoint3@@XZ 000000018000c150 f i BerconDistortion.obj
 0001:0000b170       ?OrigView@BerconSC@@UEAA?AVPoint3@@XZ 000000018000c170 f i BerconDistortion.obj
 0001:0000b1a0       ?OrigView@ShadeContext@@UEAA?AVPoint3@@XZ 000000018000c1a0 f i BerconDistortion.obj
 0001:0000b1c0       ?P@BerconSC@@UEAA?AVPoint3@@XZ 000000018000c1c0 f i BerconDistortion.obj
 0001:0000b230       ?PObj@BerconSC@@UEAA?AVPoint3@@XZ 000000018000c230 f i BerconDistortion.obj
 0001:0000b2a0       ?PObjRelBox@BerconSC@@UEAA?AVPoint3@@XZ 000000018000c2a0 f i BerconDistortion.obj
 0001:0000b2d0       ?PointFrom@BerconSC@@UEAA?AVPoint3@@AEBV2@W4RefFrame@@@Z 000000018000c2d0 f i BerconDistortion.obj
 0001:0000b300       ?PointTo@BerconSC@@UEAA?AVPoint3@@AEBV2@W4RefFrame@@@Z 000000018000c300 f i BerconDistortion.obj
 0001:0000b330       ?ProjType@BerconSC@@UEAAHXZ 000000018000c330 f i BerconDistortion.obj
 0001:0000b340       ?PutCache@BerconSC@@UEAAXPEAVTexmap@@AEBVAColor@@@Z 000000018000c340 f i BerconDistortion.obj
 0001:0000b360       ?PutCache@BerconSC@@UEAAXPEAVTexmap@@AEBVPoint3@@@Z 000000018000c360 f i BerconDistortion.obj
 0001:0000b380       ?PutCache@BerconSC@@UEAAXPEAVTexmap@@M@Z 000000018000c380 f i BerconDistortion.obj
 0001:0000b3a0       ?RayConeAngle@BerconSC@@UEAAMXZ 000000018000c3a0 f i BerconDistortion.obj
 0001:0000b3c0       ?RayDiam@BerconSC@@UEAAMXZ 000000018000c3c0 f i BerconDistortion.obj
 0001:0000b3e0       ?RayDiam@ShadeContext@@UEAAMXZ 000000018000c3e0 f i BerconDistortion.obj
 0001:0000b400       ?ReflectVector@BerconSC@@UEAA?AVPoint3@@XZ 000000018000c400 f i BerconDistortion.obj
 0001:0000b430       ?RefractVector@BerconSC@@UEAA?AVPoint3@@M@Z 000000018000c430 f i BerconDistortion.obj
 0001:0000b460       ?RemapRefOnLoad@ReferenceMaker@@UEAAHH@Z 000000018000c460 f i BerconDistortion.obj
 0001:0000b460       ?SubNumToRefNum@BerconDistortion@@UEAAHH@Z 000000018000c460 f i BerconDistortion.obj
 0001:0000b460       ?SubNumToRefNum@BerconNoise@@UEAAHH@Z 000000018000c460 f i BerconNoise.obj
 0001:0000b460       ?SubNumToRefNum@BerconTile@@UEAAHH@Z 000000018000c460 f i BerconTile.obj
 0001:0000b460       ?SubNumToRefNum@BerconGradient@@UEAAHH@Z 000000018000c460 f i BerconGradient.obj
 0001:0000b460       ?SubNumToRefNum@BerconWood@@UEAAHH@Z 000000018000c460 f i BerconWood.obj
 0001:0000b470       ?Reset@BerconDistortion@@UEAAXXZ 000000018000c470 f   BerconDistortion.obj
 0001:0000b4f0       ?ScreenCoord@BerconSC@@UEAA?AVIPoint2@@XZ 000000018000c4f0 f i BerconDistortion.obj
 0001:0000b520       ?ScreenUV@BerconSC@@UEAAXAEAVPoint2@@0@Z 000000018000c520 f i BerconDistortion.obj
 0001:0000b570       ?Set@BitArray@@QEAAXH@Z    000000018000c570 f i BerconDistortion.obj
 0001:0000b610       ?SetGBufferID@BerconSC@@UEAAXH@Z 000000018000c610 f i BerconDistortion.obj
 0001:0000b630       ?SetGBufferID@ShadeContext@@UEAAXH@Z 000000018000c630 f i BerconDistortion.obj
 0001:0000b640       ?SetIOR@BerconSC@@UEAAXM@Z 000000018000c640 f i BerconDistortion.obj
 0001:0000b660       ?SetNormal@BerconSC@@UEAAXVPoint3@@@Z 000000018000c660 f i BerconDistortion.obj
 0001:0000b6a0       ?SetReference@BerconDistortion@@EEAAXHPEAVReferenceTarget@@@Z 000000018000c6a0 f   BerconDistortion.obj
 0001:0000b6d0       ?SetSubTexmap@BerconDistortion@@UEAAXHPEAVTexmap@@@Z 000000018000c6d0 f   BerconDistortion.obj
 0001:0000b750       ?SetThing@BerconXYZDlgProc@@UEAAXPEAVReferenceTarget@@@Z 000000018000c750 f i BerconDistortion.obj
 0001:0000b760       ?SetView@BerconSC@@UEAAXVPoint3@@@Z 000000018000c760 f i BerconDistortion.obj
 0001:0000b7a0       ?SubAnimName@BerconDistortion@@UEAA?AVWStr@@H@Z 000000018000c7a0 f   BerconDistortion.obj
 0001:0000b820       ?SurfacePtScreen@BerconSC@@UEAA?AVPoint2@@XZ 000000018000c820 f i BerconDistortion.obj
 0001:0000b850       ?TossCache@BerconSC@@UEAAXPEAVTexmap@@@Z 000000018000c850 f i BerconDistortion.obj
 0001:0000b870       ?UVW@BerconSC@@UEAA?AVPoint3@@H@Z 000000018000c870 f i BerconDistortion.obj
 0001:0000b950       ?UVWNormal@BerconSC@@UEAA?AVPoint3@@H@Z 000000018000c950 f i BerconDistortion.obj
 0001:0000b980       ?UVWNormal@ShadeContext@@UEAA?AVPoint3@@H@Z 000000018000c980 f i BerconDistortion.obj
 0001:0000b990       ?Update@BerconDistortion@@UEAAXHAEAVInterval@@@Z 000000018000c990 f   BerconDistortion.obj
 0001:0000bab0       ?Update@ParamMap2UserDlgProc@@UEAAXHAEAVInterval@@PEAVIParamMap2@@@Z 000000018000cab0 f i BerconDistortion.obj
 0001:0000bac0       ?V@BerconSC@@UEAA?AVPoint3@@XZ 000000018000cac0 f i BerconDistortion.obj
 0001:0000baf0       ?Validity@BerconDistortion@@UEAA?AVInterval@@H@Z 000000018000caf0 f   BerconDistortion.obj
 0001:0000bb40       ?VectorFrom@BerconSC@@UEAA?AVPoint3@@AEBV2@W4RefFrame@@@Z 000000018000cb40 f i BerconDistortion.obj
 0001:0000bb70       ?VectorFromNoScale@BerconSC@@UEAA?AVPoint3@@AEBV2@W4RefFrame@@@Z 000000018000cb70 f i BerconDistortion.obj
 0001:0000bba0       ?VectorTo@BerconSC@@UEAA?AVPoint3@@AEBV2@W4RefFrame@@@Z 000000018000cba0 f i BerconDistortion.obj
 0001:0000bbd0       ?VectorToNoScale@BerconSC@@UEAA?AVPoint3@@AEBV2@W4RefFrame@@@Z 000000018000cbd0 f i BerconDistortion.obj
 0001:0000bc00       ?getDistVector@BerconDistortion@@QEAA?AVPoint3@@AEAVShadeContext@@@Z 000000018000cc00 f   BerconDistortion.obj
 0001:0000bd00       ?Create@BerconGradientClassDesc@@UEAAPEAXH@Z 000000018000cd00 f i BerconGradient.obj
 0001:0000bd40       ?ClassName@BerconGradientClassDesc@@UEAAPEB_WXZ 000000018000cd40 f i BerconGradient.obj
 0001:0000bd50       ?ClassID@BerconGradientClassDesc@@UEAA?AVClass_ID@@XZ 000000018000cd50 f i BerconGradient.obj
 0001:0000bd50       ?ClassID@BerconGradient@@UEAA?AVClass_ID@@XZ 000000018000cd50 f i BerconGradient.obj
 0001:0000bd70       ?InternalName@BerconGradientClassDesc@@UEAAPEB_WXZ 000000018000cd70 f i BerconGradient.obj
 0001:0000bd80       ??_EBerconGradientClassDesc@@UEAAPEAXI@Z 000000018000cd80 f i BerconGradient.obj
 0001:0000bd80       ??_EBerconNoiseClassDesc@@UEAAPEAXI@Z 000000018000cd80 f i BerconNoise.obj
 0001:0000bd80       ??_GBerconWoodClassDesc@@UEAAPEAXI@Z 000000018000cd80 f i BerconWood.obj
 0001:0000bd80       ??_GBerconGradientClassDesc@@UEAAPEAXI@Z 000000018000cd80 f i BerconGradient.obj
 0001:0000bd80       ??_GBerconNoiseClassDesc@@UEAAPEAXI@Z 000000018000cd80 f i BerconNoise.obj
 0001:0000bd80       ??_EBerconWoodClassDesc@@UEAAPEAXI@Z 000000018000cd80 f i BerconWood.obj
 0001:0000bdf0       ??0BerconGradient@@QEAA@XZ 000000018000cdf0 f   BerconGradient.obj
 0001:0000bfc0       ??1ICustomControl@@UEAA@XZ 000000018000cfc0 f i BerconGradient.obj
 0001:0000bfe0       ??_EBerconGradient@@WEI@EAAPEAXI@Z 000000018000cfe0 f i BerconGradient.obj
 0001:0000bff0       ??_EBerconGradient@@UEAAPEAXI@Z 000000018000cff0 f i BerconGradient.obj
 0001:0000bff0       ??_GBerconGradient@@UEAAPEAXI@Z 000000018000cff0 f i BerconGradient.obj
 0001:0000c100       ??_EBerconGradientDlgProc@@UEAAPEAXI@Z 000000018000d100 f i BerconGradient.obj
 0001:0000c100       ??_GBerconGradientDlgProc@@UEAAPEAXI@Z 000000018000d100 f i BerconGradient.obj
 0001:0000c150       ??_EICustomControl@@UEAAPEAXI@Z 000000018000d150 f i BerconGradient.obj
 0001:0000c150       ??_GICustomControl@@UEAAPEAXI@Z 000000018000d150 f i BerconGradient.obj
 0001:0000c1c0       ??_EIGradient@@UEAAPEAXI@Z 000000018000d1c0 f i BerconGradient.obj
 0001:0000c1c0       ??_GIGradient@@UEAAPEAXI@Z 000000018000d1c0 f i BerconGradient.obj
 0001:0000c260       ?ActivateTexDisplay@BerconGradient@@UEAAXH@Z 000000018000d260 f i BerconGradient.obj
 0001:0000c290       ?Clone@BerconGradient@@UEAAPEAVReferenceTarget@@AEAVRemapDir@@@Z 000000018000d290 f   BerconGradient.obj
 0001:0000c440       ?CreateParamDlg@BerconGradient@@UEAAPEAVParamDlg@@PEAUHWND__@@PEAVIMtlParams@@@Z 000000018000d440 f   BerconGradient.obj
 0001:0000c550       ?DiscardTexHandle@BerconGradient@@QEAAXXZ 000000018000d550 f i BerconGradient.obj
 0001:0000c580       ?DlgProc@BerconGradientDlgProc@@UEAA_JHPEAVIParamMap2@@PEAUHWND__@@I_K_J@Z 000000018000d580 f   BerconGradient.obj
 0001:0000d2e0       ?EnableStuff@BerconGradient@@QEAAXXZ 000000018000e2e0 f   BerconGradient.obj
 0001:0000d640       ?EvalColor@BerconGradient@@UEAA?AVAColor@@AEAVShadeContext@@@Z 000000018000e640 f   BerconGradient.obj
 0001:0000d800       ?EvalMono@BerconNoise@@UEAAMAEAVShadeContext@@@Z 000000018000e800 f   BerconNoise.obj
 0001:0000d800       ?EvalMono@BerconWood@@UEAAMAEAVShadeContext@@@Z 000000018000e800 f   BerconWood.obj
 0001:0000d800       ?EvalMono@BerconTile@@UEAAMAEAVShadeContext@@@Z 000000018000e800 f   BerconTile.obj
 0001:0000d800       ?EvalMono@BerconGradient@@UEAAMAEAVShadeContext@@@Z 000000018000e800 f   BerconGradient.obj
 0001:0000d830       ?EvalNormalPerturb@BerconGradient@@UEAA?AVPoint3@@AEAVShadeContext@@@Z 000000018000e830 f   BerconGradient.obj
 0001:0000dd10       ?GetActiveTexHandle@BerconGradient@@UEAA_KHAEAVTexHandleMaker@@@Z 000000018000ed10 f   BerconGradient.obj
 0001:0000ddd0       ?GetBerconGradientDesc@@YAPEAVClassDesc2@@XZ 000000018000edd0 f   BerconGradient.obj
 0001:0000dde0       ?GetClassName@BerconGradient@@UEAAXAEAVWStr@@@Z 000000018000ede0 f i BerconGradient.obj
 0001:0000de10       ?GetHwnd@IGradient@@UEAAPEAUHWND__@@XZ 000000018000ee10 f i BerconGradient.obj
 0001:0000de20       ?GetInterface@BerconGradient@@UEAAPEAXK@Z 000000018000ee20 f i BerconGradient.obj
 0001:0000de20       ?GetInterface@BerconWood@@UEAAPEAXK@Z 000000018000ee20 f i BerconWood.obj
 0001:0000de20       ?GetInterface@BerconTile@@UEAAPEAXK@Z 000000018000ee20 f i BerconTile.obj
 0001:0000de20       ?GetInterface@BerconNoise@@UEAAPEAXK@Z 000000018000ee20 f i BerconNoise.obj
 0001:0000de28       ?GetInterface@BerconNoise@@WJI@EAAPEAXK@Z 000000018000ee28 f i BerconNoise.obj
 0001:0000de28       ?GetInterface@BerconTile@@WJI@EAAPEAXK@Z 000000018000ee28 f i BerconTile.obj
 0001:0000de28       ?GetInterface@BerconWood@@WJI@EAAPEAXK@Z 000000018000ee28 f i BerconWood.obj
 0001:0000de28       ?GetInterface@BerconGradient@@WJI@EAAPEAXK@Z 000000018000ee28 f i BerconGradient.obj
 0001:0000de40       ?GetParamBlock@BerconGradient@@UEAAPEAVIParamBlock2@@H@Z 000000018000ee40 f i BerconGradient.obj
 0001:0000de60       ?GetParamBlockByID@BerconGradient@@UEAAPEAVIParamBlock2@@F@Z 000000018000ee60 f i BerconGradient.obj
 0001:0000ded0       ?GetReference@BerconGradient@@UEAAPEAVReferenceTarget@@H@Z 000000018000eed0 f   BerconGradient.obj
 0001:0000df60       ?GetSubTexmap@BerconGradient@@UEAAPEAVTexmap@@H@Z 000000018000ef60 f   BerconGradient.obj
 0001:0000dfa0       ?GetSubTexmapSlotName@BerconGradient@@UEAA?AVWStr@@H@Z 000000018000efa0 f   BerconGradient.obj
 0001:0000e060       ?LocalRequirements@BerconGradient@@UEAAKH@Z 000000018000f060 f i BerconGradient.obj
 0001:0000e080       ?MappingsRequired@BerconGradient@@UEAAXHAEAVBitArray@@0@Z 000000018000f080 f i BerconGradient.obj
 0001:0000e0a0       ?NotifyRefChanged@BerconGradient@@UEAA?AW4RefResult@@AEBVInterval@@PEAVReferenceTarget@@AEA_KIH@Z 000000018000f0a0 f   BerconGradient.obj
 0001:0000e1a0       ?NumRefs@BerconGradient@@UEAAHXZ 000000018000f1a0 f   BerconGradient.obj
 0001:0000e1a0       ?NumSubs@BerconGradient@@UEAAHXZ 000000018000f1a0 f   BerconGradient.obj
 0001:0000e1b0       ?NumSubTexmaps@BerconGradient@@UEAAHXZ 000000018000f1b0 f i BerconGradient.obj
 0001:0000e1c0       ?RenderBegin@BerconGradient@@UEAAHHK@Z 000000018000f1c0 f i BerconGradient.obj
 0001:0000e1e0       ?RenderEnd@BerconGradient@@UEAAHH@Z 000000018000f1e0 f i BerconGradient.obj
 0001:0000e1f0       ?Reset@BerconGradient@@UEAAXXZ 000000018000f1f0 f   BerconGradient.obj
 0001:0000e4e0       ?SetDlgThing@BerconGradient@@UEAAHPEAVParamDlg@@@Z 000000018000f4e0 f   BerconGradient.obj
 0001:0000e520       ?SetReference@BerconGradient@@EEAAXHPEAVReferenceTarget@@@Z 000000018000f520 f   BerconGradient.obj
 0001:0000e6b0       ?SetSubTexmap@BerconGradient@@UEAAXHPEAVTexmap@@@Z 000000018000f6b0 f   BerconGradient.obj
 0001:0000e740       ?SetThing@BerconGradientDlgProc@@UEAAXPEAVReferenceTarget@@@Z 000000018000f740 f i BerconGradient.obj
 0001:0000e7f0       ?SubAnim@BerconGradient@@UEAAPEAVAnimatable@@H@Z 000000018000f7f0 f   BerconGradient.obj
 0001:0000e880       ?SubAnimName@BerconGradient@@UEAA?AVWStr@@H@Z 000000018000f880 f   BerconGradient.obj
 0001:0000e910       ?Update@BerconGradient@@UEAAXHAEAVInterval@@@Z 000000018000f910 f   BerconGradient.obj
 0001:0000f020       ?Validity@BerconGradient@@UEAA?AVInterval@@H@Z 0000000180010020 f   BerconGradient.obj
 0001:0000f070       ?countKeys@BerconGradient@@QEAAHXZ 0000000180010070 f   BerconGradient.obj
 0001:0000f110       ?getGradientValue@BerconGradient@@QEAAMAEAVShadeContext@@@Z 0000000180010110 f   BerconGradient.obj
 0001:0000f5a0       ?getGradientValueDist@BerconGradient@@QEAAMAEAVShadeContext@@@Z 00000001800105a0 f   BerconGradient.obj
 0001:0000f930       ?getGradientValueNormal@BerconGradient@@QEAAMAEAVShadeContext@@@Z 0000000180010930 f   BerconGradient.obj
 0001:0000fd00       ?getGradientValueUVW@BerconGradient@@QEAAMVPoint3@@@Z 0000000180010d00 f   BerconGradient.obj
 0001:00010090       ?gradAddKey@BerconGradient@@UEAAXM@Z 0000000180011090 f   BerconGradient.obj
 0001:000101a0       ?gradDelKey@BerconGradient@@UEAAXH@Z 00000001800111a0 f   BerconGradient.obj
 0001:00010280       ?gradMoveKey@BerconGradient@@UEAAXHM@Z 0000000180011280 f   BerconGradient.obj
 0001:00010350       ?gradReset@BerconGradient@@UEAAXXZ 0000000180011350 f i BerconGradient.obj
 0001:00010360       ?gradSelKey@BerconGradient@@UEAAXXZ 0000000180011360 f   BerconGradient.obj
 0001:00010410       ?keyNumChanged@BerconGradient@@QEAAXH@Z 0000000180011410 f   BerconGradient.obj
 0001:000104a0       ?keyPosChanged@BerconGradient@@QEAAXM@Z 00000001800114a0 f   BerconGradient.obj
 0001:00010560       ?limitRange@BerconGradient@@QEAAHAEAM@Z 0000000180011560 f   BerconGradient.obj
 0001:00010630       ?resetKeys@BerconGradient@@QEAAXXZ 0000000180011630 f   BerconGradient.obj
 0001:00010720       ?Create@BerconTileClassDesc@@UEAAPEAXH@Z 0000000180011720 f i BerconTile.obj
 0001:00010760       ?ClassName@BerconTileClassDesc@@UEAAPEB_WXZ 0000000180011760 f i BerconTile.obj
 0001:00010770       ?ClassID@BerconTileClassDesc@@UEAA?AVClass_ID@@XZ 0000000180011770 f i BerconTile.obj
 0001:00010770       ?ClassID@BerconTile@@UEAA?AVClass_ID@@XZ 0000000180011770 f i BerconTile.obj
 0001:00010790       ?InternalName@BerconTileClassDesc@@UEAAPEB_WXZ 0000000180011790 f i BerconTile.obj
 0001:000107a0       ??_GBerconTileClassDesc@@UEAAPEAXI@Z 00000001800117a0 f i BerconTile.obj
 0001:000107a0       ??_EBerconTileClassDesc@@UEAAPEAXI@Z 00000001800117a0 f i BerconTile.obj
 0001:00010810       ??0BerconTile@@QEAA@XZ     0000000180011810 f   BerconTile.obj
 0001:00010b20       ??1?$basic_string@_WU?$char_traits@_W@std@@V?$allocator@_W@2@@std@@QEAA@XZ 0000000180011b20 f i BerconTile.obj
 0001:00010b40       ??1?$vector@MV?$allocator@M@std@@@std@@QEAA@XZ 0000000180011b40 f i BerconTile.obj
 0001:00010bb0       ??1?$vector@VTileRow@@V?$allocator@VTileRow@@@std@@@std@@QEAA@XZ 0000000180011bb0 f i BerconTile.obj
 0001:00010c60       ??1TilePattern@@QEAA@XZ    0000000180011c60 f i BerconTile.obj
 0001:00010c90       ??_EBerconTile@@WEI@EAAPEAXI@Z 0000000180011c90 f i BerconTile.obj
 0001:00010ca0       ??_EBerconTile@@UEAAPEAXI@Z 0000000180011ca0 f i BerconTile.obj
 0001:00010ca0       ??_GBerconTile@@UEAAPEAXI@Z 0000000180011ca0 f i BerconTile.obj
 0001:00010d80       ?ActivateTexDisplay@BerconTile@@UEAAXH@Z 0000000180011d80 f i BerconTile.obj
 0001:00010db0       ?Clone@BerconTile@@UEAAPEAVReferenceTarget@@AEAVRemapDir@@@Z 0000000180011db0 f   BerconTile.obj
 0001:00010f30       ?CreateParamDlg@BerconTile@@UEAAPEAVParamDlg@@PEAUHWND__@@PEAVIMtlParams@@@Z 0000000180011f30 f   BerconTile.obj
 0001:00011050       ?DiscardTexHandle@BerconTile@@QEAAXXZ 0000000180012050 f i BerconTile.obj
 0001:00011080       ?DlgProc@BerconTileDlgProc@@UEAA_JHPEAVIParamMap2@@PEAUHWND__@@I_K_J@Z 0000000180012080 f   BerconTile.obj
 0001:00011660       ?EnableStuff@BerconTile@@QEAAXH@Z 0000000180012660 f   BerconTile.obj
 0001:00011ad0       ?EvalColor@BerconTile@@UEAA?AVAColor@@AEAVShadeContext@@@Z 0000000180012ad0 f   BerconTile.obj
 0001:00012070       ?EvalNormalPerturb@BerconTile@@UEAA?AVPoint3@@AEAVShadeContext@@@Z 0000000180013070 f   BerconTile.obj
 0001:00012a60       ?EvalParameters@BerconTile@@QEAA?AVTileParam@@AEAVShadeContext@@@Z 0000000180013a60 f   BerconTile.obj
 0001:00012b80       ?GetActiveTexHandle@BerconTile@@UEAA_KHAEAVTexHandleMaker@@@Z 0000000180013b80 f   BerconTile.obj
 0001:00012c40       ?GetBerconTileDesc@@YAPEAVClassDesc2@@XZ 0000000180013c40 f   BerconTile.obj
 0001:00012c50       ?GetClassName@BerconTile@@UEAAXAEAVWStr@@@Z 0000000180013c50 f i BerconTile.obj
 0001:00012c80       ?GetParamBlock@BerconTile@@UEAAPEAVIParamBlock2@@H@Z 0000000180013c80 f i BerconTile.obj
 0001:00012cb0       ?GetParamBlockByID@BerconTile@@UEAAPEAVIParamBlock2@@F@Z 0000000180013cb0 f i BerconTile.obj
 0001:00012d50       ?SubAnim@BerconTile@@UEAAPEAVAnimatable@@H@Z 0000000180013d50 f   BerconTile.obj
 0001:00012d50       ?GetReference@BerconTile@@UEAAPEAVReferenceTarget@@H@Z 0000000180013d50 f   BerconTile.obj
 0001:00012da0       ?GetSubTexmap@BerconTile@@UEAAPEAVTexmap@@H@Z 0000000180013da0 f i BerconTile.obj
 0001:00012db0       ?GetSubTexmapSlotName@BerconTile@@UEAA?AVWStr@@H@Z 0000000180013db0 f   BerconTile.obj
 0001:00012ea0       ?LocalRequirements@BerconTile@@UEAAKH@Z 0000000180013ea0 f i BerconTile.obj
 0001:00012ec0       ?MappingsRequired@BerconTile@@UEAAXHAEAVBitArray@@0@Z 0000000180013ec0 f i BerconTile.obj
 0001:00012ee0       ?NotifyRefChanged@BerconTile@@UEAA?AW4RefResult@@AEBVInterval@@PEAVReferenceTarget@@AEA_KIH@Z 0000000180013ee0 f   BerconTile.obj
 0001:00012fd0       ?NumRefs@BerconTile@@UEAAHXZ 0000000180013fd0 f i BerconTile.obj
 0001:00012fe0       ?NumSubTexmaps@BerconTile@@UEAAHXZ 0000000180013fe0 f i BerconTile.obj
 0001:00012ff0       ?Reset@BerconTile@@UEAAXXZ 0000000180013ff0 f   BerconTile.obj
 0001:000135f0       ?SetDlgThing@BerconTile@@UEAAHPEAVParamDlg@@@Z 00000001800145f0 f   BerconTile.obj
 0001:00013630       ?SetReference@BerconTile@@EEAAXHPEAVReferenceTarget@@@Z 0000000180014630 f   BerconTile.obj
 0001:00013680       ?SetSubTexmap@BerconTile@@UEAAXHPEAVTexmap@@@Z 0000000180014680 f   BerconTile.obj
 0001:00013770       ?SetThing@BerconTileDlgProc@@UEAAXPEAVReferenceTarget@@@Z 0000000180014770 f i BerconTile.obj
 0001:000137a0       ?SubAnimName@BerconTile@@UEAA?AVWStr@@H@Z 00000001800147a0 f   BerconTile.obj
 0001:00013840       ?Update@BerconTile@@UEAAXHAEAVInterval@@@Z 0000000180014840 f   BerconTile.obj
 0001:000141c0       ?Validity@BerconTile@@UEAA?AVInterval@@H@Z 00000001800151c0 f   BerconTile.obj
 0001:00014210       ?_Tidy_deallocate@?$basic_string@_WU?$char_traits@_W@std@@V?$allocator@_W@2@@std@@QEAAXXZ 0000000180015210 f i BerconTile.obj
 0001:00014280       ?_Xlen@?$basic_string@_WU?$char_traits@_W@std@@V?$allocator@_W@2@@std@@SAXXZ 0000000180015280 f i BerconTile.obj
 0001:000142a0       ?allocate@?$allocator@_W@std@@QEAAPEA_W_K@Z 00000001800152a0 f i BerconTile.obj
 0001:00014320       ?assign@?$basic_string@_WU?$char_traits@_W@std@@V?$allocator@_W@2@@std@@QEAAAEAV12@QEB_W_K@Z 0000000180015320 f i BerconTile.obj
 0001:00014450       ?getColor@BerconTile@@QEAA?AVAColor@@AEAVShadeContext@@H@Z 0000000180015450 f i BerconTile.obj
 0001:000144f0       ?getDistVector@BerconTile@@QEAA?AVPoint3@@AEAVShadeContext@@@Z 00000001800154f0 f   BerconTile.obj
 0001:00014620       ?getFloat@BerconTile@@QEAAMAEAVShadeContext@@H@Z 0000000180015620 f i BerconTile.obj
 0001:00014670       ?getNormal@BerconTile@@QEAA?AVPoint3@@AEAVShadeContext@@H@Z 0000000180015670 f i BerconTile.obj
 0001:000147f0       ?Create@BerconWoodClassDesc@@UEAAPEAXH@Z 00000001800157f0 f i BerconWood.obj
 0001:00014830       ?ClassName@BerconWoodClassDesc@@UEAAPEB_WXZ 0000000180015830 f i BerconWood.obj
 0001:00014840       ?ClassID@BerconWoodClassDesc@@UEAA?AVClass_ID@@XZ 0000000180015840 f i BerconWood.obj
 0001:00014840       ?ClassID@BerconWood@@UEAA?AVClass_ID@@XZ 0000000180015840 f i BerconWood.obj
 0001:00014860       ?InternalName@BerconWoodClassDesc@@UEAAPEB_WXZ 0000000180015860 f i BerconWood.obj
 0001:00014870       ??0BerconWood@@QEAA@XZ     0000000180015870 f   BerconWood.obj
 0001:00014a44       ??_EBerconWood@@WEI@EAAPEAXI@Z 0000000180015a44 f i BerconWood.obj
 0001:00014a50       ??_EBerconWood@@UEAAPEAXI@Z 0000000180015a50 f i BerconWood.obj
 0001:00014a50       ??_GBerconWood@@UEAAPEAXI@Z 0000000180015a50 f i BerconWood.obj
 0001:00014b00       ?ActivateTexDisplay@BerconWood@@UEAAXH@Z 0000000180015b00 f i BerconWood.obj
 0001:00014b30       ?Clone@BerconWood@@UEAAPEAVReferenceTarget@@AEAVRemapDir@@@Z 0000000180015b30 f   BerconWood.obj
 0001:00014cb0       ?CreateParamDlg@BerconWood@@UEAAPEAVParamDlg@@PEAUHWND__@@PEAVIMtlParams@@@Z 0000000180015cb0 f   BerconWood.obj
 0001:00014db0       ?DiscardTexHandle@BerconWood@@QEAAXXZ 0000000180015db0 f i BerconWood.obj
 0001:00014de0       ?DlgProc@BerconWoodDlgProc@@UEAA_JHPEAVIParamMap2@@PEAUHWND__@@I_K_J@Z 0000000180015de0 f   BerconWood.obj
 0001:00014f60       ?EnableStuff@BerconWood@@QEAAXXZ 0000000180015f60 f   BerconWood.obj
 0001:00015110       ?EvalColor@BerconWood@@UEAA?AVAColor@@AEAVShadeContext@@@Z 0000000180016110 f   BerconWood.obj
 0001:000157b0       ?EvalNormalPerturb@BerconWood@@UEAA?AVPoint3@@AEAVShadeContext@@@Z 00000001800167b0 f   BerconWood.obj
 0001:000161e0       ?EvalParameters@BerconWood@@QEAA?AVWoodParam@@AEAVShadeContext@@@Z 00000001800171e0 f   BerconWood.obj
 0001:000165d0       ?GetActiveTexHandle@BerconWood@@UEAA_KHAEAVTexHandleMaker@@@Z 00000001800175d0 f   BerconWood.obj
 0001:00016690       ?GetBerconWoodDesc@@YAPEAVClassDesc2@@XZ 0000000180017690 f   BerconWood.obj
 0001:000166a0       ?GetClassName@BerconWood@@UEAAXAEAVWStr@@@Z 00000001800176a0 f i BerconWood.obj
 0001:000166d0       ?GetParamBlock@BerconWood@@UEAAPEAVIParamBlock2@@H@Z 00000001800176d0 f i BerconWood.obj
 0001:00016700       ?GetParamBlockByID@BerconWood@@UEAAPEAVIParamBlock2@@F@Z 0000000180017700 f i BerconWood.obj
 0001:000167a0       ?GetReference@BerconWood@@UEAAPEAVReferenceTarget@@H@Z 00000001800177a0 f   BerconWood.obj
 0001:000167a0       ?SubAnim@BerconWood@@UEAAPEAVAnimatable@@H@Z 00000001800177a0 f   BerconWood.obj
 0001:000167f0       ?GetSubTexmap@BerconWood@@UEAAPEAVTexmap@@H@Z 00000001800177f0 f i BerconWood.obj
 0001:00016800       ?GetSubTexmapSlotName@BerconWood@@UEAA?AVWStr@@H@Z 0000000180017800 f   BerconWood.obj
 0001:00016a30       ?LocalRequirements@BerconWood@@UEAAKH@Z 0000000180017a30 f i BerconWood.obj
 0001:00016a50       ?MappingsRequired@BerconWood@@UEAAXHAEAVBitArray@@0@Z 0000000180017a50 f i BerconWood.obj
 0001:00016a70       ?NotifyRefChanged@BerconWood@@UEAA?AW4RefResult@@AEBVInterval@@PEAVReferenceTarget@@AEA_KIH@Z 0000000180017a70 f   BerconWood.obj
 0001:00016b60       ?NumRefs@BerconWood@@UEAAHXZ 0000000180017b60 f i BerconWood.obj
 0001:00016b70       ?NumSubTexmaps@BerconWood@@UEAAHXZ 0000000180017b70 f i BerconWood.obj
 0001:00016b80       ?Reset@BerconWood@@UEAAXXZ 0000000180017b80 f   BerconWood.obj
 0001:000170b0       ?SetDlgThing@BerconWood@@UEAAHPEAVParamDlg@@@Z 00000001800180b0 f   BerconWood.obj
 0001:000170f0       ?SetReference@BerconWood@@EEAAXHPEAVReferenceTarget@@@Z 00000001800180f0 f   BerconWood.obj
 0001:00017140       ?SetSubTexmap@BerconWood@@UEAAXHPEAVTexmap@@@Z 0000000180018140 f   BerconWood.obj
 0001:00017230       ?SetThing@BerconWoodDlgProc@@UEAAXPEAVReferenceTarget@@@Z 0000000180018230 f i BerconWood.obj
 0001:00017240       ?SubAnimName@BerconWood@@UEAA?AVWStr@@H@Z 0000000180018240 f   BerconWood.obj
 0001:00017330       ?Update@BerconWood@@UEAAXHAEAVInterval@@@Z 0000000180018330 f   BerconWood.obj
 0001:00017aa0       ?Validity@BerconWood@@UEAA?AVInterval@@H@Z 0000000180018aa0 f   BerconWood.obj
 0001:00017af0       ?applyDistortion@BerconWood@@QEAAXAEAVShadeContext@@AEAVPoint3@@@Z 0000000180018af0 f   BerconWood.obj
 0001:00017c20       ?GetString@@YAPEA_WH@Z     0000000180018c20 f   DllEntry.obj
 0001:00017c70       ?LibClassDesc@@YAPEAVClassDesc@@H@Z 0000000180018c70 f   DllEntry.obj
 0001:00017ce0       ?LibDescription@@YAPEB_WXZ 0000000180018ce0 f   DllEntry.obj
 0001:00017d30       ?LibVersion@@YAKXZ         0000000180018d30 f   DllEntry.obj
 0001:00017d40       CommctrlIsolationAwarePrivatetRgCebPnQQeRff_pbZPgYQP_QYY 0000000180018d40 f i DllEntry.obj
 0001:00017e10       DllMain                    0000000180018e10 f   DllEntry.obj
 0001:00017e70       IsolationAwareInitCommonControls 0000000180018e70 f i DllEntry.obj
 0001:00017f60       IsolationAwarePrivatenPgViNgRzlnPgpgk 0000000180018f60 f i DllEntry.obj
 0001:00017ff0       IsolationAwarePrivatezlybNQyVOeNelJ 0000000180018ff0 f i DllEntry.obj
 0001:00018000       WinbaseIsolationAwarePrivatetRgzlnPgpgk 0000000180019000 f i DllEntry.obj
 0001:000181e0       ?EnableStuff@BerconXYZ@@AEAAXPEAVIParamBlock2@@H@Z 00000001800191e0 f   BerconCommon.obj
 0001:000184b0       ?get@BerconXYZ@@AEAAHAEAVShadeContext@@AEAVPoint3@@11VMatrix3@@PEAH@Z 00000001800194b0 f   BerconCommon.obj
 0001:00018960       ?get@BerconXYZ@@AEAAHAEAVShadeContext@@AEAVPoint3@@VMatrix3@@PEAH@Z 0000000180019960 f   BerconCommon.obj
 0001:00018bf0       ?get@BerconXYZ@@QEAAHAEAVShadeContext@@AEAVPoint3@@11@Z 0000000180019bf0 f   BerconCommon.obj
 0001:00018ce0       ?get@BerconXYZ@@QEAAHAEAVShadeContext@@AEAVPoint3@@11PEAV3@@Z 0000000180019ce0 f   BerconCommon.obj
 0001:00019090       ?get@BerconXYZ@@QEAAHAEAVShadeContext@@AEAVPoint3@@@Z 000000018001a090 f   BerconCommon.obj
 0001:00019160       ?get@BerconXYZ@@QEAAHAEAVShadeContext@@AEAVPoint3@@PEAV3@@Z 000000018001a160 f   BerconCommon.obj
 0001:000194f0       ?getBasis@BerconXYZ@@AEAAXVMatrix3@@PEAVPoint3@@@Z 000000018001a4f0 f   BerconCommon.obj
 0001:000196a0       ?random@BerconXYZ@@AEAA?AVMatrix3@@AEAVShadeContext@@PEAV2@@Z 000000018001a6a0 f   BerconCommon.obj
 0001:00019ac0       ?reset@BerconXYZ@@QEAAXPEAVIParamBlock2@@AEAVInterval@@HHHH@Z 000000018001aac0 f   BerconCommon.obj
 0001:0001a040       ?update@BerconXYZ@@QEAAXPEAVIParamBlock2@@HAEAVInterval@@@Z 000000018001b040 f   BerconCommon.obj
 0001:0001a820       ?update@BerconXYZ@@QEAAXXZ 000000018001b820 f   BerconCommon.obj
 0001:0001a9c0       ?Create@BerconNoiseClassDesc@@UEAAPEAXH@Z 000000018001b9c0 f i BerconNoise.obj
 0001:0001aa00       ?ClassName@BerconNoiseClassDesc@@UEAAPEB_WXZ 000000018001ba00 f i BerconNoise.obj
 0001:0001aa10       ?ClassID@BerconNoiseClassDesc@@UEAA?AVClass_ID@@XZ 000000018001ba10 f i BerconNoise.obj
 0001:0001aa10       ?ClassID@BerconNoise@@UEAA?AVClass_ID@@XZ 000000018001ba10 f i BerconNoise.obj
 0001:0001aa30       ?InternalName@BerconNoiseClassDesc@@UEAAPEB_WXZ 000000018001ba30 f i BerconNoise.obj
 0001:0001aa40       ??0BerconNoise@@QEAA@XZ    000000018001ba40 f   BerconNoise.obj
 0001:0001aca4       ??_EBerconNoise@@WEI@EAAPEAXI@Z 000000018001bca4 f i BerconNoise.obj
 0001:0001acb0       ??_EBerconNoise@@UEAAPEAXI@Z 000000018001bcb0 f i BerconNoise.obj
 0001:0001acb0       ??_GBerconNoise@@UEAAPEAXI@Z 000000018001bcb0 f i BerconNoise.obj
 0001:0001ad60       ?ActivateTexDisplay@BerconNoise@@UEAAXH@Z 000000018001bd60 f i BerconNoise.obj
 0001:0001ad90       ?Clone@BerconNoise@@UEAAPEAVReferenceTarget@@AEAVRemapDir@@@Z 000000018001bd90 f   BerconNoise.obj
 0001:0001af30       ?CreateParamDlg@BerconNoise@@UEAAPEAVParamDlg@@PEAUHWND__@@PEAVIMtlParams@@@Z 000000018001bf30 f   BerconNoise.obj
 0001:0001b030       ?DiscardTexHandle@BerconNoise@@QEAAXXZ 000000018001c030 f i BerconNoise.obj
 0001:0001b060       ?DlgProc@BerconNoiseDlgProc@@UEAA_JHPEAVIParamMap2@@PEAUHWND__@@I_K_J@Z 000000018001c060 f   BerconNoise.obj
 0001:0001b590       ?EnableStuff@BerconNoise@@QEAAXXZ 000000018001c590 f   BerconNoise.obj
 0001:0001b8b0       ?EvalColor@BerconNoise@@UEAA?AVAColor@@AEAVShadeContext@@@Z 000000018001c8b0 f   BerconNoise.obj
 0001:0001bd90       ?EvalNormalPerturb@BerconNoise@@UEAA?AVPoint3@@AEAVShadeContext@@@Z 000000018001cd90 f   BerconNoise.obj
 0001:0001c370       ?EvalParameters@BerconNoise@@QEAA?AVNoiseParams@@PEAVShadeContext@@@Z 000000018001d370 f   BerconNoise.obj
 0001:0001c760       ?GetActiveTexHandle@BerconNoise@@UEAA_KHAEAVTexHandleMaker@@@Z 000000018001d760 f   BerconNoise.obj
 0001:0001c820       ?GetBerconNoiseDesc@@YAPEAVClassDesc2@@XZ 000000018001d820 f   BerconNoise.obj
 0001:0001c830       ?GetClassName@BerconNoise@@UEAAXAEAVWStr@@@Z 000000018001d830 f i BerconNoise.obj
 0001:0001c860       ?GetParamBlock@BerconNoise@@UEAAPEAVIParamBlock2@@H@Z 000000018001d860 f i BerconNoise.obj
 0001:0001c890       ?GetParamBlockByID@BerconNoise@@UEAAPEAVIParamBlock2@@F@Z 000000018001d890 f i BerconNoise.obj
 0001:0001c930       ?SubAnim@BerconNoise@@UEAAPEAVAnimatable@@H@Z 000000018001d930 f   BerconNoise.obj
 0001:0001c930       ?GetReference@BerconNoise@@UEAAPEAVReferenceTarget@@H@Z 000000018001d930 f   BerconNoise.obj
 0001:0001c980       ?GetSubTexmap@BerconNoise@@UEAAPEAVTexmap@@H@Z 000000018001d980 f i BerconNoise.obj
 0001:0001c990       ?GetSubTexmapSlotName@BerconNoise@@UEAA?AVWStr@@H@Z 000000018001d990 f   BerconNoise.obj
 0001:0001cb70       ?LocalRequirements@BerconNoise@@UEAAKH@Z 000000018001db70 f i BerconNoise.obj
 0001:0001cb90       ?MappingsRequired@BerconNoise@@UEAAXHAEAVBitArray@@0@Z 000000018001db90 f i BerconNoise.obj
 0001:0001cbb0       ?NotifyRefChanged@BerconNoise@@UEAA?AW4RefResult@@AEBVInterval@@PEAVReferenceTarget@@AEA_KIH@Z 000000018001dbb0 f   BerconNoise.obj
 0001:0001ccb0       ?NumRefs@BerconNoise@@UEAAHXZ 000000018001dcb0 f i BerconNoise.obj
 0001:0001ccc0       ?NumSubTexmaps@BerconNoise@@UEAAHXZ 000000018001dcc0 f i BerconNoise.obj
 0001:0001ccd0       ?Reset@BerconNoise@@UEAAXXZ 000000018001dcd0 f   BerconNoise.obj
 0001:0001d170       ?SetDlgThing@BerconNoise@@UEAAHPEAVParamDlg@@@Z 000000018001e170 f   BerconNoise.obj
 0001:0001d1b0       ?SetReference@BerconNoise@@EEAAXHPEAVReferenceTarget@@@Z 000000018001e1b0 f   BerconNoise.obj
 0001:0001d200       ?SetSubTexmap@BerconNoise@@UEAAXHPEAVTexmap@@@Z 000000018001e200 f   BerconNoise.obj
 0001:0001d2d0       ?SetThing@BerconNoiseDlgProc@@UEAAXPEAVReferenceTarget@@@Z 000000018001e2d0 f i BerconNoise.obj
 0001:0001d2e0       ?SubAnimName@BerconNoise@@UEAA?AVWStr@@H@Z 000000018001e2e0 f   BerconNoise.obj
 0001:0001d3d0       ?Update@BerconNoise@@UEAAXHAEAVInterval@@@Z 000000018001e3d0 f   BerconNoise.obj
 0001:0001da60       ?Validity@BerconNoise@@UEAA?AVInterval@@H@Z 000000018001ea60 f   BerconNoise.obj
 0001:0001dab0       ?applyDistortion@BerconNoise@@QEAAXAEAVShadeContext@@AEAVPoint3@@@Z 000000018001eab0 f   BerconNoise.obj
 0001:0001dbe0       ?fBm@Fractal@@SAMVPoint3@@AEAVNoiseParams@@@Z 000000018001ebe0 f   fractal.obj
 0001:0001dd50       ?fBm@Fractal@@SAMVPoint3@@MAEAVNoiseParams@@@Z 000000018001ed50 f   fractal.obj
 0001:0001def0       ?fBmTurb@Fractal@@SAMVPoint3@@AEAVNoiseParams@@@Z 000000018001eef0 f   fractal.obj
 0001:0001e090       ?fBmTurb@Fractal@@SAMVPoint3@@MAEAVNoiseParams@@@Z 000000018001f090 f   fractal.obj
 0001:0001e250       ?fractal@Fractal@@SAMVPoint3@@AEAVNoiseParams@@@Z 000000018001f250 f   fractal.obj
 0001:0001e390       ?fractal@Fractal@@SAMVPoint3@@MAEAVNoiseParams@@@Z 000000018001f390 f   fractal.obj
 0001:0001e4f0       ?grain@Fractal@@SAMVPoint3@@MM@Z 000000018001f4f0 f   fractal.obj
 0001:0001e690       ?heteroTerrain@Fractal@@SAMVPoint3@@AEAVNoiseParams@@@Z 000000018001f690 f   fractal.obj
 0001:0001e890       ?hybridMultiFractal@Fractal@@SAMVPoint3@@AEAVNoiseParams@@@Z 000000018001f890 f   fractal.obj
 0001:0001eaf0       ?hybridMultiFractal@Fractal@@SAMVPoint3@@MAEAVNoiseParams@@@Z 000000018001faf0 f   fractal.obj
 0001:0001ed70       ?ridgedMultiFractal@Fractal@@SAMVPoint3@@AEAVNoiseParams@@@Z 000000018001fd70 f   fractal.obj
 0001:0001ef20       ?ridgedMultiFractal@Fractal@@SAMVPoint3@@MAEAVNoiseParams@@@Z 000000018001ff20 f   fractal.obj
 0001:0001f0f0       ?turbulence@Fractal@@SAMVPoint3@@AEAVNoiseParams@@@Z 00000001800200f0 f   fractal.obj
 0001:0001f250       ?turbulence@Fractal@@SAMVPoint3@@MAEAVNoiseParams@@@Z 0000000180020250 f   fractal.obj
 0001:0001f3e0       ?addKey@GradientRamp@@QEAAXHMVAColor@@PEAVTexmap@@@Z 00000001800203e0 f   GradientRamp.obj
 0001:0001f600       ?dragging@GradientRamp@@QEAAXHH_N00@Z 0000000180020600 f   GradientRamp.obj
 0001:0001f670       ?getBump@GradientRamp@@QEAA?AVPoint3@@MV2@AEAVShadeContext@@@Z 0000000180020670 f   GradientRamp.obj
 0001:0001fa10       ?getColor@GradientRamp@@QEAA?AVAColor@@M@Z 0000000180020a10 f   GradientRamp.obj
[...]
 0004:0000186c       $pdata$?_Xlength@?$vector@MV?$allocator@M@std@@@std@@CAXXZ 000000018004086c     tile.obj
 0004:0000186c       $pdata$?_Xlength@?$vector@VTileRow@@V?$allocator@VTileRow@@@std@@@std@@CAXXZ 000000018004086c     tile.obj
 0004:0000186c       $pdata$?_Xlength@?$vector@V?$basic_string@_WU?$char_traits@_W@std@@V?$allocator@_W@2@@std@@V?$allocator@V?$basic_string@_WU?$char_traits@_W@std@@V?$allocator@_W@2@@std@@@2@@std@@CAXXZ 000000018004086c     tile.obj
 0004:00001878       $pdata$?_Xran@?$_String_val@U?$_Simple_types@_W@std@@@std@@SAXXZ 0000000180040878     tile.obj
 0004:00001884       $pdata$?allocate@?$allocator@M@std@@QEAAPEAM_K@Z 0000000180040884     tile.obj
 0004:00001890       $pdata$?corner@Tile@@CA?AVTilePoint@@MMMMAEAVTileParam@@@Z 0000000180040890     tile.obj
 0004:0000189c       $pdata$?deallocate@?$allocator@M@std@@QEAAXQEAM_K@Z 000000018004089c     tile.obj
 0004:000018a8       $pdata$?deallocate@?$allocator@VTileRow@@@std@@QEAAXQEAVTileRow@@_K@Z 00000001800408a8     tile.obj
 0004:000018a8       $pdata$?deallocate@?$allocator@V?$basic_string@_WU?$char_traits@_W@std@@V?$allocator@_W@2@@std@@@std@@QEAAXQEAV?$basic_string@_WU?$char_traits@_W@std@@V?$allocator@_W@2@@2@_K@Z 00000001800408a8     tile.obj
 0004:000018b4       $pdata$?deallocate@?$allocator@_W@std@@QEAAXQEA_W_K@Z 00000001800408b4     tile.obj
 0004:000018c0       $pdata$?draw@Tile@@SA?AVTilePoint@@VPoint3@@AEAVTileParam@@@Z 00000001800408c0     tile.obj
 0004:000018cc       $pdata$0$?draw@Tile@@SA?AVTilePoint@@VPoint3@@AEAVTileParam@@@Z 00000001800408cc     tile.obj
 0004:000018d8       $pdata$1$?draw@Tile@@SA?AVTilePoint@@VPoint3@@AEAVTileParam@@@Z 00000001800408d8     tile.obj
 0004:000018e4       $pdata$?drawTile@Tile@@CA?AVTilePoint@@VPoint3@@QEAMAEAVTileParam@@HH@Z 00000001800408e4     tile.obj
 0004:000018f0       $pdata$1$?drawTile@Tile@@CA?AVTilePoint@@VPoint3@@QEAMAEAVTileParam@@HH@Z 00000001800408f0     tile.obj
 0004:000018fc       $pdata$2$?drawTile@Tile@@CA?AVTilePoint@@VPoint3@@QEAMAEAVTileParam@@HH@Z 00000001800408fc     tile.obj
 0004:00001908       $pdata$?find_first_not_of@?$basic_string@_WU?$char_traits@_W@std@@V?$allocator@_W@2@@std@@QEBA_KAEBV12@_K@Z 0000000180040908     tile.obj
 0004:00001914       $pdata$?find_first_of@?$basic_string@_WU?$char_traits@_W@std@@V?$allocator@_W@2@@std@@QEBA_KAEBV12@_K@Z 0000000180040914     tile.obj
 0004:00001920       $pdata$?overflow@?$basic_stringbuf@_WU?$char_traits@_W@std@@V?$allocator@_W@2@@std@@MEAAGG@Z 0000000180040920     tile.obj
 0004:0000192c       $pdata$0$?overflow@?$basic_stringbuf@_WU?$char_traits@_W@std@@V?$allocator@_W@2@@std@@MEAAGG@Z 000000018004092c     tile.obj
 0004:00001938       $pdata$1$?overflow@?$basic_stringbuf@_WU?$char_traits@_W@std@@V?$allocator@_W@2@@std@@MEAAGG@Z 0000000180040938     tile.obj
 0004:00001944       $pdata$?parsePattern@@YAHV?$basic_string@_WU?$char_traits@_W@std@@V?$allocator@_W@2@@std@@PEAVTilePattern@@@Z 0000000180040944     tile.obj
 0004:00001950       $pdata$?rowcol@@YAHAEAM0AEAHMMAEAV?$vector@MV?$allocator@M@std@@@std@@MMM@Z 0000000180040950     tile.obj
 0004:0000195c       $pdata$5$?rowcol@@YAHAEAM0AEAHMMAEAV?$vector@MV?$allocator@M@std@@@std@@MMM@Z 000000018004095c     tile.obj
 0004:00001968       $pdata$6$?rowcol@@YAHAEAM0AEAHMMAEAV?$vector@MV?$allocator@M@std@@@std@@MMM@Z 0000000180040968     tile.obj
 0004:00001974       $pdata$?seekoff@?$basic_stringbuf@_WU?$char_traits@_W@std@@V?$allocator@_W@2@@std@@MEAA?AV?$fpos@U_Mbstatet@@@2@_JHH@Z 0000000180040974     tile.obj
 0004:00001980       $pdata$?seekpos@?$basic_stringbuf@_WU?$char_traits@_W@std@@V?$allocator@_W@2@@std@@MEAA?AV?$fpos@U_Mbstatet@@@2@V32@H@Z 0000000180040980     tile.obj
 0004:0000198c       $pdata$0$?seekpos@?$basic_stringbuf@_WU?$char_traits@_W@std@@V?$allocator@_W@2@@std@@MEAA?AV?$fpos@U_Mbstatet@@@2@V32@H@Z 000000018004098c     tile.obj
 0004:00001998       $pdata$1$?seekpos@?$basic_stringbuf@_WU?$char_traits@_W@std@@V?$allocator@_W@2@@std@@MEAA?AV?$fpos@U_Mbstatet@@@2@V32@H@Z 0000000180040998     tile.obj
 0004:000019a4       $pdata$?setPattern@TilePattern@@QEAAXV?$basic_string@_WU?$char_traits@_W@std@@V?$allocator@_W@2@@std@@@Z 00000001800409a4     tile.obj
 0004:000019b0       $pdata$?setPreset@TilePattern@@QEAAXH@Z 00000001800409b0     tile.obj
 0004:000019bc       $pdata$?tokenize@@YAXAEBV?$basic_string@_WU?$char_traits@_W@std@@V?$allocator@_W@2@@std@@AEAV?$vector@V?$basic_string@_WU?$char_traits@_W@std@@V?$allocator@_W@2@@std@@V?$allocator@V?$basic_string@_WU?$char_traits@_W@std@@V?$allocator@_W@2@@std@@@2@@2@0@Z 00000001800409bc     tile.obj
 0004:000019c8       $pdata$?uvMapping@Tile@@CAXAEAVTilePoint@@VPoint3@@QEAMAEAVTileParam@@H@Z 00000001800409c8     tile.obj
 0004:000019d4       $pdata$0$?uvMapping@Tile@@CAXAEAVTilePoint@@VPoint3@@QEAMAEAVTileParam@@H@Z 00000001800409d4     tile.obj
 0004:000019e0       $pdata$8$?uvMapping@Tile@@CAXAEAVTilePoint@@VPoint3@@QEAMAEAVTileParam@@H@Z 00000001800409e0     tile.obj
 0004:000019ec       $pdata$9$?uvMapping@Tile@@CAXAEAVTilePoint@@VPoint3@@QEAMAEAVTileParam@@H@Z 00000001800409ec     tile.obj
 0004:000019f8       $pdata$10$?uvMapping@Tile@@CAXAEAVTilePoint@@VPoint3@@QEAMAEAVTileParam@@H@Z 00000001800409f8     tile.obj
 0004:00001a04       $pdata$11$?uvMapping@Tile@@CAXAEAVTilePoint@@VPoint3@@QEAMAEAVTileParam@@H@Z 0000000180040a04     tile.obj
 0004:00001a10       $pdata$12$?uvMapping@Tile@@CAXAEAVTilePoint@@VPoint3@@QEAMAEAVTileParam@@H@Z 0000000180040a10     tile.obj
 0004:00001a1c       $pdata$13$?uvMapping@Tile@@CAXAEAVTilePoint@@VPoint3@@QEAMAEAVTileParam@@H@Z 0000000180040a1c     tile.obj
 0004:00001a28       $pdata$14$?uvMapping@Tile@@CAXAEAVTilePoint@@VPoint3@@QEAMAEAVTileParam@@H@Z 0000000180040a28     tile.obj
 0004:00001a34       $pdata$?add@Worley@@CAXJJJQEBNHPEANH@Z 0000000180040a34     worley.obj
 0004:00001a40       $pdata$10$?add@Worley@@CAXJJJQEBNHPEANH@Z 0000000180040a40     worley.obj
 0004:00001a4c       $pdata$11$?add@Worley@@CAXJJJQEBNHPEANH@Z 0000000180040a4c     worley.obj
 0004:00001a58       $pdata$12$?add@Worley@@CAXJJJQEBNHPEANH@Z 0000000180040a58     worley.obj
 0004:00001a64       $pdata$?noise@Worley@@SAXQEBNHPEANH@Z 0000000180040a64     worley.obj
 0004:00001a70       $pdata$??_Gtype_info@@UEAAPEAXI@Z 0000000180040a70     MSVCRT:std_type_info_static.obj
 0004:00001a7c       $pdata$__scrt_acquire_startup_lock 0000000180040a7c     MSVCRT:utility.obj
 0004:00001a88       $pdata$__scrt_dllmain_after_initialize_c 0000000180040a88     MSVCRT:utility.obj
 0004:00001a94       $pdata$__scrt_dllmain_before_initialize_c 0000000180040a94     MSVCRT:utility.obj
 0004:00001aa0       $pdata$__scrt_dllmain_crt_thread_attach 0000000180040aa0     MSVCRT:utility.obj
 0004:00001aac       $pdata$__scrt_dllmain_crt_thread_detach 0000000180040aac     MSVCRT:utility.obj
 0004:00001ab8       $pdata$__scrt_dllmain_exception_filter 0000000180040ab8     MSVCRT:utility.obj
 0004:00001ac4       $pdata$__scrt_dllmain_uninitialize_c 0000000180040ac4     MSVCRT:utility.obj
 0004:00001ad0       $pdata$__scrt_dllmain_uninitialize_critical 0000000180040ad0     MSVCRT:utility.obj
 0004:00001adc       $pdata$__scrt_initialize_crt 0000000180040adc     MSVCRT:utility.obj
 0004:00001ae8       $pdata$__scrt_initialize_onexit_tables 0000000180040ae8     MSVCRT:utility.obj
 0004:00001af4       $pdata$__scrt_is_nonwritable_in_current_image 0000000180040af4     MSVCRT:utility.obj
 0004:00001b00       $pdata$__scrt_release_startup_lock 0000000180040b00     MSVCRT:utility.obj
 0004:00001b0c       $pdata$__scrt_uninitialize_crt 0000000180040b0c     MSVCRT:utility.obj
 0004:00001b18       $pdata$_onexit             0000000180040b18     MSVCRT:utility.obj
 0004:00001b24       $pdata$atexit              0000000180040b24     MSVCRT:utility.obj
 0004:00001b30       $pdata$??2@YAPEAX_K@Z      0000000180040b30     MSVCRT:new_scalar.obj
 0004:00001b48       $pdata$?dllmain_crt_dispatch@@YAHQEAUHINSTANCE__@@KQEAX@Z 0000000180040b48     MSVCRT:dll_dllmain.obj
 0004:00001b54       $pdata$?dllmain_crt_process_attach@@YAHQEAUHINSTANCE__@@QEAX@Z 0000000180040b54     MSVCRT:dll_dllmain.obj
 0004:00001b60       $pdata$?dllmain_crt_process_detach@@YAH_N@Z 0000000180040b60     MSVCRT:dll_dllmain.obj
 0004:00001b6c       $pdata$?dllmain_dispatch@@YAHQEAUHINSTANCE__@@KQEAX@Z 0000000180040b6c     MSVCRT:dll_dllmain.obj
 0004:00001b78       $pdata$_DllMainCRTStartup  0000000180040b78     MSVCRT:dll_dllmain.obj
 0004:00001b84       $pdata$__isa_available_init 0000000180040b84     MSVCRT:cpu_disp.obj
 0004:00001b90       $pdata$__scrt_fastfail     0000000180040b90     MSVCRT:utility_desktop.obj
 0004:00001b9c       $pdata$??0bad_alloc@std@@QEAA@AEBV01@@Z 0000000180040b9c     MSVCRT:throw_bad_alloc.obj
 0004:00001ba8       $pdata$??0bad_array_new_length@std@@QEAA@AEBV01@@Z 0000000180040ba8     MSVCRT:throw_bad_alloc.obj
 0004:00001bb4       $pdata$??0exception@std@@QEAA@AEBV01@@Z 0000000180040bb4     MSVCRT:throw_bad_alloc.obj
 0004:00001bc0       $pdata$??_Gexception@std@@UEAAPEAXI@Z 0000000180040bc0     MSVCRT:throw_bad_alloc.obj
 0004:00001bc0       $pdata$??_Gbad_alloc@std@@UEAAPEAXI@Z 0000000180040bc0     MSVCRT:throw_bad_alloc.obj
 0004:00001bc0       $pdata$??_Gbad_array_new_length@std@@UEAAPEAXI@Z 0000000180040bc0     MSVCRT:throw_bad_alloc.obj
 0004:00001bcc       $pdata$?__scrt_throw_std_bad_alloc@@YAXXZ 0000000180040bcc     MSVCRT:throw_bad_alloc.obj
 0004:00001bd8       $pdata$?__scrt_throw_std_bad_array_new_length@@YAXXZ 0000000180040bd8     MSVCRT:throw_bad_alloc.obj
 0004:00001be4       $pdata$__security_init_cookie 0000000180040be4     MSVCRT:gs_support.obj
 0004:00001bf0       $pdata$__scrt_initialize_default_local_stdio_options 0000000180040bf0     MSVCRT:default_local_stdio_options.obj
 0004:00001bfc       $pdata$_RTC_Initialize     0000000180040bfc     MSVCRT:initsect.obj
 0004:00001c08       $pdata$_RTC_Terminate      0000000180040c08     MSVCRT:initsect.obj
 0004:00001c20       $pdata$?dtor$0@?0??GetSubTexmapSlotName@BerconGradient@@UEAA?AVWStr@@H@Z@4HA 0000000180040c20     BerconGradient.obj
 0004:00001c20       $pdata$?dtor$0@?0??GetSubTexmapSlotName@BerconTile@@UEAA?AVWStr@@H@Z@4HA 0000000180040c20     BerconTile.obj
 0004:00001c20       $pdata$?dtor$0@?0??GetSubTexmapSlotName@BerconWood@@UEAA?AVWStr@@H@Z@4HA 0000000180040c20     BerconWood.obj
 0004:00001c20       $pdata$?dtor$0@?0??SubAnimName@BerconTile@@UEAA?AVWStr@@H@Z@4HA 0000000180040c20     BerconTile.obj
 0004:00001c20       $pdata$?dtor$0@?0??SubAnimName@BerconDistortion@@UEAA?AVWStr@@H@Z@4HA 0000000180040c20     BerconDistortion.obj
 0004:00001c20       $pdata$?dtor$0@?0??SubAnimName@BerconGradient@@UEAA?AVWStr@@H@Z@4HA 0000000180040c20     BerconGradient.obj
 0004:00001c20       $pdata$?dtor$0@?0??SubAnimName@BerconWood@@UEAA?AVWStr@@H@Z@4HA 0000000180040c20     BerconWood.obj
 0004:00001c20       $pdata$?dtor$0@?0??GetSubTexmapSlotName@BerconNoise@@UEAA?AVWStr@@H@Z@4HA 0000000180040c20     BerconNoise.obj
 0004:00001c20       $pdata$?dtor$0@?0??SubAnimName@BerconNoise@@UEAA?AVWStr@@H@Z@4HA 0000000180040c20     BerconNoise.obj
 0004:00001c20       $pdata$?dtor$0@?0??GetSubTexmapSlotName@BerconDistortion@@UEAA?AVWStr@@H@Z@4HA 0000000180040c20     BerconDistortion.obj
 0004:00001c2c       $pdata$?dtor$1@?0???0BerconGradient@@QEAA@XZ@4HA 0000000180040c2c     BerconGradient.obj
 0004:00001c38       $pdata$CommctrlIsolationAwarePrivatetRgCebPnQQeRff_pbZPgYQP_QYY$fin$0 0000000180040c38     DllEntry.obj
 0004:00001c44       $pdata$IsolationAwareInitCommonControls$fin$0 0000000180040c44     DllEntry.obj
 0004:00001c50       $pdata$WinbaseIsolationAwarePrivatetRgzlnPgpgk$fin$0 0000000180040c50     DllEntry.obj
 0004:00001c5c       $pdata$IsolationAwareRegisterClassExW$fin$0 0000000180040c5c     IGradient.obj
 0004:00001c68       $pdata$?catch$0@?0???$_Emplace_reallocate@M@?$vector@MV?$allocator@M@std@@@std@@QEAAPEAMQEAM$$QEAM@Z@4HA 0000000180040c68     tile.obj
 0004:00001c68       $pdata$?catch$0@?0???$_Emplace_reallocate@AEBM@?$vector@MV?$allocator@M@std@@@std@@QEAAPEAMQEAMAEBM@Z@4HA 0000000180040c68     tile.obj
 0004:00001c74       $pdata$?catch$2@?0???$_Emplace_reallocate@AEBVTileRow@@@?$vector@VTileRow@@V?$allocator@VTileRow@@@std@@@std@@QEAAPEAVTileRow@@QEAV2@AEBV2@@Z@4HA 0000000180040c74     tile.obj
 0004:00001c80       $pdata$?catch$0@?0???$_Emplace_reallocate@V?$basic_string@_WU?$char_traits@_W@std@@V?$allocator@_W@2@@std@@@?$vector@V?$basic_string@_WU?$char_traits@_W@std@@V?$allocator@_W@2@@std@@V?$allocator@V?$basic_string@_WU?$char_traits@_W@std@@V?$allocator@_W@2@@std@@@2@@std@@QEAAPEAV?$basic_string@_WU?$char_traits@_W@std@@V?$allocator@_W@2@@1@QEAV21@$$QEAV21@@Z@4HA 0000000180040c80     tile.obj
 0004:00001c8c       $pdata$?catch$0@?0???0?$vector@MV?$allocator@M@std@@@std@@QEAA@AEBV01@@Z@4HA 0000000180040c8c     tile.obj
 0004:00001c98       $pdata$?dtor$10@?0??parsePattern@@YAHV?$basic_string@_WU?$char_traits@_W@std@@V?$allocator@_W@2@@std@@PEAVTilePattern@@@Z@4HA 0000000180040c98     tile.obj
 0004:00001ca4       $pdata$?dtor$13@?0??parsePattern@@YAHV?$basic_string@_WU?$char_traits@_W@std@@V?$allocator@_W@2@@std@@PEAVTilePattern@@@Z@4HA 0000000180040ca4     tile.obj
 0004:00001cb0       $pdata$?dtor$17@?0??parsePattern@@YAHV?$basic_string@_WU?$char_traits@_W@std@@V?$allocator@_W@2@@std@@PEAVTilePattern@@@Z@4HA 0000000180040cb0     tile.obj
 0004:00001cbc       $pdata$?dtor$1@?0??tokenize@@YAXAEBV?$basic_string@_WU?$char_traits@_W@std@@V?$allocator@_W@2@@std@@AEAV?$vector@V?$basic_string@_WU?$char_traits@_W@std@@V?$allocator@_W@2@@std@@V?$allocator@V?$basic_string@_WU?$char_traits@_W@std@@V?$allocator@_W@2@@std@@@2@@2@0@Z@4HA 0000000180040cbc     tile.obj
 0004:00001cc8       $pdata$__scrt_is_nonwritable_in_current_image$filt$0 0000000180040cc8     MSVCRT:utility.obj
 0004:00001cd4       $pdata$?fin$0@?0??dllmain_crt_process_attach@@YAHQEAUHINSTANCE__@@QEAX@Z@4HA 0000000180040cd4     MSVCRT:dll_dllmain.obj
 0004:00001ce0       $pdata$?fin$0@?0??dllmain_crt_process_detach@@YAH_N@Z@4HA 0000000180040ce0     MSVCRT:dll_dllmain.obj
 0004:00001cec       $pdata$?filt$0@?0??dllmain_dispatch@@YAHQEAUHINSTANCE__@@KQEAX@Z@4HA 0000000180040cec     MSVCRT:dll_dllmain.obj
 0004:00001cf8       $pdata$??__FBerconDistortionDesc@@YAXXZ 0000000180040cf8     BerconDistortion.obj
 0004:00001d04       $pdata$??__Fxyz_blk@@YAXXZ 0000000180040d04     BerconDistortion.obj
 0004:00001d10       $pdata$??__FBerconGradientDesc@@YAXXZ 0000000180040d10     BerconGradient.obj
 0004:00001d1c       $pdata$??__Fxyz_blk@@YAXXZ 0000000180040d1c     BerconGradient.obj
 0004:00001d28       $pdata$??__FBerconTileDesc@@YAXXZ 0000000180040d28     BerconTile.obj
 0004:00001d34       $pdata$??__Fxyz_blk@@YAXXZ 0000000180040d34     BerconTile.obj
 0004:00001d40       $pdata$??__FBerconWoodDesc@@YAXXZ 0000000180040d40     BerconWood.obj
 0004:00001d4c       $pdata$??__Fxyz_blk@@YAXXZ 0000000180040d4c     BerconWood.obj
 0004:00001d58       $pdata$??__FBerconNoiseDesc@@YAXXZ 0000000180040d58     BerconNoise.obj
 0004:00001d64       $pdata$??__Fxyz_blk@@YAXXZ 0000000180040d64     BerconNoise.obj
 0005:000009b0       $R000000                   00000001800419b0     BerconNoise.res
 0005:00000a68       $R0000B8                   0000000180041a68     BerconNoise.res
 0005:00000a98       $R0000E8                   0000000180041a98     BerconNoise.res
 0005:00000b40       $R000190                   0000000180041b40     BerconNoise.res
 0005:00000cd0       $R000320                   0000000180041cd0     BerconNoise.res
 0005:00000d78       $R0003C8                   0000000180041d78     BerconNoise.res
 0005:00000e20       $R000470                   0000000180041e20     BerconNoise.res
 0005:00000f10       $R000560                   0000000180041f10     BerconNoise.res
 0005:00000fb8       $R000608                   0000000180041fb8     BerconNoise.res
 0005:00001e20       $R001470                   0000000180042e20     BerconNoise.res
 0005:000030b0       $R002700                   00000001800440b0     BerconNoise.res
 0005:00004888       $R003ED8                   0000000180045888     BerconNoise.res
 0005:00005290       $R0048E0                   0000000180046290     BerconNoise.res
 0005:000054d8       $R004B28                   00000001800464d8     BerconNoise.res
 0005:00005650       $R004CA0                   0000000180046650     BerconNoise.res
 0005:00005e40       $R005490                   0000000180046e40     BerconNoise.res
 0005:00006a40       $R006090                   0000000180047a40     BerconNoise.res
 0005:00007b98       $R0071E8                   0000000180048b98     BerconNoise.res
 0005:00008d00       $R008350                   0000000180049d00     BerconNoise.res
 0005:00009cb8       $R009308                   000000018004acb8     BerconNoise.res
 0005:0000ad50       $R00A3A0                   000000018004bd50     BerconNoise.res
 0005:0000b6d0       $R00AD20                   000000018004c6d0     BerconNoise.res
 0005:0000b6d8       $R00AD28                   000000018004c6d8     BerconNoise.res
 0005:0000b6e0       $R00AD30                   000000018004c6e0     BerconNoise.res
 0005:0000b6e8       $R00AD38                   000000018004c6e8     BerconNoise.res
 0005:0000b7a8       $R00ADF8                   000000018004c7a8     BerconNoise.res
 0005:000188f0       $R017F40                   00000001800598f0     BerconNoise.res
 0005:00018a68       $R0180B8                   0000000180059a68     BerconNoise.res
 0005:00018ad0       $R018120                   0000000180059ad0     BerconNoise.res
 0005:00018c38       $R018288                   0000000180059c38     BerconNoise.res
 0005:00018c88       $R0182D8                   0000000180059c88     BerconNoise.res
 0005:00018e50       $R0184A0                   0000000180059e50     BerconNoise.res
 0005:00019028       $R018678                   000000018005a028     BerconNoise.res
 0005:00019200       $R018850                   000000018005a200     BerconNoise.res
 0005:00019300       $R018950                   000000018005a300     BerconNoise.res
 0005:000193d0       $R018A20                   000000018005a3d0     BerconNoise.res
 0005:000194f8       $R018B48                   000000018005a4f8     BerconNoise.res
 0005:000195f8       $R018C48                   000000018005a5f8     BerconNoise.res
 0005:00019770       $R018DC0                   000000018005a770     BerconNoise.res
 0005:000198f0       $R018F40                   000000018005a8f0     BerconNoise.res
 0005:00019aa0       $R0190F0                   000000018005aaa0     BerconNoise.res
 0005:00019b80       $R0191D0                   000000018005ab80     BerconNoise.res
 0005:00019cc0       $R019310                   000000018005acc0     BerconNoise.res
 0005:00019e38       $R019488                   000000018005ae38     BerconNoise.res
 0005:0001a048       $R019698                   000000018005b048     BerconNoise.res
 0005:0001a200       $R019850                   000000018005b200     BerconNoise.res
 0005:0001a318       $R019968                   000000018005b318     BerconNoise.res

 Exports

  ordinal    name

        1    ?LibDescription@@YAPEB_WXZ (wchar_t const * __cdecl LibDescription(void))
               exported name: LibDescription
        2    ?LibNumberClasses@@YAHXZ (int __cdecl LibNumberClasses(void))
               exported name: LibNumberClasses
        3    ?LibClassDesc@@YAPEAVClassDesc@@H@Z (class ClassDesc * __cdecl LibClassDesc(int))
               exported name: LibClassDesc
        4    ?LibVersion@@YAKXZ (unsigned long __cdecl LibVersion(void))
               exported name: LibVersion
        5    ??0VertexNormalsControl@@QEAA@XZ (public: __cdecl VertexNormalsControl::VertexNormalsControl(void))
        6    ?LibInitialize@@YAHXZ (int __cdecl LibInitialize(void))
        7    ?LibShutdown@@YAHXZ (int __cdecl LibShutdown(void))
