 BerconMaps_2019_64_AVX2

 Timestamp is 5ce5603c (Wed May 22 10:44:12 2019)

 Preferred load address is 0000000180000000

 Start         Length     Name                   Class
 0001:00000000 00007a50H .text$di                CODE
 0001:00007a50 00021ff0H .text$mn                CODE
 0001:00029a40 00000020H .text$mn$00             CODE
 0001:00029a60 00000e20H .text$x                 CODE
 0001:0002a880 000001dfH .text$yd                CODE
 0002:00000000 000008a0H .idata$5                DATA
 0002:000008a0 00000010H .00cfg                  DATA
 0002:000008b0 00000008H .CRT$XCA                DATA
 0002:000008b8 000000f0H .CRT$XCU                DATA
 0002:000009a8 00000008H .CRT$XCZ                DATA
 0002:000009b0 00000008H .CRT$XIA                DATA
 0002:000009b8 00000008H .CRT$XIZ                DATA
 0002:000009c0 00000008H .CRT$XPA                DATA
 0002:000009c8 00000008H .CRT$XPZ                DATA
 0002:000009d0 00000008H .CRT$XTA                DATA
 0002:000009d8 00000008H .CRT$XTZ                DATA
 0002:000009e0 00006470H .rdata                  DATA
 0002:00006e50 000020d4H .rdata$r                DATA
 0002:00008f24 000002ccH .rdata$zzzdbg           DATA
 0002:000091f0 00000008H .rtc$IAA                DATA
 0002:000091f8 00000008H .rtc$IZZ                DATA
 0002:00009200 00000008H .rtc$TAA                DATA
 0002:00009208 00000008H .rtc$TZZ                DATA
 0002:00009210 00003c20H .xdata                  DATA
 0002:0000ce30 000001e0H .xdata$x                DATA
 0002:0000d010 00000104H .edata                  DATA
 0002:0000d114 00000118H .idata$2                DATA
 0002:0000d22c 00000014H .idata$3                DATA
 0002:0000d240 000008a0H .idata$4                DATA
 0002:0000dae0 00002c3eH .idata$6                DATA
 0003:00000000 00000730H .data                   DATA
 0003:00000730 000009f0H .data$r                 DATA
 0003:00001120 00000b48H .bss                    DATA
 0004:00000000 00001f14H .pdata                  DATA
 0005:00000000 0000002cH .gfids$y                DATA
 0006:00000000 00000950H .rsrc$01                DATA
 0006:00000950 00019a80H .rsrc$02                DATA

  Address         Publics by Value              Rva+Base               Lib:Object

 0000:00000000       __guard_longjmp_table      0000000000000000     <absolute>
 0000:00000000       __guard_fids_count         0000000000000000     <absolute>
 0000:00000000       __dynamic_value_reloc_table 0000000000000000     <absolute>
 0000:00000000       ___safe_se_handler_table   0000000000000000     <absolute>
 0000:00000000       __guard_longjmp_count      0000000000000000     <absolute>
 0000:00000000       ___safe_se_handler_count   0000000000000000     <absolute>
 0000:00000000       __guard_iat_table          0000000000000000     <absolute>
 0000:00000000       __guard_fids_table         0000000000000000     <absolute>
 0000:00000000       __guard_iat_count          0000000000000000     <absolute>
 0000:00000100       __guard_flags              0000000000000100     <absolute>
 0000:00000000       __ImageBase                0000000180000000     <linker-defined>
 0001:00007a50       ?Create@BerconDistortionClassDesc@@UEAAPEAXH@Z 0000000180008a50 f i BerconDistortion.obj
 0001:00007a90       ?ClassName@BerconDistortionClassDesc@@UEAAPEB_WXZ 0000000180008a90 f i BerconDistortion.obj
 0001:00007aa0       ?Category@BerconTileClassDesc@@UEAAPEB_WXZ 0000000180008aa0 f i BerconTile.obj
 0001:00007aa0       ?Category@BerconDistortionClassDesc@@UEAAPEB_WXZ 0000000180008aa0 f i BerconDistortion.obj
 0001:00007aa0       ?Category@BerconGradientClassDesc@@UEAAPEB_WXZ 0000000180008aa0 f i BerconGradient.obj
 0001:00007aa0       ?Category@BerconWoodClassDesc@@UEAAPEB_WXZ 0000000180008aa0 f i BerconWood.obj
 0001:00007aa0       ?Category@BerconNoiseClassDesc@@UEAAPEB_WXZ 0000000180008aa0 f i BerconNoise.obj
 0001:00007ab0       ?InternalName@BerconDistortionClassDesc@@UEAAPEB_WXZ 0000000180008ab0 f i BerconDistortion.obj
 0001:00007ac0       ??_GBerconDistortionClassDesc@@UEAAPEAXI@Z 0000000180008ac0 f i BerconDistortion.obj
 0001:00007ac0       ??_EBerconDistortionClassDesc@@UEAAPEAXI@Z 0000000180008ac0 f i BerconDistortion.obj
 0001:00007b20       ?What@TabOutOfRangeException@Util@MaxSDK@@UEBAPEB_WXZ 0000000180008b20 f i BerconDistortion.obj
 0001:00007b40       ??1TabOutOfRangeException@Util@MaxSDK@@UEAA@XZ 0000000180008b40 f i BerconDistortion.obj
 0001:00007b60       ??0TabOutOfRangeException@Util@MaxSDK@@QEAA@AEBV012@@Z 0000000180008b60 f i BerconDistortion.obj
 0001:00007ba0       ??_ETabOutOfRangeException@Util@MaxSDK@@UEAAPEAXI@Z 0000000180008ba0 f i BerconDistortion.obj
 0001:00007ba0       ??_GTabOutOfRangeException@Util@MaxSDK@@UEAAPEAXI@Z 0000000180008ba0 f i BerconDistortion.obj
 0001:00007c00       ?InitialRollupPageState@ClassDesc@@UEAAKXZ 0000000180008c00 f i BerconDistortion.obj
 0001:00007c10       ?GetMacroRecorderName@Animatable@@UEAA_N_NAEAVWStr@@@Z 0000000180008c10 f i BerconDistortion.obj
 0001:00007c10       ?IsLocalOutputMeaningful@Texmap@@UEAA_NAEAVShadeContext@@@Z 0000000180008c10 f i BerconDistortion.obj
 0001:00007c10       ?UseOnlyInternalNameForMAXScriptExposure@ClassDesc@@UEAA_NXZ 0000000180008c10 f i BerconDistortion.obj
 0001:00007c10       ?DrawRepresentation@ClassDesc@@UEAA_NKPEAUHDC__@@AEAVBox2@@@Z 0000000180008c10 f i BerconDistortion.obj
 0001:00007c20       ?SetUserDlgProc@ClassDesc2@@UEAA_NPEAVParamBlockDesc2@@PEAVParamMap2UserDlgProc@@@Z 0000000180008c20 f i BerconDistortion.obj
 0001:00007c30       ?NumInterfaces@ClassDesc@@UEAAHXZ 0000000180008c30 f i BerconDistortion.obj
 0001:00007c40       ?GetInterfaceAt@ClassDesc@@UEAAPEAVFPInterface@@H@Z 0000000180008c40 f i BerconDistortion.obj
 0001:00007c60       ?ClearInterfaces@ClassDesc@@UEAAXXZ 0000000180008c60 f i BerconDistortion.obj
 0001:00007c70       ?SubClassID@ClassDesc@@UEAA?AVClass_ID@@XZ 0000000180008c70 f i BerconDistortion.obj
 0001:00007c80       ??_EXYZ_Desc@@UEAAPEAXI@Z  0000000180008c80 f i BerconDistortion.obj
 0001:00007c80       ??_GXYZ_Desc@@UEAAPEAXI@Z  0000000180008c80 f i BerconDistortion.obj
 0001:00007ce0       ??0BerconDistortion@@QEAA@XZ 0000000180008ce0 f   BerconDistortion.obj
 0001:00007e10       ??0BerconSC@@QEAA@QEAVShadeContext@@@Z 0000000180008e10 f i BerconDistortion.obj
 0001:00007fe0       ??0BerconXYZ@@QEAA@XZ      0000000180008fe0 f i BerconDistortion.obj
 0001:00008050       ??0VertexNormalsControl@@QEAA@XZ 0000000180009050 f i BerconDistortion.obj
 0001:00008080       ??0XYZ_Desc@@QEAA@PEAVClassDesc2@@HHHHHHH@Z 0000000180009080 f i BerconDistortion.obj
 0001:00009350       ??1?$Tab@PEAVBaseInterface@@@@QEAA@XZ 000000018000a350 f i BerconDistortion.obj
 0001:00009370       ??1?$Tab@PEAVVertexNormalsCallback@@@@QEAA@XZ 000000018000a370 f i BerconDistortion.obj
 0001:00009390       ??1BerconSC@@UEAA@XZ       000000018000a390 f i BerconDistortion.obj
 0001:000093e0       ??1ParamMap2UserDlgProc@@UEAA@XZ 000000018000a3e0 f i BerconDistortion.obj
 0001:000093f0       ??1RenderGlobalContext@@UEAA@XZ 000000018000a3f0 f i BerconDistortion.obj
 0001:00009410       ??1ShadeContext@@UEAA@XZ   000000018000a410 f i BerconDistortion.obj
 0001:00009450       ??1ShadeOutput@@UEAA@XZ    000000018000a450 f i BerconDistortion.obj
 0001:00009470       ??1Texmap@@UEAA@XZ         000000018000a470 f i BerconDistortion.obj
 0001:00009490       ??A?$Tab@PEAVFPInterface@@@@QEBAAEAPEAVFPInterface@@_J@Z 000000018000a490 f i BerconDistortion.obj
 0001:00009580       ??_EBerconDistortion@@WEA@EAAPEAXI@Z 000000018000a580 f i BerconDistortion.obj
 0001:0000958c       ??_EBerconSC@@WCII@EAAPEAXI@Z 000000018000a58c f i BerconDistortion.obj
 0001:000095a0       ??_GBaseInterfaceServer@@UEAAPEAXI@Z 000000018000a5a0 f i BerconDistortion.obj
 0001:000095a0       ??_EBaseInterfaceServer@@UEAAPEAXI@Z 000000018000a5a0 f i BerconDistortion.obj
 0001:000095f0       ??_GBerconDistortion@@UEAAPEAXI@Z 000000018000a5f0 f i BerconDistortion.obj
 0001:000095f0       ??_EBerconDistortion@@UEAAPEAXI@Z 000000018000a5f0 f i BerconDistortion.obj
 0001:00009680       ??_GBerconSC@@UEAAPEAXI@Z  000000018000a680 f i BerconDistortion.obj
 0001:00009680       ??_EBerconSC@@UEAAPEAXI@Z  000000018000a680 f i BerconDistortion.obj
 0001:00009700       ??_EBerconXYZDlgProc@@UEAAPEAXI@Z 000000018000a700 f i BerconDistortion.obj
 0001:00009700       ??_GBerconXYZDlgProc@@UEAAPEAXI@Z 000000018000a700 f i BerconDistortion.obj
 0001:00009750       ??_EInterfaceServer@@UEAAPEAXI@Z 000000018000a750 f i BerconDistortion.obj
 0001:00009750       ??_GInterfaceServer@@UEAAPEAXI@Z 000000018000a750 f i BerconDistortion.obj
 0001:000097a0       ??_GParamMap2UserDlgProc@@UEAAPEAXI@Z 000000018000a7a0 f i BerconDistortion.obj
 0001:000097a0       ??_EParamMap2UserDlgProc@@UEAAPEAXI@Z 000000018000a7a0 f i BerconDistortion.obj
 0001:000097e0       ??_ERenderGlobalContext@@UEAAPEAXI@Z 000000018000a7e0 f i BerconDistortion.obj
 0001:000097e0       ??_GRenderGlobalContext@@UEAAPEAXI@Z 000000018000a7e0 f i BerconDistortion.obj
 0001:00009840       ??_EShadeContext@@UEAAPEAXI@Z 000000018000a840 f i BerconDistortion.obj
 0001:00009840       ??_GShadeContext@@UEAAPEAXI@Z 000000018000a840 f i BerconDistortion.obj
 0001:000098b0       ??_GShadeOutput@@UEAAPEAXI@Z 000000018000a8b0 f i BerconDistortion.obj
 0001:000098b0       ??_EShadeOutput@@UEAAPEAXI@Z 000000018000a8b0 f i BerconDistortion.obj
 0001:00009910       ?ActivateTexDisplay@BerconDistortion@@UEAAXH@Z 000000018000a910 f i BerconDistortion.obj
 0001:00009940       ?Antialias@BerconSC@@UEAAHXZ 000000018000a940 f i BerconDistortion.obj
 0001:00009950       ?BarycentricCoords@BerconSC@@UEAA?AVPoint3@@XZ 000000018000a950 f i BerconDistortion.obj
 0001:00009970       ?BarycentricCoords@ShadeContext@@UEAA?AVPoint3@@XZ 000000018000a970 f i BerconDistortion.obj
 0001:00009980       ?BumpBasisVectors@BerconSC@@UEAAHQEAVPoint3@@HH@Z 000000018000a980 f i BerconDistortion.obj
 0001:000099a0       ?BypassTrackBar@Animatable@@UEAAHXZ 000000018000a9a0 f i BerconDistortion.obj
 0001:000099b0       ?CamFarRange@BerconSC@@UEAAMXZ 000000018000a9b0 f i BerconDistortion.obj
 0001:000099d0       ?CamNearRange@BerconSC@@UEAAMXZ 000000018000a9d0 f i BerconDistortion.obj
 0001:000099f0       ?CamPos@BerconSC@@UEAA?AVPoint3@@XZ 000000018000a9f0 f i BerconDistortion.obj
 0001:00009a20       ?ClassID@BerconDistortion@@UEAA?AVClass_ID@@XZ 000000018000aa20 f i BerconDistortion.obj
 0001:00009a20       ?ClassID@BerconDistortionClassDesc@@UEAA?AVClass_ID@@XZ 000000018000aa20 f i BerconDistortion.obj
 0001:00009a40       ?ClassID@BerconSC@@UEAA?AVClass_ID@@XZ 000000018000aa40 f i BerconDistortion.obj
 0001:00009a60       ?ClassID@ShadeContext@@UEAA?AVClass_ID@@XZ 000000018000aa60 f i BerconDistortion.obj
 0001:00009a60       ?SurfacePtScreen@ShadeContext@@UEAA?AVPoint2@@XZ 000000018000aa60 f i BerconDistortion.obj
 0001:00009a70       ?Clone@BerconDistortion@@UEAAPEAVReferenceTarget@@AEAVRemapDir@@@Z 000000018000aa70 f   BerconDistortion.obj
 0001:00009ba0       ?CreateParamDlg@BerconDistortion@@UEAAPEAVParamDlg@@PEAUHWND__@@PEAVIMtlParams@@@Z 000000018000aba0 f   BerconDistortion.obj
 0001:00009c20       ?CurTime@BerconSC@@UEAAHXZ 000000018000ac20 f i BerconDistortion.obj
 0001:00009c30       ?Curve@BerconSC@@UEAAMXZ   000000018000ac30 f i BerconDistortion.obj
 0001:00009c50       ?DP@BerconSC@@UEAA?AVPoint3@@XZ 000000018000ac50 f i BerconDistortion.obj
 0001:00009c80       ?DP@BerconSC@@UEAAXAEAVPoint3@@0@Z 000000018000ac80 f i BerconDistortion.obj
 0001:00009ca0       ?DPObj@BerconSC@@UEAA?AVPoint3@@XZ 000000018000aca0 f i BerconDistortion.obj
 0001:00009cd0       ?DPObjRelBox@BerconSC@@UEAA?AVPoint3@@XZ 000000018000acd0 f i BerconDistortion.obj
 0001:00009d00       ?DPdUVW@BerconSC@@UEAAXQEAVPoint3@@H@Z 000000018000ad00 f i BerconDistortion.obj
 0001:00009d20       ?DUVW@BerconSC@@UEAA?AVPoint3@@H@Z 000000018000ad20 f i BerconDistortion.obj
 0001:00009d44       ?DebugFile@BerconSC@@WCII@EAAPEAU_iobuf@@XZ 000000018000ad44 f i BerconDistortion.obj
 0001:00009d50       ?DiffuseIllum@BerconSC@@UEAA?AVColor@@XZ 000000018000ad50 f i BerconDistortion.obj
 0001:00009d80       ?DlgProc@BerconXYZDlgProc@@UEAA_JHPEAVIParamMap2@@PEAUHWND__@@I_K_J@Z 000000018000ad80 f i BerconDistortion.obj
 0001:0000a290       ?EditTrack@Animatable@@UEAAXXZ 000000018000b290 f i BerconDistortion.obj
 0001:0000a2c0       ?EvalColor@BerconDistortion@@UEAA?AVAColor@@AEAVShadeContext@@@Z 000000018000b2c0 f   BerconDistortion.obj
 0001:0000a480       ?EvalEnvironMap@BerconSC@@UEAA?AVAColor@@PEAVTexmap@@VPoint3@@@Z 000000018000b480 f i BerconDistortion.obj
 0001:0000a4d0       ?EvalGlobalEnvironMap@BerconSC@@UEAA?AVAColor@@VPoint3@@@Z 000000018000b4d0 f i BerconDistortion.obj
 0001:0000a520       ?EvalGlobalEnvironMap@RenderGlobalContext@@UEAA?AVAColor@@AEAVShadeContext@@AEAVRay@@H@Z 000000018000b520 f i BerconDistortion.obj
 0001:0000a540       ?EvalGlobalEnvironMap@ShadeContext@@UEAA?AVAColor@@VPoint3@@@Z 000000018000b540 f i BerconDistortion.obj
 0001:0000a550       ?EvalMono@BerconDistortion@@UEAAMAEAVShadeContext@@@Z 000000018000b550 f   BerconDistortion.obj
 0001:0000a6e0       ?EvalNormalPerturb@BerconDistortion@@UEAA?AVPoint3@@AEAVShadeContext@@@Z 000000018000b6e0 f   BerconDistortion.obj
 0001:0000a870       ?Execute@BerconSC@@UEAA_JH_K00@Z 000000018000b870 f i BerconDistortion.obj
 0001:0000a884       ?Execute@BerconSC@@WCII@EAA_JH_K00@Z 000000018000b884 f i BerconDistortion.obj
 0001:0000a890       ?FaceNumber@BerconSC@@UEAAHXZ 000000018000b890 f i BerconDistortion.obj
 0001:0000a8a0       ?GNormal@BerconSC@@UEAA?AVPoint3@@XZ 000000018000b8a0 f i BerconDistortion.obj
 0001:0000a8d0       ?CamNearRange@ShadeContext@@UEAAMXZ 000000018000b8d0 f i BerconDistortion.obj
 0001:0000a8d0       ?Curve@ShadeContext@@UEAAMXZ 000000018000b8d0 f i BerconDistortion.obj
 0001:0000a8d0       ?GetAAFilterSize@RenderGlobalContext@@UEAAMXZ 000000018000b8d0 f i BerconDistortion.obj
 0001:0000a8d0       ?RayConeAngle@ShadeContext@@UEAAMXZ 000000018000b8d0 f i BerconDistortion.obj
 0001:0000a8d0       ?CamFarRange@ShadeContext@@UEAAMXZ 000000018000b8d0 f i BerconDistortion.obj
 0001:0000a8e0       ?GetActiveTexHandle@BerconDistortion@@UEAA_KHAEAVTexHandleMaker@@@Z 000000018000b8e0 f   BerconDistortion.obj
 0001:0000a9a0       ?GetBGColor@BerconSC@@UEAAXAEAVColor@@0H@Z 000000018000b9a0 f i BerconDistortion.obj
 0001:0000a9c0       ?GetBerconDistortionDesc@@YAPEAVClassDesc2@@XZ 000000018000b9c0 f   BerconDistortion.obj
 0001:0000a9d0       ?GetCache@BerconSC@@UEAAHPEAVTexmap@@AEAM@Z 000000018000b9d0 f i BerconDistortion.obj
 0001:0000a9f0       ?GetCache@BerconSC@@UEAAHPEAVTexmap@@AEAVAColor@@@Z 000000018000b9f0 f i BerconDistortion.obj
 0001:0000aa10       ?GetCache@BerconSC@@UEAAHPEAVTexmap@@AEAVPoint3@@@Z 000000018000ba10 f i BerconDistortion.obj
 0001:0000aa30       ?GetClassName@BerconDistortion@@UEAAXAEAVWStr@@@Z 000000018000ba30 f i BerconDistortion.obj
 0001:0000aa60       ?GetEvalObject@BerconSC@@UEAAPEAVObject@@XZ 000000018000ba60 f i BerconDistortion.obj
 0001:0000aa70       ?GetFlagKeyIndex@Animatable@@UEAAHXZ 000000018000ba70 f i BerconDistortion.obj
 0001:0000aa70       ?NodeID@ShadeContext@@UEAAHXZ 000000018000ba70 f i BerconDistortion.obj
 0001:0000aa70       ?GetKeyIndex@Animatable@@UEAAHH@Z 000000018000ba70 f i BerconDistortion.obj
 0001:0000aa70       ?NumKeys@Animatable@@UEAAHXZ 000000018000ba70 f i BerconDistortion.obj
 0001:0000aa80       ?GetIOR@BerconSC@@UEAAMXZ  000000018000ba80 f i BerconDistortion.obj
 0001:0000aaa0       ?GetSampleSizeScale@ShadeContext@@UEAAMXZ 000000018000baa0 f i BerconDistortion.obj
 0001:0000aaa0       ?GetIOR@ShadeContext@@UEAAMXZ 000000018000baa0 f i BerconDistortion.obj
 0001:0000aab0       ?GetInterface@MtlBase@@UEAAPEAVBaseInterface@@VInterface_ID@@@Z 000000018000bab0 f i BerconDistortion.obj
 0001:0000aae0       ?GetNSuperSample@BerconSC@@UEAAHXZ 000000018000bae0 f i BerconDistortion.obj
 0001:0000ab00       ?GetParamBlock@BerconDistortion@@UEAAPEAVIParamBlock2@@H@Z 000000018000bb00 f i BerconDistortion.obj
 0001:0000ab20       ?GetParamBlockByID@BerconDistortion@@UEAAPEAVIParamBlock2@@F@Z 000000018000bb20 f i BerconDistortion.obj
 0001:0000ab70       ?GetParamDimension@Animatable@@UEAAPEAVParamDimension@@H@Z 000000018000bb70 f i BerconDistortion.obj
 0001:0000ab80       ?GetRefTarget@MtlBase@@UEAAPEAVReferenceTarget@@XZ 000000018000bb80 f i BerconDistortion.obj
 0001:0000ab90       ?SubAnim@BerconDistortion@@UEAAPEAVAnimatable@@H@Z 000000018000bb90 f   BerconDistortion.obj
 0001:0000ab90       ?GetReference@BerconDistortion@@UEAAPEAVReferenceTarget@@H@Z 000000018000bb90 f   BerconDistortion.obj
 0001:0000abc0       ?GetRenderElement@BerconSC@@UEAAPEAVIRenderElement@@H@Z 000000018000bbc0 f i BerconDistortion.obj
 0001:0000abe0       ?GetRenderElement@ShadeContext@@UEAAPEAVIRenderElement@@H@Z 000000018000bbe0 f i BerconDistortion.obj
 0001:0000ac00       ?GetSampleSizeScale@BerconSC@@UEAAMXZ 000000018000bc00 f i BerconDistortion.obj
 0001:0000ac20       ?GetSubAnimCurveColor@Animatable@@UEAAKH@Z 000000018000bc20 f i BerconDistortion.obj
 0001:0000ac30       ?GetSubTexmap@BerconDistortion@@UEAAPEAVTexmap@@H@Z 000000018000bc30 f i BerconDistortion.obj
 0001:0000ac40       ?GetSubTexmapSlotName@BerconDistortion@@UEAA?AVWStr@@H@Z 000000018000bc40 f   BerconDistortion.obj
 0001:0000acd0       ?GetUVTransform@Texmap@@UEAAXAEAVMatrix3@@@Z 000000018000bcd0 f i BerconDistortion.obj
 0001:0000ace0       ?HitTestFCurves@Animatable@@UEAAHPEAVParamDimensionBase@@AEAV?$Tab@VTrackHitRecord@@@@AEAVBox2@@2MHMHK@Z 000000018000bce0 f i BerconDistortion.obj
 0001:0000ace0       ?NumParamBlocks@BerconWood@@UEAAHXZ 000000018000bce0 f i BerconWood.obj
 0001:0000ace0       ?HitTestSubFCurves@Animatable@@UEAAHHPEAVParamDimensionBase@@AEAV?$Tab@VTrackHitRecord@@@@AEAVBox2@@2MHMHK@Z 000000018000bce0 f i BerconDistortion.obj
 0001:0000acf0       ?InMtlEditor@BerconSC@@UEAAHXZ 000000018000bcf0 f i BerconDistortion.obj
 0001:0000ad00       ?InitSlotType@Texmap@@UEAAXH@Z 000000018000bd00 f i BerconDistortion.obj
 0001:0000ad10       ?IsSubClassOf@Animatable@@UEAAHVClass_ID@@@Z 000000018000bd10 f i BerconDistortion.obj
 0001:0000ad50       ?IsSuperSampleOn@BerconSC@@UEAAHXZ 000000018000bd50 f i BerconDistortion.obj
 0001:0000ad70       ?IsTextureSuperSampleOn@BerconSC@@UEAAHXZ 000000018000bd70 f i BerconDistortion.obj
 0001:0000ad90       ?Light@BerconSC@@UEAAPEAVLightDesc@@H@Z 000000018000bd90 f i BerconDistortion.obj
 0001:0000ada0       ?LocalRequirements@BerconDistortion@@UEAAKH@Z 000000018000bda0 f i BerconDistortion.obj
 0001:0000adc0       ?MapSlotType@Texmap@@UEAAHH@Z 000000018000bdc0 f i BerconDistortion.obj
 0001:0000add0       ?MappingsRequired@BerconDistortion@@UEAAXHAEAVBitArray@@0@Z 000000018000bdd0 f i BerconDistortion.obj
 0001:0000adf0       ?NRenderElements@BerconSC@@UEAAHXZ 000000018000bdf0 f i BerconDistortion.obj
 0001:0000ae10       ?NRenderElements@ShadeContext@@UEAAHXZ 000000018000be10 f i BerconDistortion.obj
 0001:0000ae30       ?Node@BerconSC@@UEAAPEAVINode@@XZ 000000018000be30 f i BerconDistortion.obj
 0001:0000ae40       ?NodeID@BerconSC@@UEAAHXZ  000000018000be40 f i BerconDistortion.obj
 0001:0000ae50       ?Normal@BerconSC@@UEAA?AVPoint3@@XZ 000000018000be50 f i BerconDistortion.obj
 0001:0000ae70       ?NotifyDependents@ReferenceMaker@@EEAA?AW4RefResult@@AEBVInterval@@_KIKHPEAVReferenceTarget@@@Z 000000018000be70 f i BerconDistortion.obj
 0001:0000aea0       ?NotifyForeground@ReferenceTarget@@UEAAXH@Z 000000018000bea0 f i BerconDistortion.obj
 0001:0000af00       ?NotifyRefChanged@BerconDistortion@@UEAA?AW4RefResult@@AEBVInterval@@PEAVReferenceTarget@@AEA_KIH@Z 000000018000bf00 f   BerconDistortion.obj
 0001:0000af90       ?PaintSubTrack@Animatable@@UEAAHHPEAVParamDimensionBase@@PEAUHDC__@@AEAVBox2@@2MHK@Z 000000018000bf90 f i BerconDistortion.obj
 0001:0000af90       ?NumParamBlocks@BerconGradient@@UEAAHXZ 000000018000bf90 f i BerconGradient.obj
 0001:0000af90       ?NumParamBlocks@BerconDistortion@@UEAAHXZ 000000018000bf90 f i BerconDistortion.obj
 0001:0000af90       ?PaintTrack@Animatable@@UEAAHPEAVParamDimensionBase@@PEAUHDC__@@AEAVBox2@@2MHK@Z 000000018000bf90 f i BerconDistortion.obj
 0001:0000af90       ?HitTestTrack@Animatable@@UEAAHAEAV?$Tab@VTrackHitRecord@@@@AEAVBox2@@1MHK@Z 000000018000bf90 f i BerconDistortion.obj
 0001:0000afa0       ?LibNumberClasses@@YAHXZ   000000018000bfa0 f i DllEntry.obj
 0001:0000afa0       ?NumSubs@BerconDistortion@@UEAAHXZ 000000018000bfa0 f i BerconDistortion.obj
 0001:0000afa0       ?NumRefs@BerconDistortion@@UEAAHXZ 000000018000bfa0 f i BerconDistortion.obj
 0001:0000afb0       ?ObjectBox@BerconSC@@UEAA?AVBox3@@XZ 000000018000bfb0 f i BerconDistortion.obj
 0001:0000afe0       ?OrigNormal@BerconSC@@UEAA?AVPoint3@@XZ 000000018000bfe0 f i BerconDistortion.obj
 0001:0000b000       ?OrigNormal@ShadeContext@@UEAA?AVPoint3@@XZ 000000018000c000 f i BerconDistortion.obj
 0001:0000b020       ?OrigView@BerconSC@@UEAA?AVPoint3@@XZ 000000018000c020 f i BerconDistortion.obj
 0001:0000b050       ?OrigView@ShadeContext@@UEAA?AVPoint3@@XZ 000000018000c050 f i BerconDistortion.obj
 0001:0000b070       ?P@BerconSC@@UEAA?AVPoint3@@XZ 000000018000c070 f i BerconDistortion.obj
 0001:0000b0f0       ?PObj@BerconSC@@UEAA?AVPoint3@@XZ 000000018000c0f0 f i BerconDistortion.obj
 0001:0000b170       ?PObjRelBox@BerconSC@@UEAA?AVPoint3@@XZ 000000018000c170 f i BerconDistortion.obj
 0001:0000b1a0       ?PointFrom@BerconSC@@UEAA?AVPoint3@@AEBV2@W4RefFrame@@@Z 000000018000c1a0 f i BerconDistortion.obj
 0001:0000b1d0       ?PointTo@BerconSC@@UEAA?AVPoint3@@AEBV2@W4RefFrame@@@Z 000000018000c1d0 f i BerconDistortion.obj
 0001:0000b200       ?ProjType@BerconSC@@UEAAHXZ 000000018000c200 f i BerconDistortion.obj
 0001:0000b210       ?PutCache@BerconSC@@UEAAXPEAVTexmap@@AEBVAColor@@@Z 000000018000c210 f i BerconDistortion.obj
 0001:0000b230       ?PutCache@BerconSC@@UEAAXPEAVTexmap@@AEBVPoint3@@@Z 000000018000c230 f i BerconDistortion.obj
 0001:0000b250       ?PutCache@BerconSC@@UEAAXPEAVTexmap@@M@Z 000000018000c250 f i BerconDistortion.obj
 0001:0000b270       ?RayConeAngle@BerconSC@@UEAAMXZ 000000018000c270 f i BerconDistortion.obj
 0001:0000b290       ?RayDiam@BerconSC@@UEAAMXZ 000000018000c290 f i BerconDistortion.obj
 0001:0000b2b0       ?RayDiam@ShadeContext@@UEAAMXZ 000000018000c2b0 f i BerconDistortion.obj
 0001:0000b2d0       ?ReflectVector@BerconSC@@UEAA?AVPoint3@@XZ 000000018000c2d0 f i BerconDistortion.obj
 0001:0000b300       ?RefractVector@BerconSC@@UEAA?AVPoint3@@M@Z 000000018000c300 f i BerconDistortion.obj
 0001:0000b330       ?Reset@BerconDistortion@@UEAAXXZ 000000018000c330 f   BerconDistortion.obj
 0001:0000b3b0       ?ScaledToRGB@BerconSC@@UEBAPEAVToneOperator@@M@Z 000000018000c3b0 f i BerconDistortion.obj
 0001:0000b3b0       ?ScaledToRGB@BerconSC@@UEBAPEAVToneOperator@@XZ 000000018000c3b0 f i BerconDistortion.obj
 0001:0000b3b0       ?ScaleRGB@BerconSC@@UEBAPEAVToneOperator@@M@Z 000000018000c3b0 f i BerconDistortion.obj
 0001:0000b3b0       ?IsPhysicalSpace@BerconSC@@UEBAPEAVToneOperator@@XZ 000000018000c3b0 f i BerconDistortion.obj
 0001:0000b3e0       ?ScreenCoord@BerconSC@@UEAA?AVIPoint2@@XZ 000000018000c3e0 f i BerconDistortion.obj
 0001:0000b410       ?ScreenUV@BerconSC@@UEAAXAEAVPoint2@@0@Z 000000018000c410 f i BerconDistortion.obj
 0001:0000b460       ?Set@BitArray@@QEAAXH@Z    000000018000c460 f i BerconDistortion.obj
 0001:0000b510       ?SetGBufferID@BerconSC@@UEAAXH@Z 000000018000c510 f i BerconDistortion.obj
 0001:0000b530       ?SetGBufferID@ShadeContext@@UEAAXH@Z 000000018000c530 f i BerconDistortion.obj
 0001:0000b540       ?SetIOR@BerconSC@@UEAAXM@Z 000000018000c540 f i BerconDistortion.obj
 0001:0000b560       ?SetNormal@BerconSC@@UEAAXVPoint3@@@Z 000000018000c560 f i BerconDistortion.obj
 0001:0000b5a0       ?SetReference@BerconDistortion@@UEAAXHPEAVReferenceTarget@@@Z 000000018000c5a0 f   BerconDistortion.obj
 0001:0000b5d0       ?SetSubTexmap@BerconDistortion@@UEAAXHPEAVTexmap@@@Z 000000018000c5d0 f   BerconDistortion.obj
 0001:0000b640       ?SetThing@BerconXYZDlgProc@@UEAAXPEAVReferenceTarget@@@Z 000000018000c640 f i BerconDistortion.obj
 0001:0000b650       ?SetView@BerconSC@@UEAAXVPoint3@@@Z 000000018000c650 f i BerconDistortion.obj
 0001:0000b690       ?SubAnimName@BerconDistortion@@UEAA?AVWStr@@H@Z 000000018000c690 f   BerconDistortion.obj
 0001:0000b710       ?SurfacePtScreen@BerconSC@@UEAA?AVPoint2@@XZ 000000018000c710 f i BerconDistortion.obj
 0001:0000b740       ?TossCache@BerconSC@@UEAAXPEAVTexmap@@@Z 000000018000c740 f i BerconDistortion.obj
 0001:0000b760       ?Antialias@ShadeContext@@UEAAHXZ 000000018000c760 f i BerconDistortion.obj
 0001:0000b760       ?DebugFile@RenderGlobalContext@@UEAAPEAU_iobuf@@XZ 000000018000c760 f i BerconDistortion.obj
 0001:0000b760       ?ShouldPersistWeakRef@ReferenceMaker@@UEAAHPEAVReferenceTarget@@@Z 000000018000c760 f i BerconDistortion.obj
 0001:0000b760       ?IntersectWorld@RenderGlobalContext@@UEAAHAEAVRay@@HAEAUISect@@AEAVISectList@@H@Z 000000018000c760 f i BerconDistortion.obj
 0001:0000b760       ?NumSelKeys@Animatable@@UEAAHXZ 000000018000c760 f i BerconDistortion.obj
 0001:0000b760       ?CanManipulate@ClassDesc@@UEAAHPEAVReferenceTarget@@@Z 000000018000c760 f i BerconDistortion.obj
 0001:0000b760       ?GetToolTip@ResourceMakerCallback@@UEAAHHAEAVWStr@@PEAVICurveCtl@@@Z 000000018000c760 f i BerconGradient.obj
 0001:0000b760       ?CanCopyTrack@Animatable@@UEAAHVInterval@@K@Z 000000018000c760 f i BerconDistortion.obj
 0001:0000b760       ?GetTheXYZGen@Texmap@@UEAAPEAVXYZGen@@XZ 000000018000c760 f i BerconDistortion.obj
 0001:0000b760       ?GetKeySelState@Animatable@@UEAAHAEAVBitArray@@VInterval@@K@Z 000000018000c760 f i BerconDistortion.obj
 0001:0000b760       ?IsSubCurveSelected@Animatable@@UEAAHH@Z 000000018000c760 f i BerconDistortion.obj
 0001:0000b760       ?IsKeySelected@Animatable@@UEAAHH@Z 000000018000c760 f i BerconDistortion.obj
 0001:0000b760       ?CopySubTrack@Animatable@@UEAAPEAVTrackClipObject@@HVInterval@@K@Z 000000018000c760 f i BerconDistortion.obj
 0001:0000b760       ?GetKeyTimes@Animatable@@UEAAHAEAV?$Tab@H@@VInterval@@K@Z 000000018000c760 f i BerconDistortion.obj
 0001:0000b760       ?CanCopySubTrack@Animatable@@UEAAHHVInterval@@K@Z 000000018000c760 f i BerconDistortion.obj
 0001:0000b760       ?PaintSubFCurves@Animatable@@UEAAHHPEAVParamDimensionBase@@PEAUHDC__@@AEAVBox2@@2MHMHK@Z 000000018000c760 f i BerconDistortion.obj
 0001:0000b760       ?SupportTimeOperations@Animatable@@UEAAHXZ 000000018000c760 f i BerconDistortion.obj
 0001:0000b760       ?IsManipulator@ClassDesc@@UEAAHXZ 000000018000c760 f i BerconDistortion.obj
 0001:0000b760       ?GetTheUVGen@Texmap@@UEAAPEAVUVGen@@XZ 000000018000c760 f i BerconDistortion.obj
 0001:0000b760       ?BypassTreeView@Animatable@@UEAAHXZ 000000018000c760 f i BerconDistortion.obj
 0001:0000b760       ?SetCustomImageList@ResourceMakerCallback@@UEAAHAEAPEAU_IMAGELIST@@PEAVICurveCtl@@@Z 000000018000c760 f i BerconGradient.obj
 0001:0000b760       ?GetKeyTime@Animatable@@UEAAHH@Z 000000018000c760 f i BerconDistortion.obj
 0001:0000b760       ?CreateManipulator@ClassDesc@@UEAAPEAVManipulator@@PEAVINode@@@Z 000000018000c760 f i BerconDistortion.obj
 0001:0000b760       ?NeedsToSave@ClassDesc@@UEAAHXZ 000000018000c760 f i BerconDistortion.obj
 0001:0000b760       ?CanPasteSubTrack@Animatable@@UEAAHHPEAVTrackClipObject@@VInterval@@K@Z 000000018000c760 f i BerconDistortion.obj
 0001:0000b760       ?Execute@ShadeContext@@UEAA_JH_K00@Z 000000018000c760 f i BerconDistortion.obj
 0001:0000b760       ?BypassPropertyLevel@Animatable@@UEAAHXZ 000000018000c760 f i BerconDistortion.obj
 0001:0000b760       ?Save@ClassDesc@@UEAA?AW4IOResult@@PEAVISave@@@Z 000000018000c760 f i BerconDistortion.obj
 0001:0000b760       ?ChildAnim@Animatable@@UEAAPEAV1@H@Z 000000018000c760 f i BerconDistortion.obj
 0001:0000b760       ?HandleOwnViewPerturb@Texmap@@UEAAHXZ 000000018000c760 f i BerconDistortion.obj
 0001:0000b760       ?GetCache@ShadeContext@@UEAAHPEAVTexmap@@AEAVAColor@@@Z 000000018000c760 f i BerconDistortion.obj
 0001:0000b760       ?ProjType@ShadeContext@@UEAAHXZ 000000018000c760 f i BerconDistortion.obj
 0001:0000b760       ?NumRenderInstances@RenderGlobalContext@@UEAAHXZ 000000018000c760 f i BerconDistortion.obj
 0001:0000b760       ?IsCurveSelected@Animatable@@UEAAHXZ 000000018000c760 f i BerconDistortion.obj
 0001:0000b760       ?GetActionTable@ClassDesc@@UEAAPEAVActionTable@@H@Z 000000018000c760 f i BerconDistortion.obj
 0001:0000b760       ?GetParamMap@ClassDesc@@UEAAPEAVIParamMap2@@PEAVParamBlockDesc2@@@Z 000000018000c760 f i BerconDistortion.obj
 0001:0000b760       ?SetDlgThing@BerconDistortion@@UEAAHPEAVParamDlg@@@Z 000000018000c760 f i BerconDistortion.obj
 0001:0000b760       ?GetInterface@ResourceMakerCallback@@UEAAPEAXK@Z 000000018000c760 f i BerconGradient.obj
 0001:0000b760       ?GetUVWSource@Texmap@@UEAAHXZ 000000018000c760 f i BerconDistortion.obj
 0001:0000b760       ?GetRenderInstance@RenderGlobalContext@@UEAAPEAVRenderInstance@@H@Z 000000018000c760 f i BerconDistortion.obj
 0001:0000b760       ?PaintFCurves@Animatable@@UEAAHPEAVParamDimensionBase@@PEAUHDC__@@AEAVBox2@@2MHMHK@Z 000000018000c760 f i BerconDistortion.obj
 0001:0000b760       ?IsSuperSampleOn@ShadeContext@@UEAAHXZ 000000018000c760 f i BerconDistortion.obj
 0001:0000b760       ?Execute@ICustomControl@@UEAA_JH_K00@Z 000000018000c760 f i BerconGradient.obj
 0001:0000b760       __scrt_stub_for_is_c_termination_complete 000000018000c760 f i MSVCRT:ucrt_stubs.obj
 0001:0000b760       ?GetSubFCurveExtents@Animatable@@UEAAHHPEAVParamDimensionBase@@AEAM1K@Z 000000018000c760 f i BerconDistortion.obj
 0001:0000b760       ?SetKeyBufferPresent@Animatable@@UEAAHXZ 000000018000c760 f i BerconDistortion.obj
 0001:0000b760       ?GetUserDlgProc@ClassDesc@@UEAAPEAVParamMap2UserDlgProc@@PEAVParamBlockDesc2@@@Z 000000018000c760 f i BerconDistortion.obj
 0001:0000b760       ?EndCreate@ClassDesc@@UEAAHPEAVInterface@@@Z 000000018000c760 f i BerconDistortion.obj
 0001:0000b760       ?CreateManipulator@ClassDesc@@UEAAPEAVManipulator@@PEAVReferenceTarget@@PEAVINode@@@Z 000000018000c760 f i BerconDistortion.obj
 0001:0000b760       ?CopyTrack@Animatable@@UEAAPEAVTrackClipObject@@VInterval@@K@Z 000000018000c760 f i BerconDistortion.obj
 0001:0000b760       ?Node@ShadeContext@@UEAAPEAVINode@@XZ 000000018000c760 f i BerconDistortion.obj
 0001:0000b760       ?GetCache@ShadeContext@@UEAAHPEAVTexmap@@AEAM@Z 000000018000c760 f i BerconDistortion.obj
 0001:0000b760       ?Execute@ClassDesc@@UEAA_JH_K00@Z 000000018000c760 f i BerconDistortion.obj
 0001:0000b760       ?IsMultiMtl@MtlBase@@UEAAHXZ 000000018000c760 f i BerconDistortion.obj
 0001:0000b760       ?SetSelKeyCoordsExpr@Animatable@@UEAAHPEAVParamDimension@@PEB_W1K@Z 000000018000c760 f i BerconDistortion.obj
 0001:0000b760       ?Execute@IGradient@@UEAA_JH_K00@Z 000000018000c760 f i BerconGradient.obj
 0001:0000b760       ?BumpBasisVectors@ShadeContext@@UEAAHQEAVPoint3@@HH@Z 000000018000c760 f i BerconDistortion.obj
 0001:0000b760       ?SelectSubAnim@Animatable@@UEAAHH@Z 000000018000c760 f i BerconDistortion.obj
 0001:0000b760       ?CreateQtWidget@ClassDesc2@@UEAAPEAVQMaxParamBlockWidget@MaxSDK@@AEAVReferenceMaker@@AEAVIParamBlock2@@FAEAVWStr@@AEAH3@Z 000000018000c760 f i BerconDistortion.obj
 0001:0000b760       ?GetAAFilterKernel@RenderGlobalContext@@UEAAPEAVFilterKernel@@XZ 000000018000c760 f i BerconDistortion.obj
 0001:0000b760       ?NumChildren@Animatable@@UEAAHXZ 000000018000c760 f i BerconDistortion.obj
 0001:0000b760       ?CanDeleteSubAnim@Animatable@@UEAAHH@Z 000000018000c760 f i BerconDistortion.obj
 0001:0000b760       ?HasClassParams@ClassDesc@@UEAAHXZ 000000018000c760 f i BerconDistortion.obj
 0001:0000b760       ?IsTextureSuperSampleOn@ShadeContext@@UEAAHXZ 000000018000c760 f i BerconDistortion.obj
 0001:0000b760       ?GetNSuperSample@ShadeContext@@UEAAHXZ 000000018000c760 f i BerconDistortion.obj
 0001:0000b760       ?GetViewParams@RenderGlobalContext@@UEAAPEAVViewParams@@XZ 000000018000c760 f i BerconDistortion.obj
 0001:0000b760       ?TrackParamsType@Animatable@@UEAAHXZ 000000018000c760 f i BerconDistortion.obj
 0001:0000b760       ?RenderBegin@Animatable@@UEAAHHK@Z 000000018000c760 f i BerconDistortion.obj
 0001:0000b760       ?Execute@RenderGlobalContext@@UEAA_JH_K00@Z 000000018000c760 f i BerconDistortion.obj
 0001:0000b760       ?IsHighDynamicRange@Texmap@@UEBAHXZ 000000018000c760 f i BerconDistortion.obj
 0001:0000b760       ?DebugFile@ShadeContext@@UEAAPEAU_iobuf@@XZ 000000018000c760 f i BerconDistortion.obj
 0001:0000b760       ?GetEvalObject@ShadeContext@@UEAAPEAVObject@@XZ 000000018000c760 f i BerconDistortion.obj
 0001:0000b760       ?NumActionTables@ClassDesc@@UEAAHXZ 000000018000c760 f i BerconDistortion.obj
 0001:0000b760       _is_c_termination_complete 000000018000c760 f i MSVCRT:ucrt_stubs.obj
 0001:0000b760       ?AssignController@Animatable@@UEAAHPEAV1@H@Z 000000018000c760 f i BerconDistortion.obj
 0001:0000b760       ?BeginCreate@ClassDesc@@UEAAHPEAVInterface@@@Z 000000018000c760 f i BerconDistortion.obj
 0001:0000b760       ?SupportsMultiMapsInViewport@MtlBase@@UEAAHXZ 000000018000c760 f i BerconDistortion.obj
 0001:0000b760       ?CanManipulateNode@ClassDesc@@UEAAHPEAVINode@@@Z 000000018000c760 f i BerconDistortion.obj
 0001:0000b760       ?RenderEnd@Animatable@@UEAAHH@Z 000000018000c760 f i BerconDistortion.obj
 0001:0000b760       ?TrackViewWinProc@Animatable@@UEAA_JPEAUHWND__@@I_K_J@Z 000000018000c760 f i BerconDistortion.obj
 0001:0000b760       ?GetTheXYZGen@BerconNoise@@UEAAPEAVXYZGen@@XZ 000000018000c760 f i BerconNoise.obj
 0001:0000b760       ?CanPasteTrack@Animatable@@UEAAHPEAVTrackClipObject@@VInterval@@K@Z 000000018000c760 f i BerconDistortion.obj
 0001:0000b760       ?Load@ClassDesc@@UEAA?AW4IOResult@@PEAVILoad@@@Z 000000018000c760 f i BerconDistortion.obj
 0001:0000b760       ?GetFCurveExtents@Animatable@@UEAAHPEAVParamDimensionBase@@AEAM1K@Z 000000018000c760 f i BerconDistortion.obj
 0001:0000b760       ?DebugFile@BerconSC@@UEAAPEAU_iobuf@@XZ 000000018000c760 f i BerconDistortion.obj
 0001:0000b760       ?IsKeyAtTime@Animatable@@UEAAHHK@Z 000000018000c760 f i BerconDistortion.obj
 0001:0000b760       ?GetNextKeyTime@Animatable@@UEAAHHKAEAH@Z 000000018000c760 f i BerconDistortion.obj
 0001:0000b760       ?InvisibleProperty@Animatable@@UEAAHXZ 000000018000c760 f i BerconDistortion.obj
 0001:0000b760       ?GetCache@ShadeContext@@UEAAHPEAVTexmap@@AEAVPoint3@@@Z 000000018000c760 f i BerconDistortion.obj
 0001:0000b770       ?UVW@BerconSC@@UEAA?AVPoint3@@H@Z 000000018000c770 f i BerconDistortion.obj
 0001:0000b840       ?UVWNormal@BerconSC@@UEAA?AVPoint3@@H@Z 000000018000c840 f i BerconDistortion.obj
 0001:0000b870       ?UVWNormal@ShadeContext@@UEAA?AVPoint3@@H@Z 000000018000c870 f i BerconDistortion.obj
 0001:0000b880       ?Update@BerconDistortion@@UEAAXHAEAVInterval@@@Z 000000018000c880 f   BerconDistortion.obj
 0001:0000b9a0       ?Update@ParamMap2UserDlgProc@@UEAAXHAEAVInterval@@PEAVIParamMap2@@@Z 000000018000c9a0 f i BerconDistortion.obj
 0001:0000b9b0       ?V@BerconSC@@UEAA?AVPoint3@@XZ 000000018000c9b0 f i BerconDistortion.obj
 0001:0000b9e0       ?Validity@BerconDistortion@@UEAA?AVInterval@@H@Z 000000018000c9e0 f   BerconDistortion.obj
 0001:0000ba30       ?VectorFrom@BerconSC@@UEAA?AVPoint3@@AEBV2@W4RefFrame@@@Z 000000018000ca30 f i BerconDistortion.obj
 0001:0000ba60       ?VectorFromNoScale@BerconSC@@UEAA?AVPoint3@@AEBV2@W4RefFrame@@@Z 000000018000ca60 f i BerconDistortion.obj
 0001:0000ba90       ?VectorTo@BerconSC@@UEAA?AVPoint3@@AEBV2@W4RefFrame@@@Z 000000018000ca90 f i BerconDistortion.obj
 0001:0000bac0       ?VectorToNoScale@BerconSC@@UEAA?AVPoint3@@AEBV2@W4RefFrame@@@Z 000000018000cac0 f i BerconDistortion.obj
 0001:0000baf0       ?getDistVector@BerconDistortion@@QEAA?AVPoint3@@AEAVShadeContext@@@Z 000000018000caf0 f   BerconDistortion.obj
 0001:0000bbe0       ?Create@BerconGradientClassDesc@@UEAAPEAXH@Z 000000018000cbe0 f i BerconGradient.obj
 0001:0000bc20       ?ClassName@BerconGradientClassDesc@@UEAAPEB_WXZ 000000018000cc20 f i BerconGradient.obj
 0001:0000bc30       ?InternalName@BerconGradientClassDesc@@UEAAPEB_WXZ 000000018000cc30 f i BerconGradient.obj
 0001:0000bc40       ??_GBerconGradientClassDesc@@UEAAPEAXI@Z 000000018000cc40 f i BerconGradient.obj
 0001:0000bc40       ??_EBerconGradientClassDesc@@UEAAPEAXI@Z 000000018000cc40 f i BerconGradient.obj
 0001:0000bca0       ??0BerconGradient@@QEAA@XZ 000000018000cca0 f   BerconGradient.obj
 0001:0000be00       ??0IGradient@@QEAA@PEAUHWND__@@PEAVGradientRamp@@@Z 000000018000ce00 f i BerconGradient.obj
 0001:0000be60       ??1BerconGradient@@UEAA@XZ 000000018000ce60 f   BerconGradient.obj
 0001:0000bf30       ??1ICustomControl@@UEAA@XZ 000000018000cf30 f i BerconGradient.obj
 0001:0000bf50       ??_EBerconGradient@@WEA@EAAPEAXI@Z 000000018000cf50 f i BerconGradient.obj
 0001:0000bf60       ??_EBerconGradient@@UEAAPEAXI@Z 000000018000cf60 f i BerconGradient.obj
 0001:0000bf60       ??_GBerconGradient@@UEAAPEAXI@Z 000000018000cf60 f i BerconGradient.obj
 0001:0000bfb0       ??_GBerconGradientDlgProc@@UEAAPEAXI@Z 000000018000cfb0 f i BerconGradient.obj
 0001:0000bfb0       ??_EBerconGradientDlgProc@@UEAAPEAXI@Z 000000018000cfb0 f i BerconGradient.obj
 0001:0000c000       ??_EICustomControl@@UEAAPEAXI@Z 000000018000d000 f i BerconGradient.obj
 0001:0000c000       ??_GICustomControl@@UEAAPEAXI@Z 000000018000d000 f i BerconGradient.obj
 0001:0000c060       ??_EIGradient@@UEAAPEAXI@Z 000000018000d060 f i BerconGradient.obj
 0001:0000c060       ??_GIGradient@@UEAAPEAXI@Z 000000018000d060 f i BerconGradient.obj
 0001:0000c0f0       ?ActivateTexDisplay@BerconGradient@@UEAAXH@Z 000000018000d0f0 f i BerconGradient.obj
 0001:0000c120       ?ClassID@BerconGradient@@UEAA?AVClass_ID@@XZ 000000018000d120 f i BerconGradient.obj
 0001:0000c120       ?ClassID@BerconGradientClassDesc@@UEAA?AVClass_ID@@XZ 000000018000d120 f i BerconGradient.obj
 0001:0000c140       ?Clone@BerconGradient@@UEAAPEAVReferenceTarget@@AEAVRemapDir@@@Z 000000018000d140 f   BerconGradient.obj
 0001:0000c2f0       ?CreateParamDlg@BerconGradient@@UEAAPEAVParamDlg@@PEAUHWND__@@PEAVIMtlParams@@@Z 000000018000d2f0 f   BerconGradient.obj
 0001:0000c400       ?DeleteThis@BerconWoodDlgProc@@UEAAXXZ 000000018000d400 f i BerconWood.obj
 0001:0000c400       ?DeleteThis@BerconTileDlgProc@@UEAAXXZ 000000018000d400 f i BerconTile.obj
 0001:0000c400       ?DeleteThis@BerconDistortion@@UEAAXXZ 000000018000d400 f i BerconDistortion.obj
 0001:0000c400       ?DeleteThis@BerconTile@@UEAAXXZ 000000018000d400 f i BerconTile.obj
 0001:0000c400       ?DeleteThis@BerconGradientDlgProc@@UEAAXXZ 000000018000d400 f i BerconGradient.obj
 0001:0000c400       ?DeleteThis@BerconXYZDlgProc@@UEAAXXZ 000000018000d400 f i BerconDistortion.obj
 0001:0000c400       ?DeleteThis@BerconNoise@@UEAAXXZ 000000018000d400 f i BerconNoise.obj
 0001:0000c400       ?DeleteThis@BerconNoiseDlgProc@@UEAAXXZ 000000018000d400 f i BerconNoise.obj
 0001:0000c400       ?DeleteThis@BerconGradient@@UEAAXXZ 000000018000d400 f i BerconGradient.obj
 0001:0000c400       ?DeleteThis@BerconWood@@UEAAXXZ 000000018000d400 f i BerconWood.obj
 0001:0000c420       ?DiscardTexHandle@BerconGradient@@QEAAXXZ 000000018000d420 f i BerconGradient.obj
 0001:0000c450       ?DlgProc@BerconGradientDlgProc@@UEAA_JHPEAVIParamMap2@@PEAUHWND__@@I_K_J@Z 000000018000d450 f   BerconGradient.obj
 0001:0000d0e0       ?EnableStuff@BerconGradient@@QEAAXXZ 000000018000e0e0 f   BerconGradient.obj
 0001:0000d440       ?EvalColor@BerconGradient@@UEAA?AVAColor@@AEAVShadeContext@@@Z 000000018000e440 f   BerconGradient.obj
 0001:0000d610       ?EvalNormalPerturb@BerconGradient@@UEAA?AVPoint3@@AEAVShadeContext@@@Z 000000018000e610 f   BerconGradient.obj
 0001:0000db50       ?GetActiveTexHandle@BerconGradient@@UEAA_KHAEAVTexHandleMaker@@@Z 000000018000eb50 f   BerconGradient.obj
 0001:0000dc10       ?GetBerconGradientDesc@@YAPEAVClassDesc2@@XZ 000000018000ec10 f   BerconGradient.obj
 0001:0000dc20       ?GetClassName@BerconGradient@@UEAAXAEAVWStr@@@Z 000000018000ec20 f i BerconGradient.obj
 0001:0000dc50       ?GetHwnd@IGradient@@UEAAPEAUHWND__@@XZ 000000018000ec50 f i BerconGradient.obj
 0001:0000dc60       ?GetParamBlock@BerconGradient@@UEAAPEAVIParamBlock2@@H@Z 000000018000ec60 f i BerconGradient.obj
 0001:0000dc80       ?GetParamBlockByID@BerconGradient@@UEAAPEAVIParamBlock2@@F@Z 000000018000ec80 f i BerconGradient.obj
 0001:0000dcf0       ?GetReference@BerconGradient@@UEAAPEAVReferenceTarget@@H@Z 000000018000ecf0 f   BerconGradient.obj
 0001:0000dd80       ?GetSubTexmap@BerconGradient@@UEAAPEAVTexmap@@H@Z 000000018000ed80 f   BerconGradient.obj
 0001:0000ddc0       ?GetSubTexmapSlotName@BerconGradient@@UEAA?AVWStr@@H@Z 000000018000edc0 f   BerconGradient.obj
 0001:0000de70       ?LocalRequirements@BerconGradient@@UEAAKH@Z 000000018000ee70 f i BerconGradient.obj
 0001:0000de90       ?MappingsRequired@BerconGradient@@UEAAXHAEAVBitArray@@0@Z 000000018000ee90 f i BerconGradient.obj
 0001:0000deb0       ?NotifyRefChanged@BerconGradient@@UEAA?AW4RefResult@@AEBVInterval@@PEAVReferenceTarget@@AEA_KIH@Z 000000018000eeb0 f   BerconGradient.obj
 0001:0000dfc0       ?NumSubTexmaps@BerconGradient@@UEAAHXZ 000000018000efc0 f i BerconGradient.obj
 0001:0000dfd0       ?NumSubs@BerconGradient@@UEAAHXZ 000000018000efd0 f i BerconGradient.obj
 0001:0000dfd0       ?NumRefs@BerconGradient@@UEAAHXZ 000000018000efd0 f i BerconGradient.obj
 0001:0000dfe0       ?RenderBegin@BerconGradient@@UEAAHHK@Z 000000018000efe0 f i BerconGradient.obj
 0001:0000e000       ?RenderEnd@BerconGradient@@UEAAHH@Z 000000018000f000 f i BerconGradient.obj
 0001:0000e010       ?Reset@BerconGradient@@UEAAXXZ 000000018000f010 f   BerconGradient.obj
 0001:0000e300       ?SetDlgThing@BerconGradient@@UEAAHPEAVParamDlg@@@Z 000000018000f300 f   BerconGradient.obj
 0001:0000e340       ?SetReference@BerconGradient@@UEAAXHPEAVReferenceTarget@@@Z 000000018000f340 f   BerconGradient.obj
 0001:0000e450       ?SetSubTexmap@BerconGradient@@UEAAXHPEAVTexmap@@@Z 000000018000f450 f   BerconGradient.obj
 0001:0000e4e0       ?SetThing@BerconGradientDlgProc@@UEAAXPEAVReferenceTarget@@@Z 000000018000f4e0 f i BerconGradient.obj
 0001:0000e590       ?SubAnim@BerconGradient@@UEAAPEAVAnimatable@@H@Z 000000018000f590 f   BerconGradient.obj
 0001:0000e620       ?SubAnimName@BerconGradient@@UEAA?AVWStr@@H@Z 000000018000f620 f   BerconGradient.obj
 0001:0000e6b0       ?SubNumToRefNum@BerconDistortion@@UEAAHH@Z 000000018000f6b0 f i BerconDistortion.obj
 0001:0000e6b0       ?SubNumToRefNum@BerconGradient@@UEAAHH@Z 000000018000f6b0 f i BerconGradient.obj
 0001:0000e6b0       ?SubNumToRefNum@BerconWood@@UEAAHH@Z 000000018000f6b0 f i BerconWood.obj
 0001:0000e6b0       ?SubNumToRefNum@BerconNoise@@UEAAHH@Z 000000018000f6b0 f i BerconNoise.obj
 0001:0000e6b0       ?RemapRefOnLoad@ReferenceMaker@@UEAAHH@Z 000000018000f6b0 f i BerconDistortion.obj
 0001:0000e6b0       ?SubNumToRefNum@BerconTile@@UEAAHH@Z 000000018000f6b0 f i BerconTile.obj
 0001:0000e6c0       ?Update@BerconGradient@@UEAAXHAEAVInterval@@@Z 000000018000f6c0 f   BerconGradient.obj
 0001:0000edc0       ?Validity@BerconGradient@@UEAA?AVInterval@@H@Z 000000018000fdc0 f   BerconGradient.obj
 0001:0000ee10       ?countKeys@BerconGradient@@QEAAHXZ 000000018000fe10 f   BerconGradient.obj
 0001:0000eeb0       ?getGradientValue@BerconGradient@@QEAAMAEAVShadeContext@@@Z 000000018000feb0 f   BerconGradient.obj
 0001:0000f1e0       ?getGradientValueDist@BerconGradient@@QEAAMAEAVShadeContext@@@Z 00000001800101e0 f   BerconGradient.obj
 0001:0000f570       ?getGradientValueNormal@BerconGradient@@QEAAMAEAVShadeContext@@@Z 0000000180010570 f   BerconGradient.obj
 0001:0000f920       ?getGradientValueUVW@BerconGradient@@QEAAMVPoint3@@@Z 0000000180010920 f   BerconGradient.obj
 0001:0000fcc0       ?gradAddKey@BerconGradient@@UEAAXM@Z 0000000180010cc0 f   BerconGradient.obj
 0001:0000fdd0       ?gradDelKey@BerconGradient@@UEAAXH@Z 0000000180010dd0 f   BerconGradient.obj
 0001:0000feb0       ?gradMoveKey@BerconGradient@@UEAAXHM@Z 0000000180010eb0 f   BerconGradient.obj
 0001:0000ff80       ?gradReset@BerconGradient@@UEAAXXZ 0000000180010f80 f i BerconGradient.obj
 0001:0000ff90       ?gradSelKey@BerconGradient@@UEAAXXZ 0000000180010f90 f   BerconGradient.obj
 0001:00010040       ?keyColorChanged@BerconGradient@@QEAAXVAColor@@@Z 0000000180011040 f   BerconGradient.obj
 0001:000100f0       ?keyNumChanged@BerconGradient@@QEAAXH@Z 00000001800110f0 f   BerconGradient.obj
 0001:00010180       ?keyPosChanged@BerconGradient@@QEAAXM@Z 0000000180011180 f   BerconGradient.obj
 0001:00010250       ?limitRange@BerconGradient@@QEAAHAEAM@Z 0000000180011250 f   BerconGradient.obj
 0001:00010330       ?resetKeys@BerconGradient@@QEAAXXZ 0000000180011330 f   BerconGradient.obj
 0001:00010430       ?seedRandomGen@BerconGradient@@QEAAXAEAVShadeContext@@@Z 0000000180011430 f   BerconGradient.obj
 0001:000105a0       ?setKeyTex@BerconGradient@@QEAAXPEAVTexmap@@@Z 00000001800115a0 f   BerconGradient.obj
 0001:00010630       _get_startup_argv_mode     0000000180011630 f i MSVCRT:argv_mode.obj
 0001:00010630       ?IsPublic@BerconNoiseClassDesc@@UEAAHXZ 0000000180011630 f i BerconNoise.obj
 0001:00010630       ?SupportTexDisplay@BerconNoise@@UEAAHXZ 0000000180011630 f i BerconNoise.obj
 0001:00010630       ?SupportTexDisplay@BerconWood@@UEAAHXZ 0000000180011630 f i BerconWood.obj
 0001:00010630       ?BuildMaps@MtlBase@@UEAAHHAEAVRenderMapsContext@@@Z 0000000180011630 f i BerconDistortion.obj
 0001:00010630       ?IsPublic@BerconWoodClassDesc@@UEAAHXZ 0000000180011630 f i BerconWood.obj
 0001:00010630       ?GetToolTip@BerconWood@@UEAAHHAEAVWStr@@PEAVICurveCtl@@@Z 0000000180011630 f i BerconWood.obj
 0001:00010630       ?GetToolTip@BerconGradient@@UEAAHHAEAVWStr@@PEAVICurveCtl@@@Z 0000000180011630 f i BerconGradient.obj
 0001:00010630       ?GetMapChannel@Texmap@@UEAAHXZ 0000000180011630 f i BerconDistortion.obj
 0001:00010630       ?CanAssignController@Animatable@@UEAAHH@Z 0000000180011630 f i BerconDistortion.obj
 0001:00010630       ?LibInitialize@@YAHXZ      0000000180011630 f i DllEntry.obj
 0001:00010630       ?SupportTexDisplay@BerconDistortion@@UEAAHXZ 0000000180011630 f i BerconDistortion.obj
 0001:00010630       ?SupportTexDisplay@BerconGradient@@UEAAHXZ 0000000180011630 f i BerconGradient.obj
 0001:00010630       ?IsRealDependency@ReferenceMaker@@UEAAHPEAVReferenceTarget@@@Z 0000000180011630 f i BerconDistortion.obj
 0001:00010630       ?SetCustomImageList@BerconWood@@UEAAHAEAPEAU_IMAGELIST@@PEAVICurveCtl@@@Z 0000000180011630 f i BerconWood.obj
 0001:00010630       ?SupportTexDisplay@BerconTile@@UEAAHXZ 0000000180011630 f i BerconTile.obj
 0001:00010630       ?SetCustomImageList@BerconGradient@@UEAAHAEAPEAU_IMAGELIST@@PEAVICurveCtl@@@Z 0000000180011630 f i BerconGradient.obj
 0001:00010630       ?CanTransferReference@ReferenceMaker@@UEAAHH@Z 0000000180011630 f i BerconDistortion.obj
 0001:00010630       ?LibShutdown@@YAHXZ        0000000180011630 f i DllEntry.obj
 0001:00010630       ?IsEnabled@IGradient@@UEAAHXZ 0000000180011630 f i BerconGradient.obj
 0001:00010630       ?IsRefMaker@ReferenceMaker@@UEAAHXZ 0000000180011630 f i BerconDistortion.obj
 0001:00010630       ?CanMakeUnique@Animatable@@UEAAHXZ 0000000180011630 f i BerconDistortion.obj
 0001:00010630       ?LoadMapFiles@Texmap@@UEAAHH@Z 0000000180011630 f i BerconDistortion.obj
 0001:00010630       ?GetTrackVSpace@Animatable@@UEAAHH@Z 0000000180011630 f i BerconDistortion.obj
 0001:00010630       ?IsPublic@BerconTileClassDesc@@UEAAHXZ 0000000180011630 f i BerconTile.obj
 0001:00010630       ?OkToCreate@ClassDesc@@UEAAHPEAVInterface@@@Z 0000000180011630 f i BerconDistortion.obj
 0001:00010630       ?NumSubs@BerconNoise@@UEAAHXZ 0000000180011630 f i BerconNoise.obj
 0001:00010630       ?GetSelKeyCoords@Animatable@@UEAAHAEAHAEAMK@Z 0000000180011630 f i BerconDistortion.obj
 0001:00010630       ?IsPublic@BerconGradientClassDesc@@UEAAHXZ 0000000180011630 f i BerconGradient.obj
 0001:00010630       ?SubTexmapOn@ISubMap@@UEAAHH@Z 0000000180011630 f i BerconDistortion.obj
 0001:00010630       ?IsRefTarget@ReferenceTarget@@UEAAHXZ 0000000180011630 f i BerconDistortion.obj
 0001:00010630       ?CanCopyAnim@Animatable@@UEAAHXZ 0000000180011630 f i BerconDistortion.obj
 0001:00010630       ?GetTransparencyHint@MtlBase@@UEAAHHAEAVInterval@@@Z 0000000180011630 f i BerconDistortion.obj
 0001:00010630       ?IsPublic@BerconDistortionClassDesc@@UEAAHXZ 0000000180011630 f i BerconDistortion.obj
 0001:00010640       ?Create@BerconTileClassDesc@@UEAAPEAXH@Z 0000000180011640 f i BerconTile.obj
 0001:00010680       ?ClassName@BerconTileClassDesc@@UEAAPEB_WXZ 0000000180011680 f i BerconTile.obj
 0001:00010690       ?ClassID@BerconTileClassDesc@@UEAA?AVClass_ID@@XZ 0000000180011690 f i BerconTile.obj
 0001:00010690       ?ClassID@BerconTile@@UEAA?AVClass_ID@@XZ 0000000180011690 f i BerconTile.obj
 0001:000106b0       ?InternalName@BerconTileClassDesc@@UEAAPEB_WXZ 00000001800116b0 f i BerconTile.obj
 0001:000106c0       ??_EBerconTileClassDesc@@UEAAPEAXI@Z 00000001800116c0 f i BerconTile.obj
 0001:000106c0       ??_GBerconTileClassDesc@@UEAAPEAXI@Z 00000001800116c0 f i BerconTile.obj
 0001:00010720       ??$_Destroy_range1@V?$allocator@VTileRow@@@std@@PEAVTileRow@@@std@@YAXPEAVTileRow@@0AEAU?$_Wrap_alloc@V?$allocator@VTileRow@@@std@@@0@U?$integral_constant@_N$0A@@0@@Z 0000000180011720 f i BerconTile.obj
 0001:00010810       ??0BerconTile@@QEAA@XZ     0000000180011810 f   BerconTile.obj
 0001:00010950       ??1?$basic_string@_WU?$char_traits@_W@std@@V?$allocator@_W@2@@std@@QEAA@XZ 0000000180011950 f i BerconTile.obj
 0001:000109a0       ??1?$vector@MV?$allocator@M@std@@@std@@QEAA@XZ 00000001800119a0 f i BerconTile.obj
 0001:000109e0       ??1?$vector@VTileRow@@V?$allocator@VTileRow@@@std@@@std@@QEAA@XZ 00000001800119e0 f i BerconTile.obj
 0001:00010a40       ??1BerconTile@@UEAA@XZ     0000000180011a40 f   BerconTile.obj
 0001:00010ac0       ??1TilePattern@@QEAA@XZ    0000000180011ac0 f i BerconTile.obj
 0001:00010b60       ??_EBerconTile@@WEA@EAAPEAXI@Z 0000000180011b60 f i BerconTile.obj
 0001:00010b70       ??_GBerconTile@@UEAAPEAXI@Z 0000000180011b70 f i BerconTile.obj
 0001:00010b70       ??_EBerconTile@@UEAAPEAXI@Z 0000000180011b70 f i BerconTile.obj
 0001:00010bc0       ??_GBerconTileDlgProc@@UEAAPEAXI@Z 0000000180011bc0 f i BerconTile.obj
 0001:00010bc0       ??_EBerconTileDlgProc@@UEAAPEAXI@Z 0000000180011bc0 f i BerconTile.obj
 0001:00010c10       ?ActivateTexDisplay@BerconTile@@UEAAXH@Z 0000000180011c10 f i BerconTile.obj
 0001:00010c40       ?Clone@BerconTile@@UEAAPEAVReferenceTarget@@AEAVRemapDir@@@Z 0000000180011c40 f   BerconTile.obj
 0001:00010dc0       ?CreateParamDlg@BerconTile@@UEAAPEAVParamDlg@@PEAUHWND__@@PEAVIMtlParams@@@Z 0000000180011dc0 f   BerconTile.obj
 0001:00010ee0       ?DiscardTexHandle@BerconTile@@QEAAXXZ 0000000180011ee0 f i BerconTile.obj
 0001:00010f10       ?DlgProc@BerconTileDlgProc@@UEAA_JHPEAVIParamMap2@@PEAUHWND__@@I_K_J@Z 0000000180011f10 f   BerconTile.obj
 0001:000114f0       ?EnableStuff@BerconTile@@QEAAXH@Z 00000001800124f0 f   BerconTile.obj
 0001:00011960       ?EvalColor@BerconTile@@UEAA?AVAColor@@AEAVShadeContext@@@Z 0000000180012960 f   BerconTile.obj
 0001:00011f30       ?EvalNormalPerturb@BerconTile@@UEAA?AVPoint3@@AEAVShadeContext@@@Z 0000000180012f30 f   BerconTile.obj
 0001:00012850       ?EvalParameters@BerconTile@@QEAA?AVTileParam@@AEAVShadeContext@@@Z 0000000180013850 f   BerconTile.obj
 0001:00012950       ?GetActiveTexHandle@BerconTile@@UEAA_KHAEAVTexHandleMaker@@@Z 0000000180013950 f   BerconTile.obj
 0001:00012a10       ?GetBerconTileDesc@@YAPEAVClassDesc2@@XZ 0000000180013a10 f   BerconTile.obj
 0001:00012a20       ?GetClassName@BerconTile@@UEAAXAEAVWStr@@@Z 0000000180013a20 f i BerconTile.obj
 0001:00012a50       ?GetParamBlock@BerconTile@@UEAAPEAVIParamBlock2@@H@Z 0000000180013a50 f i BerconTile.obj
 0001:00012a80       ?GetParamBlockByID@BerconTile@@UEAAPEAVIParamBlock2@@F@Z 0000000180013a80 f i BerconTile.obj
 0001:00012b20       ?GetSubTexmap@BerconTile@@UEAAPEAVTexmap@@H@Z 0000000180013b20 f i BerconTile.obj
 0001:00012b30       ?GetSubTexmapSlotName@BerconTile@@UEAA?AVWStr@@H@Z 0000000180013b30 f   BerconTile.obj
 0001:00012c20       ?LocalRequirements@BerconTile@@UEAAKH@Z 0000000180013c20 f i BerconTile.obj
 0001:00012c40       ?MappingsRequired@BerconTile@@UEAAXHAEAVBitArray@@0@Z 0000000180013c40 f i BerconTile.obj
 0001:00012c60       ?NotifyRefChanged@BerconTile@@UEAA?AW4RefResult@@AEBVInterval@@PEAVReferenceTarget@@AEA_KIH@Z 0000000180013c60 f   BerconTile.obj
 0001:00012d50       ?NumSubTexmaps@BerconTile@@UEAAHXZ 0000000180013d50 f i BerconTile.obj
 0001:00012d60       ?NumSubs@BerconTile@@UEAAHXZ 0000000180013d60 f i BerconTile.obj
 0001:00012d60       ?NumRefs@BerconTile@@UEAAHXZ 0000000180013d60 f i BerconTile.obj
 0001:00012d70       ?Reset@BerconTile@@UEAAXXZ 0000000180013d70 f   BerconTile.obj
 0001:000133c0       ?SetDlgThing@BerconTile@@UEAAHPEAVParamDlg@@@Z 00000001800143c0 f   BerconTile.obj
 0001:00013400       ?SetReference@BerconTile@@UEAAXHPEAVReferenceTarget@@@Z 0000000180014400 f   BerconTile.obj
 0001:00013450       ?SetSubTexmap@BerconTile@@UEAAXHPEAVTexmap@@@Z 0000000180014450 f   BerconTile.obj
 0001:00013540       ?SetThing@BerconTileDlgProc@@UEAAXPEAVReferenceTarget@@@Z 0000000180014540 f i BerconTile.obj
 0001:00013570       ?SubAnim@BerconTile@@UEAAPEAVAnimatable@@H@Z 0000000180014570 f   BerconTile.obj
 0001:00013570       ?GetReference@BerconTile@@UEAAPEAVReferenceTarget@@H@Z 0000000180014570 f   BerconTile.obj
 0001:000135c0       ?SubAnimName@BerconTile@@UEAA?AVWStr@@H@Z 00000001800145c0 f   BerconTile.obj
 0001:00013660       ?SuperClassID@BerconTile@@UEAAKXZ 0000000180014660 f i BerconTile.obj
 0001:00013660       ?SuperClassID@BerconNoiseClassDesc@@UEAAKXZ 0000000180014660 f i BerconNoise.obj
 0001:00013660       ?SuperClassID@BerconTileClassDesc@@UEAAKXZ 0000000180014660 f i BerconTile.obj
 0001:00013660       ?SuperClassID@BerconGradient@@UEAAKXZ 0000000180014660 f i BerconGradient.obj
 0001:00013660       ?SuperClassID@BerconNoise@@UEAAKXZ 0000000180014660 f i BerconNoise.obj
 0001:00013660       ?SuperClassID@BerconDistortionClassDesc@@UEAAKXZ 0000000180014660 f i BerconDistortion.obj
 0001:00013660       ?SuperClassID@BerconWoodClassDesc@@UEAAKXZ 0000000180014660 f i BerconWood.obj
 0001:00013660       ?SuperClassID@BerconGradientClassDesc@@UEAAKXZ 0000000180014660 f i BerconGradient.obj
 0001:00013660       ?SuperClassID@BerconDistortion@@UEAAKXZ 0000000180014660 f i BerconDistortion.obj
 0001:00013660       ?SuperClassID@BerconWood@@UEAAKXZ 0000000180014660 f i BerconWood.obj
 0001:00013670       ?Update@BerconTile@@UEAAXHAEAVInterval@@@Z 0000000180014670 f   BerconTile.obj
 0001:00013eb0       ?Validity@BerconTile@@UEAA?AVInterval@@H@Z 0000000180014eb0 f   BerconTile.obj
 0001:00013f00       ?_Copy@?$basic_string@_WU?$char_traits@_W@std@@V?$allocator@_W@2@@std@@QEAAX_K0@Z 0000000180014f00 f i BerconTile.obj
 0001:00014030       ?allocate@?$allocator@_W@std@@QEAAPEA_W_K@Z 0000000180015030 f i BerconTile.obj
 0001:000140b0       ?assign@?$basic_string@_WU?$char_traits@_W@std@@V?$allocator@_W@2@@std@@QEAAAEAV12@AEBV12@_K1@Z 00000001800150b0 f i BerconTile.obj
 0001:000141f0       ?assign@?$basic_string@_WU?$char_traits@_W@std@@V?$allocator@_W@2@@std@@QEAAAEAV12@PEB_W_K@Z 00000001800151f0 f i BerconTile.obj
 0001:00014340       ?checkValues@TileParam@@QEAAXXZ 0000000180015340 f i BerconTile.obj
 0001:00014460       ?deallocate@?$allocator@M@std@@QEAAXPEAM_K@Z 0000000180015460 f i BerconTile.obj
 0001:000144e0       ?deallocate@?$allocator@V?$basic_string@_WU?$char_traits@_W@std@@V?$allocator@_W@2@@std@@@std@@QEAAXPEAV?$basic_string@_WU?$char_traits@_W@std@@V?$allocator@_W@2@@2@_K@Z 00000001800154e0 f i tile.obj
 0001:000144e0       ?deallocate@?$allocator@VTileRow@@@std@@QEAAXPEAVTileRow@@_K@Z 00000001800154e0 f i BerconTile.obj
 0001:00014550       ?deallocate@?$allocator@_W@std@@QEAAXPEA_W_K@Z 0000000180015550 f i BerconTile.obj
 0001:000145c0       ?erase@?$basic_string@_WU?$char_traits@_W@std@@V?$allocator@_W@2@@std@@QEAAAEAV12@_K0@Z 00000001800155c0 f i BerconTile.obj
 0001:00014670       ?getColor@BerconTile@@QEAA?AVAColor@@AEAVShadeContext@@H@Z 0000000180015670 f i BerconTile.obj
 0001:00014710       ?getDistVector@BerconTile@@QEAA?AVPoint3@@AEAVShadeContext@@@Z 0000000180015710 f   BerconTile.obj
 0001:00014810       ?getFloat@BerconTile@@QEAAMAEAVShadeContext@@H@Z 0000000180015810 f i BerconTile.obj
 0001:00014860       ?getNormal@BerconTile@@QEAA?AVPoint3@@AEAVShadeContext@@H@Z 0000000180015860 f i BerconTile.obj
 0001:000149f0       ?update@TilePattern@@QEAAXXZ 00000001800159f0 f i BerconTile.obj
 0001:00014ac0       ?Create@BerconWoodClassDesc@@UEAAPEAXH@Z 0000000180015ac0 f i BerconWood.obj
 0001:00014b00       ?ClassName@BerconWoodClassDesc@@UEAAPEB_WXZ 0000000180015b00 f i BerconWood.obj
 0001:00014b10       ?ClassID@BerconWood@@UEAA?AVClass_ID@@XZ 0000000180015b10 f i BerconWood.obj
 0001:00014b10       ?ClassID@BerconWoodClassDesc@@UEAA?AVClass_ID@@XZ 0000000180015b10 f i BerconWood.obj
 0001:00014b30       ?InternalName@BerconWoodClassDesc@@UEAAPEB_WXZ 0000000180015b30 f i BerconWood.obj
 0001:00014b40       ?HInstance@BerconDistortionClassDesc@@UEAAPEAUHINSTANCE__@@XZ 0000000180015b40 f i BerconDistortion.obj
 0001:00014b40       ?HInstance@BerconNoiseClassDesc@@UEAAPEAUHINSTANCE__@@XZ 0000000180015b40 f i BerconNoise.obj
 0001:00014b40       ?HInstance@BerconGradientClassDesc@@UEAAPEAUHINSTANCE__@@XZ 0000000180015b40 f i BerconGradient.obj
 0001:00014b40       ?HInstance@BerconTileClassDesc@@UEAAPEAUHINSTANCE__@@XZ 0000000180015b40 f i BerconTile.obj
 0001:00014b40       ?HInstance@BerconWoodClassDesc@@UEAAPEAUHINSTANCE__@@XZ 0000000180015b40 f i BerconWood.obj
 0001:00014b50       ??_EBerconWoodClassDesc@@UEAAPEAXI@Z 0000000180015b50 f i BerconWood.obj
 0001:00014b50       ??_GBerconWoodClassDesc@@UEAAPEAXI@Z 0000000180015b50 f i BerconWood.obj
 0001:00014bb0       ??0BerconWood@@QEAA@XZ     0000000180015bb0 f   BerconWood.obj
 0001:00014cd0       ??1BerconWood@@UEAA@XZ     0000000180015cd0 f   BerconWood.obj
 0001:00014d38       ??_EBerconWood@@WEA@EAAPEAXI@Z 0000000180015d38 f i BerconWood.obj
 0001:00014d50       ??_GBerconWood@@UEAAPEAXI@Z 0000000180015d50 f i BerconWood.obj
 0001:00014d50       ??_EBerconWood@@UEAAPEAXI@Z 0000000180015d50 f i BerconWood.obj
 0001:00014da0       ??_GBerconWoodDlgProc@@UEAAPEAXI@Z 0000000180015da0 f i BerconWood.obj
 0001:00014da0       ??_EBerconWoodDlgProc@@UEAAPEAXI@Z 0000000180015da0 f i BerconWood.obj
 0001:00014df0       ?ActivateTexDisplay@BerconWood@@UEAAXH@Z 0000000180015df0 f i BerconWood.obj
 0001:00014e20       ?Clone@BerconWood@@UEAAPEAVReferenceTarget@@AEAVRemapDir@@@Z 0000000180015e20 f   BerconWood.obj
 0001:00014fa0       ?CreateParamDlg@BerconWood@@UEAAPEAVParamDlg@@PEAUHWND__@@PEAVIMtlParams@@@Z 0000000180015fa0 f   BerconWood.obj
 0001:000150a0       ?DiscardTexHandle@BerconWood@@QEAAXXZ 00000001800160a0 f i BerconWood.obj
 0001:000150d0       ?DlgProc@BerconWoodDlgProc@@UEAA_JHPEAVIParamMap2@@PEAUHWND__@@I_K_J@Z 00000001800160d0 f   BerconWood.obj
 0001:00015250       ?EnableStuff@BerconWood@@QEAAXXZ 0000000180016250 f   BerconWood.obj
 0001:00015400       ?EvalColor@BerconWood@@UEAA?AVAColor@@AEAVShadeContext@@@Z 0000000180016400 f   BerconWood.obj
 0001:00015a50       ?EvalNormalPerturb@BerconWood@@UEAA?AVPoint3@@AEAVShadeContext@@@Z 0000000180016a50 f   BerconWood.obj
 0001:000163a0       ?EvalParameters@BerconWood@@QEAA?AVWoodParam@@AEAVShadeContext@@@Z 00000001800173a0 f   BerconWood.obj
 0001:00016770       ?GetActiveTexHandle@BerconWood@@UEAA_KHAEAVTexHandleMaker@@@Z 0000000180017770 f   BerconWood.obj
 0001:00016830       ?GetBerconWoodDesc@@YAPEAVClassDesc2@@XZ 0000000180017830 f   BerconWood.obj
 0001:00016840       ?GetClassName@BerconWood@@UEAAXAEAVWStr@@@Z 0000000180017840 f i BerconWood.obj
 0001:00016870       ?GetInterface@BerconWood@@UEAAPEAXK@Z 0000000180017870 f i BerconWood.obj
 0001:00016870       ?GetInterface@BerconGradient@@UEAAPEAXK@Z 0000000180017870 f i BerconGradient.obj
 0001:00016870       ?GetInterface@BerconTile@@UEAAPEAXK@Z 0000000180017870 f i BerconTile.obj
 0001:00016890       ?GetInterface@BerconWood@@WJA@EAAPEAXK@Z 0000000180017890 f i BerconWood.obj
 0001:00016890       ?GetInterface@BerconGradient@@WJA@EAAPEAXK@Z 0000000180017890 f i BerconGradient.obj
 0001:00016890       ?GetInterface@BerconTile@@WJA@EAAPEAXK@Z 0000000180017890 f i BerconTile.obj
 0001:000168a0       ?GetParamBlock@BerconWood@@UEAAPEAVIParamBlock2@@H@Z 00000001800178a0 f i BerconWood.obj
 0001:000168d0       ?GetParamBlockByID@BerconWood@@UEAAPEAVIParamBlock2@@F@Z 00000001800178d0 f i BerconWood.obj
 0001:00016970       ?GetSubTexmap@BerconWood@@UEAAPEAVTexmap@@H@Z 0000000180017970 f i BerconWood.obj
 0001:00016980       ?GetSubTexmapSlotName@BerconWood@@UEAA?AVWStr@@H@Z 0000000180017980 f   BerconWood.obj
 0001:00016bb0       ?LocalRequirements@BerconWood@@UEAAKH@Z 0000000180017bb0 f i BerconWood.obj
 0001:00016bd0       ?MappingsRequired@BerconWood@@UEAAXHAEAVBitArray@@0@Z 0000000180017bd0 f i BerconWood.obj
 0001:00016bf0       ?NewCurveCreatedCallback@BerconWood@@UEAAXHPEAVICurveCtl@@@Z 0000000180017bf0 f i BerconWood.obj
 0001:00016d60       ?NotifyRefChanged@BerconWood@@UEAA?AW4RefResult@@AEBVInterval@@PEAVReferenceTarget@@AEA_KIH@Z 0000000180017d60 f   BerconWood.obj
 0001:00016e50       ?NumRefs@BerconWood@@UEAAHXZ 0000000180017e50 f i BerconWood.obj
 0001:00016e50       ?NumSubs@BerconWood@@UEAAHXZ 0000000180017e50 f i BerconWood.obj
 0001:00016e60       ?NumSubTexmaps@BerconWood@@UEAAHXZ 0000000180017e60 f i BerconWood.obj
 0001:00016e70       ?Reset@BerconWood@@UEAAXXZ 0000000180017e70 f   BerconWood.obj
 0001:000173b0       ?ResetCallback@BerconWood@@UEAAXHPEAVICurveCtl@@@Z 00000001800183b0 f i BerconWood.obj
 0001:00017410       ?SetDlgThing@BerconWood@@UEAAHPEAVParamDlg@@@Z 0000000180018410 f   BerconWood.obj
 0001:00017450       ?SetReference@BerconWood@@UEAAXHPEAVReferenceTarget@@@Z 0000000180018450 f   BerconWood.obj
 0001:000174a0       ?SetSubTexmap@BerconWood@@UEAAXHPEAVTexmap@@@Z 00000001800184a0 f   BerconWood.obj
 0001:00017590       ?SetThing@BerconWoodDlgProc@@UEAAXPEAVReferenceTarget@@@Z 0000000180018590 f i BerconWood.obj
 0001:000175a0       ?SubAnim@BerconWood@@UEAAPEAVAnimatable@@H@Z 00000001800185a0 f   BerconWood.obj
 0001:000175a0       ?GetReference@BerconWood@@UEAAPEAVReferenceTarget@@H@Z 00000001800185a0 f   BerconWood.obj
 0001:000175f0       ?SubAnimName@BerconWood@@UEAA?AVWStr@@H@Z 00000001800185f0 f   BerconWood.obj
 0001:000176e0       ?Update@BerconWood@@UEAAXHAEAVInterval@@@Z 00000001800186e0 f   BerconWood.obj
 0001:00017ce0       ?Validity@BerconWood@@UEAA?AVInterval@@H@Z 0000000180018ce0 f   BerconWood.obj
 0001:00017d30       ?applyDistortion@BerconWood@@QEAAXAEAVShadeContext@@AEAVPoint3@@@Z 0000000180018d30 f   BerconWood.obj
 0001:00017e30       ?GetString@@YAPEA_WH@Z     0000000180018e30 f   DllEntry.obj
 0001:00017e80       ?LibClassDesc@@YAPEAVClassDesc@@H@Z 0000000180018e80 f   DllEntry.obj
 0001:00017ec0       ?LibDescription@@YAPEB_WXZ 0000000180018ec0 f   DllEntry.obj
 0001:00017f10       ?LibVersion@@YAKXZ         0000000180018f10 f   DllEntry.obj
 0001:00017f20       CommctrlIsolationAwarePrivatetRgCebPnQQeRff_pbZPgYQP_QYY 0000000180018f20 f i DllEntry.obj
 0001:00017ff0       DllMain                    0000000180018ff0 f   DllEntry.obj
 0001:00018050       IsolationAwareInitCommonControls 0000000180019050 f i DllEntry.obj
 0001:00018140       IsolationAwarePrivatenPgViNgRzlnPgpgk 0000000180019140 f i DllEntry.obj
 0001:000181d0       IsolationAwarePrivatezlybNQyVOeNelJ 00000001800191d0 f i DllEntry.obj
 0001:000181e0       WinbaseIsolationAwarePrivatetRgzlnPgpgk 00000001800191e0 f i DllEntry.obj
 0001:000183a0       ?EnableStuff@BerconXYZ@@AEAAXPEAVIParamBlock2@@H@Z 00000001800193a0 f   BerconCommon.obj
 0001:00018670       ?get@BerconXYZ@@AEAAHAEAVShadeContext@@AEAVPoint3@@11VMatrix3@@PEAH@Z 0000000180019670 f   BerconCommon.obj
 0001:00018b00       ?get@BerconXYZ@@AEAAHAEAVShadeContext@@AEAVPoint3@@VMatrix3@@PEAH@Z 0000000180019b00 f   BerconCommon.obj
 0001:00018d50       ?get@BerconXYZ@@QEAAHAEAVShadeContext@@AEAVPoint3@@11@Z 0000000180019d50 f   BerconCommon.obj
 0001:00018e30       ?get@BerconXYZ@@QEAAHAEAVShadeContext@@AEAVPoint3@@11PEAV3@@Z 0000000180019e30 f   BerconCommon.obj
 0001:000191c0       ?get@BerconXYZ@@QEAAHAEAVShadeContext@@AEAVPoint3@@@Z 000000018001a1c0 f   BerconCommon.obj
 0001:00019280       ?get@BerconXYZ@@QEAAHAEAVShadeContext@@AEAVPoint3@@PEAV3@@Z 000000018001a280 f   BerconCommon.obj
 0001:000195e0       ?getBasis@BerconXYZ@@AEAAXVMatrix3@@PEAVPoint3@@@Z 000000018001a5e0 f   BerconCommon.obj
 0001:00019790       ?random@BerconXYZ@@AEAA?AVMatrix3@@AEAVShadeContext@@PEAV2@@Z 000000018001a790 f   BerconCommon.obj
 0001:00019ab0       ?reset@BerconXYZ@@QEAAXPEAVIParamBlock2@@AEAVInterval@@HHHH@Z 000000018001aab0 f   BerconCommon.obj
 0001:00019e60       ?seedRandomGen@BerconXYZ@@AEAAXAEAVShadeContext@@@Z 000000018001ae60 f   BerconCommon.obj
 0001:0001a1a0       ?update@BerconXYZ@@QEAAXPEAVIParamBlock2@@HAEAVInterval@@@Z 000000018001b1a0 f   BerconCommon.obj
 0001:0001a6b0       ?update@BerconXYZ@@QEAAXXZ 000000018001b6b0 f   BerconCommon.obj
 0001:0001a850       ?Create@BerconNoiseClassDesc@@UEAAPEAXH@Z 000000018001b850 f i BerconNoise.obj
 0001:0001a890       ?ClassName@BerconNoiseClassDesc@@UEAAPEB_WXZ 000000018001b890 f i BerconNoise.obj
 0001:0001a8a0       ?InternalName@BerconNoiseClassDesc@@UEAAPEB_WXZ 000000018001b8a0 f i BerconNoise.obj
 0001:0001a8b0       ??_EBerconNoiseClassDesc@@UEAAPEAXI@Z 000000018001b8b0 f i BerconNoise.obj
 0001:0001a8b0       ??_GBerconNoiseClassDesc@@UEAAPEAXI@Z 000000018001b8b0 f i BerconNoise.obj
 0001:0001a910       ??0BerconNoise@@QEAA@XZ    000000018001b910 f   BerconNoise.obj
 0001:0001aac0       ??1BerconNoise@@UEAA@XZ    000000018001bac0 f   BerconNoise.obj
 0001:0001ab28       ??_EBerconNoise@@WEA@EAAPEAXI@Z 000000018001bb28 f i BerconNoise.obj
 0001:0001ab40       ??_EBerconNoise@@UEAAPEAXI@Z 000000018001bb40 f i BerconNoise.obj
 0001:0001ab40       ??_GBerconNoise@@UEAAPEAXI@Z 000000018001bb40 f i BerconNoise.obj
 0001:0001ab90       ??_GBerconNoiseDlgProc@@UEAAPEAXI@Z 000000018001bb90 f i BerconNoise.obj
 0001:0001ab90       ??_EBerconNoiseDlgProc@@UEAAPEAXI@Z 000000018001bb90 f i BerconNoise.obj
 0001:0001abe0       ?ActivateTexDisplay@BerconNoise@@UEAAXH@Z 000000018001bbe0 f i BerconNoise.obj
 0001:0001ac10       ?ClassID@BerconNoiseClassDesc@@UEAA?AVClass_ID@@XZ 000000018001bc10 f i BerconNoise.obj
 0001:0001ac10       ?ClassID@BerconNoise@@UEAA?AVClass_ID@@XZ 000000018001bc10 f i BerconNoise.obj
 0001:0001ac30       ?Clone@BerconNoise@@UEAAPEAVReferenceTarget@@AEAVRemapDir@@@Z 000000018001bc30 f   BerconNoise.obj
 0001:0001add0       ?CreateParamDlg@BerconNoise@@UEAAPEAVParamDlg@@PEAUHWND__@@PEAVIMtlParams@@@Z 000000018001bdd0 f   BerconNoise.obj
 0001:0001aed0       ?DiscardTexHandle@BerconNoise@@QEAAXXZ 000000018001bed0 f i BerconNoise.obj
 0001:0001af00       ?DlgProc@BerconNoiseDlgProc@@UEAA_JHPEAVIParamMap2@@PEAUHWND__@@I_K_J@Z 000000018001bf00 f   BerconNoise.obj
 0001:0001b430       ?EnableStuff@BerconNoise@@QEAAXXZ 000000018001c430 f   BerconNoise.obj
 0001:0001b750       ?EvalColor@BerconNoise@@UEAA?AVAColor@@AEAVShadeContext@@@Z 000000018001c750 f   BerconNoise.obj
 0001:0001bc00       ?EvalMono@BerconWood@@UEAAMAEAVShadeContext@@@Z 000000018001cc00 f   BerconWood.obj
 0001:0001bc00       ?EvalMono@BerconTile@@UEAAMAEAVShadeContext@@@Z 000000018001cc00 f   BerconTile.obj
 0001:0001bc00       ?EvalMono@BerconNoise@@UEAAMAEAVShadeContext@@@Z 000000018001cc00 f   BerconNoise.obj
 0001:0001bc00       ?EvalMono@BerconGradient@@UEAAMAEAVShadeContext@@@Z 000000018001cc00 f   BerconGradient.obj
 0001:0001bc30       ?EvalNormalPerturb@BerconNoise@@UEAA?AVPoint3@@AEAVShadeContext@@@Z 000000018001cc30 f   BerconNoise.obj
 0001:0001c1b0       ?EvalParameters@BerconNoise@@QEAA?AVNoiseParams@@PEAVShadeContext@@@Z 000000018001d1b0 f   BerconNoise.obj
 0001:0001c5a0       ?GetActiveTexHandle@BerconNoise@@UEAA_KHAEAVTexHandleMaker@@@Z 000000018001d5a0 f   BerconNoise.obj
 0001:0001c660       ?GetBerconNoiseDesc@@YAPEAVClassDesc2@@XZ 000000018001d660 f   BerconNoise.obj
 0001:0001c670       ?GetClassName@BerconNoise@@UEAAXAEAVWStr@@@Z 000000018001d670 f i BerconNoise.obj
 0001:0001c6a0       ?GetParamBlock@BerconNoise@@UEAAPEAVIParamBlock2@@H@Z 000000018001d6a0 f i BerconNoise.obj
 0001:0001c700       ?GetParamBlockByID@BerconNoise@@UEAAPEAVIParamBlock2@@F@Z 000000018001d700 f i BerconNoise.obj
 0001:0001c7e0       ?SubAnim@BerconNoise@@UEAAPEAVAnimatable@@H@Z 000000018001d7e0 f   BerconNoise.obj
 0001:0001c7e0       ?GetReference@BerconNoise@@UEAAPEAVReferenceTarget@@H@Z 000000018001d7e0 f   BerconNoise.obj
 0001:0001c830       ?GetSubTexmap@BerconNoise@@UEAAPEAVTexmap@@H@Z 000000018001d830 f i BerconNoise.obj
 0001:0001c840       ?GetSubTexmapSlotName@BerconNoise@@UEAA?AVWStr@@H@Z 000000018001d840 f   BerconNoise.obj
 0001:0001ca20       ?LocalRequirements@BerconNoise@@UEAAKH@Z 000000018001da20 f i BerconNoise.obj
 0001:0001ca40       ?MappingsRequired@BerconNoise@@UEAAXHAEAVBitArray@@0@Z 000000018001da40 f i BerconNoise.obj
 0001:0001ca60       ?NotifyRefChanged@BerconNoise@@UEAA?AW4RefResult@@AEBVInterval@@PEAVReferenceTarget@@AEA_KIH@Z 000000018001da60 f   BerconNoise.obj
 0001:0001cb70       ?NumParamBlocks@BerconNoise@@UEAAHXZ 000000018001db70 f i BerconNoise.obj
 0001:0001cb70       ?NumSubTexmaps@BerconDistortion@@UEAAHXZ 000000018001db70 f i BerconDistortion.obj
 0001:0001cb70       ?GetTextureTiling@Texmap@@UEAAHXZ 000000018001db70 f i BerconDistortion.obj
 0001:0001cb70       ?NumParamBlocks@BerconTile@@UEAAHXZ 000000018001db70 f i BerconTile.obj
 0001:0001cb80       ?NumRefs@BerconNoise@@UEAAHXZ 000000018001db80 f i BerconNoise.obj
 0001:0001cb90       ?NumSubTexmaps@BerconNoise@@UEAAHXZ 000000018001db90 f i BerconNoise.obj
 0001:0001cba0       ?Reset@BerconNoise@@UEAAXXZ 000000018001dba0 f   BerconNoise.obj
 0001:0001d070       ?SetDlgThing@BerconNoise@@UEAAHPEAVParamDlg@@@Z 000000018001e070 f   BerconNoise.obj
 0001:0001d0b0       ?SetReference@BerconNoise@@EEAAXHPEAVReferenceTarget@@@Z 000000018001e0b0 f   BerconNoise.obj
 0001:0001d100       ?SetSubTexmap@BerconNoise@@UEAAXHPEAVTexmap@@@Z 000000018001e100 f   BerconNoise.obj
 0001:0001d1d0       ?SetThing@BerconNoiseDlgProc@@UEAAXPEAVReferenceTarget@@@Z 000000018001e1d0 f i BerconNoise.obj
 0001:0001d1e0       ?SubAnimName@BerconNoise@@UEAA?AVWStr@@H@Z 000000018001e1e0 f   BerconNoise.obj
 0001:0001d2d0       ?Update@BerconNoise@@UEAAXHAEAVInterval@@@Z 000000018001e2d0 f   BerconNoise.obj
 0001:0001d860       ?Validity@BerconNoise@@UEAA?AVInterval@@H@Z 000000018001e860 f   BerconNoise.obj
 0001:0001d8b0       ?applyDistortion@BerconNoise@@QEAAXAEAVShadeContext@@AEAVPoint3@@@Z 000000018001e8b0 f   BerconNoise.obj
 0001:0001d9b0       ?fBm@Fractal@@SAMVPoint3@@AEAVNoiseParams@@@Z 000000018001e9b0 f   fractal.obj
 0001:0001db20       ?fBm@Fractal@@SAMVPoint3@@MAEAVNoiseParams@@@Z 000000018001eb20 f   fractal.obj
 0001:0001dcb0       ?fBm@Fractal@@SAMVPoint3@@MMM@Z 000000018001ecb0 f   fractal.obj
 0001:0001ddf0       ?fBmTurb@Fractal@@SAMVPoint3@@AEAVNoiseParams@@@Z 000000018001edf0 f   fractal.obj
 0001:0001df90       ?fBmTurb@Fractal@@SAMVPoint3@@MAEAVNoiseParams@@@Z 000000018001ef90 f   fractal.obj
 0001:0001e140       ?fractal@Fractal@@SAMVPoint3@@AEAVNoiseParams@@@Z 000000018001f140 f   fractal.obj
 0001:0001e270       ?fractal@Fractal@@SAMVPoint3@@MAEAVNoiseParams@@@Z 000000018001f270 f   fractal.obj
 0001:0001e3c0       ?grain@Fractal@@SAMVPoint3@@MM@Z 000000018001f3c0 f   fractal.obj
 0001:0001e450       ?heteroTerrain@Fractal@@SAMVPoint3@@AEAVNoiseParams@@@Z 000000018001f450 f   fractal.obj
 0001:0001e610       ?hybridMultiFractal@Fractal@@SAMVPoint3@@AEAVNoiseParams@@@Z 000000018001f610 f   fractal.obj
 0001:0001e820       ?hybridMultiFractal@Fractal@@SAMVPoint3@@MAEAVNoiseParams@@@Z 000000018001f820 f   fractal.obj
 0001:0001ea70       ?ridgedMultiFractal@Fractal@@SAMVPoint3@@AEAVNoiseParams@@@Z 000000018001fa70 f   fractal.obj
 0001:0001ec30       ?ridgedMultiFractal@Fractal@@SAMVPoint3@@MAEAVNoiseParams@@@Z 000000018001fc30 f   fractal.obj
 0001:0001ee10       ?turbulence@Fractal@@SAMVPoint3@@AEAVNoiseParams@@@Z 000000018001fe10 f   fractal.obj
 0001:0001ef70       ?turbulence@Fractal@@SAMVPoint3@@MAEAVNoiseParams@@@Z 000000018001ff70 f   fractal.obj
 0001:0001f0f0       ?addKey@GradientRamp@@QEAAXHMVAColor@@PEAVTexmap@@@Z 00000001800200f0 f   GradientRamp.obj
 0001:0001f310       ?dragging@GradientRamp@@QEAAXHH_N00@Z 0000000180020310 f   GradientRamp.obj
 0001:0001f380       ?getBump@GradientRamp@@QEAA?AVPoint3@@MV2@AEAVShadeContext@@@Z 0000000180020380 f   GradientRamp.obj
 0001:0001f710       ?getColor@GradientRamp@@QEAA?AVAColor@@M@Z 0000000180020710 f   GradientRamp.obj
 0001:0001f910       ?getColor@GradientRamp@@QEAA?AVAColor@@MAEAVShadeContext@@@Z 0000000180020910 f   GradientRamp.obj
 0001:0001fc20       ?getSubtex@GradientRamp@@QEAAPEAVTexmap@@H@Z 0000000180020c20 f   GradientRamp.obj
 0001:0001fcb0       ?interpolate@GradientRamp@@QEAAMMMM@Z 0000000180020cb0 f   GradientRamp.obj
 0001:0001fd10       ?invalidate@GradientRamp@@QEAAXXZ 0000000180020d10 f   GradientRamp.obj
 0001:0001fd30       ?leftDown@GradientRamp@@QEAAXHH_N00@Z 0000000180020d30 f   GradientRamp.obj
 0001:0001fdb0       ?leftUp@GradientRamp@@QEAAXHH_N00@Z 0000000180020db0 f   GradientRamp.obj
 0001:0001fee0       ?paint@GradientRamp@@QEAAXPEAUHDC__@@@Z 0000000180020ee0 f   GradientRamp.obj
 0001:00020380       ?popup@GradientRamp@@QEAAXHHH@Z 0000000180021380 f   GradientRamp.obj
 0001:000204b0       ?reset@GradientRamp@@QEAAXXZ 00000001800214b0 f   GradientRamp.obj
 0001:00020570       ?setHWND@GradientRamp@@QEAAXPEAUHWND__@@@Z 0000000180021570 f   GradientRamp.obj
 0001:000205b0       ?setSubtex@GradientRamp@@QEAAXHPEAVTexmap@@@Z 00000001800215b0 f   GradientRamp.obj
 0001:00020600       ?setSubtex@GradientRamp@@QEAAXPEAVTexmap@@@Z 0000000180021600 f   GradientRamp.obj
 0001:00020660       ?sort@GradientRamp@@QEAAXXZ 0000000180021660 f   GradientRamp.obj
 0001:00020780       ?GradientProc@IGradient@@SA_JPEAUHWND__@@I_K_J@Z 0000000180021780 f   IGradient.obj
 0001:00020a00       ?InitGradientControls@@YAXXZ 0000000180021a00 f   IGradient.obj
 0001:00020a80       IsolationAwareRegisterClassExW 0000000180021a80 f i IGradient.obj
 0001:00020b90       ?alterUVW@Noise@@SAXAEAVPoint3@@H@Z 0000000180021b90 f   noise.obj
 0001:00020c30       ?f@Fractal@@SAMVPoint3@@AEAVNoiseParams@@@Z 0000000180021c30 f i noise.obj
 0001:00020e00       ?f@Fractal@@SAMVPoint3@@MAEAVNoiseParams@@@Z 0000000180021e00 f i noise.obj
 0001:00020ff0       ?limitedNoise@Noise@@SAMVPoint3@@00AEAVNoiseParams@@@Z 0000000180021ff0 f   noise.obj
 0001:000210b0       ?limitedNoise@Noise@@SAMVPoint3@@AEAVNoiseParams@@@Z 00000001800220b0 f   noise.obj
 0001:00021120       ?noise@Noise@@SAMVPoint3@@AEAVNoiseParams@@@Z 0000000180022120 f   noise.obj
 0001:00021230       ?noise@Noise@@SAMVPoint3@@MAEAVNoiseParams@@@Z 0000000180022230 f   noise.obj
 0001:00021360       ?wood@Noise@@SAMVPoint3@@00AEAV2@VWoodParam@@@Z 0000000180022360 f   noise.obj
 0001:00021940       ?wood@Noise@@SAMVPoint3@@AEAV2@AEAVWoodParam@@@Z 0000000180022940 f   noise.obj
 0001:00021cf0       ?worleyWrapper@Noise@@SAMVPoint3@@AEAVNoiseParams@@@Z 0000000180022cf0 f   noise.obj
 0001:00021e90       ?fnoise2D@Perlin@@SAMMMM@Z 0000000180022e90 f   perlin.obj
 0001:00021f10       ?fnoise3D@Perlin@@SAMMMMM@Z 0000000180022f10 f   perlin.obj
 0001:00021fb0       ?fnoise4D@Perlin@@SAMMMMMM@Z 0000000180022fb0 f   perlin.obj
 0001:00022070       ?fsnoise2D@Perlin@@SAMMMM@Z 0000000180023070 f   perlin.obj
 0001:000220f0       ?fsnoise3D@Perlin@@SAMMMMM@Z 00000001800230f0 f   perlin.obj
 0001:00022190       ?fsnoise4D@Perlin@@SAMMMMMM@Z 0000000180023190 f   perlin.obj
 0001:00022250       ?noise@Perlin@@SAMMM@Z     0000000180023250 f   perlin.obj
 0001:000224b0       ?noise@Perlin@@SAMMMM@Z    00000001800234b0 f   perlin.obj
 0001:00022970       ?noise@Perlin@@SAMMMMM@Z   0000000180023970 f   perlin.obj
 0001:000232d0       ?point@Perlin@@CAMMMHH@Z   00000001800242d0 f i perlin.obj
 0001:00023370       ?point@Perlin@@CAMMMMHHH@Z 0000000180024370 f i perlin.obj
 0001:00023430       ?point@Perlin@@CAMMMMMHHHH@Z 0000000180024430 f i perlin.obj
 0001:00023500       ?snoise@Perlin@@SAMM@Z     0000000180024500 f   perlin.obj
 0001:000235f0       ?snoise@Perlin@@SAMMM@Z    00000001800245f0 f   perlin.obj
 0001:00023760       ?snoise@Perlin@@SAMMMM@Z   0000000180024760 f   perlin.obj
 0001:00023a30       ?snoise@Perlin@@SAMMMMM@Z  0000000180024a30 f   perlin.obj
 0001:00023eb0       ??$_Destroy_range1@V?$allocator@V?$basic_string@_WU?$char_traits@_W@std@@V?$allocator@_W@2@@std@@@std@@PEAV?$basic_string@_WU?$char_traits@_W@std@@V?$allocator@_W@2@@2@@std@@YAXPEAV?$basic_string@_WU?$char_traits@_W@std@@V?$allocator@_W@2@@0@0AEAU?$_Wrap_alloc@V?$allocator@V?$basic_string@_WU?$char_traits@_W@std@@V?$allocator@_W@2@@std@@@std@@@0@U?$integral_constant@_N$0A@@0@@Z 0000000180024eb0 f i tile.obj
 0001:00023f90       ??$_Uninitialized_move_al_unchecked1@PEAV?$basic_string@_WU?$char_traits@_W@std@@V?$allocator@_W@2@@std@@PEAV12@V?$allocator@V?$basic_string@_WU?$char_traits@_W@std@@V?$allocator@_W@2@@std@@@2@@std@@YAPEAV?$basic_string@_WU?$char_traits@_W@std@@V?$allocator@_W@2@@0@PEAV10@00AEAU?$_Wrap_alloc@V?$allocator@V?$basic_string@_WU?$char_traits@_W@std@@V?$allocator@_W@2@@std@@@std@@@0@U_General_ptr_iterator_tag@0@U_Any_tag@0@@Z 0000000180024f90 f i tile.obj
 0001:00024030       ??$_Uninitialized_move_al_unchecked1@PEAVTileRow@@PEAV1@V?$allocator@VTileRow@@@std@@@std@@YAPEAVTileRow@@PEAV1@00AEAU?$_Wrap_alloc@V?$allocator@VTileRow@@@std@@@0@U_General_ptr_iterator_tag@0@U_Any_tag@0@@Z 0000000180025030 f i tile.obj
 0001:000240c0       ??0?$vector@MV?$allocator@M@std@@@std@@QEAA@AEBV01@@Z 00000001800250c0 f i tile.obj
 0001:00024180       ??1?$basic_stringbuf@_WU?$char_traits@_W@std@@V?$allocator@_W@2@@std@@UEAA@XZ 0000000180025180 f i tile.obj
 0001:000241c0       ??1?$basic_stringstream@_WU?$char_traits@_W@std@@V?$allocator@_W@2@@std@@UEAA@XZ 00000001800251c0 f i tile.obj
 0001:00024250       ??1?$vector@V?$basic_string@_WU?$char_traits@_W@std@@V?$allocator@_W@2@@std@@V?$allocator@V?$basic_string@_WU?$char_traits@_W@std@@V?$allocator@_W@2@@std@@@2@@std@@QEAA@XZ 0000000180025250 f i tile.obj
 0001:000242b0       ??1TileRow@@QEAA@XZ        00000001800252b0 f i tile.obj
 0001:00024300       ??_D?$basic_stringstream@_WU?$char_traits@_W@std@@V?$allocator@_W@2@@std@@QEAAXXZ 0000000180025300 f i tile.obj
 0001:00024348       ??_E?$basic_stringstream@_WU?$char_traits@_W@std@@V?$allocator@_W@2@@std@@$4PPPPPPPM@A@EAAPEAXI@Z 0000000180025348 f i tile.obj
 0001:00024360       ??_E?$basic_stringbuf@_WU?$char_traits@_W@std@@V?$allocator@_W@2@@std@@UEAAPEAXI@Z 0000000180025360 f i tile.obj
 0001:00024360       ??_G?$basic_stringbuf@_WU?$char_traits@_W@std@@V?$allocator@_W@2@@std@@UEAAPEAXI@Z 0000000180025360 f i tile.obj
 0001:000243c0       ??_E?$basic_stringstream@_WU?$char_traits@_W@std@@V?$allocator@_W@2@@std@@UEAAPEAXI@Z 00000001800253c0 f i tile.obj
 0001:000243c0       ??_G?$basic_stringstream@_WU?$char_traits@_W@std@@V?$allocator@_W@2@@std@@UEAAPEAXI@Z 00000001800253c0 f i tile.obj
[...]
 0004:00001a10       $pdata$?allocate@?$allocator@VTileRow@@@std@@QEAAPEAVTileRow@@_K@Z 0000000180040a10     tile.obj
 0004:00001a1c       $pdata$?corner@Tile@@CA?AVTilePoint@@MMMMAEAVTileParam@@@Z 0000000180040a1c     tile.obj
 0004:00001a28       $pdata$?draw@Tile@@SA?AVTilePoint@@VPoint3@@AEAVTileParam@@@Z 0000000180040a28     tile.obj
 0004:00001a34       $pdata$?drawTile@Tile@@CA?AVTilePoint@@VPoint3@@QEAMAEAVTileParam@@HH@Z 0000000180040a34     tile.obj
 0004:00001a40       $pdata$1$?drawTile@Tile@@CA?AVTilePoint@@VPoint3@@QEAMAEAVTileParam@@HH@Z 0000000180040a40     tile.obj
 0004:00001a4c       $pdata$2$?drawTile@Tile@@CA?AVTilePoint@@VPoint3@@QEAMAEAVTileParam@@HH@Z 0000000180040a4c     tile.obj
 0004:00001a58       $pdata$?find_first_not_of@?$basic_string@_WU?$char_traits@_W@std@@V?$allocator@_W@2@@std@@QEBA_KAEBV12@_K@Z 0000000180040a58     tile.obj
 0004:00001a64       $pdata$?find_first_of@?$basic_string@_WU?$char_traits@_W@std@@V?$allocator@_W@2@@std@@QEBA_KAEBV12@_K@Z 0000000180040a64     tile.obj
 0004:00001a70       $pdata$?getAngle@@YAMHM@Z  0000000180040a70     tile.obj
 0004:00001a7c       $pdata$?overflow@?$basic_stringbuf@_WU?$char_traits@_W@std@@V?$allocator@_W@2@@std@@MEAAGG@Z 0000000180040a7c     tile.obj
 0004:00001a88       $pdata$0$?overflow@?$basic_stringbuf@_WU?$char_traits@_W@std@@V?$allocator@_W@2@@std@@MEAAGG@Z 0000000180040a88     tile.obj
 0004:00001a94       $pdata$2$?overflow@?$basic_stringbuf@_WU?$char_traits@_W@std@@V?$allocator@_W@2@@std@@MEAAGG@Z 0000000180040a94     tile.obj
 0004:00001aa0       $pdata$5$?overflow@?$basic_stringbuf@_WU?$char_traits@_W@std@@V?$allocator@_W@2@@std@@MEAAGG@Z 0000000180040aa0     tile.obj
 0004:00001aac       $pdata$11$?overflow@?$basic_stringbuf@_WU?$char_traits@_W@std@@V?$allocator@_W@2@@std@@MEAAGG@Z 0000000180040aac     tile.obj
 0004:00001ab8       $pdata$12$?overflow@?$basic_stringbuf@_WU?$char_traits@_W@std@@V?$allocator@_W@2@@std@@MEAAGG@Z 0000000180040ab8     tile.obj
 0004:00001ac4       $pdata$?parsePattern@@YAHV?$basic_string@_WU?$char_traits@_W@std@@V?$allocator@_W@2@@std@@PEAVTilePattern@@@Z 0000000180040ac4     tile.obj
 0004:00001ad0       $pdata$?pat_herring@Tile@@CA?AVTilePoint@@VPoint3@@AEAVTileParam@@@Z 0000000180040ad0     tile.obj
 0004:00001adc       $pdata$?pat_xBond@Tile@@CA?AVTilePoint@@VPoint3@@AEAVTileParam@@@Z 0000000180040adc     tile.obj
 0004:00001ae8       $pdata$0$?pat_xBond@Tile@@CA?AVTilePoint@@VPoint3@@AEAVTileParam@@@Z 0000000180040ae8     tile.obj
 0004:00001af4       $pdata$1$?pat_xBond@Tile@@CA?AVTilePoint@@VPoint3@@AEAVTileParam@@@Z 0000000180040af4     tile.obj
 0004:00001b00       $pdata$?rowcol@@YAHAEAM0AEAHMMAEAV?$vector@MV?$allocator@M@std@@@std@@MMM@Z 0000000180040b00     tile.obj
 0004:00001b0c       $pdata$8$?rowcol@@YAHAEAM0AEAHMMAEAV?$vector@MV?$allocator@M@std@@@std@@MMM@Z 0000000180040b0c     tile.obj
 0004:00001b18       $pdata$9$?rowcol@@YAHAEAM0AEAHMMAEAV?$vector@MV?$allocator@M@std@@@std@@MMM@Z 0000000180040b18     tile.obj
 0004:00001b24       $pdata$?seekoff@?$basic_stringbuf@_WU?$char_traits@_W@std@@V?$allocator@_W@2@@std@@MEAA?AV?$fpos@U_Mbstatet@@@2@_JHH@Z 0000000180040b24     tile.obj
 0004:00001b30       $pdata$?seekpos@?$basic_stringbuf@_WU?$char_traits@_W@std@@V?$allocator@_W@2@@std@@MEAA?AV?$fpos@U_Mbstatet@@@2@V32@H@Z 0000000180040b30     tile.obj
 0004:00001b3c       $pdata$?setPattern@TilePattern@@QEAAXV?$basic_string@_WU?$char_traits@_W@std@@V?$allocator@_W@2@@std@@@Z 0000000180040b3c     tile.obj
 0004:00001b48       $pdata$?setPreset@TilePattern@@QEAAXH@Z 0000000180040b48     tile.obj
 0004:00001b54       $pdata$?substr@?$basic_string@_WU?$char_traits@_W@std@@V?$allocator@_W@2@@std@@QEBA?AV12@_K0@Z 0000000180040b54     tile.obj
 0004:00001b60       $pdata$?tokenize@@YAXAEBV?$basic_string@_WU?$char_traits@_W@std@@V?$allocator@_W@2@@std@@AEAV?$vector@V?$basic_string@_WU?$char_traits@_W@std@@V?$allocator@_W@2@@std@@V?$allocator@V?$basic_string@_WU?$char_traits@_W@std@@V?$allocator@_W@2@@std@@@2@@2@0@Z 0000000180040b60     tile.obj
 0004:00001b6c       $pdata$?uvMapping@Tile@@CAXAEAVTilePoint@@VPoint3@@QEAMAEAVTileParam@@H@Z 0000000180040b6c     tile.obj
 0004:00001b78       $pdata$?add@Worley@@CAXJJJQEANHPEANH@Z 0000000180040b78     worley.obj
 0004:00001b84       $pdata$12$?add@Worley@@CAXJJJQEANHPEANH@Z 0000000180040b84     worley.obj
 0004:00001b90       $pdata$13$?add@Worley@@CAXJJJQEANHPEANH@Z 0000000180040b90     worley.obj
 0004:00001b9c       $pdata$14$?add@Worley@@CAXJJJQEANHPEANH@Z 0000000180040b9c     worley.obj
 0004:00001ba8       $pdata$?noise@Worley@@SAXQEANHPEANH@Z 0000000180040ba8     worley.obj
 0004:00001bb4       $pdata$??_Gtype_info@@UEAAPEAXI@Z 0000000180040bb4     MSVCRT:std_type_info_static.obj
 0004:00001bc0       $pdata$__scrt_acquire_startup_lock 0000000180040bc0     MSVCRT:utility.obj
 0004:00001bcc       $pdata$__scrt_dllmain_after_initialize_c 0000000180040bcc     MSVCRT:utility.obj
 0004:00001bd8       $pdata$__scrt_dllmain_before_initialize_c 0000000180040bd8     MSVCRT:utility.obj
 0004:00001be4       $pdata$__scrt_dllmain_crt_thread_attach 0000000180040be4     MSVCRT:utility.obj
 0004:00001bf0       $pdata$__scrt_dllmain_crt_thread_detach 0000000180040bf0     MSVCRT:utility.obj
 0004:00001bfc       $pdata$__scrt_dllmain_exception_filter 0000000180040bfc     MSVCRT:utility.obj
 0004:00001c08       $pdata$__scrt_dllmain_uninitialize_c 0000000180040c08     MSVCRT:utility.obj
 0004:00001c14       $pdata$__scrt_dllmain_uninitialize_critical 0000000180040c14     MSVCRT:utility.obj
 0004:00001c20       $pdata$__scrt_initialize_crt 0000000180040c20     MSVCRT:utility.obj
 0004:00001c2c       $pdata$__scrt_initialize_onexit_tables 0000000180040c2c     MSVCRT:utility.obj
 0004:00001c38       $pdata$__scrt_is_nonwritable_in_current_image 0000000180040c38     MSVCRT:utility.obj
 0004:00001c44       $pdata$__scrt_release_startup_lock 0000000180040c44     MSVCRT:utility.obj
 0004:00001c50       $pdata$__scrt_uninitialize_crt 0000000180040c50     MSVCRT:utility.obj
 0004:00001c5c       $pdata$_onexit             0000000180040c5c     MSVCRT:utility.obj
 0004:00001c68       $pdata$atexit              0000000180040c68     MSVCRT:utility.obj
 0004:00001c74       $pdata$??2@YAPEAX_K@Z      0000000180040c74     MSVCRT:new_scalar.obj
 0004:00001c8c       $pdata$?dllmain_crt_dispatch@@YAHQEAUHINSTANCE__@@KQEAX@Z 0000000180040c8c     MSVCRT:dll_dllmain.obj
 0004:00001c98       $pdata$?dllmain_crt_process_attach@@YAHQEAUHINSTANCE__@@QEAX@Z 0000000180040c98     MSVCRT:dll_dllmain.obj
 0004:00001ca4       $pdata$?dllmain_crt_process_detach@@YAH_N@Z 0000000180040ca4     MSVCRT:dll_dllmain.obj
 0004:00001cb0       $pdata$?dllmain_dispatch@@YAHQEAUHINSTANCE__@@KQEAX@Z 0000000180040cb0     MSVCRT:dll_dllmain.obj
 0004:00001cbc       $pdata$?dllmain_raw@@YAHQEAUHINSTANCE__@@KQEAX@Z 0000000180040cbc     MSVCRT:dll_dllmain.obj
 0004:00001cc8       $pdata$_DllMainCRTStartup  0000000180040cc8     MSVCRT:dll_dllmain.obj
 0004:00001cd4       $pdata$__isa_available_init 0000000180040cd4     MSVCRT:_cpu_disp_.obj
 0004:00001ce0       $pdata$__scrt_fastfail     0000000180040ce0     MSVCRT:utility_desktop.obj
 0004:00001cec       $pdata$??0bad_alloc@std@@QEAA@AEBV01@@Z 0000000180040cec     MSVCRT:throw_bad_alloc.obj
 0004:00001cf8       $pdata$??0bad_array_new_length@std@@QEAA@AEBV01@@Z 0000000180040cf8     MSVCRT:throw_bad_alloc.obj
 0004:00001d04       $pdata$??0exception@std@@QEAA@AEBV01@@Z 0000000180040d04     MSVCRT:throw_bad_alloc.obj
 0004:00001d10       $pdata$??_Gbad_alloc@std@@UEAAPEAXI@Z 0000000180040d10     MSVCRT:throw_bad_alloc.obj
 0004:00001d10       $pdata$??_Gbad_array_new_length@std@@UEAAPEAXI@Z 0000000180040d10     MSVCRT:throw_bad_alloc.obj
 0004:00001d10       $pdata$??_Gexception@std@@UEAAPEAXI@Z 0000000180040d10     MSVCRT:throw_bad_alloc.obj
 0004:00001d1c       $pdata$?__scrt_throw_std_bad_alloc@@YAXXZ 0000000180040d1c     MSVCRT:throw_bad_alloc.obj
 0004:00001d28       $pdata$?__scrt_throw_std_bad_array_new_length@@YAXXZ 0000000180040d28     MSVCRT:throw_bad_alloc.obj
 0004:00001d34       $pdata$__security_init_cookie 0000000180040d34     MSVCRT:gs_support.obj
 0004:00001d40       $pdata$__scrt_initialize_default_local_stdio_options 0000000180040d40     MSVCRT:default_local_stdio_options.obj
 0004:00001d4c       $pdata$_RTC_Initialize     0000000180040d4c     MSVCRT:_initsect_.obj
 0004:00001d58       $pdata$_RTC_Terminate      0000000180040d58     MSVCRT:_initsect_.obj
 0004:00001d70       $pdata$?dtor$1@?0???0BerconGradient@@QEAA@XZ@4HA 0000000180040d70     BerconGradient.obj
 0004:00001d7c       $pdata$?dtor$0@?0??GetSubTexmapSlotName@BerconGradient@@UEAA?AVWStr@@H@Z@4HA 0000000180040d7c     BerconGradient.obj
 0004:00001d88       $pdata$?catch$1@?0??_Copy@?$basic_string@_WU?$char_traits@_W@std@@V?$allocator@_W@2@@std@@QEAAX_K0@Z@4HA 0000000180040d88     BerconTile.obj
 0004:00001d94       $pdata$?catch$0@?0??_Copy@?$basic_string@_WU?$char_traits@_W@std@@V?$allocator@_W@2@@std@@QEAAX_K0@Z@4HA 0000000180040d94     BerconTile.obj
 0004:00001da0       $pdata$CommctrlIsolationAwarePrivatetRgCebPnQQeRff_pbZPgYQP_QYY$fin$0 0000000180040da0     DllEntry.obj
 0004:00001dac       $pdata$IsolationAwareInitCommonControls$fin$0 0000000180040dac     DllEntry.obj
 0004:00001db8       $pdata$WinbaseIsolationAwarePrivatetRgzlnPgpgk$fin$0 0000000180040db8     DllEntry.obj
 0004:00001dc4       $pdata$?dtor$0@?0??SubAnimName@BerconTile@@UEAA?AVWStr@@H@Z@4HA 0000000180040dc4     BerconTile.obj
 0004:00001dc4       $pdata$?dtor$0@?0??SubAnimName@BerconGradient@@UEAA?AVWStr@@H@Z@4HA 0000000180040dc4     BerconGradient.obj
 0004:00001dc4       $pdata$?dtor$0@?0??SubAnimName@BerconNoise@@UEAA?AVWStr@@H@Z@4HA 0000000180040dc4     BerconNoise.obj
 0004:00001dc4       $pdata$?dtor$0@?0??GetSubTexmapSlotName@BerconTile@@UEAA?AVWStr@@H@Z@4HA 0000000180040dc4     BerconTile.obj
 0004:00001dc4       $pdata$?dtor$0@?0??GetSubTexmapSlotName@BerconDistortion@@UEAA?AVWStr@@H@Z@4HA 0000000180040dc4     BerconDistortion.obj
 0004:00001dc4       $pdata$?dtor$0@?0??GetSubTexmapSlotName@BerconNoise@@UEAA?AVWStr@@H@Z@4HA 0000000180040dc4     BerconNoise.obj
 0004:00001dc4       $pdata$?dtor$0@?0??SubAnimName@BerconDistortion@@UEAA?AVWStr@@H@Z@4HA 0000000180040dc4     BerconDistortion.obj
 0004:00001dc4       $pdata$?dtor$0@?0??GetSubTexmapSlotName@BerconWood@@UEAA?AVWStr@@H@Z@4HA 0000000180040dc4     BerconWood.obj
 0004:00001dc4       $pdata$?dtor$0@?0??SubAnimName@BerconWood@@UEAA?AVWStr@@H@Z@4HA 0000000180040dc4     BerconWood.obj
 0004:00001dd0       $pdata$IsolationAwareRegisterClassExW$fin$0 0000000180040dd0     IGradient.obj
 0004:00001ddc       $pdata$?catch$0@?0???$_Uninitialized_move_al_unchecked1@PEAV?$basic_string@_WU?$char_traits@_W@std@@V?$allocator@_W@2@@std@@PEAV12@V?$allocator@V?$basic_string@_WU?$char_traits@_W@std@@V?$allocator@_W@2@@std@@@2@@std@@YAPEAV?$basic_string@_WU?$char_traits@_W@std@@V?$allocator@_W@2@@0@PEAV10@00AEAU?$_Wrap_alloc@V?$allocator@V?$basic_string@_WU?$char_traits@_W@std@@V?$allocator@_W@2@@std@@@std@@@0@U_General_ptr_iterator_tag@0@U_Any_tag@0@@Z@4HA 0000000180040ddc     tile.obj
 0004:00001de8       $pdata$?catch$1@?0???$_Uninitialized_move_al_unchecked1@PEAVTileRow@@PEAV1@V?$allocator@VTileRow@@@std@@@std@@YAPEAVTileRow@@PEAV1@00AEAU?$_Wrap_alloc@V?$allocator@VTileRow@@@std@@@0@U_General_ptr_iterator_tag@0@U_Any_tag@0@@Z@4HA 0000000180040de8     tile.obj
 0004:00001df4       $pdata$?catch$0@?0???0?$vector@MV?$allocator@M@std@@@std@@QEAA@AEBV01@@Z@4HA 0000000180040df4     tile.obj
 0004:00001e00       $pdata$?catch$0@?0??_Reallocate@?$vector@MV?$allocator@M@std@@@std@@IEAAX_K@Z@4HA 0000000180040e00     tile.obj
 0004:00001e0c       $pdata$?catch$0@?0??_Reallocate@?$vector@V?$basic_string@_WU?$char_traits@_W@std@@V?$allocator@_W@2@@std@@V?$allocator@V?$basic_string@_WU?$char_traits@_W@std@@V?$allocator@_W@2@@std@@@2@@std@@IEAAX_K@Z@4HA 0000000180040e0c     tile.obj
 0004:00001e18       $pdata$?catch$0@?0??_Reallocate@?$vector@VTileRow@@V?$allocator@VTileRow@@@std@@@std@@IEAAX_K@Z@4HA 0000000180040e18     tile.obj
 0004:00001e24       $pdata$?dtor$9@?0??parsePattern@@YAHV?$basic_string@_WU?$char_traits@_W@std@@V?$allocator@_W@2@@std@@PEAVTilePattern@@@Z@4HA 0000000180040e24     tile.obj
 0004:00001e30       $pdata$?dtor$13@?0??parsePattern@@YAHV?$basic_string@_WU?$char_traits@_W@std@@V?$allocator@_W@2@@std@@PEAVTilePattern@@@Z@4HA 0000000180040e30     tile.obj
 0004:00001e3c       $pdata$?dtor$18@?0??parsePattern@@YAHV?$basic_string@_WU?$char_traits@_W@std@@V?$allocator@_W@2@@std@@PEAVTilePattern@@@Z@4HA 0000000180040e3c     tile.obj
 0004:00001e48       $pdata$?dtor$26@?0??parsePattern@@YAHV?$basic_string@_WU?$char_traits@_W@std@@V?$allocator@_W@2@@std@@PEAVTilePattern@@@Z@4HA 0000000180040e48     tile.obj
 0004:00001e54       $pdata$?dtor$28@?0??parsePattern@@YAHV?$basic_string@_WU?$char_traits@_W@std@@V?$allocator@_W@2@@std@@PEAVTilePattern@@@Z@4HA 0000000180040e54     tile.obj
 0004:00001e60       $pdata$?dtor$0@?0??substr@?$basic_string@_WU?$char_traits@_W@std@@V?$allocator@_W@2@@std@@QEBA?AV12@_K0@Z@4HA 0000000180040e60     tile.obj
 0004:00001e6c       $pdata$__scrt_is_nonwritable_in_current_image$filt$0 0000000180040e6c     MSVCRT:utility.obj
 0004:00001e78       $pdata$?fin$0@?0??dllmain_crt_process_attach@@YAHQEAUHINSTANCE__@@QEAX@Z@4HA 0000000180040e78     MSVCRT:dll_dllmain.obj
 0004:00001e84       $pdata$?fin$0@?0??dllmain_crt_process_detach@@YAH_N@Z@4HA 0000000180040e84     MSVCRT:dll_dllmain.obj
 0004:00001e90       $pdata$?filt$0@?0??dllmain_dispatch@@YAHQEAUHINSTANCE__@@KQEAX@Z@4HA 0000000180040e90     MSVCRT:dll_dllmain.obj
 0004:00001e9c       $pdata$??__FBerconDistortionDesc@@YAXXZ 0000000180040e9c     BerconDistortion.obj
 0004:00001ea8       $pdata$??__Fxyz_blk@@YAXXZ 0000000180040ea8     BerconDistortion.obj
 0004:00001eb4       $pdata$??__FBerconGradientDesc@@YAXXZ 0000000180040eb4     BerconGradient.obj
 0004:00001ec0       $pdata$??__Fxyz_blk@@YAXXZ 0000000180040ec0     BerconGradient.obj
 0004:00001ecc       $pdata$??__FBerconTileDesc@@YAXXZ 0000000180040ecc     BerconTile.obj
 0004:00001ed8       $pdata$??__Fxyz_blk@@YAXXZ 0000000180040ed8     BerconTile.obj
 0004:00001ee4       $pdata$??__FBerconWoodDesc@@YAXXZ 0000000180040ee4     BerconWood.obj
 0004:00001ef0       $pdata$??__Fxyz_blk@@YAXXZ 0000000180040ef0     BerconWood.obj
 0004:00001efc       $pdata$??__FBerconNoiseDesc@@YAXXZ 0000000180040efc     BerconNoise.obj
 0004:00001f08       $pdata$??__Fxyz_blk@@YAXXZ 0000000180040f08     BerconNoise.obj
 0005:00000000       __guard_fids__             0000000180041000     MSVCRT:std_type_info_static.obj
 0005:00000004       __guard_fids_?dllmain_crt_process_attach@@YAHQEAUHINSTANCE__@@QEAX@Z 0000000180041004     MSVCRT:dll_dllmain.obj
 0005:0000000c       __guard_fids_?dllmain_dispatch@@YAHQEAUHINSTANCE__@@KQEAX@Z 000000018004100c     MSVCRT:dll_dllmain.obj
 0005:00000010       __guard_fids__             0000000180041010     MSVCRT:throw_bad_alloc.obj
 0005:00000018       __guard_fids__             0000000180041018     MSVCRT:throw_bad_alloc.obj
 0005:00000020       __guard_fids__             0000000180041020     MSVCRT:throw_bad_alloc.obj
 0005:00000028       __guard_fids__             0000000180041028     MSVCRT:guard_support.obj
 0006:00000950       $R000000                   0000000180042950     BerconNoise.res
 0006:00000a08       $R0000B8                   0000000180042a08     BerconNoise.res
 0006:00000a38       $R0000E8                   0000000180042a38     BerconNoise.res
 0006:00000ae0       $R000190                   0000000180042ae0     BerconNoise.res
 0006:00000c70       $R000320                   0000000180042c70     BerconNoise.res
 0006:00000d18       $R0003C8                   0000000180042d18     BerconNoise.res
 0006:00000dc0       $R000470                   0000000180042dc0     BerconNoise.res
 0006:00000eb0       $R000560                   0000000180042eb0     BerconNoise.res
 0006:00000f58       $R000608                   0000000180042f58     BerconNoise.res
 0006:00001dc0       $R001470                   0000000180043dc0     BerconNoise.res
 0006:00003000       $R0026B0                   0000000180045000     BerconNoise.res
 0006:000047d8       $R003E88                   00000001800467d8     BerconNoise.res
 0006:000051d8       $R004888                   00000001800471d8     BerconNoise.res
 0006:00005420       $R004AD0                   0000000180047420     BerconNoise.res
 0006:00005598       $R004C48                   0000000180047598     BerconNoise.res
 0006:00005d88       $R005438                   0000000180047d88     BerconNoise.res
 0006:00006988       $R006038                   0000000180048988     BerconNoise.res
 0006:00007ae0       $R007190                   0000000180049ae0     BerconNoise.res
 0006:00008c48       $R0082F8                   000000018004ac48     BerconNoise.res
 0006:00009c00       $R0092B0                   000000018004bc00     BerconNoise.res
 0006:0000ac98       $R00A348                   000000018004cc98     BerconNoise.res
 0006:0000b618       $R00ACC8                   000000018004d618     BerconNoise.res
 0006:0000b620       $R00ACD0                   000000018004d620     BerconNoise.res
 0006:0000b6e0       $R00AD90                   000000018004d6e0     BerconNoise.res
 0006:00018828       $R017ED8                   000000018005a828     BerconNoise.res
 0006:000189a0       $R018050                   000000018005a9a0     BerconNoise.res
 0006:00018a08       $R0180B8                   000000018005aa08     BerconNoise.res
 0006:00018b70       $R018220                   000000018005ab70     BerconNoise.res
 0006:00018bc0       $R018270                   000000018005abc0     BerconNoise.res
 0006:00018d88       $R018438                   000000018005ad88     BerconNoise.res
 0006:00018f60       $R018610                   000000018005af60     BerconNoise.res
 0006:00019138       $R0187E8                   000000018005b138     BerconNoise.res
 0006:00019238       $R0188E8                   000000018005b238     BerconNoise.res
 0006:00019308       $R0189B8                   000000018005b308     BerconNoise.res
 0006:00019430       $R018AE0                   000000018005b430     BerconNoise.res
 0006:00019530       $R018BE0                   000000018005b530     BerconNoise.res
 0006:000196a8       $R018D58                   000000018005b6a8     BerconNoise.res
 0006:00019828       $R018ED8                   000000018005b828     BerconNoise.res
 0006:000199d8       $R019088                   000000018005b9d8     BerconNoise.res
 0006:00019ab8       $R019168                   000000018005bab8     BerconNoise.res
 0006:00019bf8       $R0192A8                   000000018005bbf8     BerconNoise.res
 0006:00019d70       $R019420                   000000018005bd70     BerconNoise.res
 0006:00019f80       $R019630                   000000018005bf80     BerconNoise.res
 0006:0001a138       $R0197E8                   000000018005c138     BerconNoise.res
 0006:0001a250       $R019900                   000000018005c250     BerconNoise.res

 Exports

  ordinal    name

        1    ?LibDescription@@YAPEB_WXZ (wchar_t const * __cdecl LibDescription(void))
               exported name: LibDescription
        2    ?LibNumberClasses@@YAHXZ (int __cdecl LibNumberClasses(void))
               exported name: LibNumberClasses
        3    ?LibClassDesc@@YAPEAVClassDesc@@H@Z (class ClassDesc * __cdecl LibClassDesc(int))
               exported name: LibClassDesc
        4    ?LibVersion@@YAKXZ (unsigned long __cdecl LibVersion(void))
               exported name: LibVersion
        5    ??0VertexNormalsControl@@QEAA@XZ (public: __cdecl VertexNormalsControl::VertexNormalsControl(void))
        6    ?LibInitialize@@YAHXZ (int __cdecl LibInitialize(void))
        7    ?LibShutdown@@YAHXZ (int __cdecl LibShutdown(void))
