 BerconMaps_2018_64

 Timestamp is 5ce56047 (Wed May 22 10:44:23 2019)

 Preferred load address is 0000000180000000

 Start         Length     Name                   Class
 0001:00000000 000079b0H .text$di                CODE
 0001:000079b0 00022440H .text$mn                CODE
 0001:00029df0 00000020H .text$mn$00             CODE
 0001:00029e10 00000e20H .text$x                 CODE
 0001:0002ac30 000001dfH .text$yd                CODE
 0002:00000000 000008a0H .idata$5                DATA
 0002:000008a0 00000010H .00cfg                  DATA
 0002:000008b0 00000008H .CRT$XCA                DATA
 0002:000008b8 000000f0H .CRT$XCU                DATA
 0002:000009a8 00000008H .CRT$XCZ                DATA
 0002:000009b0 00000008H .CRT$XIA                DATA
 0002:000009b8 00000008H .CRT$XIZ                DATA
 0002:000009c0 00000008H .CRT$XPA                DATA
 0002:000009c8 00000008H .CRT$XPZ                DATA
 0002:000009d0 00000008H .CRT$XTA                DATA
 0002:000009d8 00000008H .CRT$XTZ                DATA
 0002:000009e0 00006450H .rdata                  DATA
 0002:00006e30 000020d4H .rdata$r                DATA
 0002:00008f04 000002ccH .rdata$zzzdbg           DATA
 0002:000091d0 00000008H .rtc$IAA                DATA
 0002:000091d8 00000008H .rtc$IZZ                DATA
 0002:000091e0 00000008H .rtc$TAA                DATA
 0002:000091e8 00000008H .rtc$TZZ                DATA
 0002:000091f0 00003bc0H .xdata                  DATA
 0002:0000cdb0 000001e0H .xdata$x                DATA
 0002:0000cf90 00000104H .edata                  DATA
 0002:0000d094 00000118H .idata$2                DATA
 0002:0000d1ac 00000014H .idata$3                DATA
 0002:0000d1c0 000008a0H .idata$4                DATA
 0002:0000da60 00002c3eH .idata$6                DATA
 0003:00000000 00000730H .data                   DATA
 0003:00000730 000009f0H .data$r                 DATA
 0003:00001120 00000b48H .bss                    DATA
 0004:00000000 00001f20H .pdata                  DATA
 0005:00000000 0000002cH .gfids$y                DATA
 0006:00000000 00000950H .rsrc$01                DATA
 0006:00000950 00019a80H .rsrc$02                DATA

  Address         Publics by Value              Rva+Base               Lib:Object

 0000:00000000       __guard_iat_count          0000000000000000     <absolute>
 0000:00000000       __guard_iat_table          0000000000000000     <absolute>
 0000:00000000       ___safe_se_handler_table   0000000000000000     <absolute>
 0000:00000000       ___safe_se_handler_count   0000000000000000     <absolute>
 0000:00000000       __guard_fids_count         0000000000000000     <absolute>
 0000:00000000       __dynamic_value_reloc_table 0000000000000000     <absolute>
 0000:00000000       __guard_longjmp_table      0000000000000000     <absolute>
 0000:00000000       __guard_longjmp_count      0000000000000000     <absolute>
 0000:00000000       __guard_fids_table         0000000000000000     <absolute>
 0000:00000100       __guard_flags              0000000000000100     <absolute>
 0000:00000000       __ImageBase                0000000180000000     <linker-defined>
 0001:000079b0       ?Create@BerconDistortionClassDesc@@UEAAPEAXH@Z 00000001800089b0 f i BerconDistortion.obj
 0001:000079f0       ?ClassName@BerconDistortionClassDesc@@UEAAPEB_WXZ 00000001800089f0 f i BerconDistortion.obj
 0001:00007a00       ?InternalName@BerconDistortionClassDesc@@UEAAPEB_WXZ 0000000180008a00 f i BerconDistortion.obj
 0001:00007a10       ??_GBerconDistortionClassDesc@@UEAAPEAXI@Z 0000000180008a10 f i BerconDistortion.obj
 0001:00007a10       ??_EBerconDistortionClassDesc@@UEAAPEAXI@Z 0000000180008a10 f i BerconDistortion.obj
 0001:00007a70       ?SetUserDlgProc@ClassDesc2@@UEAA_NPEAVParamBlockDesc2@@PEAVParamMap2UserDlgProc@@@Z 0000000180008a70 f i BerconDistortion.obj
 0001:00007a80       ?What@TabOutOfRangeException@Util@MaxSDK@@UEBAPEB_WXZ 0000000180008a80 f i BerconDistortion.obj
 0001:00007aa0       ??1TabOutOfRangeException@Util@MaxSDK@@UEAA@XZ 0000000180008aa0 f i BerconDistortion.obj
 0001:00007ac0       ??0TabOutOfRangeException@Util@MaxSDK@@QEAA@AEBV012@@Z 0000000180008ac0 f i BerconDistortion.obj
 0001:00007b00       ??_ETabOutOfRangeException@Util@MaxSDK@@UEAAPEAXI@Z 0000000180008b00 f i BerconDistortion.obj
 0001:00007b00       ??_GTabOutOfRangeException@Util@MaxSDK@@UEAAPEAXI@Z 0000000180008b00 f i BerconDistortion.obj
 0001:00007b60       ?InitialRollupPageState@ClassDesc@@UEAAKXZ 0000000180008b60 f i BerconDistortion.obj
 0001:00007b70       ?DrawRepresentation@ClassDesc@@UEAA_NKPEAUHDC__@@AEAVBox2@@@Z 0000000180008b70 f i BerconDistortion.obj
 0001:00007b70       ?IsLocalOutputMeaningful@Texmap@@UEAA_NAEAVShadeContext@@@Z 0000000180008b70 f i BerconDistortion.obj
 0001:00007b70       ?UseOnlyInternalNameForMAXScriptExposure@ClassDesc@@UEAA_NXZ 0000000180008b70 f i BerconDistortion.obj
 0001:00007b70       ?GetMacroRecorderName@Animatable@@UEAA_N_NAEAVWStr@@@Z 0000000180008b70 f i BerconDistortion.obj
 0001:00007b80       ?NumInterfaces@ClassDesc@@UEAAHXZ 0000000180008b80 f i BerconDistortion.obj
 0001:00007b90       ?GetInterfaceAt@ClassDesc@@UEAAPEAVFPInterface@@H@Z 0000000180008b90 f i BerconDistortion.obj
 0001:00007bb0       ?ClearInterfaces@ClassDesc@@UEAAXXZ 0000000180008bb0 f i BerconDistortion.obj
 0001:00007bc0       ?SubClassID@ClassDesc@@UEAA?AVClass_ID@@XZ 0000000180008bc0 f i BerconDistortion.obj
 0001:00007bd0       ??_EXYZ_Desc@@UEAAPEAXI@Z  0000000180008bd0 f i BerconDistortion.obj
 0001:00007bd0       ??_GXYZ_Desc@@UEAAPEAXI@Z  0000000180008bd0 f i BerconDistortion.obj
 0001:00007c30       ??0BerconDistortion@@QEAA@XZ 0000000180008c30 f   BerconDistortion.obj
 0001:00007d60       ??0BerconSC@@QEAA@QEAVShadeContext@@@Z 0000000180008d60 f i BerconDistortion.obj
 0001:00007f30       ??0BerconXYZ@@QEAA@XZ      0000000180008f30 f i BerconDistortion.obj
 0001:00007fa0       ??0VertexNormalsControl@@QEAA@XZ 0000000180008fa0 f i BerconDistortion.obj
 0001:00007fd0       ??0XYZ_Desc@@QEAA@PEAVClassDesc2@@HHHHHHH@Z 0000000180008fd0 f i BerconDistortion.obj
 0001:000092a0       ??1?$Tab@PEAVBaseInterface@@@@QEAA@XZ 000000018000a2a0 f i BerconDistortion.obj
 0001:000092c0       ??1?$Tab@PEAVVertexNormalsCallback@@@@QEAA@XZ 000000018000a2c0 f i BerconDistortion.obj
 0001:000092e0       ??1BerconSC@@UEAA@XZ       000000018000a2e0 f i BerconDistortion.obj
 0001:00009330       ??1ParamMap2UserDlgProc@@UEAA@XZ 000000018000a330 f i BerconDistortion.obj
 0001:00009340       ??1RenderGlobalContext@@UEAA@XZ 000000018000a340 f i BerconDistortion.obj
 0001:00009360       ??1ShadeContext@@UEAA@XZ   000000018000a360 f i BerconDistortion.obj
 0001:000093a0       ??1ShadeOutput@@UEAA@XZ    000000018000a3a0 f i BerconDistortion.obj
 0001:000093c0       ??1Texmap@@UEAA@XZ         000000018000a3c0 f i BerconDistortion.obj
 0001:000093e0       ??A?$Tab@PEAVFPInterface@@@@QEBAAEAPEAVFPInterface@@_J@Z 000000018000a3e0 f i BerconDistortion.obj
 0001:000094d0       ??_EBerconDistortion@@WEA@EAAPEAXI@Z 000000018000a4d0 f i BerconDistortion.obj
 0001:000094dc       ??_EBerconSC@@WCII@EAAPEAXI@Z 000000018000a4dc f i BerconDistortion.obj
 0001:000094f0       ??_EBaseInterfaceServer@@UEAAPEAXI@Z 000000018000a4f0 f i BerconDistortion.obj
 0001:000094f0       ??_GBaseInterfaceServer@@UEAAPEAXI@Z 000000018000a4f0 f i BerconDistortion.obj
 0001:00009540       ??_GBerconDistortion@@UEAAPEAXI@Z 000000018000a540 f i BerconDistortion.obj
 0001:00009540       ??_EBerconDistortion@@UEAAPEAXI@Z 000000018000a540 f i BerconDistortion.obj
 0001:000095d0       ??_GBerconSC@@UEAAPEAXI@Z  000000018000a5d0 f i BerconDistortion.obj
 0001:000095d0       ??_EBerconSC@@UEAAPEAXI@Z  000000018000a5d0 f i BerconDistortion.obj
 0001:00009650       ??_GBerconXYZDlgProc@@UEAAPEAXI@Z 000000018000a650 f i BerconDistortion.obj
 0001:00009650       ??_EBerconXYZDlgProc@@UEAAPEAXI@Z 000000018000a650 f i BerconDistortion.obj
 0001:000096a0       ??_EInterfaceServer@@UEAAPEAXI@Z 000000018000a6a0 f i BerconDistortion.obj
 0001:000096a0       ??_GInterfaceServer@@UEAAPEAXI@Z 000000018000a6a0 f i BerconDistortion.obj
 0001:000096f0       ??_GParamMap2UserDlgProc@@UEAAPEAXI@Z 000000018000a6f0 f i BerconDistortion.obj
 0001:000096f0       ??_EParamMap2UserDlgProc@@UEAAPEAXI@Z 000000018000a6f0 f i BerconDistortion.obj
 0001:00009730       ??_GRenderGlobalContext@@UEAAPEAXI@Z 000000018000a730 f i BerconDistortion.obj
 0001:00009730       ??_ERenderGlobalContext@@UEAAPEAXI@Z 000000018000a730 f i BerconDistortion.obj
 0001:00009790       ??_EShadeContext@@UEAAPEAXI@Z 000000018000a790 f i BerconDistortion.obj
 0001:00009790       ??_GShadeContext@@UEAAPEAXI@Z 000000018000a790 f i BerconDistortion.obj
 0001:00009800       ??_EShadeOutput@@UEAAPEAXI@Z 000000018000a800 f i BerconDistortion.obj
 0001:00009800       ??_GShadeOutput@@UEAAPEAXI@Z 000000018000a800 f i BerconDistortion.obj
 0001:00009860       ?ActivateTexDisplay@BerconDistortion@@UEAAXH@Z 000000018000a860 f i BerconDistortion.obj
 0001:00009890       ?Antialias@BerconSC@@UEAAHXZ 000000018000a890 f i BerconDistortion.obj
 0001:000098a0       ?BarycentricCoords@BerconSC@@UEAA?AVPoint3@@XZ 000000018000a8a0 f i BerconDistortion.obj
 0001:000098c0       ?BarycentricCoords@ShadeContext@@UEAA?AVPoint3@@XZ 000000018000a8c0 f i BerconDistortion.obj
 0001:000098d0       ?BumpBasisVectors@BerconSC@@UEAAHQEAVPoint3@@HH@Z 000000018000a8d0 f i BerconDistortion.obj
 0001:000098f0       ?BypassTrackBar@Animatable@@UEAAHXZ 000000018000a8f0 f i BerconDistortion.obj
 0001:00009900       ?CamFarRange@BerconSC@@UEAAMXZ 000000018000a900 f i BerconDistortion.obj
 0001:00009920       ?CamNearRange@BerconSC@@UEAAMXZ 000000018000a920 f i BerconDistortion.obj
 0001:00009940       ?CamPos@BerconSC@@UEAA?AVPoint3@@XZ 000000018000a940 f i BerconDistortion.obj
 0001:00009970       ?ClassID@BerconDistortionClassDesc@@UEAA?AVClass_ID@@XZ 000000018000a970 f i BerconDistortion.obj
 0001:00009970       ?ClassID@BerconDistortion@@UEAA?AVClass_ID@@XZ 000000018000a970 f i BerconDistortion.obj
 0001:00009990       ?ClassID@BerconSC@@UEAA?AVClass_ID@@XZ 000000018000a990 f i BerconDistortion.obj
 0001:000099b0       ?Clone@BerconDistortion@@UEAAPEAVReferenceTarget@@AEAVRemapDir@@@Z 000000018000a9b0 f   BerconDistortion.obj
 0001:00009ae0       ?CreateParamDlg@BerconDistortion@@UEAAPEAVParamDlg@@PEAUHWND__@@PEAVIMtlParams@@@Z 000000018000aae0 f   BerconDistortion.obj
 0001:00009b60       ?CurTime@BerconSC@@UEAAHXZ 000000018000ab60 f i BerconDistortion.obj
 0001:00009b70       ?Curve@BerconSC@@UEAAMXZ   000000018000ab70 f i BerconDistortion.obj
 0001:00009b90       ?CamFarRange@ShadeContext@@UEAAMXZ 000000018000ab90 f i BerconDistortion.obj
 0001:00009b90       ?GetAAFilterSize@RenderGlobalContext@@UEAAMXZ 000000018000ab90 f i BerconDistortion.obj
 0001:00009b90       ?Curve@ShadeContext@@UEAAMXZ 000000018000ab90 f i BerconDistortion.obj
 0001:00009b90       ?CamNearRange@ShadeContext@@UEAAMXZ 000000018000ab90 f i BerconDistortion.obj
 0001:00009b90       ?RayConeAngle@ShadeContext@@UEAAMXZ 000000018000ab90 f i BerconDistortion.obj
 0001:00009ba0       ?DP@BerconSC@@UEAA?AVPoint3@@XZ 000000018000aba0 f i BerconDistortion.obj
 0001:00009bd0       ?DP@BerconSC@@UEAAXAEAVPoint3@@0@Z 000000018000abd0 f i BerconDistortion.obj
 0001:00009bf0       ?DPObj@BerconSC@@UEAA?AVPoint3@@XZ 000000018000abf0 f i BerconDistortion.obj
 0001:00009c20       ?DPObjRelBox@BerconSC@@UEAA?AVPoint3@@XZ 000000018000ac20 f i BerconDistortion.obj
 0001:00009c50       ?DPdUVW@BerconSC@@UEAAXQEAVPoint3@@H@Z 000000018000ac50 f i BerconDistortion.obj
 0001:00009c70       ?DUVW@BerconSC@@UEAA?AVPoint3@@H@Z 000000018000ac70 f i BerconDistortion.obj
 0001:00009c94       ?DebugFile@BerconSC@@WCII@EAAPEAU_iobuf@@XZ 000000018000ac94 f i BerconDistortion.obj
 0001:00009ca0       ?DiffuseIllum@BerconSC@@UEAA?AVColor@@XZ 000000018000aca0 f i BerconDistortion.obj
 0001:00009cd0       ?DlgProc@BerconXYZDlgProc@@UEAA_JHPEAVIParamMap2@@PEAUHWND__@@I_K_J@Z 000000018000acd0 f i BerconDistortion.obj
 0001:0000a1e0       ?EditTrack@Animatable@@UEAAXXZ 000000018000b1e0 f i BerconDistortion.obj
 0001:0000a210       ?EvalColor@BerconDistortion@@UEAA?AVAColor@@AEAVShadeContext@@@Z 000000018000b210 f   BerconDistortion.obj
 0001:0000a3d0       ?EvalEnvironMap@BerconSC@@UEAA?AVAColor@@PEAVTexmap@@VPoint3@@@Z 000000018000b3d0 f i BerconDistortion.obj
 0001:0000a420       ?EvalGlobalEnvironMap@BerconSC@@UEAA?AVAColor@@VPoint3@@@Z 000000018000b420 f i BerconDistortion.obj
 0001:0000a470       ?EvalGlobalEnvironMap@RenderGlobalContext@@UEAA?AVAColor@@AEAVShadeContext@@AEAVRay@@H@Z 000000018000b470 f i BerconDistortion.obj
 0001:0000a490       ?EvalGlobalEnvironMap@ShadeContext@@UEAA?AVAColor@@VPoint3@@@Z 000000018000b490 f i BerconDistortion.obj
 0001:0000a4a0       ?EvalMono@BerconDistortion@@UEAAMAEAVShadeContext@@@Z 000000018000b4a0 f   BerconDistortion.obj
 0001:0000a630       ?EvalNormalPerturb@BerconDistortion@@UEAA?AVPoint3@@AEAVShadeContext@@@Z 000000018000b630 f   BerconDistortion.obj
 0001:0000a7c0       ?Execute@BerconSC@@UEAA_JH_K00@Z 000000018000b7c0 f i BerconDistortion.obj
 0001:0000a7d4       ?Execute@BerconSC@@WCII@EAA_JH_K00@Z 000000018000b7d4 f i BerconDistortion.obj
 0001:0000a7e0       ?FaceNumber@BerconSC@@UEAAHXZ 000000018000b7e0 f i BerconDistortion.obj
 0001:0000a7f0       ?GNormal@BerconSC@@UEAA?AVPoint3@@XZ 000000018000b7f0 f i BerconDistortion.obj
 0001:0000a820       ?GetActiveTexHandle@BerconDistortion@@UEAA_KHAEAVTexHandleMaker@@@Z 000000018000b820 f   BerconDistortion.obj
 0001:0000a8e0       ?GetBGColor@BerconSC@@UEAAXAEAVColor@@0H@Z 000000018000b8e0 f i BerconDistortion.obj
 0001:0000a900       ?GetBerconDistortionDesc@@YAPEAVClassDesc2@@XZ 000000018000b900 f   BerconDistortion.obj
 0001:0000a910       ?GetCache@BerconSC@@UEAAHPEAVTexmap@@AEAM@Z 000000018000b910 f i BerconDistortion.obj
 0001:0000a930       ?GetCache@BerconSC@@UEAAHPEAVTexmap@@AEAVAColor@@@Z 000000018000b930 f i BerconDistortion.obj
 0001:0000a950       ?GetCache@BerconSC@@UEAAHPEAVTexmap@@AEAVPoint3@@@Z 000000018000b950 f i BerconDistortion.obj
 0001:0000a970       ?GetClassName@BerconDistortion@@UEAAXAEAVWStr@@@Z 000000018000b970 f i BerconDistortion.obj
 0001:0000a9a0       ?GetEvalObject@BerconSC@@UEAAPEAVObject@@XZ 000000018000b9a0 f i BerconDistortion.obj
 0001:0000a9b0       ?GetIOR@BerconSC@@UEAAMXZ  000000018000b9b0 f i BerconDistortion.obj
 0001:0000a9d0       ?GetInterface@MtlBase@@UEAAPEAVBaseInterface@@VInterface_ID@@@Z 000000018000b9d0 f i BerconDistortion.obj
 0001:0000aa00       ?GetKeyIndex@Animatable@@UEAAHH@Z 000000018000ba00 f i BerconDistortion.obj
 0001:0000aa00       ?NodeID@ShadeContext@@UEAAHXZ 000000018000ba00 f i BerconDistortion.obj
 0001:0000aa00       ?GetFlagKeyIndex@Animatable@@UEAAHXZ 000000018000ba00 f i BerconDistortion.obj
 0001:0000aa00       ?NumKeys@Animatable@@UEAAHXZ 000000018000ba00 f i BerconDistortion.obj
 0001:0000aa10       ?GetNSuperSample@BerconSC@@UEAAHXZ 000000018000ba10 f i BerconDistortion.obj
 0001:0000aa30       ?GetParamBlock@BerconDistortion@@UEAAPEAVIParamBlock2@@H@Z 000000018000ba30 f i BerconDistortion.obj
 0001:0000aa50       ?GetParamBlockByID@BerconDistortion@@UEAAPEAVIParamBlock2@@F@Z 000000018000ba50 f i BerconDistortion.obj
 0001:0000aaa0       ?GetParamDimension@Animatable@@UEAAPEAVParamDimension@@H@Z 000000018000baa0 f i BerconDistortion.obj
 0001:0000aab0       ?GetRefTarget@MtlBase@@UEAAPEAVReferenceTarget@@XZ 000000018000bab0 f i BerconDistortion.obj
 0001:0000aac0       ?GetRenderElement@BerconSC@@UEAAPEAVIRenderElement@@H@Z 000000018000bac0 f i BerconDistortion.obj
 0001:0000aae0       ?GetRenderElement@ShadeContext@@UEAAPEAVIRenderElement@@H@Z 000000018000bae0 f i BerconDistortion.obj
 0001:0000ab00       ?GetSampleSizeScale@BerconSC@@UEAAMXZ 000000018000bb00 f i BerconDistortion.obj
 0001:0000ab20       ?GetSampleSizeScale@ShadeContext@@UEAAMXZ 000000018000bb20 f i BerconDistortion.obj
 0001:0000ab20       ?GetIOR@ShadeContext@@UEAAMXZ 000000018000bb20 f i BerconDistortion.obj
 0001:0000ab30       ?GetSubAnimCurveColor@Animatable@@UEAAKH@Z 000000018000bb30 f i BerconDistortion.obj
 0001:0000ab40       ?GetSubTexmap@BerconDistortion@@UEAAPEAVTexmap@@H@Z 000000018000bb40 f i BerconDistortion.obj
 0001:0000ab50       ?GetSubTexmapSlotName@BerconDistortion@@UEAA?AVWStr@@H@Z 000000018000bb50 f   BerconDistortion.obj
 0001:0000abe0       ?GetUVTransform@Texmap@@UEAAXAEAVMatrix3@@@Z 000000018000bbe0 f i BerconDistortion.obj
 0001:0000abf0       ?HitTestFCurves@Animatable@@UEAAHPEAVParamDimensionBase@@AEAV?$Tab@VTrackHitRecord@@@@AEAVBox2@@2MHMHK@Z 000000018000bbf0 f i BerconDistortion.obj
 0001:0000abf0       ?HitTestSubFCurves@Animatable@@UEAAHHPEAVParamDimensionBase@@AEAV?$Tab@VTrackHitRecord@@@@AEAVBox2@@2MHMHK@Z 000000018000bbf0 f i BerconDistortion.obj
 0001:0000abf0       ?NumParamBlocks@BerconWood@@UEAAHXZ 000000018000bbf0 f i BerconWood.obj
 0001:0000ac00       ?InMtlEditor@BerconSC@@UEAAHXZ 000000018000bc00 f i BerconDistortion.obj
 0001:0000ac10       ?InitSlotType@Texmap@@UEAAXH@Z 000000018000bc10 f i BerconDistortion.obj
 0001:0000ac20       __acrt_thread_attach       000000018000bc20 f i MSVCRT:ucrt_stubs.obj
 0001:0000ac20       __scrt_stub_for_acrt_uninitialize_critical 000000018000bc20 f i MSVCRT:ucrt_stubs.obj
 0001:0000ac20       __vcrt_initialize          000000018000bc20 f i MSVCRT:ucrt_stubs.obj
 0001:0000ac20       __acrt_uninitialize_critical 000000018000bc20 f i MSVCRT:ucrt_stubs.obj
 0001:0000ac20       __scrt_stub_for_acrt_thread_detach 000000018000bc20 f i MSVCRT:ucrt_stubs.obj
 0001:0000ac20       __scrt_stub_for_acrt_thread_attach 000000018000bc20 f i MSVCRT:ucrt_stubs.obj
 0001:0000ac20       __scrt_stub_for_acrt_initialize 000000018000bc20 f i MSVCRT:ucrt_stubs.obj
 0001:0000ac20       __vcrt_thread_attach       000000018000bc20 f i MSVCRT:ucrt_stubs.obj
 0001:0000ac20       __vcrt_thread_detach       000000018000bc20 f i MSVCRT:ucrt_stubs.obj
 0001:0000ac20       __scrt_stub_for_acrt_uninitialize 000000018000bc20 f i MSVCRT:ucrt_stubs.obj
 0001:0000ac20       __acrt_uninitialize        000000018000bc20 f i MSVCRT:ucrt_stubs.obj
 0001:0000ac20       __vcrt_uninitialize        000000018000bc20 f i MSVCRT:ucrt_stubs.obj
 0001:0000ac20       __acrt_thread_detach       000000018000bc20 f i MSVCRT:ucrt_stubs.obj
 0001:0000ac20       __acrt_initialize          000000018000bc20 f i MSVCRT:ucrt_stubs.obj
 0001:0000ac20       ?IsParamBlockDesc2Used@Animatable@@UEAA_NPEAVParamBlockDesc2@@@Z 000000018000bc20 f i BerconDistortion.obj
 0001:0000ac20       __vcrt_uninitialize_critical 000000018000bc20 f i MSVCRT:ucrt_stubs.obj
 0001:0000ac30       ?IsSubClassOf@Animatable@@UEAAHVClass_ID@@@Z 000000018000bc30 f i BerconDistortion.obj
 0001:0000ac70       ?IsSuperSampleOn@BerconSC@@UEAAHXZ 000000018000bc70 f i BerconDistortion.obj
 0001:0000ac90       ?IsTextureSuperSampleOn@BerconSC@@UEAAHXZ 000000018000bc90 f i BerconDistortion.obj
 0001:0000acb0       ?Light@BerconSC@@UEAAPEAVLightDesc@@H@Z 000000018000bcb0 f i BerconDistortion.obj
 0001:0000acc0       ?LocalRequirements@BerconDistortion@@UEAAKH@Z 000000018000bcc0 f i BerconDistortion.obj
 0001:0000ace0       ?MapSlotType@Texmap@@UEAAHH@Z 000000018000bce0 f i BerconDistortion.obj
 0001:0000acf0       ?MappingsRequired@BerconDistortion@@UEAAXHAEAVBitArray@@0@Z 000000018000bcf0 f i BerconDistortion.obj
 0001:0000ad10       ?NRenderElements@BerconSC@@UEAAHXZ 000000018000bd10 f i BerconDistortion.obj
 0001:0000ad30       ?NRenderElements@ShadeContext@@UEAAHXZ 000000018000bd30 f i BerconDistortion.obj
 0001:0000ad50       ?Node@BerconSC@@UEAAPEAVINode@@XZ 000000018000bd50 f i BerconDistortion.obj
 0001:0000ad60       ?NodeID@BerconSC@@UEAAHXZ  000000018000bd60 f i BerconDistortion.obj
 0001:0000ad70       ?Normal@BerconSC@@UEAA?AVPoint3@@XZ 000000018000bd70 f i BerconDistortion.obj
 0001:0000ad90       ?NotifyDependents@ReferenceMaker@@EEAA?AW4RefResult@@AEBVInterval@@_KIKHPEAVReferenceTarget@@@Z 000000018000bd90 f i BerconDistortion.obj
 0001:0000adc0       ?NotifyForeground@ReferenceTarget@@UEAAXH@Z 000000018000bdc0 f i BerconDistortion.obj
 0001:0000ae20       ?NotifyRefChanged@BerconDistortion@@UEAA?AW4RefResult@@AEBVInterval@@PEAVReferenceTarget@@AEA_KIH@Z 000000018000be20 f   BerconDistortion.obj
 0001:0000aeb0       ?NumSubs@BerconDistortion@@UEAAHXZ 000000018000beb0 f i BerconDistortion.obj
 0001:0000aeb0       ?NumRefs@BerconDistortion@@UEAAHXZ 000000018000beb0 f i BerconDistortion.obj
 0001:0000aeb0       ?LibNumberClasses@@YAHXZ   000000018000beb0 f i DllEntry.obj
 0001:0000aec0       ?ObjectBox@BerconSC@@UEAA?AVBox3@@XZ 000000018000bec0 f i BerconDistortion.obj
 0001:0000aef0       ?OrigNormal@BerconSC@@UEAA?AVPoint3@@XZ 000000018000bef0 f i BerconDistortion.obj
 0001:0000af10       ?OrigNormal@ShadeContext@@UEAA?AVPoint3@@XZ 000000018000bf10 f i BerconDistortion.obj
 0001:0000af30       ?OrigView@BerconSC@@UEAA?AVPoint3@@XZ 000000018000bf30 f i BerconDistortion.obj
 0001:0000af60       ?OrigView@ShadeContext@@UEAA?AVPoint3@@XZ 000000018000bf60 f i BerconDistortion.obj
 0001:0000af80       ?P@BerconSC@@UEAA?AVPoint3@@XZ 000000018000bf80 f i BerconDistortion.obj
 0001:0000b000       ?PObj@BerconSC@@UEAA?AVPoint3@@XZ 000000018000c000 f i BerconDistortion.obj
 0001:0000b080       ?PObjRelBox@BerconSC@@UEAA?AVPoint3@@XZ 000000018000c080 f i BerconDistortion.obj
 0001:0000b0b0       ?PaintSubTrack@Animatable@@UEAAHHPEAVParamDimensionBase@@PEAUHDC__@@AEAVBox2@@2MHK@Z 000000018000c0b0 f i BerconDistortion.obj
 0001:0000b0b0       ?HitTestTrack@Animatable@@UEAAHAEAV?$Tab@VTrackHitRecord@@@@AEAVBox2@@1MHK@Z 000000018000c0b0 f i BerconDistortion.obj
 0001:0000b0b0       ?NumParamBlocks@BerconGradient@@UEAAHXZ 000000018000c0b0 f i BerconGradient.obj
 0001:0000b0b0       ?PaintTrack@Animatable@@UEAAHPEAVParamDimensionBase@@PEAUHDC__@@AEAVBox2@@2MHK@Z 000000018000c0b0 f i BerconDistortion.obj
 0001:0000b0b0       ?NumParamBlocks@BerconDistortion@@UEAAHXZ 000000018000c0b0 f i BerconDistortion.obj
 0001:0000b0c0       ?PointFrom@BerconSC@@UEAA?AVPoint3@@AEBV2@W4RefFrame@@@Z 000000018000c0c0 f i BerconDistortion.obj
 0001:0000b0f0       ?PointTo@BerconSC@@UEAA?AVPoint3@@AEBV2@W4RefFrame@@@Z 000000018000c0f0 f i BerconDistortion.obj
 0001:0000b120       ?ProjType@BerconSC@@UEAAHXZ 000000018000c120 f i BerconDistortion.obj
 0001:0000b130       ?PutCache@BerconSC@@UEAAXPEAVTexmap@@AEBVAColor@@@Z 000000018000c130 f i BerconDistortion.obj
 0001:0000b150       ?PutCache@BerconSC@@UEAAXPEAVTexmap@@AEBVPoint3@@@Z 000000018000c150 f i BerconDistortion.obj
 0001:0000b170       ?PutCache@BerconSC@@UEAAXPEAVTexmap@@M@Z 000000018000c170 f i BerconDistortion.obj
 0001:0000b190       ?RayConeAngle@BerconSC@@UEAAMXZ 000000018000c190 f i BerconDistortion.obj
 0001:0000b1b0       ?RayDiam@BerconSC@@UEAAMXZ 000000018000c1b0 f i BerconDistortion.obj
 0001:0000b1d0       ?RayDiam@ShadeContext@@UEAAMXZ 000000018000c1d0 f i BerconDistortion.obj
 0001:0000b1f0       ?ReflectVector@BerconSC@@UEAA?AVPoint3@@XZ 000000018000c1f0 f i BerconDistortion.obj
 0001:0000b220       ?RefractVector@BerconSC@@UEAA?AVPoint3@@M@Z 000000018000c220 f i BerconDistortion.obj
 0001:0000b250       ?Reset@BerconDistortion@@UEAAXXZ 000000018000c250 f   BerconDistortion.obj
 0001:0000b2d0       ?IsPhysicalSpace@BerconSC@@UEBAPEAVToneOperator@@XZ 000000018000c2d0 f i BerconDistortion.obj
 0001:0000b2d0       ?ScaledToRGB@BerconSC@@UEBAPEAVToneOperator@@M@Z 000000018000c2d0 f i BerconDistortion.obj
 0001:0000b2d0       ?ScaleRGB@BerconSC@@UEBAPEAVToneOperator@@M@Z 000000018000c2d0 f i BerconDistortion.obj
 0001:0000b2d0       ?ScaledToRGB@BerconSC@@UEBAPEAVToneOperator@@XZ 000000018000c2d0 f i BerconDistortion.obj
 0001:0000b300       ?ScreenCoord@BerconSC@@UEAA?AVIPoint2@@XZ 000000018000c300 f i BerconDistortion.obj
 0001:0000b330       ?ScreenUV@BerconSC@@UEAAXAEAVPoint2@@0@Z 000000018000c330 f i BerconDistortion.obj
 0001:0000b380       ?Set@BitArray@@QEAAXH@Z    000000018000c380 f i BerconDistortion.obj
 0001:0000b420       ?SetGBufferID@BerconSC@@UEAAXH@Z 000000018000c420 f i BerconDistortion.obj
 0001:0000b440       ?SetGBufferID@ShadeContext@@UEAAXH@Z 000000018000c440 f i BerconDistortion.obj
 0001:0000b450       ?SetIOR@BerconSC@@UEAAXM@Z 000000018000c450 f i BerconDistortion.obj
 0001:0000b470       ?SetNormal@BerconSC@@UEAAXVPoint3@@@Z 000000018000c470 f i BerconDistortion.obj
 0001:0000b4b0       ?SetReference@BerconDistortion@@UEAAXHPEAVReferenceTarget@@@Z 000000018000c4b0 f   BerconDistortion.obj
 0001:0000b4e0       ?SetSubTexmap@BerconDistortion@@UEAAXHPEAVTexmap@@@Z 000000018000c4e0 f   BerconDistortion.obj
 0001:0000b550       ?SetThing@BerconXYZDlgProc@@UEAAXPEAVReferenceTarget@@@Z 000000018000c550 f i BerconDistortion.obj
 0001:0000b560       ?SetView@BerconSC@@UEAAXVPoint3@@@Z 000000018000c560 f i BerconDistortion.obj
 0001:0000b5a0       ?GetReference@BerconDistortion@@UEAAPEAVReferenceTarget@@H@Z 000000018000c5a0 f   BerconDistortion.obj
 0001:0000b5a0       ?SubAnim@BerconDistortion@@UEAAPEAVAnimatable@@H@Z 000000018000c5a0 f   BerconDistortion.obj
 0001:0000b5d0       ?SubAnimName@BerconDistortion@@UEAA?AVWStr@@H@Z 000000018000c5d0 f   BerconDistortion.obj
 0001:0000b650       ?SurfacePtScreen@BerconSC@@UEAA?AVPoint2@@XZ 000000018000c650 f i BerconDistortion.obj
 0001:0000b680       ?SurfacePtScreen@ShadeContext@@UEAA?AVPoint2@@XZ 000000018000c680 f i BerconDistortion.obj
 0001:0000b680       ?ClassID@ShadeContext@@UEAA?AVClass_ID@@XZ 000000018000c680 f i BerconDistortion.obj
 0001:0000b690       ?TossCache@BerconSC@@UEAAXPEAVTexmap@@@Z 000000018000c690 f i BerconDistortion.obj
 0001:0000b6b0       ?TrackViewWinProc@Animatable@@UEAA_JPEAUHWND__@@I_K_J@Z 000000018000c6b0 f i BerconDistortion.obj
 0001:0000b6b0       ?CanCopySubTrack@Animatable@@UEAAHHVInterval@@K@Z 000000018000c6b0 f i BerconDistortion.obj
 0001:0000b6b0       ?HandleOwnViewPerturb@Texmap@@UEAAHXZ 000000018000c6b0 f i BerconDistortion.obj
 0001:0000b6b0       ?HasClassParams@ClassDesc@@UEAAHXZ 000000018000c6b0 f i BerconDistortion.obj
 0001:0000b6b0       ?SetSelKeyCoordsExpr@Animatable@@UEAAHPEAVParamDimension@@PEB_W1K@Z 000000018000c6b0 f i BerconDistortion.obj
 0001:0000b6b0       ?GetUVWSource@Texmap@@UEAAHXZ 000000018000c6b0 f i BerconDistortion.obj
 0001:0000b6b0       ?GetViewParams@RenderGlobalContext@@UEAAPEAVViewParams@@XZ 000000018000c6b0 f i BerconDistortion.obj
 0001:0000b6b0       ?DebugFile@ShadeContext@@UEAAPEAU_iobuf@@XZ 000000018000c6b0 f i BerconDistortion.obj
 0001:0000b6b0       ?NumChildren@Animatable@@UEAAHXZ 000000018000c6b0 f i BerconDistortion.obj
 0001:0000b6b0       ?GetKeyTime@Animatable@@UEAAHH@Z 000000018000c6b0 f i BerconDistortion.obj
 0001:0000b6b0       ?GetAAFilterKernel@RenderGlobalContext@@UEAAPEAVFilterKernel@@XZ 000000018000c6b0 f i BerconDistortion.obj
 0001:0000b6b0       ?IsTextureSuperSampleOn@ShadeContext@@UEAAHXZ 000000018000c6b0 f i BerconDistortion.obj
 0001:0000b6b0       ?CanPasteSubTrack@Animatable@@UEAAHHPEAVTrackClipObject@@VInterval@@K@Z 000000018000c6b0 f i BerconDistortion.obj
 0001:0000b6b0       ?SetCustomImageList@ResourceMakerCallback@@UEAAHAEAPEAU_IMAGELIST@@PEAVICurveCtl@@@Z 000000018000c6b0 f i BerconGradient.obj
 0001:0000b6b0       ?PaintSubFCurves@Animatable@@UEAAHHPEAVParamDimensionBase@@PEAUHDC__@@AEAVBox2@@2MHMHK@Z 000000018000c6b0 f i BerconDistortion.obj
 0001:0000b6b0       ?GetParamMap@ClassDesc@@UEAAPEAVIParamMap2@@PEAVParamBlockDesc2@@@Z 000000018000c6b0 f i BerconDistortion.obj
 0001:0000b6b0       ?IsManipulator@ClassDesc@@UEAAHXZ 000000018000c6b0 f i BerconDistortion.obj
 0001:0000b6b0       ?GetSubFCurveExtents@Animatable@@UEAAHHPEAVParamDimensionBase@@AEAM1K@Z 000000018000c6b0 f i BerconDistortion.obj
 0001:0000b6b0       ?IsSuperSampleOn@ShadeContext@@UEAAHXZ 000000018000c6b0 f i BerconDistortion.obj
 0001:0000b6b0       ?NumActionTables@ClassDesc@@UEAAHXZ 000000018000c6b0 f i BerconDistortion.obj
 0001:0000b6b0       ?Node@ShadeContext@@UEAAPEAVINode@@XZ 000000018000c6b0 f i BerconDistortion.obj
 0001:0000b6b0       ?GetTheXYZGen@BerconNoise@@UEAAPEAVXYZGen@@XZ 000000018000c6b0 f i BerconNoise.obj
 0001:0000b6b0       ?NumRenderInstances@RenderGlobalContext@@UEAAHXZ 000000018000c6b0 f i BerconDistortion.obj
 0001:0000b6b0       ?CreateQtWidget@ClassDesc2@@UEAAPEAVQMaxParamBlockWidget@MaxSDK@@AEAVReferenceMaker@@AEAVIParamBlock2@@FAEAVWStr@@AEAH3@Z 000000018000c6b0 f i BerconDistortion.obj
 0001:0000b6b0       ?GetNextKeyTime@Animatable@@UEAAHHKAEAH@Z 000000018000c6b0 f i BerconDistortion.obj
 0001:0000b6b0       ?RenderEnd@Animatable@@UEAAHH@Z 000000018000c6b0 f i BerconDistortion.obj
 0001:0000b6b0       ?GetCache@ShadeContext@@UEAAHPEAVTexmap@@AEAM@Z 000000018000c6b0 f i BerconDistortion.obj
 0001:0000b6b0       ?SupportsMultiMapsInViewport@MtlBase@@UEAAHXZ 000000018000c6b0 f i BerconDistortion.obj
 0001:0000b6b0       ?Execute@ShadeContext@@UEAA_JH_K00@Z 000000018000c6b0 f i BerconDistortion.obj
 0001:0000b6b0       ?GetInterface@ResourceMakerCallback@@UEAAPEAXK@Z 000000018000c6b0 f i BerconGradient.obj
 0001:0000b6b0       ?TrackParamsType@Animatable@@UEAAHXZ 000000018000c6b0 f i BerconDistortion.obj
 0001:0000b6b0       ?CanDeleteSubAnim@Animatable@@UEAAHH@Z 000000018000c6b0 f i BerconDistortion.obj
 0001:0000b6b0       ?DebugFile@BerconSC@@UEAAPEAU_iobuf@@XZ 000000018000c6b0 f i BerconDistortion.obj
 0001:0000b6b0       ?IsMultiMtl@MtlBase@@UEAAHXZ 000000018000c6b0 f i BerconDistortion.obj
 0001:0000b6b0       ?Execute@RenderGlobalContext@@UEAA_JH_K00@Z 000000018000c6b0 f i BerconDistortion.obj
 0001:0000b6b0       ?CopyTrack@Animatable@@UEAAPEAVTrackClipObject@@VInterval@@K@Z 000000018000c6b0 f i BerconDistortion.obj
 0001:0000b6b0       ?CreateManipulator@ClassDesc@@UEAAPEAVManipulator@@PEAVReferenceTarget@@PEAVINode@@@Z 000000018000c6b0 f i BerconDistortion.obj
 0001:0000b6b0       ?SelectSubAnim@Animatable@@UEAAHH@Z 000000018000c6b0 f i BerconDistortion.obj
 0001:0000b6b0       ?Execute@IGradient@@UEAA_JH_K00@Z 000000018000c6b0 f i BerconGradient.obj
 0001:0000b6b0       ?GetKeySelState@Animatable@@UEAAHAEAVBitArray@@VInterval@@K@Z 000000018000c6b0 f i BerconDistortion.obj
 0001:0000b6b0       ?EndCreate@ClassDesc@@UEAAHPEAVInterface@@@Z 000000018000c6b0 f i BerconDistortion.obj
 0001:0000b6b0       ?ChildAnim@Animatable@@UEAAPEAV1@H@Z 000000018000c6b0 f i BerconDistortion.obj
 0001:0000b6b0       ?IsKeySelected@Animatable@@UEAAHH@Z 000000018000c6b0 f i BerconDistortion.obj
 0001:0000b6b0       ?GetTheUVGen@Texmap@@UEAAPEAVUVGen@@XZ 000000018000c6b0 f i BerconDistortion.obj
 0001:0000b6b0       ?NumSelKeys@Animatable@@UEAAHXZ 000000018000c6b0 f i BerconDistortion.obj
 0001:0000b6b0       ?Antialias@ShadeContext@@UEAAHXZ 000000018000c6b0 f i BerconDistortion.obj
 0001:0000b6b0       ?PaintFCurves@Animatable@@UEAAHPEAVParamDimensionBase@@PEAUHDC__@@AEAVBox2@@2MHMHK@Z 000000018000c6b0 f i BerconDistortion.obj
 0001:0000b6b0       ?IsSubCurveSelected@Animatable@@UEAAHH@Z 000000018000c6b0 f i BerconDistortion.obj
 0001:0000b6b0       ?GetEvalObject@ShadeContext@@UEAAPEAVObject@@XZ 000000018000c6b0 f i BerconDistortion.obj
 0001:0000b6b0       ?CanManipulateNode@ClassDesc@@UEAAHPEAVINode@@@Z 000000018000c6b0 f i BerconDistortion.obj
 0001:0000b6b0       ?AssignController@Animatable@@UEAAHPEAV1@H@Z 000000018000c6b0 f i BerconDistortion.obj
 0001:0000b6b0       ?BypassPropertyLevel@Animatable@@UEAAHXZ 000000018000c6b0 f i BerconDistortion.obj
 0001:0000b6b0       ?Execute@ICustomControl@@UEAA_JH_K00@Z 000000018000c6b0 f i BerconGradient.obj
 0001:0000b6b0       ?CanPasteTrack@Animatable@@UEAAHPEAVTrackClipObject@@VInterval@@K@Z 000000018000c6b0 f i BerconDistortion.obj
 0001:0000b6b0       __scrt_stub_for_is_c_termination_complete 000000018000c6b0 f i MSVCRT:ucrt_stubs.obj
 0001:0000b6b0       ?GetCache@ShadeContext@@UEAAHPEAVTexmap@@AEAVPoint3@@@Z 000000018000c6b0 f i BerconDistortion.obj
 0001:0000b6b0       ?IsKeyAtTime@Animatable@@UEAAHHK@Z 000000018000c6b0 f i BerconDistortion.obj
 0001:0000b6b0       ?Load@ClassDesc@@UEAA?AW4IOResult@@PEAVILoad@@@Z 000000018000c6b0 f i BerconDistortion.obj
 0001:0000b6b0       ?GetActionTable@ClassDesc@@UEAAPEAVActionTable@@H@Z 000000018000c6b0 f i BerconDistortion.obj
 0001:0000b6b0       ?GetRenderInstance@RenderGlobalContext@@UEAAPEAVRenderInstance@@H@Z 000000018000c6b0 f i BerconDistortion.obj
 0001:0000b6b0       ?GetTheXYZGen@Texmap@@UEAAPEAVXYZGen@@XZ 000000018000c6b0 f i BerconDistortion.obj
 0001:0000b6b0       ?CanCopyTrack@Animatable@@UEAAHVInterval@@K@Z 000000018000c6b0 f i BerconDistortion.obj
 0001:0000b6b0       ?SupportTimeOperations@Animatable@@UEAAHXZ 000000018000c6b0 f i BerconDistortion.obj
 0001:0000b6b0       ?BeginCreate@ClassDesc@@UEAAHPEAVInterface@@@Z 000000018000c6b0 f i BerconDistortion.obj
 0001:0000b6b0       ?IsCurveSelected@Animatable@@UEAAHXZ 000000018000c6b0 f i BerconDistortion.obj
 0001:0000b6b0       ?GetKeyTimes@Animatable@@UEAAHAEAV?$Tab@H@@VInterval@@K@Z 000000018000c6b0 f i BerconDistortion.obj
 0001:0000b6b0       ?CanManipulate@ClassDesc@@UEAAHPEAVReferenceTarget@@@Z 000000018000c6b0 f i BerconDistortion.obj
 0001:0000b6b0       ?ShouldPersistWeakRef@ReferenceMaker@@UEAAHPEAVReferenceTarget@@@Z 000000018000c6b0 f i BerconDistortion.obj
 0001:0000b6b0       ?SetDlgThing@BerconDistortion@@UEAAHPEAVParamDlg@@@Z 000000018000c6b0 f i BerconDistortion.obj
 0001:0000b6b0       ?BypassTreeView@Animatable@@UEAAHXZ 000000018000c6b0 f i BerconDistortion.obj
 0001:0000b6b0       ?CopySubTrack@Animatable@@UEAAPEAVTrackClipObject@@HVInterval@@K@Z 000000018000c6b0 f i BerconDistortion.obj
 0001:0000b6b0       ?ProjType@ShadeContext@@UEAAHXZ 000000018000c6b0 f i BerconDistortion.obj
 0001:0000b6b0       ?DebugFile@RenderGlobalContext@@UEAAPEAU_iobuf@@XZ 000000018000c6b0 f i BerconDistortion.obj
 0001:0000b6b0       ?GetCache@ShadeContext@@UEAAHPEAVTexmap@@AEAVAColor@@@Z 000000018000c6b0 f i BerconDistortion.obj
 0001:0000b6b0       ?IsHighDynamicRange@Texmap@@UEBAHXZ 000000018000c6b0 f i BerconDistortion.obj
 0001:0000b6b0       _is_c_termination_complete 000000018000c6b0 f i MSVCRT:ucrt_stubs.obj
 0001:0000b6b0       ?CreateManipulator@ClassDesc@@UEAAPEAVManipulator@@PEAVINode@@@Z 000000018000c6b0 f i BerconDistortion.obj
 0001:0000b6b0       ?InvisibleProperty@Animatable@@UEAAHXZ 000000018000c6b0 f i BerconDistortion.obj
 0001:0000b6b0       ?BumpBasisVectors@ShadeContext@@UEAAHQEAVPoint3@@HH@Z 000000018000c6b0 f i BerconDistortion.obj
 0001:0000b6b0       ?Save@ClassDesc@@UEAA?AW4IOResult@@PEAVISave@@@Z 000000018000c6b0 f i BerconDistortion.obj
 0001:0000b6b0       ?GetUserDlgProc@ClassDesc@@UEAAPEAVParamMap2UserDlgProc@@PEAVParamBlockDesc2@@@Z 000000018000c6b0 f i BerconDistortion.obj
 0001:0000b6b0       ?GetToolTip@ResourceMakerCallback@@UEAAHHAEAVWStr@@PEAVICurveCtl@@@Z 000000018000c6b0 f i BerconGradient.obj
 0001:0000b6b0       ?SetKeyBufferPresent@Animatable@@UEAAHXZ 000000018000c6b0 f i BerconDistortion.obj
 0001:0000b6b0       ?GetNSuperSample@ShadeContext@@UEAAHXZ 000000018000c6b0 f i BerconDistortion.obj
 0001:0000b6b0       ?IntersectWorld@RenderGlobalContext@@UEAAHAEAVRay@@HAEAUISect@@AEAVISectList@@H@Z 000000018000c6b0 f i BerconDistortion.obj
 0001:0000b6b0       ?Execute@ClassDesc@@UEAA_JH_K00@Z 000000018000c6b0 f i BerconDistortion.obj
 0001:0000b6b0       ?RenderBegin@Animatable@@UEAAHHK@Z 000000018000c6b0 f i BerconDistortion.obj
 0001:0000b6b0       ?NeedsToSave@ClassDesc@@UEAAHXZ 000000018000c6b0 f i BerconDistortion.obj
 0001:0000b6b0       ?GetFCurveExtents@Animatable@@UEAAHPEAVParamDimensionBase@@AEAM1K@Z 000000018000c6b0 f i BerconDistortion.obj
 0001:0000b6c0       ?UVW@BerconSC@@UEAA?AVPoint3@@H@Z 000000018000c6c0 f i BerconDistortion.obj
 0001:0000b790       ?UVWNormal@BerconSC@@UEAA?AVPoint3@@H@Z 000000018000c790 f i BerconDistortion.obj
 0001:0000b7c0       ?UVWNormal@ShadeContext@@UEAA?AVPoint3@@H@Z 000000018000c7c0 f i BerconDistortion.obj
 0001:0000b7d0       ?Update@BerconDistortion@@UEAAXHAEAVInterval@@@Z 000000018000c7d0 f   BerconDistortion.obj
 0001:0000b8f0       ?Update@ParamMap2UserDlgProc@@UEAAXHAEAVInterval@@PEAVIParamMap2@@@Z 000000018000c8f0 f i BerconDistortion.obj
 0001:0000b900       ?V@BerconSC@@UEAA?AVPoint3@@XZ 000000018000c900 f i BerconDistortion.obj
 0001:0000b930       ?Validity@BerconDistortion@@UEAA?AVInterval@@H@Z 000000018000c930 f   BerconDistortion.obj
 0001:0000b980       ?VectorFrom@BerconSC@@UEAA?AVPoint3@@AEBV2@W4RefFrame@@@Z 000000018000c980 f i BerconDistortion.obj
 0001:0000b9b0       ?VectorFromNoScale@BerconSC@@UEAA?AVPoint3@@AEBV2@W4RefFrame@@@Z 000000018000c9b0 f i BerconDistortion.obj
 0001:0000b9e0       ?VectorTo@BerconSC@@UEAA?AVPoint3@@AEBV2@W4RefFrame@@@Z 000000018000c9e0 f i BerconDistortion.obj
 0001:0000ba10       ?VectorToNoScale@BerconSC@@UEAA?AVPoint3@@AEBV2@W4RefFrame@@@Z 000000018000ca10 f i BerconDistortion.obj
 0001:0000ba40       ?getDistVector@BerconDistortion@@QEAA?AVPoint3@@AEAVShadeContext@@@Z 000000018000ca40 f   BerconDistortion.obj
 0001:0000bb40       ?Create@BerconGradientClassDesc@@UEAAPEAXH@Z 000000018000cb40 f i BerconGradient.obj
 0001:0000bb80       ?ClassName@BerconGradientClassDesc@@UEAAPEB_WXZ 000000018000cb80 f i BerconGradient.obj
 0001:0000bb90       ?InternalName@BerconGradientClassDesc@@UEAAPEB_WXZ 000000018000cb90 f i BerconGradient.obj
 0001:0000bba0       ??_GBerconGradientClassDesc@@UEAAPEAXI@Z 000000018000cba0 f i BerconGradient.obj
 0001:0000bba0       ??_EBerconGradientClassDesc@@UEAAPEAXI@Z 000000018000cba0 f i BerconGradient.obj
 0001:0000bc00       ??0BerconGradient@@QEAA@XZ 000000018000cc00 f   BerconGradient.obj
 0001:0000bd60       ??0IGradient@@QEAA@PEAUHWND__@@PEAVGradientRamp@@@Z 000000018000cd60 f i BerconGradient.obj
 0001:0000bdc0       ??1BerconGradient@@UEAA@XZ 000000018000cdc0 f   BerconGradient.obj
 0001:0000be90       ??1ICustomControl@@UEAA@XZ 000000018000ce90 f i BerconGradient.obj
 0001:0000beb0       ??_EBerconGradient@@WEA@EAAPEAXI@Z 000000018000ceb0 f i BerconGradient.obj
 0001:0000bec0       ??_GBerconGradient@@UEAAPEAXI@Z 000000018000cec0 f i BerconGradient.obj
 0001:0000bec0       ??_EBerconGradient@@UEAAPEAXI@Z 000000018000cec0 f i BerconGradient.obj
 0001:0000bf10       ??_GBerconGradientDlgProc@@UEAAPEAXI@Z 000000018000cf10 f i BerconGradient.obj
 0001:0000bf10       ??_EBerconGradientDlgProc@@UEAAPEAXI@Z 000000018000cf10 f i BerconGradient.obj
 0001:0000bf60       ??_EICustomControl@@UEAAPEAXI@Z 000000018000cf60 f i BerconGradient.obj
 0001:0000bf60       ??_GICustomControl@@UEAAPEAXI@Z 000000018000cf60 f i BerconGradient.obj
 0001:0000bfc0       ??_EIGradient@@UEAAPEAXI@Z 000000018000cfc0 f i BerconGradient.obj
 0001:0000bfc0       ??_GIGradient@@UEAAPEAXI@Z 000000018000cfc0 f i BerconGradient.obj
 0001:0000c050       ?ActivateTexDisplay@BerconGradient@@UEAAXH@Z 000000018000d050 f i BerconGradient.obj
 0001:0000c080       ?ClassID@BerconGradient@@UEAA?AVClass_ID@@XZ 000000018000d080 f i BerconGradient.obj
 0001:0000c080       ?ClassID@BerconGradientClassDesc@@UEAA?AVClass_ID@@XZ 000000018000d080 f i BerconGradient.obj
 0001:0000c0a0       ?Clone@BerconGradient@@UEAAPEAVReferenceTarget@@AEAVRemapDir@@@Z 000000018000d0a0 f   BerconGradient.obj
 0001:0000c250       ?CreateParamDlg@BerconGradient@@UEAAPEAVParamDlg@@PEAUHWND__@@PEAVIMtlParams@@@Z 000000018000d250 f   BerconGradient.obj
 0001:0000c360       ?DeleteThis@BerconTile@@UEAAXXZ 000000018000d360 f i BerconTile.obj
 0001:0000c360       ?DeleteThis@BerconGradient@@UEAAXXZ 000000018000d360 f i BerconGradient.obj
 0001:0000c360       ?DeleteThis@BerconNoise@@UEAAXXZ 000000018000d360 f i BerconNoise.obj
 0001:0000c360       ?DeleteThis@BerconGradientDlgProc@@UEAAXXZ 000000018000d360 f i BerconGradient.obj
 0001:0000c360       ?DeleteThis@BerconDistortion@@UEAAXXZ 000000018000d360 f i BerconDistortion.obj
 0001:0000c360       ?DeleteThis@BerconWoodDlgProc@@UEAAXXZ 000000018000d360 f i BerconWood.obj
 0001:0000c360       ?DeleteThis@BerconTileDlgProc@@UEAAXXZ 000000018000d360 f i BerconTile.obj
 0001:0000c360       ?DeleteThis@BerconNoiseDlgProc@@UEAAXXZ 000000018000d360 f i BerconNoise.obj
 0001:0000c360       ?DeleteThis@BerconWood@@UEAAXXZ 000000018000d360 f i BerconWood.obj
 0001:0000c360       ?DeleteThis@BerconXYZDlgProc@@UEAAXXZ 000000018000d360 f i BerconDistortion.obj
 0001:0000c380       ?DiscardTexHandle@BerconGradient@@QEAAXXZ 000000018000d380 f i BerconGradient.obj
 0001:0000c3b0       ?DlgProc@BerconGradientDlgProc@@UEAA_JHPEAVIParamMap2@@PEAUHWND__@@I_K_J@Z 000000018000d3b0 f   BerconGradient.obj
 0001:0000d040       ?EnableStuff@BerconGradient@@QEAAXXZ 000000018000e040 f   BerconGradient.obj
 0001:0000d3a0       ?EvalColor@BerconGradient@@UEAA?AVAColor@@AEAVShadeContext@@@Z 000000018000e3a0 f   BerconGradient.obj
 0001:0000d560       ?EvalMono@BerconTile@@UEAAMAEAVShadeContext@@@Z 000000018000e560 f   BerconTile.obj
 0001:0000d560       ?EvalMono@BerconWood@@UEAAMAEAVShadeContext@@@Z 000000018000e560 f   BerconWood.obj
 0001:0000d560       ?EvalMono@BerconGradient@@UEAAMAEAVShadeContext@@@Z 000000018000e560 f   BerconGradient.obj
 0001:0000d560       ?EvalMono@BerconNoise@@UEAAMAEAVShadeContext@@@Z 000000018000e560 f   BerconNoise.obj
 0001:0000d590       ?EvalNormalPerturb@BerconGradient@@UEAA?AVPoint3@@AEAVShadeContext@@@Z 000000018000e590 f   BerconGradient.obj
 0001:0000dae0       ?GetActiveTexHandle@BerconGradient@@UEAA_KHAEAVTexHandleMaker@@@Z 000000018000eae0 f   BerconGradient.obj
 0001:0000dba0       ?GetBerconGradientDesc@@YAPEAVClassDesc2@@XZ 000000018000eba0 f   BerconGradient.obj
 0001:0000dbb0       ?GetClassName@BerconGradient@@UEAAXAEAVWStr@@@Z 000000018000ebb0 f i BerconGradient.obj
 0001:0000dbe0       ?GetHwnd@IGradient@@UEAAPEAUHWND__@@XZ 000000018000ebe0 f i BerconGradient.obj
 0001:0000dbf0       ?GetParamBlock@BerconGradient@@UEAAPEAVIParamBlock2@@H@Z 000000018000ebf0 f i BerconGradient.obj
 0001:0000dc10       ?GetParamBlockByID@BerconGradient@@UEAAPEAVIParamBlock2@@F@Z 000000018000ec10 f i BerconGradient.obj
 0001:0000dc80       ?GetReference@BerconGradient@@UEAAPEAVReferenceTarget@@H@Z 000000018000ec80 f   BerconGradient.obj
 0001:0000dd10       ?GetSubTexmap@BerconGradient@@UEAAPEAVTexmap@@H@Z 000000018000ed10 f   BerconGradient.obj
 0001:0000dd50       ?GetSubTexmapSlotName@BerconGradient@@UEAA?AVWStr@@H@Z 000000018000ed50 f   BerconGradient.obj
 0001:0000de00       ?LocalRequirements@BerconGradient@@UEAAKH@Z 000000018000ee00 f i BerconGradient.obj
 0001:0000de20       ?MappingsRequired@BerconGradient@@UEAAXHAEAVBitArray@@0@Z 000000018000ee20 f i BerconGradient.obj
 0001:0000de40       ?NotifyRefChanged@BerconGradient@@UEAA?AW4RefResult@@AEBVInterval@@PEAVReferenceTarget@@AEA_KIH@Z 000000018000ee40 f   BerconGradient.obj
 0001:0000df50       ?NumSubTexmaps@BerconGradient@@UEAAHXZ 000000018000ef50 f i BerconGradient.obj
 0001:0000df60       ?NumRefs@BerconGradient@@UEAAHXZ 000000018000ef60 f i BerconGradient.obj
 0001:0000df60       ?NumSubs@BerconGradient@@UEAAHXZ 000000018000ef60 f i BerconGradient.obj
 0001:0000df70       ?RenderBegin@BerconGradient@@UEAAHHK@Z 000000018000ef70 f i BerconGradient.obj
 0001:0000df90       ?RenderEnd@BerconGradient@@UEAAHH@Z 000000018000ef90 f i BerconGradient.obj
 0001:0000dfa0       ?Reset@BerconGradient@@UEAAXXZ 000000018000efa0 f   BerconGradient.obj
 0001:0000e290       ?SetDlgThing@BerconGradient@@UEAAHPEAVParamDlg@@@Z 000000018000f290 f   BerconGradient.obj
 0001:0000e2d0       ?SetReference@BerconGradient@@UEAAXHPEAVReferenceTarget@@@Z 000000018000f2d0 f   BerconGradient.obj
 0001:0000e3e0       ?SetSubTexmap@BerconGradient@@UEAAXHPEAVTexmap@@@Z 000000018000f3e0 f   BerconGradient.obj
 0001:0000e470       ?SetThing@BerconGradientDlgProc@@UEAAXPEAVReferenceTarget@@@Z 000000018000f470 f i BerconGradient.obj
 0001:0000e520       ?SubAnim@BerconGradient@@UEAAPEAVAnimatable@@H@Z 000000018000f520 f   BerconGradient.obj
 0001:0000e5b0       ?SubAnimName@BerconGradient@@UEAA?AVWStr@@H@Z 000000018000f5b0 f   BerconGradient.obj
 0001:0000e640       ?SubNumToRefNum@BerconGradient@@UEAAHH@Z 000000018000f640 f i BerconGradient.obj
 0001:0000e640       ?SubNumToRefNum@BerconWood@@UEAAHH@Z 000000018000f640 f i BerconWood.obj
 0001:0000e640       ?SubNumToRefNum@BerconDistortion@@UEAAHH@Z 000000018000f640 f i BerconDistortion.obj
 0001:0000e640       ?RemapRefOnLoad@ReferenceMaker@@UEAAHH@Z 000000018000f640 f i BerconDistortion.obj
 0001:0000e640       ?SubNumToRefNum@BerconTile@@UEAAHH@Z 000000018000f640 f i BerconTile.obj
 0001:0000e640       ?SubNumToRefNum@BerconNoise@@UEAAHH@Z 000000018000f640 f i BerconNoise.obj
 0001:0000e650       ?Update@BerconGradient@@UEAAXHAEAVInterval@@@Z 000000018000f650 f   BerconGradient.obj
 0001:0000ed40       ?Validity@BerconGradient@@UEAA?AVInterval@@H@Z 000000018000fd40 f   BerconGradient.obj
 0001:0000ed90       ?countKeys@BerconGradient@@QEAAHXZ 000000018000fd90 f   BerconGradient.obj
 0001:0000ee30       ?getGradientValue@BerconGradient@@QEAAMAEAVShadeContext@@@Z 000000018000fe30 f   BerconGradient.obj
 0001:0000f190       ?getGradientValueDist@BerconGradient@@QEAAMAEAVShadeContext@@@Z 0000000180010190 f   BerconGradient.obj
 0001:0000f540       ?getGradientValueNormal@BerconGradient@@QEAAMAEAVShadeContext@@@Z 0000000180010540 f   BerconGradient.obj
 0001:0000f8f0       ?getGradientValueUVW@BerconGradient@@QEAAMVPoint3@@@Z 00000001800108f0 f   BerconGradient.obj
 0001:0000fc80       ?gradAddKey@BerconGradient@@UEAAXM@Z 0000000180010c80 f   BerconGradient.obj
 0001:0000fd90       ?gradDelKey@BerconGradient@@UEAAXH@Z 0000000180010d90 f   BerconGradient.obj
 0001:0000fe70       ?gradMoveKey@BerconGradient@@UEAAXHM@Z 0000000180010e70 f   BerconGradient.obj
 0001:0000ff40       ?gradReset@BerconGradient@@UEAAXXZ 0000000180010f40 f i BerconGradient.obj
 0001:0000ff50       ?gradSelKey@BerconGradient@@UEAAXXZ 0000000180010f50 f   BerconGradient.obj
 0001:00010000       ?keyColorChanged@BerconGradient@@QEAAXVAColor@@@Z 0000000180011000 f   BerconGradient.obj
 0001:000100b0       ?keyNumChanged@BerconGradient@@QEAAXH@Z 00000001800110b0 f   BerconGradient.obj
 0001:00010140       ?keyPosChanged@BerconGradient@@QEAAXM@Z 0000000180011140 f   BerconGradient.obj
 0001:00010200       ?limitRange@BerconGradient@@QEAAHAEAM@Z 0000000180011200 f   BerconGradient.obj
 0001:000102d0       ?resetKeys@BerconGradient@@QEAAXXZ 00000001800112d0 f   BerconGradient.obj
 0001:000103c0       ?seedRandomGen@BerconGradient@@QEAAXAEAVShadeContext@@@Z 00000001800113c0 f   BerconGradient.obj
 0001:00010530       ?setKeyTex@BerconGradient@@QEAAXPEAVTexmap@@@Z 0000000180011530 f   BerconGradient.obj
 0001:000105c0       _get_startup_argv_mode     00000001800115c0 f i MSVCRT:argv_mode.obj
 0001:000105c0       ?GetTrackVSpace@Animatable@@UEAAHH@Z 00000001800115c0 f i BerconDistortion.obj
 0001:000105c0       ?LoadMapFiles@Texmap@@UEAAHH@Z 00000001800115c0 f i BerconDistortion.obj
 0001:000105c0       ?LibInitialize@@YAHXZ      00000001800115c0 f i DllEntry.obj
 0001:000105c0       ?LibShutdown@@YAHXZ        00000001800115c0 f i DllEntry.obj
 0001:000105c0       ?CanTransferReference@ReferenceMaker@@UEAAHH@Z 00000001800115c0 f i BerconDistortion.obj
 0001:000105c0       ?GetToolTip@BerconGradient@@UEAAHHAEAVWStr@@PEAVICurveCtl@@@Z 00000001800115c0 f i BerconGradient.obj
 0001:000105c0       ?GetSelKeyCoords@Animatable@@UEAAHAEAHAEAMK@Z 00000001800115c0 f i BerconDistortion.obj
 0001:000105c0       ?IsPublic@BerconWoodClassDesc@@UEAAHXZ 00000001800115c0 f i BerconWood.obj
 0001:000105c0       ?IsRefMaker@ReferenceMaker@@UEAAHXZ 00000001800115c0 f i BerconDistortion.obj
 0001:000105c0       ?GetMapChannel@Texmap@@UEAAHXZ 00000001800115c0 f i BerconDistortion.obj
 0001:000105c0       ?CanCopyAnim@Animatable@@UEAAHXZ 00000001800115c0 f i BerconDistortion.obj
 0001:000105c0       ?GetToolTip@BerconWood@@UEAAHHAEAVWStr@@PEAVICurveCtl@@@Z 00000001800115c0 f i BerconWood.obj
 0001:000105c0       ?IsPublic@BerconTileClassDesc@@UEAAHXZ 00000001800115c0 f i BerconTile.obj
 0001:000105c0       ?SupportTexDisplay@BerconWood@@UEAAHXZ 00000001800115c0 f i BerconWood.obj
 0001:000105c0       ?BuildMaps@MtlBase@@UEAAHHAEAVRenderMapsContext@@@Z 00000001800115c0 f i BerconDistortion.obj
 0001:000105c0       ?IsPublic@BerconGradientClassDesc@@UEAAHXZ 00000001800115c0 f i BerconGradient.obj
 0001:000105c0       ?SupportTexDisplay@BerconNoise@@UEAAHXZ 00000001800115c0 f i BerconNoise.obj
 0001:000105c0       ?CanAssignController@Animatable@@UEAAHH@Z 00000001800115c0 f i BerconDistortion.obj
 0001:000105c0       ?GetTransparencyHint@MtlBase@@UEAAHHAEAVInterval@@@Z 00000001800115c0 f i BerconDistortion.obj
 0001:000105c0       ?SetCustomImageList@BerconWood@@UEAAHAEAPEAU_IMAGELIST@@PEAVICurveCtl@@@Z 00000001800115c0 f i BerconWood.obj
 0001:000105c0       ?SupportTexDisplay@BerconDistortion@@UEAAHXZ 00000001800115c0 f i BerconDistortion.obj
 0001:000105c0       ?IsPublic@BerconNoiseClassDesc@@UEAAHXZ 00000001800115c0 f i BerconNoise.obj
 0001:000105c0       ?SupportTexDisplay@BerconGradient@@UEAAHXZ 00000001800115c0 f i BerconGradient.obj
 0001:000105c0       ?SupportTexDisplay@BerconTile@@UEAAHXZ 00000001800115c0 f i BerconTile.obj
 0001:000105c0       ?OkToCreate@ClassDesc@@UEAAHPEAVInterface@@@Z 00000001800115c0 f i BerconDistortion.obj
 0001:000105c0       ?IsRealDependency@ReferenceMaker@@UEAAHPEAVReferenceTarget@@@Z 00000001800115c0 f i BerconDistortion.obj
 0001:000105c0       ?SetCustomImageList@BerconGradient@@UEAAHAEAPEAU_IMAGELIST@@PEAVICurveCtl@@@Z 00000001800115c0 f i BerconGradient.obj
 0001:000105c0       ?CanMakeUnique@Animatable@@UEAAHXZ 00000001800115c0 f i BerconDistortion.obj
 0001:000105c0       ?NumSubs@BerconNoise@@UEAAHXZ 00000001800115c0 f i BerconNoise.obj
 0001:000105c0       ?SubTexmapOn@ISubMap@@UEAAHH@Z 00000001800115c0 f i BerconDistortion.obj
 0001:000105c0       ?IsEnabled@IGradient@@UEAAHXZ 00000001800115c0 f i BerconGradient.obj
 0001:000105c0       ?IsPublic@BerconDistortionClassDesc@@UEAAHXZ 00000001800115c0 f i BerconDistortion.obj
 0001:000105c0       ?IsRefTarget@ReferenceTarget@@UEAAHXZ 00000001800115c0 f i BerconDistortion.obj
 0001:000105d0       ?Create@BerconTileClassDesc@@UEAAPEAXH@Z 00000001800115d0 f i BerconTile.obj
 0001:00010610       ?ClassName@BerconTileClassDesc@@UEAAPEB_WXZ 0000000180011610 f i BerconTile.obj
 0001:00010620       ?InternalName@BerconTileClassDesc@@UEAAPEB_WXZ 0000000180011620 f i BerconTile.obj
 0001:00010630       ??_GBerconTileClassDesc@@UEAAPEAXI@Z 0000000180011630 f i BerconTile.obj
 0001:00010630       ??_EBerconTileClassDesc@@UEAAPEAXI@Z 0000000180011630 f i BerconTile.obj
 0001:00010690       ??$_Destroy_range1@V?$allocator@VTileRow@@@std@@PEAVTileRow@@@std@@YAXPEAVTileRow@@0AEAU?$_Wrap_alloc@V?$allocator@VTileRow@@@std@@@0@U?$integral_constant@_N$0A@@0@@Z 0000000180011690 f i BerconTile.obj
 0001:00010780       ??0BerconTile@@QEAA@XZ     0000000180011780 f   BerconTile.obj
 0001:000108c0       ??1?$basic_string@_WU?$char_traits@_W@std@@V?$allocator@_W@2@@std@@QEAA@XZ 00000001800118c0 f i BerconTile.obj
 0001:00010910       ??1?$vector@MV?$allocator@M@std@@@std@@QEAA@XZ 0000000180011910 f i BerconTile.obj
 0001:00010950       ??1?$vector@VTileRow@@V?$allocator@VTileRow@@@std@@@std@@QEAA@XZ 0000000180011950 f i BerconTile.obj
 0001:000109b0       ??1BerconTile@@UEAA@XZ     00000001800119b0 f   BerconTile.obj
 0001:00010a30       ??1TilePattern@@QEAA@XZ    0000000180011a30 f i BerconTile.obj
 0001:00010ad0       ??_EBerconTile@@WEA@EAAPEAXI@Z 0000000180011ad0 f i BerconTile.obj
 0001:00010ae0       ??_GBerconTile@@UEAAPEAXI@Z 0000000180011ae0 f i BerconTile.obj
 0001:00010ae0       ??_EBerconTile@@UEAAPEAXI@Z 0000000180011ae0 f i BerconTile.obj
 0001:00010b30       ??_GBerconTileDlgProc@@UEAAPEAXI@Z 0000000180011b30 f i BerconTile.obj
 0001:00010b30       ??_EBerconTileDlgProc@@UEAAPEAXI@Z 0000000180011b30 f i BerconTile.obj
 0001:00010b80       ?ActivateTexDisplay@BerconTile@@UEAAXH@Z 0000000180011b80 f i BerconTile.obj
 0001:00010bb0       ?ClassID@BerconTile@@UEAA?AVClass_ID@@XZ 0000000180011bb0 f i BerconTile.obj
 0001:00010bb0       ?ClassID@BerconTileClassDesc@@UEAA?AVClass_ID@@XZ 0000000180011bb0 f i BerconTile.obj
 0001:00010bd0       ?Clone@BerconTile@@UEAAPEAVReferenceTarget@@AEAVRemapDir@@@Z 0000000180011bd0 f   BerconTile.obj
 0001:00010d50       ?CreateParamDlg@BerconTile@@UEAAPEAVParamDlg@@PEAUHWND__@@PEAVIMtlParams@@@Z 0000000180011d50 f   BerconTile.obj
 0001:00010e70       ?DiscardTexHandle@BerconTile@@QEAAXXZ 0000000180011e70 f i BerconTile.obj
 0001:00010ea0       ?DlgProc@BerconTileDlgProc@@UEAA_JHPEAVIParamMap2@@PEAUHWND__@@I_K_J@Z 0000000180011ea0 f   BerconTile.obj
 0001:00011480       ?EnableStuff@BerconTile@@QEAAXH@Z 0000000180012480 f   BerconTile.obj
 0001:000118f0       ?EvalColor@BerconTile@@UEAA?AVAColor@@AEAVShadeContext@@@Z 00000001800128f0 f   BerconTile.obj
 0001:00011eb0       ?EvalNormalPerturb@BerconTile@@UEAA?AVPoint3@@AEAVShadeContext@@@Z 0000000180012eb0 f   BerconTile.obj
 0001:00012880       ?EvalParameters@BerconTile@@QEAA?AVTileParam@@AEAVShadeContext@@@Z 0000000180013880 f   BerconTile.obj
 0001:000129a0       ?GetActiveTexHandle@BerconTile@@UEAA_KHAEAVTexHandleMaker@@@Z 00000001800139a0 f   BerconTile.obj
 0001:00012a60       ?GetBerconTileDesc@@YAPEAVClassDesc2@@XZ 0000000180013a60 f   BerconTile.obj
 0001:00012a70       ?GetClassName@BerconTile@@UEAAXAEAVWStr@@@Z 0000000180013a70 f i BerconTile.obj
 0001:00012aa0       ?GetInterface@BerconGradient@@UEAAPEAXK@Z 0000000180013aa0 f i BerconGradient.obj
 0001:00012aa0       ?GetInterface@BerconWood@@UEAAPEAXK@Z 0000000180013aa0 f i BerconWood.obj
 0001:00012aa0       ?GetInterface@BerconTile@@UEAAPEAXK@Z 0000000180013aa0 f i BerconTile.obj
 0001:00012ac0       ?GetInterface@BerconTile@@WJA@EAAPEAXK@Z 0000000180013ac0 f i BerconTile.obj
 0001:00012ac0       ?GetInterface@BerconWood@@WJA@EAAPEAXK@Z 0000000180013ac0 f i BerconWood.obj
 0001:00012ac0       ?GetInterface@BerconGradient@@WJA@EAAPEAXK@Z 0000000180013ac0 f i BerconGradient.obj
 0001:00012ad0       ?GetParamBlock@BerconTile@@UEAAPEAVIParamBlock2@@H@Z 0000000180013ad0 f i BerconTile.obj
 0001:00012b00       ?GetParamBlockByID@BerconTile@@UEAAPEAVIParamBlock2@@F@Z 0000000180013b00 f i BerconTile.obj
 0001:00012ba0       ?GetSubTexmap@BerconTile@@UEAAPEAVTexmap@@H@Z 0000000180013ba0 f i BerconTile.obj
 0001:00012bb0       ?GetSubTexmapSlotName@BerconTile@@UEAA?AVWStr@@H@Z 0000000180013bb0 f   BerconTile.obj
 0001:00012ca0       ?LocalRequirements@BerconTile@@UEAAKH@Z 0000000180013ca0 f i BerconTile.obj
 0001:00012cc0       ?MappingsRequired@BerconTile@@UEAAXHAEAVBitArray@@0@Z 0000000180013cc0 f i BerconTile.obj
 0001:00012ce0       ?NotifyRefChanged@BerconTile@@UEAA?AW4RefResult@@AEBVInterval@@PEAVReferenceTarget@@AEA_KIH@Z 0000000180013ce0 f   BerconTile.obj
 0001:00012dd0       ?NumSubTexmaps@BerconTile@@UEAAHXZ 0000000180013dd0 f i BerconTile.obj
 0001:00012de0       ?NumSubs@BerconTile@@UEAAHXZ 0000000180013de0 f i BerconTile.obj
 0001:00012de0       ?NumRefs@BerconTile@@UEAAHXZ 0000000180013de0 f i BerconTile.obj
 0001:00012df0       ?Reset@BerconTile@@UEAAXXZ 0000000180013df0 f   BerconTile.obj
 0001:000133f0       ?SetDlgThing@BerconTile@@UEAAHPEAVParamDlg@@@Z 00000001800143f0 f   BerconTile.obj
 0001:00013430       ?SetReference@BerconTile@@UEAAXHPEAVReferenceTarget@@@Z 0000000180014430 f   BerconTile.obj
 0001:00013480       ?SetSubTexmap@BerconTile@@UEAAXHPEAVTexmap@@@Z 0000000180014480 f   BerconTile.obj
 0001:00013570       ?SetThing@BerconTileDlgProc@@UEAAXPEAVReferenceTarget@@@Z 0000000180014570 f i BerconTile.obj
 0001:000135a0       ?GetReference@BerconTile@@UEAAPEAVReferenceTarget@@H@Z 00000001800145a0 f   BerconTile.obj
 0001:000135a0       ?SubAnim@BerconTile@@UEAAPEAVAnimatable@@H@Z 00000001800145a0 f   BerconTile.obj
 0001:000135f0       ?SubAnimName@BerconTile@@UEAA?AVWStr@@H@Z 00000001800145f0 f   BerconTile.obj
 0001:00013690       ?SuperClassID@BerconWood@@UEAAKXZ 0000000180014690 f i BerconWood.obj
 0001:00013690       ?SuperClassID@BerconDistortionClassDesc@@UEAAKXZ 0000000180014690 f i BerconDistortion.obj
 0001:00013690       ?SuperClassID@BerconTileClassDesc@@UEAAKXZ 0000000180014690 f i BerconTile.obj
 0001:00013690       ?SuperClassID@BerconTile@@UEAAKXZ 0000000180014690 f i BerconTile.obj
 0001:00013690       ?SuperClassID@BerconNoise@@UEAAKXZ 0000000180014690 f i BerconNoise.obj
 0001:00013690       ?SuperClassID@BerconGradient@@UEAAKXZ 0000000180014690 f i BerconGradient.obj
 0001:00013690       ?SuperClassID@BerconWoodClassDesc@@UEAAKXZ 0000000180014690 f i BerconWood.obj
 0001:00013690       ?SuperClassID@BerconDistortion@@UEAAKXZ 0000000180014690 f i BerconDistortion.obj
 0001:00013690       ?SuperClassID@BerconNoiseClassDesc@@UEAAKXZ 0000000180014690 f i BerconNoise.obj
 0001:00013690       ?SuperClassID@BerconGradientClassDesc@@UEAAKXZ 0000000180014690 f i BerconGradient.obj
 0001:000136a0       ?Update@BerconTile@@UEAAXHAEAVInterval@@@Z 00000001800146a0 f   BerconTile.obj
 0001:00013ee0       ?Validity@BerconTile@@UEAA?AVInterval@@H@Z 0000000180014ee0 f   BerconTile.obj
 0001:00013f30       ?_Copy@?$basic_string@_WU?$char_traits@_W@std@@V?$allocator@_W@2@@std@@QEAAX_K0@Z 0000000180014f30 f i BerconTile.obj
 0001:00014060       ?allocate@?$allocator@_W@std@@QEAAPEA_W_K@Z 0000000180015060 f i BerconTile.obj
 0001:000140e0       ?assign@?$basic_string@_WU?$char_traits@_W@std@@V?$allocator@_W@2@@std@@QEAAAEAV12@AEBV12@_K1@Z 00000001800150e0 f i BerconTile.obj
 0001:00014220       ?assign@?$basic_string@_WU?$char_traits@_W@std@@V?$allocator@_W@2@@std@@QEAAAEAV12@PEB_W_K@Z 0000000180015220 f i BerconTile.obj
 0001:00014370       ?checkValues@TileParam@@QEAAXXZ 0000000180015370 f i BerconTile.obj
 0001:00014470       ?deallocate@?$allocator@M@std@@QEAAXPEAM_K@Z 0000000180015470 f i BerconTile.obj
 0001:000144f0       ?deallocate@?$allocator@VTileRow@@@std@@QEAAXPEAVTileRow@@_K@Z 00000001800154f0 f i BerconTile.obj
 0001:000144f0       ?deallocate@?$allocator@V?$basic_string@_WU?$char_traits@_W@std@@V?$allocator@_W@2@@std@@@std@@QEAAXPEAV?$basic_string@_WU?$char_traits@_W@std@@V?$allocator@_W@2@@2@_K@Z 00000001800154f0 f i tile.obj
 0001:00014560       ?deallocate@?$allocator@_W@std@@QEAAXPEA_W_K@Z 0000000180015560 f i BerconTile.obj
 0001:000145d0       ?erase@?$basic_string@_WU?$char_traits@_W@std@@V?$allocator@_W@2@@std@@QEAAAEAV12@_K0@Z 00000001800155d0 f i BerconTile.obj
 0001:00014680       ?getColor@BerconTile@@QEAA?AVAColor@@AEAVShadeContext@@H@Z 0000000180015680 f i BerconTile.obj
 0001:00014720       ?getDistVector@BerconTile@@QEAA?AVPoint3@@AEAVShadeContext@@@Z 0000000180015720 f   BerconTile.obj
 0001:00014840       ?getFloat@BerconTile@@QEAAMAEAVShadeContext@@H@Z 0000000180015840 f i BerconTile.obj
 0001:00014890       ?getNormal@BerconTile@@QEAA?AVPoint3@@AEAVShadeContext@@H@Z 0000000180015890 f i BerconTile.obj
 0001:00014a20       ?update@TilePattern@@QEAAXXZ 0000000180015a20 f i BerconTile.obj
 0001:00014af0       ?Create@BerconWoodClassDesc@@UEAAPEAXH@Z 0000000180015af0 f i BerconWood.obj
 0001:00014b30       ?ClassName@BerconWoodClassDesc@@UEAAPEB_WXZ 0000000180015b30 f i BerconWood.obj
 0001:00014b40       ?InternalName@BerconWoodClassDesc@@UEAAPEB_WXZ 0000000180015b40 f i BerconWood.obj
 0001:00014b50       ??_GBerconWoodClassDesc@@UEAAPEAXI@Z 0000000180015b50 f i BerconWood.obj
 0001:00014b50       ??_EBerconWoodClassDesc@@UEAAPEAXI@Z 0000000180015b50 f i BerconWood.obj
 0001:00014bb0       ??0BerconWood@@QEAA@XZ     0000000180015bb0 f   BerconWood.obj
 0001:00014cd0       ??1BerconWood@@UEAA@XZ     0000000180015cd0 f   BerconWood.obj
 0001:00014d38       ??_EBerconWood@@WEA@EAAPEAXI@Z 0000000180015d38 f i BerconWood.obj
 0001:00014d50       ??_EBerconWood@@UEAAPEAXI@Z 0000000180015d50 f i BerconWood.obj
 0001:00014d50       ??_GBerconWood@@UEAAPEAXI@Z 0000000180015d50 f i BerconWood.obj
 0001:00014da0       ??_EBerconWoodDlgProc@@UEAAPEAXI@Z 0000000180015da0 f i BerconWood.obj
 0001:00014da0       ??_GBerconWoodDlgProc@@UEAAPEAXI@Z 0000000180015da0 f i BerconWood.obj
 0001:00014df0       ?ActivateTexDisplay@BerconWood@@UEAAXH@Z 0000000180015df0 f i BerconWood.obj
 0001:00014e20       ?ClassID@BerconWoodClassDesc@@UEAA?AVClass_ID@@XZ 0000000180015e20 f i BerconWood.obj
 0001:00014e20       ?ClassID@BerconWood@@UEAA?AVClass_ID@@XZ 0000000180015e20 f i BerconWood.obj
 0001:00014e40       ?Clone@BerconWood@@UEAAPEAVReferenceTarget@@AEAVRemapDir@@@Z 0000000180015e40 f   BerconWood.obj
 0001:00014fc0       ?CreateParamDlg@BerconWood@@UEAAPEAVParamDlg@@PEAUHWND__@@PEAVIMtlParams@@@Z 0000000180015fc0 f   BerconWood.obj
 0001:000150c0       ?DiscardTexHandle@BerconWood@@QEAAXXZ 00000001800160c0 f i BerconWood.obj
 0001:000150f0       ?DlgProc@BerconWoodDlgProc@@UEAA_JHPEAVIParamMap2@@PEAUHWND__@@I_K_J@Z 00000001800160f0 f   BerconWood.obj
 0001:00015270       ?EnableStuff@BerconWood@@QEAAXXZ 0000000180016270 f   BerconWood.obj
 0001:00015420       ?EvalColor@BerconWood@@UEAA?AVAColor@@AEAVShadeContext@@@Z 0000000180016420 f   BerconWood.obj
 0001:00015ab0       ?EvalNormalPerturb@BerconWood@@UEAA?AVPoint3@@AEAVShadeContext@@@Z 0000000180016ab0 f   BerconWood.obj
 0001:00016500       ?EvalParameters@BerconWood@@QEAA?AVWoodParam@@AEAVShadeContext@@@Z 0000000180017500 f   BerconWood.obj
 0001:000168d0       ?GetActiveTexHandle@BerconWood@@UEAA_KHAEAVTexHandleMaker@@@Z 00000001800178d0 f   BerconWood.obj
 0001:00016990       ?GetBerconWoodDesc@@YAPEAVClassDesc2@@XZ 0000000180017990 f   BerconWood.obj
 0001:000169a0       ?GetClassName@BerconWood@@UEAAXAEAVWStr@@@Z 00000001800179a0 f i BerconWood.obj
 0001:000169d0       ?GetParamBlock@BerconWood@@UEAAPEAVIParamBlock2@@H@Z 00000001800179d0 f i BerconWood.obj
 0001:00016a00       ?GetParamBlockByID@BerconWood@@UEAAPEAVIParamBlock2@@F@Z 0000000180017a00 f i BerconWood.obj
 0001:00016aa0       ?GetReference@BerconWood@@UEAAPEAVReferenceTarget@@H@Z 0000000180017aa0 f   BerconWood.obj
 0001:00016aa0       ?SubAnim@BerconWood@@UEAAPEAVAnimatable@@H@Z 0000000180017aa0 f   BerconWood.obj
 0001:00016af0       ?GetSubTexmap@BerconWood@@UEAAPEAVTexmap@@H@Z 0000000180017af0 f i BerconWood.obj
 0001:00016b00       ?GetSubTexmapSlotName@BerconWood@@UEAA?AVWStr@@H@Z 0000000180017b00 f   BerconWood.obj
 0001:00016d30       ?LocalRequirements@BerconWood@@UEAAKH@Z 0000000180017d30 f i BerconWood.obj
 0001:00016d50       ?MappingsRequired@BerconWood@@UEAAXHAEAVBitArray@@0@Z 0000000180017d50 f i BerconWood.obj
 0001:00016d70       ?NewCurveCreatedCallback@BerconWood@@UEAAXHPEAVICurveCtl@@@Z 0000000180017d70 f i BerconWood.obj
 0001:00016ee0       ?NotifyRefChanged@BerconWood@@UEAA?AW4RefResult@@AEBVInterval@@PEAVReferenceTarget@@AEA_KIH@Z 0000000180017ee0 f   BerconWood.obj
 0001:00016fd0       ?NumSubs@BerconWood@@UEAAHXZ 0000000180017fd0 f i BerconWood.obj
 0001:00016fd0       ?NumRefs@BerconWood@@UEAAHXZ 0000000180017fd0 f i BerconWood.obj
 0001:00016fe0       ?NumSubTexmaps@BerconWood@@UEAAHXZ 0000000180017fe0 f i BerconWood.obj
 0001:00016ff0       ?Reset@BerconWood@@UEAAXXZ 0000000180017ff0 f   BerconWood.obj
 0001:00017520       ?ResetCallback@BerconWood@@UEAAXHPEAVICurveCtl@@@Z 0000000180018520 f i BerconWood.obj
 0001:00017580       ?SetDlgThing@BerconWood@@UEAAHPEAVParamDlg@@@Z 0000000180018580 f   BerconWood.obj
 0001:000175c0       ?SetReference@BerconWood@@UEAAXHPEAVReferenceTarget@@@Z 00000001800185c0 f   BerconWood.obj
 0001:00017610       ?SetSubTexmap@BerconWood@@UEAAXHPEAVTexmap@@@Z 0000000180018610 f   BerconWood.obj
 0001:00017700       ?SetThing@BerconWoodDlgProc@@UEAAXPEAVReferenceTarget@@@Z 0000000180018700 f i BerconWood.obj
 0001:00017710       ?SubAnimName@BerconWood@@UEAA?AVWStr@@H@Z 0000000180018710 f   BerconWood.obj
 0001:00017800       ?Update@BerconWood@@UEAAXHAEAVInterval@@@Z 0000000180018800 f   BerconWood.obj
 0001:00017e00       ?Validity@BerconWood@@UEAA?AVInterval@@H@Z 0000000180018e00 f   BerconWood.obj
 0001:00017e50       ?applyDistortion@BerconWood@@QEAAXAEAVShadeContext@@AEAVPoint3@@@Z 0000000180018e50 f   BerconWood.obj
 0001:00017f70       ?GetString@@YAPEA_WH@Z     0000000180018f70 f   DllEntry.obj
 0001:00017fc0       ?LibClassDesc@@YAPEAVClassDesc@@H@Z 0000000180018fc0 f   DllEntry.obj
 0001:00018000       ?LibDescription@@YAPEB_WXZ 0000000180019000 f   DllEntry.obj
 0001:00018050       ?LibVersion@@YAKXZ         0000000180019050 f   DllEntry.obj
 0001:00018060       CommctrlIsolationAwarePrivatetRgCebPnQQeRff_pbZPgYQP_QYY 0000000180019060 f i DllEntry.obj
 0001:00018130       DllMain                    0000000180019130 f   DllEntry.obj
 0001:00018190       IsolationAwareInitCommonControls 0000000180019190 f i DllEntry.obj
 0001:00018280       IsolationAwarePrivatenPgViNgRzlnPgpgk 0000000180019280 f i DllEntry.obj
 0001:00018310       IsolationAwarePrivatezlybNQyVOeNelJ 0000000180019310 f i DllEntry.obj
 0001:00018320       WinbaseIsolationAwarePrivatetRgzlnPgpgk 0000000180019320 f i DllEntry.obj
 0001:000184e0       ?EnableStuff@BerconXYZ@@AEAAXPEAVIParamBlock2@@H@Z 00000001800194e0 f   BerconCommon.obj
 0001:000187b0       ?get@BerconXYZ@@AEAAHAEAVShadeContext@@AEAVPoint3@@11VMatrix3@@PEAH@Z 00000001800197b0 f   BerconCommon.obj
 0001:00018c50       ?get@BerconXYZ@@AEAAHAEAVShadeContext@@AEAVPoint3@@VMatrix3@@PEAH@Z 0000000180019c50 f   BerconCommon.obj
 0001:00018ea0       ?get@BerconXYZ@@QEAAHAEAVShadeContext@@AEAVPoint3@@11@Z 0000000180019ea0 f   BerconCommon.obj
 0001:00018f90       ?get@BerconXYZ@@QEAAHAEAVShadeContext@@AEAVPoint3@@11PEAV3@@Z 0000000180019f90 f   BerconCommon.obj
 0001:00019340       ?get@BerconXYZ@@QEAAHAEAVShadeContext@@AEAVPoint3@@@Z 000000018001a340 f   BerconCommon.obj
 0001:00019410       ?get@BerconXYZ@@QEAAHAEAVShadeContext@@AEAVPoint3@@PEAV3@@Z 000000018001a410 f   BerconCommon.obj
 0001:00019790       ?getBasis@BerconXYZ@@AEAAXVMatrix3@@PEAVPoint3@@@Z 000000018001a790 f   BerconCommon.obj
 0001:00019940       ?random@BerconXYZ@@AEAA?AVMatrix3@@AEAVShadeContext@@PEAV2@@Z 000000018001a940 f   BerconCommon.obj
 0001:00019c50       ?reset@BerconXYZ@@QEAAXPEAVIParamBlock2@@AEAVInterval@@HHHH@Z 000000018001ac50 f   BerconCommon.obj
 0001:00019ff0       ?seedRandomGen@BerconXYZ@@AEAAXAEAVShadeContext@@@Z 000000018001aff0 f   BerconCommon.obj
 0001:0001a300       ?update@BerconXYZ@@QEAAXPEAVIParamBlock2@@HAEAVInterval@@@Z 000000018001b300 f   BerconCommon.obj
 0001:0001a820       ?update@BerconXYZ@@QEAAXXZ 000000018001b820 f   BerconCommon.obj
 0001:0001a9c0       ?Create@BerconNoiseClassDesc@@UEAAPEAXH@Z 000000018001b9c0 f i BerconNoise.obj
 0001:0001aa00       ?ClassName@BerconNoiseClassDesc@@UEAAPEB_WXZ 000000018001ba00 f i BerconNoise.obj
 0001:0001aa10       ?Category@BerconTileClassDesc@@UEAAPEB_WXZ 000000018001ba10 f i BerconTile.obj
 0001:0001aa10       ?Category@BerconGradientClassDesc@@UEAAPEB_WXZ 000000018001ba10 f i BerconGradient.obj
 0001:0001aa10       ?Category@BerconNoiseClassDesc@@UEAAPEB_WXZ 000000018001ba10 f i BerconNoise.obj
 0001:0001aa10       ?Category@BerconWoodClassDesc@@UEAAPEB_WXZ 000000018001ba10 f i BerconWood.obj
 0001:0001aa10       ?Category@BerconDistortionClassDesc@@UEAAPEB_WXZ 000000018001ba10 f i BerconDistortion.obj
 0001:0001aa20       ?InternalName@BerconNoiseClassDesc@@UEAAPEB_WXZ 000000018001ba20 f i BerconNoise.obj
 0001:0001aa30       ?HInstance@BerconWoodClassDesc@@UEAAPEAUHINSTANCE__@@XZ 000000018001ba30 f i BerconWood.obj
 0001:0001aa30       ?HInstance@BerconNoiseClassDesc@@UEAAPEAUHINSTANCE__@@XZ 000000018001ba30 f i BerconNoise.obj
 0001:0001aa30       ?HInstance@BerconTileClassDesc@@UEAAPEAUHINSTANCE__@@XZ 000000018001ba30 f i BerconTile.obj
 0001:0001aa30       ?HInstance@BerconDistortionClassDesc@@UEAAPEAUHINSTANCE__@@XZ 000000018001ba30 f i BerconDistortion.obj
 0001:0001aa30       ?HInstance@BerconGradientClassDesc@@UEAAPEAUHINSTANCE__@@XZ 000000018001ba30 f i BerconGradient.obj
 0001:0001aa40       ??_EBerconNoiseClassDesc@@UEAAPEAXI@Z 000000018001ba40 f i BerconNoise.obj
 0001:0001aa40       ??_GBerconNoiseClassDesc@@UEAAPEAXI@Z 000000018001ba40 f i BerconNoise.obj
 0001:0001aaa0       ??0BerconNoise@@QEAA@XZ    000000018001baa0 f   BerconNoise.obj
 0001:0001ac50       ??1BerconNoise@@UEAA@XZ    000000018001bc50 f   BerconNoise.obj
 0001:0001acb8       ??_EBerconNoise@@WEA@EAAPEAXI@Z 000000018001bcb8 f i BerconNoise.obj
 0001:0001acd0       ??_EBerconNoise@@UEAAPEAXI@Z 000000018001bcd0 f i BerconNoise.obj
 0001:0001acd0       ??_GBerconNoise@@UEAAPEAXI@Z 000000018001bcd0 f i BerconNoise.obj
 0001:0001ad20       ??_EBerconNoiseDlgProc@@UEAAPEAXI@Z 000000018001bd20 f i BerconNoise.obj
 0001:0001ad20       ??_GBerconNoiseDlgProc@@UEAAPEAXI@Z 000000018001bd20 f i BerconNoise.obj
 0001:0001ad70       ?ActivateTexDisplay@BerconNoise@@UEAAXH@Z 000000018001bd70 f i BerconNoise.obj
 0001:0001ada0       ?ClassID@BerconNoise@@UEAA?AVClass_ID@@XZ 000000018001bda0 f i BerconNoise.obj
 0001:0001ada0       ?ClassID@BerconNoiseClassDesc@@UEAA?AVClass_ID@@XZ 000000018001bda0 f i BerconNoise.obj
 0001:0001adc0       ?Clone@BerconNoise@@UEAAPEAVReferenceTarget@@AEAVRemapDir@@@Z 000000018001bdc0 f   BerconNoise.obj
 0001:0001af60       ?CreateParamDlg@BerconNoise@@UEAAPEAVParamDlg@@PEAUHWND__@@PEAVIMtlParams@@@Z 000000018001bf60 f   BerconNoise.obj
 0001:0001b060       ?DiscardTexHandle@BerconNoise@@QEAAXXZ 000000018001c060 f i BerconNoise.obj
 0001:0001b090       ?DlgProc@BerconNoiseDlgProc@@UEAA_JHPEAVIParamMap2@@PEAUHWND__@@I_K_J@Z 000000018001c090 f   BerconNoise.obj
 0001:0001b5c0       ?EnableStuff@BerconNoise@@QEAAXXZ 000000018001c5c0 f   BerconNoise.obj
 0001:0001b8e0       ?EvalColor@BerconNoise@@UEAA?AVAColor@@AEAVShadeContext@@@Z 000000018001c8e0 f   BerconNoise.obj
 0001:0001bd70       ?EvalNormalPerturb@BerconNoise@@UEAA?AVPoint3@@AEAVShadeContext@@@Z 000000018001cd70 f   BerconNoise.obj
 0001:0001c320       ?EvalParameters@BerconNoise@@QEAA?AVNoiseParams@@PEAVShadeContext@@@Z 000000018001d320 f   BerconNoise.obj
 0001:0001c710       ?GetActiveTexHandle@BerconNoise@@UEAA_KHAEAVTexHandleMaker@@@Z 000000018001d710 f   BerconNoise.obj
 0001:0001c7d0       ?GetBerconNoiseDesc@@YAPEAVClassDesc2@@XZ 000000018001d7d0 f   BerconNoise.obj
 0001:0001c7e0       ?GetClassName@BerconNoise@@UEAAXAEAVWStr@@@Z 000000018001d7e0 f i BerconNoise.obj
 0001:0001c810       ?GetParamBlock@BerconNoise@@UEAAPEAVIParamBlock2@@H@Z 000000018001d810 f i BerconNoise.obj
 0001:0001c870       ?GetParamBlockByID@BerconNoise@@UEAAPEAVIParamBlock2@@F@Z 000000018001d870 f i BerconNoise.obj
 0001:0001c950       ?GetSubTexmap@BerconNoise@@UEAAPEAVTexmap@@H@Z 000000018001d950 f i BerconNoise.obj
 0001:0001c960       ?GetSubTexmapSlotName@BerconNoise@@UEAA?AVWStr@@H@Z 000000018001d960 f   BerconNoise.obj
 0001:0001cb40       ?LocalRequirements@BerconNoise@@UEAAKH@Z 000000018001db40 f i BerconNoise.obj
 0001:0001cb60       ?MappingsRequired@BerconNoise@@UEAAXHAEAVBitArray@@0@Z 000000018001db60 f i BerconNoise.obj
 0001:0001cb80       ?NotifyRefChanged@BerconNoise@@UEAA?AW4RefResult@@AEBVInterval@@PEAVReferenceTarget@@AEA_KIH@Z 000000018001db80 f   BerconNoise.obj
 0001:0001cc90       ?NumParamBlocks@BerconNoise@@UEAAHXZ 000000018001dc90 f i BerconNoise.obj
 0001:0001cc90       ?NumParamBlocks@BerconTile@@UEAAHXZ 000000018001dc90 f i BerconTile.obj
 0001:0001cc90       ?GetTextureTiling@Texmap@@UEAAHXZ 000000018001dc90 f i BerconDistortion.obj
 0001:0001cc90       ?NumSubTexmaps@BerconDistortion@@UEAAHXZ 000000018001dc90 f i BerconDistortion.obj
 0001:0001cca0       ?NumRefs@BerconNoise@@UEAAHXZ 000000018001dca0 f i BerconNoise.obj
 0001:0001ccb0       ?NumSubTexmaps@BerconNoise@@UEAAHXZ 000000018001dcb0 f i BerconNoise.obj
 0001:0001ccc0       ?Reset@BerconNoise@@UEAAXXZ 000000018001dcc0 f   BerconNoise.obj
 0001:0001d160       ?SetDlgThing@BerconNoise@@UEAAHPEAVParamDlg@@@Z 000000018001e160 f   BerconNoise.obj
 0001:0001d1a0       ?SetReference@BerconNoise@@EEAAXHPEAVReferenceTarget@@@Z 000000018001e1a0 f   BerconNoise.obj
 0001:0001d1f0       ?SetSubTexmap@BerconNoise@@UEAAXHPEAVTexmap@@@Z 000000018001e1f0 f   BerconNoise.obj
 0001:0001d2c0       ?SetThing@BerconNoiseDlgProc@@UEAAXPEAVReferenceTarget@@@Z 000000018001e2c0 f i BerconNoise.obj
 0001:0001d2d0       ?SubAnim@BerconNoise@@UEAAPEAVAnimatable@@H@Z 000000018001e2d0 f   BerconNoise.obj
 0001:0001d2d0       ?GetReference@BerconNoise@@UEAAPEAVReferenceTarget@@H@Z 000000018001e2d0 f   BerconNoise.obj
 0001:0001d320       ?SubAnimName@BerconNoise@@UEAA?AVWStr@@H@Z 000000018001e320 f   BerconNoise.obj
 0001:0001d410       ?Update@BerconNoise@@UEAAXHAEAVInterval@@@Z 000000018001e410 f   BerconNoise.obj
 0001:0001d9a0       ?Validity@BerconNoise@@UEAA?AVInterval@@H@Z 000000018001e9a0 f   BerconNoise.obj
 0001:0001d9f0       ?applyDistortion@BerconNoise@@QEAAXAEAVShadeContext@@AEAVPoint3@@@Z 000000018001e9f0 f   BerconNoise.obj
 0001:0001db10       ?fBm@Fractal@@SAMVPoint3@@AEAVNoiseParams@@@Z 000000018001eb10 f   fractal.obj
 0001:0001dc80       ?fBm@Fractal@@SAMVPoint3@@MAEAVNoiseParams@@@Z 000000018001ec80 f   fractal.obj
 0001:0001de10       ?fBm@Fractal@@SAMVPoint3@@MMM@Z 000000018001ee10 f   fractal.obj
 0001:0001df60       ?fBmTurb@Fractal@@SAMVPoint3@@AEAVNoiseParams@@@Z 000000018001ef60 f   fractal.obj
 0001:0001e0f0       ?fBmTurb@Fractal@@SAMVPoint3@@MAEAVNoiseParams@@@Z 000000018001f0f0 f   fractal.obj
 0001:0001e2b0       ?fractal@Fractal@@SAMVPoint3@@AEAVNoiseParams@@@Z 000000018001f2b0 f   fractal.obj
 0001:0001e3f0       ?fractal@Fractal@@SAMVPoint3@@MAEAVNoiseParams@@@Z 000000018001f3f0 f   fractal.obj
 0001:0001e550       ?grain@Fractal@@SAMVPoint3@@MM@Z 000000018001f550 f   fractal.obj
 0001:0001e5f0       ?heteroTerrain@Fractal@@SAMVPoint3@@AEAVNoiseParams@@@Z 000000018001f5f0 f   fractal.obj
 0001:0001e7c0       ?hybridMultiFractal@Fractal@@SAMVPoint3@@AEAVNoiseParams@@@Z 000000018001f7c0 f   fractal.obj
 0001:0001e9f0       ?hybridMultiFractal@Fractal@@SAMVPoint3@@MAEAVNoiseParams@@@Z 000000018001f9f0 f   fractal.obj
 0001:0001ec50       ?ridgedMultiFractal@Fractal@@SAMVPoint3@@AEAVNoiseParams@@@Z 000000018001fc50 f   fractal.obj
 0001:0001ee00       ?ridgedMultiFractal@Fractal@@SAMVPoint3@@MAEAVNoiseParams@@@Z 000000018001fe00 f   fractal.obj
 0001:0001efd0       ?turbulence@Fractal@@SAMVPoint3@@AEAVNoiseParams@@@Z 000000018001ffd0 f   fractal.obj
 0001:0001f130       ?turbulence@Fractal@@SAMVPoint3@@MAEAVNoiseParams@@@Z 0000000180020130 f   fractal.obj
 0001:0001f2c0       ?addKey@GradientRamp@@QEAAXHMVAColor@@PEAVTexmap@@@Z 00000001800202c0 f   GradientRamp.obj
 0001:0001f4e0       ?dragging@GradientRamp@@QEAAXHH_N00@Z 00000001800204e0 f   GradientRamp.obj
 0001:0001f550       ?getBump@GradientRamp@@QEAA?AVPoint3@@MV2@AEAVShadeContext@@@Z 0000000180020550 f   GradientRamp.obj
 0001:0001f900       ?getColor@GradientRamp@@QEAA?AVAColor@@M@Z 0000000180020900 f   GradientRamp.obj
 0001:0001fb20       ?getColor@GradientRamp@@QEAA?AVAColor@@MAEAVShadeContext@@@Z 0000000180020b20 f   GradientRamp.obj
 0001:0001fe10       ?getSubtex@GradientRamp@@QEAAPEAVTexmap@@H@Z 0000000180020e10 f   GradientRamp.obj
 0001:0001fea0       ?interpolate@GradientRamp@@QEAAMMMM@Z 0000000180020ea0 f   GradientRamp.obj
 0001:0001ff00       ?invalidate@GradientRamp@@QEAAXXZ 0000000180020f00 f   GradientRamp.obj
 0001:0001ff20       ?leftDown@GradientRamp@@QEAAXHH_N00@Z 0000000180020f20 f   GradientRamp.obj
 0001:0001ffb0       ?leftUp@GradientRamp@@QEAAXHH_N00@Z 0000000180020fb0 f   GradientRamp.obj
 0001:000200e0       ?paint@GradientRamp@@QEAAXPEAUHDC__@@@Z 00000001800210e0 f   GradientRamp.obj
 0001:00020580       ?popup@GradientRamp@@QEAAXHHH@Z 0000000180021580 f   GradientRamp.obj
 0001:000206b0       ?reset@GradientRamp@@QEAAXXZ 00000001800216b0 f   GradientRamp.obj
 0001:00020770       ?setHWND@GradientRamp@@QEAAXPEAUHWND__@@@Z 0000000180021770 f   GradientRamp.obj
 0001:000207b0       ?setSubtex@GradientRamp@@QEAAXHPEAVTexmap@@@Z 00000001800217b0 f   GradientRamp.obj
 0001:00020800       ?setSubtex@GradientRamp@@QEAAXPEAVTexmap@@@Z 0000000180021800 f   GradientRamp.obj
 0001:00020860       ?sort@GradientRamp@@QEAAXXZ 0000000180021860 f   GradientRamp.obj
 0001:00020970       ?GradientProc@IGradient@@SA_JPEAUHWND__@@I_K_J@Z 0000000180021970 f   IGradient.obj
 0001:00020bf0       ?InitGradientControls@@YAXXZ 0000000180021bf0 f   IGradient.obj
 0001:00020c70       IsolationAwareRegisterClassExW 0000000180021c70 f i IGradient.obj
 0001:00020d80       ?alterUVW@Noise@@SAXAEAVPoint3@@H@Z 0000000180021d80 f   noise.obj
 0001:00020e20       ?f@Fractal@@SAMVPoint3@@AEAVNoiseParams@@@Z 0000000180021e20 f i noise.obj
 0001:00020ff0       ?f@Fractal@@SAMVPoint3@@MAEAVNoiseParams@@@Z 0000000180021ff0 f i noise.obj
 0001:000211d0       ?limitedNoise@Noise@@SAMVPoint3@@00AEAVNoiseParams@@@Z 00000001800221d0 f   noise.obj
 0001:00021280       ?limitedNoise@Noise@@SAMVPoint3@@AEAVNoiseParams@@@Z 0000000180022280 f   noise.obj
 0001:000212f0       ?noise@Noise@@SAMVPoint3@@AEAVNoiseParams@@@Z 00000001800222f0 f   noise.obj
 0001:00021400       ?noise@Noise@@SAMVPoint3@@MAEAVNoiseParams@@@Z 0000000180022400 f   noise.obj
 0001:00021520       ?wood@Noise@@SAMVPoint3@@00AEAV2@VWoodParam@@@Z 0000000180022520 f   noise.obj
 0001:00021b90       ?wood@Noise@@SAMVPoint3@@AEAV2@AEAVWoodParam@@@Z 0000000180022b90 f   noise.obj
 0001:00021fb0       ?worleyWrapper@Noise@@SAMVPoint3@@AEAVNoiseParams@@@Z 0000000180022fb0 f   noise.obj
 0001:00022150       ?fnoise2D@Perlin@@SAMMMM@Z 0000000180023150 f   perlin.obj
 0001:000221d0       ?fnoise3D@Perlin@@SAMMMMM@Z 00000001800231d0 f   perlin.obj
 0001:00022260       ?fnoise4D@Perlin@@SAMMMMMM@Z 0000000180023260 f   perlin.obj
 0001:00022310       ?fsnoise2D@Perlin@@SAMMMM@Z 0000000180023310 f   perlin.obj
 0001:00022390       ?fsnoise3D@Perlin@@SAMMMMM@Z 0000000180023390 f   perlin.obj
 0001:00022420       ?fsnoise4D@Perlin@@SAMMMMMM@Z 0000000180023420 f   perlin.obj
 0001:000224d0       ?noise@Perlin@@SAMMM@Z     00000001800234d0 f   perlin.obj
 0001:00022750       ?noise@Perlin@@SAMMMM@Z    0000000180023750 f   perlin.obj
 0001:00022c00       ?noise@Perlin@@SAMMMMM@Z   0000000180023c00 f   perlin.obj
 0001:00023530       ?point@Perlin@@CAMMMHH@Z   0000000180024530 f i perlin.obj
 0001:000235d0       ?point@Perlin@@CAMMMMHHH@Z 00000001800245d0 f i perlin.obj
 0001:00023690       ?point@Perlin@@CAMMMMMHHHH@Z 0000000180024690 f i perlin.obj
 0001:00023770       ?snoise@Perlin@@SAMM@Z     0000000180024770 f   perlin.obj
 0001:00023850       ?snoise@Perlin@@SAMMM@Z    0000000180024850 f   perlin.obj
 0001:000239c0       ?snoise@Perlin@@SAMMMM@Z   00000001800249c0 f   perlin.obj
 0001:00023cb0       ?snoise@Perlin@@SAMMMMM@Z  0000000180024cb0 f   perlin.obj
 0001:00024150       ??$_Destroy_range1@V?$allocator@V?$basic_string@_WU?$char_traits@_W@std@@V?$allocator@_W@2@@std@@@std@@PEAV?$basic_string@_WU?$char_traits@_W@std@@V?$allocator@_W@2@@2@@std@@YAXPEAV?$basic_string@_WU?$char_traits@_W@std@@V?$allocator@_W@2@@0@0AEAU?$_Wrap_alloc@V?$allocator@V?$basic_string@_WU?$char_traits@_W@std@@V?$allocator@_W@2@@std@@@std@@@0@U?$integral_constant@_N$0A@@0@@Z 0000000180025150 f i tile.obj
 0001:00024230       ??$_Uninitialized_move_al_unchecked1@PEAV?$basic_string@_WU?$char_traits@_W@std@@V?$allocator@_W@2@@std@@PEAV12@V?$allocator@V?$basic_string@_WU?$char_traits@_W@std@@V?$allocator@_W@2@@std@@@2@@std@@YAPEAV?$basic_string@_WU?$char_traits@_W@std@@V?$allocator@_W@2@@0@PEAV10@00AEAU?$_Wrap_alloc@V?$allocator@V?$basic_string@_WU?$char_traits@_W@std@@V?$allocator@_W@2@@std@@@std@@@0@U_General_ptr_iterator_tag@0@U_Any_tag@0@@Z 0000000180025230 f i tile.obj
 0001:000242d0       ??$_Uninitialized_move_al_unchecked1@PEAVTileRow@@PEAV1@V?$allocator@VTileRow@@@std@@@std@@YAPEAVTileRow@@PEAV1@00AEAU?$_Wrap_alloc@V?$allocator@VTileRow@@@std@@@0@U_General_ptr_iterator_tag@0@U_Any_tag@0@@Z 00000001800252d0 f i tile.obj
[...]
 0004:00001a28       $pdata$?corner@Tile@@CA?AVTilePoint@@MMMMAEAVTileParam@@@Z 0000000180040a28     tile.obj
 0004:00001a34       $pdata$?draw@Tile@@SA?AVTilePoint@@VPoint3@@AEAVTileParam@@@Z 0000000180040a34     tile.obj
 0004:00001a40       $pdata$?drawTile@Tile@@CA?AVTilePoint@@VPoint3@@QEAMAEAVTileParam@@HH@Z 0000000180040a40     tile.obj
 0004:00001a4c       $pdata$1$?drawTile@Tile@@CA?AVTilePoint@@VPoint3@@QEAMAEAVTileParam@@HH@Z 0000000180040a4c     tile.obj
 0004:00001a58       $pdata$2$?drawTile@Tile@@CA?AVTilePoint@@VPoint3@@QEAMAEAVTileParam@@HH@Z 0000000180040a58     tile.obj
 0004:00001a64       $pdata$?find_first_not_of@?$basic_string@_WU?$char_traits@_W@std@@V?$allocator@_W@2@@std@@QEBA_KAEBV12@_K@Z 0000000180040a64     tile.obj
 0004:00001a70       $pdata$?find_first_of@?$basic_string@_WU?$char_traits@_W@std@@V?$allocator@_W@2@@std@@QEBA_KAEBV12@_K@Z 0000000180040a70     tile.obj
 0004:00001a7c       $pdata$?getAngle@@YAMHM@Z  0000000180040a7c     tile.obj
 0004:00001a88       $pdata$?overflow@?$basic_stringbuf@_WU?$char_traits@_W@std@@V?$allocator@_W@2@@std@@MEAAGG@Z 0000000180040a88     tile.obj
 0004:00001a94       $pdata$0$?overflow@?$basic_stringbuf@_WU?$char_traits@_W@std@@V?$allocator@_W@2@@std@@MEAAGG@Z 0000000180040a94     tile.obj
 0004:00001aa0       $pdata$2$?overflow@?$basic_stringbuf@_WU?$char_traits@_W@std@@V?$allocator@_W@2@@std@@MEAAGG@Z 0000000180040aa0     tile.obj
 0004:00001aac       $pdata$5$?overflow@?$basic_stringbuf@_WU?$char_traits@_W@std@@V?$allocator@_W@2@@std@@MEAAGG@Z 0000000180040aac     tile.obj
 0004:00001ab8       $pdata$11$?overflow@?$basic_stringbuf@_WU?$char_traits@_W@std@@V?$allocator@_W@2@@std@@MEAAGG@Z 0000000180040ab8     tile.obj
 0004:00001ac4       $pdata$12$?overflow@?$basic_stringbuf@_WU?$char_traits@_W@std@@V?$allocator@_W@2@@std@@MEAAGG@Z 0000000180040ac4     tile.obj
 0004:00001ad0       $pdata$?parsePattern@@YAHV?$basic_string@_WU?$char_traits@_W@std@@V?$allocator@_W@2@@std@@PEAVTilePattern@@@Z 0000000180040ad0     tile.obj
 0004:00001adc       $pdata$?pat_herring@Tile@@CA?AVTilePoint@@VPoint3@@AEAVTileParam@@@Z 0000000180040adc     tile.obj
 0004:00001ae8       $pdata$?pat_xBond@Tile@@CA?AVTilePoint@@VPoint3@@AEAVTileParam@@@Z 0000000180040ae8     tile.obj
 0004:00001af4       $pdata$0$?pat_xBond@Tile@@CA?AVTilePoint@@VPoint3@@AEAVTileParam@@@Z 0000000180040af4     tile.obj
 0004:00001b00       $pdata$1$?pat_xBond@Tile@@CA?AVTilePoint@@VPoint3@@AEAVTileParam@@@Z 0000000180040b00     tile.obj
 0004:00001b0c       $pdata$?rowcol@@YAHAEAM0AEAHMMAEAV?$vector@MV?$allocator@M@std@@@std@@MMM@Z 0000000180040b0c     tile.obj
 0004:00001b18       $pdata$7$?rowcol@@YAHAEAM0AEAHMMAEAV?$vector@MV?$allocator@M@std@@@std@@MMM@Z 0000000180040b18     tile.obj
 0004:00001b24       $pdata$8$?rowcol@@YAHAEAM0AEAHMMAEAV?$vector@MV?$allocator@M@std@@@std@@MMM@Z 0000000180040b24     tile.obj
 0004:00001b30       $pdata$?seekoff@?$basic_stringbuf@_WU?$char_traits@_W@std@@V?$allocator@_W@2@@std@@MEAA?AV?$fpos@U_Mbstatet@@@2@_JHH@Z 0000000180040b30     tile.obj
 0004:00001b3c       $pdata$?seekpos@?$basic_stringbuf@_WU?$char_traits@_W@std@@V?$allocator@_W@2@@std@@MEAA?AV?$fpos@U_Mbstatet@@@2@V32@H@Z 0000000180040b3c     tile.obj
 0004:00001b48       $pdata$?setPattern@TilePattern@@QEAAXV?$basic_string@_WU?$char_traits@_W@std@@V?$allocator@_W@2@@std@@@Z 0000000180040b48     tile.obj
 0004:00001b54       $pdata$?setPreset@TilePattern@@QEAAXH@Z 0000000180040b54     tile.obj
 0004:00001b60       $pdata$?substr@?$basic_string@_WU?$char_traits@_W@std@@V?$allocator@_W@2@@std@@QEBA?AV12@_K0@Z 0000000180040b60     tile.obj
 0004:00001b6c       $pdata$?tokenize@@YAXAEBV?$basic_string@_WU?$char_traits@_W@std@@V?$allocator@_W@2@@std@@AEAV?$vector@V?$basic_string@_WU?$char_traits@_W@std@@V?$allocator@_W@2@@std@@V?$allocator@V?$basic_string@_WU?$char_traits@_W@std@@V?$allocator@_W@2@@std@@@2@@2@0@Z 0000000180040b6c     tile.obj
 0004:00001b78       $pdata$?uvMapping@Tile@@CAXAEAVTilePoint@@VPoint3@@QEAMAEAVTileParam@@H@Z 0000000180040b78     tile.obj
 0004:00001b84       $pdata$?add@Worley@@CAXJJJQEANHPEANH@Z 0000000180040b84     worley.obj
 0004:00001b90       $pdata$11$?add@Worley@@CAXJJJQEANHPEANH@Z 0000000180040b90     worley.obj
 0004:00001b9c       $pdata$12$?add@Worley@@CAXJJJQEANHPEANH@Z 0000000180040b9c     worley.obj
 0004:00001ba8       $pdata$13$?add@Worley@@CAXJJJQEANHPEANH@Z 0000000180040ba8     worley.obj
 0004:00001bb4       $pdata$?noise@Worley@@SAXQEANHPEANH@Z 0000000180040bb4     worley.obj
 0004:00001bc0       $pdata$??_Gtype_info@@UEAAPEAXI@Z 0000000180040bc0     MSVCRT:std_type_info_static.obj
 0004:00001bcc       $pdata$__scrt_acquire_startup_lock 0000000180040bcc     MSVCRT:utility.obj
 0004:00001bd8       $pdata$__scrt_dllmain_after_initialize_c 0000000180040bd8     MSVCRT:utility.obj
 0004:00001be4       $pdata$__scrt_dllmain_before_initialize_c 0000000180040be4     MSVCRT:utility.obj
 0004:00001bf0       $pdata$__scrt_dllmain_crt_thread_attach 0000000180040bf0     MSVCRT:utility.obj
 0004:00001bfc       $pdata$__scrt_dllmain_crt_thread_detach 0000000180040bfc     MSVCRT:utility.obj
 0004:00001c08       $pdata$__scrt_dllmain_exception_filter 0000000180040c08     MSVCRT:utility.obj
 0004:00001c14       $pdata$__scrt_dllmain_uninitialize_c 0000000180040c14     MSVCRT:utility.obj
 0004:00001c20       $pdata$__scrt_dllmain_uninitialize_critical 0000000180040c20     MSVCRT:utility.obj
 0004:00001c2c       $pdata$__scrt_initialize_crt 0000000180040c2c     MSVCRT:utility.obj
 0004:00001c38       $pdata$__scrt_initialize_onexit_tables 0000000180040c38     MSVCRT:utility.obj
 0004:00001c44       $pdata$__scrt_is_nonwritable_in_current_image 0000000180040c44     MSVCRT:utility.obj
 0004:00001c50       $pdata$__scrt_release_startup_lock 0000000180040c50     MSVCRT:utility.obj
 0004:00001c5c       $pdata$__scrt_uninitialize_crt 0000000180040c5c     MSVCRT:utility.obj
 0004:00001c68       $pdata$_onexit             0000000180040c68     MSVCRT:utility.obj
 0004:00001c74       $pdata$atexit              0000000180040c74     MSVCRT:utility.obj
 0004:00001c80       $pdata$??2@YAPEAX_K@Z      0000000180040c80     MSVCRT:new_scalar.obj
 0004:00001c98       $pdata$?dllmain_crt_dispatch@@YAHQEAUHINSTANCE__@@KQEAX@Z 0000000180040c98     MSVCRT:dll_dllmain.obj
 0004:00001ca4       $pdata$?dllmain_crt_process_attach@@YAHQEAUHINSTANCE__@@QEAX@Z 0000000180040ca4     MSVCRT:dll_dllmain.obj
 0004:00001cb0       $pdata$?dllmain_crt_process_detach@@YAH_N@Z 0000000180040cb0     MSVCRT:dll_dllmain.obj
 0004:00001cbc       $pdata$?dllmain_dispatch@@YAHQEAUHINSTANCE__@@KQEAX@Z 0000000180040cbc     MSVCRT:dll_dllmain.obj
 0004:00001cc8       $pdata$?dllmain_raw@@YAHQEAUHINSTANCE__@@KQEAX@Z 0000000180040cc8     MSVCRT:dll_dllmain.obj
 0004:00001cd4       $pdata$_DllMainCRTStartup  0000000180040cd4     MSVCRT:dll_dllmain.obj
 0004:00001ce0       $pdata$__isa_available_init 0000000180040ce0     MSVCRT:_cpu_disp_.obj
 0004:00001cec       $pdata$__scrt_fastfail     0000000180040cec     MSVCRT:utility_desktop.obj
 0004:00001cf8       $pdata$??0bad_alloc@std@@QEAA@AEBV01@@Z 0000000180040cf8     MSVCRT:throw_bad_alloc.obj
 0004:00001d04       $pdata$??0bad_array_new_length@std@@QEAA@AEBV01@@Z 0000000180040d04     MSVCRT:throw_bad_alloc.obj
 0004:00001d10       $pdata$??0exception@std@@QEAA@AEBV01@@Z 0000000180040d10     MSVCRT:throw_bad_alloc.obj
 0004:00001d1c       $pdata$??_Gbad_alloc@std@@UEAAPEAXI@Z 0000000180040d1c     MSVCRT:throw_bad_alloc.obj
 0004:00001d1c       $pdata$??_Gexception@std@@UEAAPEAXI@Z 0000000180040d1c     MSVCRT:throw_bad_alloc.obj
 0004:00001d1c       $pdata$??_Gbad_array_new_length@std@@UEAAPEAXI@Z 0000000180040d1c     MSVCRT:throw_bad_alloc.obj
 0004:00001d28       $pdata$?__scrt_throw_std_bad_alloc@@YAXXZ 0000000180040d28     MSVCRT:throw_bad_alloc.obj
 0004:00001d34       $pdata$?__scrt_throw_std_bad_array_new_length@@YAXXZ 0000000180040d34     MSVCRT:throw_bad_alloc.obj
 0004:00001d40       $pdata$__security_init_cookie 0000000180040d40     MSVCRT:gs_support.obj
 0004:00001d4c       $pdata$__scrt_initialize_default_local_stdio_options 0000000180040d4c     MSVCRT:default_local_stdio_options.obj
 0004:00001d58       $pdata$_RTC_Initialize     0000000180040d58     MSVCRT:_initsect_.obj
 0004:00001d64       $pdata$_RTC_Terminate      0000000180040d64     MSVCRT:_initsect_.obj
 0004:00001d7c       $pdata$?dtor$1@?0???0BerconGradient@@QEAA@XZ@4HA 0000000180040d7c     BerconGradient.obj
 0004:00001d88       $pdata$?dtor$0@?0??GetSubTexmapSlotName@BerconGradient@@UEAA?AVWStr@@H@Z@4HA 0000000180040d88     BerconGradient.obj
 0004:00001d94       $pdata$?dtor$0@?0??SubAnimName@BerconNoise@@UEAA?AVWStr@@H@Z@4HA 0000000180040d94     BerconNoise.obj
 0004:00001d94       $pdata$?dtor$0@?0??GetSubTexmapSlotName@BerconTile@@UEAA?AVWStr@@H@Z@4HA 0000000180040d94     BerconTile.obj
 0004:00001d94       $pdata$?dtor$0@?0??GetSubTexmapSlotName@BerconNoise@@UEAA?AVWStr@@H@Z@4HA 0000000180040d94     BerconNoise.obj
 0004:00001d94       $pdata$?dtor$0@?0??SubAnimName@BerconTile@@UEAA?AVWStr@@H@Z@4HA 0000000180040d94     BerconTile.obj
 0004:00001d94       $pdata$?dtor$0@?0??SubAnimName@BerconGradient@@UEAA?AVWStr@@H@Z@4HA 0000000180040d94     BerconGradient.obj
 0004:00001d94       $pdata$?dtor$0@?0??SubAnimName@BerconDistortion@@UEAA?AVWStr@@H@Z@4HA 0000000180040d94     BerconDistortion.obj
 0004:00001d94       $pdata$?dtor$0@?0??GetSubTexmapSlotName@BerconWood@@UEAA?AVWStr@@H@Z@4HA 0000000180040d94     BerconWood.obj
 0004:00001d94       $pdata$?dtor$0@?0??GetSubTexmapSlotName@BerconDistortion@@UEAA?AVWStr@@H@Z@4HA 0000000180040d94     BerconDistortion.obj
 0004:00001d94       $pdata$?dtor$0@?0??SubAnimName@BerconWood@@UEAA?AVWStr@@H@Z@4HA 0000000180040d94     BerconWood.obj
 0004:00001da0       $pdata$?catch$1@?0??_Copy@?$basic_string@_WU?$char_traits@_W@std@@V?$allocator@_W@2@@std@@QEAAX_K0@Z@4HA 0000000180040da0     BerconTile.obj
 0004:00001dac       $pdata$?catch$0@?0??_Copy@?$basic_string@_WU?$char_traits@_W@std@@V?$allocator@_W@2@@std@@QEAAX_K0@Z@4HA 0000000180040dac     BerconTile.obj
 0004:00001db8       $pdata$CommctrlIsolationAwarePrivatetRgCebPnQQeRff_pbZPgYQP_QYY$fin$0 0000000180040db8     DllEntry.obj
 0004:00001dc4       $pdata$IsolationAwareInitCommonControls$fin$0 0000000180040dc4     DllEntry.obj
 0004:00001dd0       $pdata$WinbaseIsolationAwarePrivatetRgzlnPgpgk$fin$0 0000000180040dd0     DllEntry.obj
 0004:00001ddc       $pdata$IsolationAwareRegisterClassExW$fin$0 0000000180040ddc     IGradient.obj
 0004:00001de8       $pdata$?catch$0@?0???$_Uninitialized_move_al_unchecked1@PEAV?$basic_string@_WU?$char_traits@_W@std@@V?$allocator@_W@2@@std@@PEAV12@V?$allocator@V?$basic_string@_WU?$char_traits@_W@std@@V?$allocator@_W@2@@std@@@2@@std@@YAPEAV?$basic_string@_WU?$char_traits@_W@std@@V?$allocator@_W@2@@0@PEAV10@00AEAU?$_Wrap_alloc@V?$allocator@V?$basic_string@_WU?$char_traits@_W@std@@V?$allocator@_W@2@@std@@@std@@@0@U_General_ptr_iterator_tag@0@U_Any_tag@0@@Z@4HA 0000000180040de8     tile.obj
 0004:00001df4       $pdata$?catch$1@?0???$_Uninitialized_move_al_unchecked1@PEAVTileRow@@PEAV1@V?$allocator@VTileRow@@@std@@@std@@YAPEAVTileRow@@PEAV1@00AEAU?$_Wrap_alloc@V?$allocator@VTileRow@@@std@@@0@U_General_ptr_iterator_tag@0@U_Any_tag@0@@Z@4HA 0000000180040df4     tile.obj
 0004:00001e00       $pdata$?catch$0@?0???0?$vector@MV?$allocator@M@std@@@std@@QEAA@AEBV01@@Z@4HA 0000000180040e00     tile.obj
 0004:00001e0c       $pdata$?catch$0@?0??_Reallocate@?$vector@MV?$allocator@M@std@@@std@@IEAAX_K@Z@4HA 0000000180040e0c     tile.obj
 0004:00001e18       $pdata$?catch$0@?0??_Reallocate@?$vector@V?$basic_string@_WU?$char_traits@_W@std@@V?$allocator@_W@2@@std@@V?$allocator@V?$basic_string@_WU?$char_traits@_W@std@@V?$allocator@_W@2@@std@@@2@@std@@IEAAX_K@Z@4HA 0000000180040e18     tile.obj
 0004:00001e24       $pdata$?catch$0@?0??_Reallocate@?$vector@VTileRow@@V?$allocator@VTileRow@@@std@@@std@@IEAAX_K@Z@4HA 0000000180040e24     tile.obj
 0004:00001e30       $pdata$?dtor$9@?0??parsePattern@@YAHV?$basic_string@_WU?$char_traits@_W@std@@V?$allocator@_W@2@@std@@PEAVTilePattern@@@Z@4HA 0000000180040e30     tile.obj
 0004:00001e3c       $pdata$?dtor$13@?0??parsePattern@@YAHV?$basic_string@_WU?$char_traits@_W@std@@V?$allocator@_W@2@@std@@PEAVTilePattern@@@Z@4HA 0000000180040e3c     tile.obj
 0004:00001e48       $pdata$?dtor$18@?0??parsePattern@@YAHV?$basic_string@_WU?$char_traits@_W@std@@V?$allocator@_W@2@@std@@PEAVTilePattern@@@Z@4HA 0000000180040e48     tile.obj
 0004:00001e54       $pdata$?dtor$26@?0??parsePattern@@YAHV?$basic_string@_WU?$char_traits@_W@std@@V?$allocator@_W@2@@std@@PEAVTilePattern@@@Z@4HA 0000000180040e54     tile.obj
 0004:00001e60       $pdata$?dtor$28@?0??parsePattern@@YAHV?$basic_string@_WU?$char_traits@_W@std@@V?$allocator@_W@2@@std@@PEAVTilePattern@@@Z@4HA 0000000180040e60     tile.obj
 0004:00001e6c       $pdata$?dtor$0@?0??substr@?$basic_string@_WU?$char_traits@_W@std@@V?$allocator@_W@2@@std@@QEBA?AV12@_K0@Z@4HA 0000000180040e6c     tile.obj
 0004:00001e78       $pdata$__scrt_is_nonwritable_in_current_image$filt$0 0000000180040e78     MSVCRT:utility.obj
 0004:00001e84       $pdata$?fin$0@?0??dllmain_crt_process_attach@@YAHQEAUHINSTANCE__@@QEAX@Z@4HA 0000000180040e84     MSVCRT:dll_dllmain.obj
 0004:00001e90       $pdata$?fin$0@?0??dllmain_crt_process_detach@@YAH_N@Z@4HA 0000000180040e90     MSVCRT:dll_dllmain.obj
 0004:00001e9c       $pdata$?filt$0@?0??dllmain_dispatch@@YAHQEAUHINSTANCE__@@KQEAX@Z@4HA 0000000180040e9c     MSVCRT:dll_dllmain.obj
 0004:00001ea8       $pdata$??__FBerconDistortionDesc@@YAXXZ 0000000180040ea8     BerconDistortion.obj
 0004:00001eb4       $pdata$??__Fxyz_blk@@YAXXZ 0000000180040eb4     BerconDistortion.obj
 0004:00001ec0       $pdata$??__FBerconGradientDesc@@YAXXZ 0000000180040ec0     BerconGradient.obj
 0004:00001ecc       $pdata$??__Fxyz_blk@@YAXXZ 0000000180040ecc     BerconGradient.obj
 0004:00001ed8       $pdata$??__FBerconTileDesc@@YAXXZ 0000000180040ed8     BerconTile.obj
 0004:00001ee4       $pdata$??__Fxyz_blk@@YAXXZ 0000000180040ee4     BerconTile.obj
 0004:00001ef0       $pdata$??__FBerconWoodDesc@@YAXXZ 0000000180040ef0     BerconWood.obj
 0004:00001efc       $pdata$??__Fxyz_blk@@YAXXZ 0000000180040efc     BerconWood.obj
 0004:00001f08       $pdata$??__FBerconNoiseDesc@@YAXXZ 0000000180040f08     BerconNoise.obj
 0004:00001f14       $pdata$??__Fxyz_blk@@YAXXZ 0000000180040f14     BerconNoise.obj
 0005:00000000       __guard_fids__             0000000180041000     MSVCRT:std_type_info_static.obj
 0005:00000004       __guard_fids_?dllmain_crt_process_attach@@YAHQEAUHINSTANCE__@@QEAX@Z 0000000180041004     MSVCRT:dll_dllmain.obj
 0005:0000000c       __guard_fids_?dllmain_dispatch@@YAHQEAUHINSTANCE__@@KQEAX@Z 000000018004100c     MSVCRT:dll_dllmain.obj
 0005:00000010       __guard_fids__             0000000180041010     MSVCRT:throw_bad_alloc.obj
 0005:00000018       __guard_fids__             0000000180041018     MSVCRT:throw_bad_alloc.obj
 0005:00000020       __guard_fids__             0000000180041020     MSVCRT:throw_bad_alloc.obj
 0005:00000028       __guard_fids__             0000000180041028     MSVCRT:guard_support.obj
 0006:00000950       $R000000                   0000000180042950     BerconNoise.res
 0006:00000a08       $R0000B8                   0000000180042a08     BerconNoise.res
 0006:00000a38       $R0000E8                   0000000180042a38     BerconNoise.res
 0006:00000ae0       $R000190                   0000000180042ae0     BerconNoise.res
 0006:00000c70       $R000320                   0000000180042c70     BerconNoise.res
 0006:00000d18       $R0003C8                   0000000180042d18     BerconNoise.res
 0006:00000dc0       $R000470                   0000000180042dc0     BerconNoise.res
 0006:00000eb0       $R000560                   0000000180042eb0     BerconNoise.res
 0006:00000f58       $R000608                   0000000180042f58     BerconNoise.res
 0006:00001dc0       $R001470                   0000000180043dc0     BerconNoise.res
 0006:00003000       $R0026B0                   0000000180045000     BerconNoise.res
 0006:000047d8       $R003E88                   00000001800467d8     BerconNoise.res
 0006:000051d8       $R004888                   00000001800471d8     BerconNoise.res
 0006:00005420       $R004AD0                   0000000180047420     BerconNoise.res
 0006:00005598       $R004C48                   0000000180047598     BerconNoise.res
 0006:00005d88       $R005438                   0000000180047d88     BerconNoise.res
 0006:00006988       $R006038                   0000000180048988     BerconNoise.res
 0006:00007ae0       $R007190                   0000000180049ae0     BerconNoise.res
 0006:00008c48       $R0082F8                   000000018004ac48     BerconNoise.res
 0006:00009c00       $R0092B0                   000000018004bc00     BerconNoise.res
 0006:0000ac98       $R00A348                   000000018004cc98     BerconNoise.res
 0006:0000b618       $R00ACC8                   000000018004d618     BerconNoise.res
 0006:0000b620       $R00ACD0                   000000018004d620     BerconNoise.res
 0006:0000b6e0       $R00AD90                   000000018004d6e0     BerconNoise.res
 0006:00018828       $R017ED8                   000000018005a828     BerconNoise.res
 0006:000189a0       $R018050                   000000018005a9a0     BerconNoise.res
 0006:00018a08       $R0180B8                   000000018005aa08     BerconNoise.res
 0006:00018b70       $R018220                   000000018005ab70     BerconNoise.res
 0006:00018bc0       $R018270                   000000018005abc0     BerconNoise.res
 0006:00018d88       $R018438                   000000018005ad88     BerconNoise.res
 0006:00018f60       $R018610                   000000018005af60     BerconNoise.res
 0006:00019138       $R0187E8                   000000018005b138     BerconNoise.res
 0006:00019238       $R0188E8                   000000018005b238     BerconNoise.res
 0006:00019308       $R0189B8                   000000018005b308     BerconNoise.res
 0006:00019430       $R018AE0                   000000018005b430     BerconNoise.res
 0006:00019530       $R018BE0                   000000018005b530     BerconNoise.res
 0006:000196a8       $R018D58                   000000018005b6a8     BerconNoise.res
 0006:00019828       $R018ED8                   000000018005b828     BerconNoise.res
 0006:000199d8       $R019088                   000000018005b9d8     BerconNoise.res
 0006:00019ab8       $R019168                   000000018005bab8     BerconNoise.res
 0006:00019bf8       $R0192A8                   000000018005bbf8     BerconNoise.res
 0006:00019d70       $R019420                   000000018005bd70     BerconNoise.res
 0006:00019f80       $R019630                   000000018005bf80     BerconNoise.res
 0006:0001a138       $R0197E8                   000000018005c138     BerconNoise.res
 0006:0001a250       $R019900                   000000018005c250     BerconNoise.res

 Exports

  ordinal    name

        1    ?LibDescription@@YAPEB_WXZ (wchar_t const * __cdecl LibDescription(void))
               exported name: LibDescription
        2    ?LibNumberClasses@@YAHXZ (int __cdecl LibNumberClasses(void))
               exported name: LibNumberClasses
        3    ?LibClassDesc@@YAPEAVClassDesc@@H@Z (class ClassDesc * __cdecl LibClassDesc(int))
               exported name: LibClassDesc
        4    ?LibVersion@@YAKXZ (unsigned long __cdecl LibVersion(void))
               exported name: LibVersion
        5    ??0VertexNormalsControl@@QEAA@XZ (public: __cdecl VertexNormalsControl::VertexNormalsControl(void))
        6    ?LibInitialize@@YAHXZ (int __cdecl LibInitialize(void))
        7    ?LibShutdown@@YAHXZ (int __cdecl LibShutdown(void))
