 BerconMaps_2018_64

 Timestamp is 5ced5e4f (Tue May 28 12:14:07 2019)

 Preferred load address is 0000000180000000

 Start         Length     Name                   Class
 0001:00000000 000079b0H .text$di                CODE
 0001:000079b0 00022590H .text$mn                CODE
 0001:00029f40 00000020H .text$mn$00             CODE
 0001:00029f60 00000e20H .text$x                 CODE
 0001:0002ad80 000001dfH .text$yd                CODE
 0002:00000000 000008b8H .idata$5                DATA
 0002:000008b8 00000010H .00cfg                  DATA
 0002:000008c8 00000008H .CRT$XCA                DATA
 0002:000008d0 000000f8H .CRT$XCU                DATA
 0002:000009c8 00000008H .CRT$XCZ                DATA
 0002:000009d0 00000008H .CRT$XIA                DATA
 0002:000009d8 00000008H .CRT$XIZ                DATA
 0002:000009e0 00000008H .CRT$XPA                DATA
 0002:000009e8 00000008H .CRT$XPZ                DATA
 0002:000009f0 00000008H .CRT$XTA                DATA
 0002:000009f8 00000008H .CRT$XTZ                DATA
 0002:00000a00 000063a0H .rdata                  DATA
 0002:00006da0 000020d4H .rdata$r                DATA
 0002:00008e74 000002ccH .rdata$zzzdbg           DATA
 0002:00009140 00000008H .rtc$IAA                DATA
 0002:00009148 00000008H .rtc$IZZ                DATA
 0002:00009150 00000008H .rtc$TAA                DATA
 0002:00009158 00000008H .rtc$TZZ                DATA
 0002:00009160 00003b60H .xdata                  DATA
 0002:0000ccc0 000001e0H .xdata$x                DATA
 0002:0000cea0 00000104H .edata                  DATA
 0002:0000cfa4 00000118H .idata$2                DATA
 0002:0000d0bc 00000014H .idata$3                DATA
 0002:0000d0d0 000008b8H .idata$4                DATA
 0002:0000d988 00002c7aH .idata$6                DATA
 0003:00000000 00000730H .data                   DATA
 0003:00000730 000009f0H .data$r                 DATA
 0003:00001120 00000b58H .bss                    DATA
 0004:00000000 00001f2cH .pdata                  DATA
 0005:00000000 0000002cH .gfids$y                DATA
 0006:00000000 00000a10H .rsrc$01                DATA
 0006:00000a10 00019b20H .rsrc$02                DATA

  Address         Publics by Value              Rva+Base               Lib:Object

 0000:00000000       __guard_iat_count          0000000000000000     <absolute>
 0000:00000000       __guard_fids_count         0000000000000000     <absolute>
 0000:00000000       __dynamic_value_reloc_table 0000000000000000     <absolute>
 0000:00000000       ___safe_se_handler_table   0000000000000000     <absolute>
 0000:00000000       __guard_iat_table          0000000000000000     <absolute>
 0000:00000000       ___safe_se_handler_count   0000000000000000     <absolute>
 0000:00000000       __guard_longjmp_table      0000000000000000     <absolute>
 0000:00000000       __guard_longjmp_count      0000000000000000     <absolute>
 0000:00000000       __guard_fids_table         0000000000000000     <absolute>
 0000:00000100       __guard_flags              0000000000000100     <absolute>
 0000:00000000       __ImageBase                0000000180000000     <linker-defined>
 0001:000079b0       ?Create@BerconDistortionClassDesc@@UEAAPEAXH@Z 00000001800089b0 f i BerconDistortion.obj
 0001:000079f0       ?ClassName@BerconDistortionClassDesc@@UEAAPEB_WXZ 00000001800089f0 f i BerconDistortion.obj
 0001:00007a00       ?InternalName@BerconDistortionClassDesc@@UEAAPEB_WXZ 0000000180008a00 f i BerconDistortion.obj
 0001:00007a10       ??_EBerconDistortionClassDesc@@UEAAPEAXI@Z 0000000180008a10 f i BerconDistortion.obj
 0001:00007a10       ??_GBerconDistortionClassDesc@@UEAAPEAXI@Z 0000000180008a10 f i BerconDistortion.obj
 0001:00007a70       ??_GXYZ_Desc@@UEAAPEAXI@Z  0000000180008a70 f i BerconDistortion.obj
 0001:00007a70       ??_EXYZ_Desc@@UEAAPEAXI@Z  0000000180008a70 f i BerconDistortion.obj
 0001:00007ad0       ?What@TabOutOfRangeException@Util@MaxSDK@@UEBAPEB_WXZ 0000000180008ad0 f i BerconDistortion.obj
 0001:00007af0       ??1TabOutOfRangeException@Util@MaxSDK@@UEAA@XZ 0000000180008af0 f i BerconDistortion.obj
 0001:00007b10       ??0TabOutOfRangeException@Util@MaxSDK@@QEAA@AEBV012@@Z 0000000180008b10 f i BerconDistortion.obj
 0001:00007b50       ??_ETabOutOfRangeException@Util@MaxSDK@@UEAAPEAXI@Z 0000000180008b50 f i BerconDistortion.obj
 0001:00007b50       ??_GTabOutOfRangeException@Util@MaxSDK@@UEAAPEAXI@Z 0000000180008b50 f i BerconDistortion.obj
 0001:00007bb0       ?SetUserDlgProc@ClassDesc2@@UEAA_NPEAVParamBlockDesc2@@PEAVParamMap2UserDlgProc@@@Z 0000000180008bb0 f i BerconDistortion.obj
 0001:00007bc0       ?InitialRollupPageState@ClassDesc@@UEAAKXZ 0000000180008bc0 f i BerconDistortion.obj
 0001:00007bd0       ?GetMacroRecorderName@Animatable@@UEAA_N_NAEAVWStr@@@Z 0000000180008bd0 f i BerconDistortion.obj
 0001:00007bd0       ?IsLocalOutputMeaningful@Texmap@@UEAA_NAEAVShadeContext@@@Z 0000000180008bd0 f i BerconDistortion.obj
 0001:00007bd0       ?UseOnlyInternalNameForMAXScriptExposure@ClassDesc@@UEAA_NXZ 0000000180008bd0 f i BerconDistortion.obj
 0001:00007bd0       ?DrawRepresentation@ClassDesc@@UEAA_NKPEAUHDC__@@AEAVBox2@@@Z 0000000180008bd0 f i BerconDistortion.obj
 0001:00007be0       ?NumInterfaces@ClassDesc@@UEAAHXZ 0000000180008be0 f i BerconDistortion.obj
 0001:00007bf0       ?GetInterfaceAt@ClassDesc@@UEAAPEAVFPInterface@@H@Z 0000000180008bf0 f i BerconDistortion.obj
 0001:00007c10       ?ClearInterfaces@ClassDesc@@UEAAXXZ 0000000180008c10 f i BerconDistortion.obj
 0001:00007c20       ?SubClassID@ClassDesc@@UEAA?AVClass_ID@@XZ 0000000180008c20 f i BerconDistortion.obj
 0001:00007c30       ??0BerconDistortion@@QEAA@XZ 0000000180008c30 f   BerconDistortion.obj
 0001:00007d80       ??0BerconSC@@QEAA@QEAVShadeContext@@@Z 0000000180008d80 f i BerconDistortion.obj
 0001:00007f50       ??0BerconXYZ@@QEAA@XZ      0000000180008f50 f i BerconDistortion.obj
 0001:00007ff0       ??0VertexNormalsControl@@QEAA@XZ 0000000180008ff0 f i BerconDistortion.obj
 0001:00008020       ??0XYZ_Desc@@QEAA@PEAVClassDesc2@@HHHHHHH@Z 0000000180009020 f i BerconDistortion.obj
 0001:000092f0       ??1?$Tab@PEAVBaseInterface@@@@QEAA@XZ 000000018000a2f0 f i BerconDistortion.obj
 0001:00009310       ??1?$Tab@PEAVVertexNormalsCallback@@@@QEAA@XZ 000000018000a310 f i BerconDistortion.obj
 0001:00009330       ??1BerconSC@@UEAA@XZ       000000018000a330 f i BerconDistortion.obj
 0001:00009380       ??1ParamMap2UserDlgProc@@UEAA@XZ 000000018000a380 f i BerconDistortion.obj
 0001:00009390       ??1RenderGlobalContext@@UEAA@XZ 000000018000a390 f i BerconDistortion.obj
 0001:000093b0       ??1ShadeContext@@UEAA@XZ   000000018000a3b0 f i BerconDistortion.obj
 0001:000093f0       ??1ShadeOutput@@UEAA@XZ    000000018000a3f0 f i BerconDistortion.obj
 0001:00009410       ??1Texmap@@UEAA@XZ         000000018000a410 f i BerconDistortion.obj
 0001:00009430       ??A?$Tab@PEAVFPInterface@@@@QEBAAEAPEAVFPInterface@@_J@Z 000000018000a430 f i BerconDistortion.obj
 0001:00009520       ??_EBerconDistortion@@WEA@EAAPEAXI@Z 000000018000a520 f i BerconDistortion.obj
 0001:0000952c       ??_EBerconSC@@WCII@EAAPEAXI@Z 000000018000a52c f i BerconDistortion.obj
 0001:00009540       ??_GBaseInterfaceServer@@UEAAPEAXI@Z 000000018000a540 f i BerconDistortion.obj
 0001:00009540       ??_EBaseInterfaceServer@@UEAAPEAXI@Z 000000018000a540 f i BerconDistortion.obj
 0001:00009590       ??_GBerconDistortion@@UEAAPEAXI@Z 000000018000a590 f i BerconDistortion.obj
 0001:00009590       ??_EBerconDistortion@@UEAAPEAXI@Z 000000018000a590 f i BerconDistortion.obj
 0001:00009620       ??_GBerconSC@@UEAAPEAXI@Z  000000018000a620 f i BerconDistortion.obj
 0001:00009620       ??_EBerconSC@@UEAAPEAXI@Z  000000018000a620 f i BerconDistortion.obj
 0001:000096a0       ??_EBerconXYZDlgProc@@UEAAPEAXI@Z 000000018000a6a0 f i BerconDistortion.obj
 0001:000096a0       ??_GBerconXYZDlgProc@@UEAAPEAXI@Z 000000018000a6a0 f i BerconDistortion.obj
 0001:000096f0       ??_GInterfaceServer@@UEAAPEAXI@Z 000000018000a6f0 f i BerconDistortion.obj
 0001:000096f0       ??_EInterfaceServer@@UEAAPEAXI@Z 000000018000a6f0 f i BerconDistortion.obj
 0001:00009740       ??_GParamMap2UserDlgProc@@UEAAPEAXI@Z 000000018000a740 f i BerconDistortion.obj
 0001:00009740       ??_EParamMap2UserDlgProc@@UEAAPEAXI@Z 000000018000a740 f i BerconDistortion.obj
 0001:00009780       ??_GRenderGlobalContext@@UEAAPEAXI@Z 000000018000a780 f i BerconDistortion.obj
 0001:00009780       ??_ERenderGlobalContext@@UEAAPEAXI@Z 000000018000a780 f i BerconDistortion.obj
 0001:000097e0       ??_GShadeContext@@UEAAPEAXI@Z 000000018000a7e0 f i BerconDistortion.obj
 0001:000097e0       ??_EShadeContext@@UEAAPEAXI@Z 000000018000a7e0 f i BerconDistortion.obj
 0001:00009850       ??_GShadeOutput@@UEAAPEAXI@Z 000000018000a850 f i BerconDistortion.obj
 0001:00009850       ??_EShadeOutput@@UEAAPEAXI@Z 000000018000a850 f i BerconDistortion.obj
 0001:000098b0       ?ActivateTexDisplay@BerconDistortion@@UEAAXH@Z 000000018000a8b0 f i BerconDistortion.obj
 0001:000098e0       ?Antialias@BerconSC@@UEAAHXZ 000000018000a8e0 f i BerconDistortion.obj
 0001:000098f0       ?BarycentricCoords@BerconSC@@UEAA?AVPoint3@@XZ 000000018000a8f0 f i BerconDistortion.obj
 0001:00009910       ?BarycentricCoords@ShadeContext@@UEAA?AVPoint3@@XZ 000000018000a910 f i BerconDistortion.obj
 0001:00009920       ?BumpBasisVectors@BerconSC@@UEAAHQEAVPoint3@@HH@Z 000000018000a920 f i BerconDistortion.obj
 0001:00009940       ?BypassTrackBar@Animatable@@UEAAHXZ 000000018000a940 f i BerconDistortion.obj
 0001:00009950       ?CamFarRange@BerconSC@@UEAAMXZ 000000018000a950 f i BerconDistortion.obj
 0001:00009970       ?CamNearRange@BerconSC@@UEAAMXZ 000000018000a970 f i BerconDistortion.obj
 0001:00009990       ?CamFarRange@ShadeContext@@UEAAMXZ 000000018000a990 f i BerconDistortion.obj
 0001:00009990       ?GetAAFilterSize@RenderGlobalContext@@UEAAMXZ 000000018000a990 f i BerconDistortion.obj
 0001:00009990       ?RayConeAngle@ShadeContext@@UEAAMXZ 000000018000a990 f i BerconDistortion.obj
 0001:00009990       ?CamNearRange@ShadeContext@@UEAAMXZ 000000018000a990 f i BerconDistortion.obj
 0001:00009990       ?Curve@ShadeContext@@UEAAMXZ 000000018000a990 f i BerconDistortion.obj
 0001:000099a0       ?CamPos@BerconSC@@UEAA?AVPoint3@@XZ 000000018000a9a0 f i BerconDistortion.obj
 0001:000099d0       ?ClassID@BerconDistortion@@UEAA?AVClass_ID@@XZ 000000018000a9d0 f i BerconDistortion.obj
 0001:000099d0       ?ClassID@BerconDistortionClassDesc@@UEAA?AVClass_ID@@XZ 000000018000a9d0 f i BerconDistortion.obj
 0001:000099f0       ?ClassID@BerconSC@@UEAA?AVClass_ID@@XZ 000000018000a9f0 f i BerconDistortion.obj
 0001:00009a10       ?Clone@BerconDistortion@@UEAAPEAVReferenceTarget@@AEAVRemapDir@@@Z 000000018000aa10 f   BerconDistortion.obj
 0001:00009b40       ?CreateParamDlg@BerconDistortion@@UEAAPEAVParamDlg@@PEAUHWND__@@PEAVIMtlParams@@@Z 000000018000ab40 f   BerconDistortion.obj
 0001:00009bc0       ?CurTime@BerconSC@@UEAAHXZ 000000018000abc0 f i BerconDistortion.obj
 0001:00009bd0       ?Curve@BerconSC@@UEAAMXZ   000000018000abd0 f i BerconDistortion.obj
 0001:00009bf0       ?DP@BerconSC@@UEAA?AVPoint3@@XZ 000000018000abf0 f i BerconDistortion.obj
 0001:00009c20       ?DP@BerconSC@@UEAAXAEAVPoint3@@0@Z 000000018000ac20 f i BerconDistortion.obj
 0001:00009c40       ?DPObj@BerconSC@@UEAA?AVPoint3@@XZ 000000018000ac40 f i BerconDistortion.obj
 0001:00009c70       ?DPObjRelBox@BerconSC@@UEAA?AVPoint3@@XZ 000000018000ac70 f i BerconDistortion.obj
 0001:00009ca0       ?DPdUVW@BerconSC@@UEAAXQEAVPoint3@@H@Z 000000018000aca0 f i BerconDistortion.obj
 0001:00009cc0       ?DUVW@BerconSC@@UEAA?AVPoint3@@H@Z 000000018000acc0 f i BerconDistortion.obj
 0001:00009ce4       ?DebugFile@BerconSC@@WCII@EAAPEAU_iobuf@@XZ 000000018000ace4 f i BerconDistortion.obj
 0001:00009cf0       ?DeleteThis@BerconXYZDlgProc@@UEAAXXZ 000000018000acf0 f i BerconDistortion.obj
 0001:00009d20       ?DiffuseIllum@BerconSC@@UEAA?AVColor@@XZ 000000018000ad20 f i BerconDistortion.obj
 0001:00009d50       ?DlgProc@BerconXYZDlgProc@@UEAA_JHPEAVIParamMap2@@PEAUHWND__@@I_K_J@Z 000000018000ad50 f i BerconDistortion.obj
 0001:0000a260       ?EditTrack@Animatable@@UEAAXXZ 000000018000b260 f i BerconDistortion.obj
 0001:0000a290       ?EvalColor@BerconDistortion@@UEAA?AVAColor@@AEAVShadeContext@@@Z 000000018000b290 f   BerconDistortion.obj
 0001:0000a450       ?EvalEnvironMap@BerconSC@@UEAA?AVAColor@@PEAVTexmap@@VPoint3@@@Z 000000018000b450 f i BerconDistortion.obj
 0001:0000a4a0       ?EvalGlobalEnvironMap@BerconSC@@UEAA?AVAColor@@VPoint3@@@Z 000000018000b4a0 f i BerconDistortion.obj
 0001:0000a4f0       ?EvalGlobalEnvironMap@RenderGlobalContext@@UEAA?AVAColor@@AEAVShadeContext@@AEAVRay@@H@Z 000000018000b4f0 f i BerconDistortion.obj
 0001:0000a510       ?EvalGlobalEnvironMap@ShadeContext@@UEAA?AVAColor@@VPoint3@@@Z 000000018000b510 f i BerconDistortion.obj
 0001:0000a520       ?EvalMono@BerconDistortion@@UEAAMAEAVShadeContext@@@Z 000000018000b520 f   BerconDistortion.obj
 0001:0000a6b0       ?EvalNormalPerturb@BerconDistortion@@UEAA?AVPoint3@@AEAVShadeContext@@@Z 000000018000b6b0 f   BerconDistortion.obj
 0001:0000a840       ?Execute@BerconSC@@UEAA_JH_K00@Z 000000018000b840 f i BerconDistortion.obj
 0001:0000a854       ?Execute@BerconSC@@WCII@EAA_JH_K00@Z 000000018000b854 f i BerconDistortion.obj
 0001:0000a860       ?FaceNumber@BerconSC@@UEAAHXZ 000000018000b860 f i BerconDistortion.obj
 0001:0000a870       ?GNormal@BerconSC@@UEAA?AVPoint3@@XZ 000000018000b870 f i BerconDistortion.obj
 0001:0000a8a0       ?SetSelKeyCoordsExpr@Animatable@@UEAAHPEAVParamDimension@@PEB_W1K@Z 000000018000b8a0 f i BerconDistortion.obj
 0001:0000a8a0       ?TrackParamsType@Animatable@@UEAAHXZ 000000018000b8a0 f i BerconDistortion.obj
 0001:0000a8a0       ?IsKeySelected@Animatable@@UEAAHH@Z 000000018000b8a0 f i BerconDistortion.obj
 0001:0000a8a0       ?Load@ClassDesc@@UEAA?AW4IOResult@@PEAVILoad@@@Z 000000018000b8a0 f i BerconDistortion.obj
 0001:0000a8a0       ?NumRenderInstances@RenderGlobalContext@@UEAAHXZ 000000018000b8a0 f i BerconDistortion.obj
 0001:0000a8a0       ?Execute@ClassDesc@@UEAA_JH_K00@Z 000000018000b8a0 f i BerconDistortion.obj
 0001:0000a8a0       ?RenderEnd@Animatable@@UEAAHH@Z 000000018000b8a0 f i BerconDistortion.obj
 0001:0000a8a0       ?GetCache@ShadeContext@@UEAAHPEAVTexmap@@AEAVAColor@@@Z 000000018000b8a0 f i BerconDistortion.obj
 0001:0000a8a0       ?CreateManipulator@ClassDesc@@UEAAPEAVManipulator@@PEAVReferenceTarget@@PEAVINode@@@Z 000000018000b8a0 f i BerconDistortion.obj
 0001:0000a8a0       ?NumActionTables@ClassDesc@@UEAAHXZ 000000018000b8a0 f i BerconDistortion.obj
 0001:0000a8a0       ?HandleOwnViewPerturb@Texmap@@UEAAHXZ 000000018000b8a0 f i BerconDistortion.obj
 0001:0000a8a0       ?CreateQtWidget@ClassDesc2@@UEAAPEAVQMaxParamBlockWidget@MaxSDK@@AEAVReferenceMaker@@AEAVIParamBlock2@@FAEAVWStr@@AEAH3@Z 000000018000b8a0 f i BerconDistortion.obj
 0001:0000a8a0       ?CanPasteSubTrack@Animatable@@UEAAHHPEAVTrackClipObject@@VInterval@@K@Z 000000018000b8a0 f i BerconDistortion.obj
 0001:0000a8a0       ?GetAAFilterKernel@RenderGlobalContext@@UEAAPEAVFilterKernel@@XZ 000000018000b8a0 f i BerconDistortion.obj
 0001:0000a8a0       ?SelectSubAnim@Animatable@@UEAAHH@Z 000000018000b8a0 f i BerconDistortion.obj
 0001:0000a8a0       ?Execute@IGradient@@UEAA_JH_K00@Z 000000018000b8a0 f i BerconGradient.obj
 0001:0000a8a0       ?PaintFCurves@Animatable@@UEAAHPEAVParamDimensionBase@@PEAUHDC__@@AEAVBox2@@2MHMHK@Z 000000018000b8a0 f i BerconDistortion.obj
 0001:0000a8a0       __scrt_stub_for_is_c_termination_complete 000000018000b8a0 f i MSVCRT:ucrt_stubs.obj
 0001:0000a8a0       ?Execute@RenderGlobalContext@@UEAA_JH_K00@Z 000000018000b8a0 f i BerconDistortion.obj
 0001:0000a8a0       ?SupportsMultiMapsInViewport@MtlBase@@UEAAHXZ 000000018000b8a0 f i BerconDistortion.obj
 0001:0000a8a0       ?GetCache@ShadeContext@@UEAAHPEAVTexmap@@AEAVPoint3@@@Z 000000018000b8a0 f i BerconDistortion.obj
 0001:0000a8a0       ?IsCurveSelected@Animatable@@UEAAHXZ 000000018000b8a0 f i BerconDistortion.obj
 0001:0000a8a0       ?BypassTreeView@Animatable@@UEAAHXZ 000000018000b8a0 f i BerconDistortion.obj
 0001:0000a8a0       ?GetToolTip@ResourceMakerCallback@@UEAAHHAEAVWStr@@PEAVICurveCtl@@@Z 000000018000b8a0 f i BerconGradient.obj
 0001:0000a8a0       ?GetKeySelState@Animatable@@UEAAHAEAVBitArray@@VInterval@@K@Z 000000018000b8a0 f i BerconDistortion.obj
 0001:0000a8a0       ?IntersectWorld@RenderGlobalContext@@UEAAHAEAVRay@@HAEAUISect@@AEAVISectList@@H@Z 000000018000b8a0 f i BerconDistortion.obj
 0001:0000a8a0       ?GetNextKeyTime@Animatable@@UEAAHHKAEAH@Z 000000018000b8a0 f i BerconDistortion.obj
 0001:0000a8a0       ?Antialias@ShadeContext@@UEAAHXZ 000000018000b8a0 f i BerconDistortion.obj
 0001:0000a8a0       ?SupportTimeOperations@Animatable@@UEAAHXZ 000000018000b8a0 f i BerconDistortion.obj
 0001:0000a8a0       ?CanCopyTrack@Animatable@@UEAAHVInterval@@K@Z 000000018000b8a0 f i BerconDistortion.obj
 0001:0000a8a0       ?GetTheUVGen@Texmap@@UEAAPEAVUVGen@@XZ 000000018000b8a0 f i BerconDistortion.obj
 0001:0000a8a0       ?BumpBasisVectors@ShadeContext@@UEAAHQEAVPoint3@@HH@Z 000000018000b8a0 f i BerconDistortion.obj
 0001:0000a8a0       ?SetKeyBufferPresent@Animatable@@UEAAHXZ 000000018000b8a0 f i BerconDistortion.obj
 0001:0000a8a0       ?AssignController@Animatable@@UEAAHPEAV1@H@Z 000000018000b8a0 f i BerconDistortion.obj
 0001:0000a8a0       ?Execute@ICustomControl@@UEAA_JH_K00@Z 000000018000b8a0 f i BerconGradient.obj
 0001:0000a8a0       ?IsSubCurveSelected@Animatable@@UEAAHH@Z 000000018000b8a0 f i BerconDistortion.obj
 0001:0000a8a0       ?CanManipulate@ClassDesc@@UEAAHPEAVReferenceTarget@@@Z 000000018000b8a0 f i BerconDistortion.obj
 0001:0000a8a0       ?ProjType@ShadeContext@@UEAAHXZ 000000018000b8a0 f i BerconDistortion.obj
 0001:0000a8a0       ?GetTheXYZGen@Texmap@@UEAAPEAVXYZGen@@XZ 000000018000b8a0 f i BerconDistortion.obj
 0001:0000a8a0       ?IsSuperSampleOn@ShadeContext@@UEAAHXZ 000000018000b8a0 f i BerconDistortion.obj
 0001:0000a8a0       ?IsMultiMtl@MtlBase@@UEAAHXZ 000000018000b8a0 f i BerconDistortion.obj
 0001:0000a8a0       ?CanManipulateNode@ClassDesc@@UEAAHPEAVINode@@@Z 000000018000b8a0 f i BerconDistortion.obj
 0001:0000a8a0       ?Execute@ShadeContext@@UEAA_JH_K00@Z 000000018000b8a0 f i BerconDistortion.obj
 0001:0000a8a0       ?IsKeyAtTime@Animatable@@UEAAHHK@Z 000000018000b8a0 f i BerconDistortion.obj
 0001:0000a8a0       ?NumChildren@Animatable@@UEAAHXZ 000000018000b8a0 f i BerconDistortion.obj
 0001:0000a8a0       ?ChildAnim@Animatable@@UEAAPEAV1@H@Z 000000018000b8a0 f i BerconDistortion.obj
 0001:0000a8a0       ?GetActionTable@ClassDesc@@UEAAPEAVActionTable@@H@Z 000000018000b8a0 f i BerconDistortion.obj
 0001:0000a8a0       ?CanDeleteSubAnim@Animatable@@UEAAHH@Z 000000018000b8a0 f i BerconDistortion.obj
 0001:0000a8a0       ?CopyTrack@Animatable@@UEAAPEAVTrackClipObject@@VInterval@@K@Z 000000018000b8a0 f i BerconDistortion.obj
 0001:0000a8a0       ?GetEvalObject@ShadeContext@@UEAAPEAVObject@@XZ 000000018000b8a0 f i BerconDistortion.obj
 0001:0000a8a0       ?EndCreate@ClassDesc@@UEAAHPEAVInterface@@@Z 000000018000b8a0 f i BerconDistortion.obj
 0001:0000a8a0       ?CreateManipulator@ClassDesc@@UEAAPEAVManipulator@@PEAVINode@@@Z 000000018000b8a0 f i BerconDistortion.obj
 0001:0000a8a0       ?GetTheXYZGen@BerconNoise@@UEAAPEAVXYZGen@@XZ 000000018000b8a0 f i BerconNoise.obj
 0001:0000a8a0       ?DebugFile@BerconSC@@UEAAPEAU_iobuf@@XZ 000000018000b8a0 f i BerconDistortion.obj
 0001:0000a8a0       ?ShouldPersistWeakRef@ReferenceMaker@@UEAAHPEAVReferenceTarget@@@Z 000000018000b8a0 f i BerconDistortion.obj
 0001:0000a8a0       ?PaintSubFCurves@Animatable@@UEAAHHPEAVParamDimensionBase@@PEAUHDC__@@AEAVBox2@@2MHMHK@Z 000000018000b8a0 f i BerconDistortion.obj
 0001:0000a8a0       ?GetViewParams@RenderGlobalContext@@UEAAPEAVViewParams@@XZ 000000018000b8a0 f i BerconDistortion.obj
 0001:0000a8a0       ?Save@ClassDesc@@UEAA?AW4IOResult@@PEAVISave@@@Z 000000018000b8a0 f i BerconDistortion.obj
 0001:0000a8a0       ?Node@ShadeContext@@UEAAPEAVINode@@XZ 000000018000b8a0 f i BerconDistortion.obj
 0001:0000a8a0       ?RenderBegin@Animatable@@UEAAHHK@Z 000000018000b8a0 f i BerconDistortion.obj
 0001:0000a8a0       ?NumSelKeys@Animatable@@UEAAHXZ 000000018000b8a0 f i BerconDistortion.obj
 0001:0000a8a0       ?GetCache@ShadeContext@@UEAAHPEAVTexmap@@AEAM@Z 000000018000b8a0 f i BerconDistortion.obj
 0001:0000a8a0       ?InvisibleProperty@Animatable@@UEAAHXZ 000000018000b8a0 f i BerconDistortion.obj
 0001:0000a8a0       ?NeedsToSave@ClassDesc@@UEAAHXZ 000000018000b8a0 f i BerconDistortion.obj
 0001:0000a8a0       ?CanPasteTrack@Animatable@@UEAAHPEAVTrackClipObject@@VInterval@@K@Z 000000018000b8a0 f i BerconDistortion.obj
 0001:0000a8a0       ?GetKeyTime@Animatable@@UEAAHH@Z 000000018000b8a0 f i BerconDistortion.obj
 0001:0000a8a0       ?GetRenderInstance@RenderGlobalContext@@UEAAPEAVRenderInstance@@H@Z 000000018000b8a0 f i BerconDistortion.obj
 0001:0000a8a0       ?GetUVWSource@Texmap@@UEAAHXZ 000000018000b8a0 f i BerconDistortion.obj
 0001:0000a8a0       ?GetFCurveExtents@Animatable@@UEAAHPEAVParamDimensionBase@@AEAM1K@Z 000000018000b8a0 f i BerconDistortion.obj
 0001:0000a8a0       ?GetSubFCurveExtents@Animatable@@UEAAHHPEAVParamDimensionBase@@AEAM1K@Z 000000018000b8a0 f i BerconDistortion.obj
 0001:0000a8a0       ?HasClassParams@ClassDesc@@UEAAHXZ 000000018000b8a0 f i BerconDistortion.obj
 0001:0000a8a0       ?IsTextureSuperSampleOn@ShadeContext@@UEAAHXZ 000000018000b8a0 f i BerconDistortion.obj
 0001:0000a8a0       ?DebugFile@ShadeContext@@UEAAPEAU_iobuf@@XZ 000000018000b8a0 f i BerconDistortion.obj
 0001:0000a8a0       ?GetParamMap@ClassDesc@@UEAAPEAVIParamMap2@@PEAVParamBlockDesc2@@@Z 000000018000b8a0 f i BerconDistortion.obj
 0001:0000a8a0       _is_c_termination_complete 000000018000b8a0 f i MSVCRT:ucrt_stubs.obj
 0001:0000a8a0       ?IsHighDynamicRange@Texmap@@UEBAHXZ 000000018000b8a0 f i BerconDistortion.obj
 0001:0000a8a0       ?IsManipulator@ClassDesc@@UEAAHXZ 000000018000b8a0 f i BerconDistortion.obj
 0001:0000a8a0       ?GetUserDlgProc@ClassDesc@@UEAAPEAVParamMap2UserDlgProc@@PEAVParamBlockDesc2@@@Z 000000018000b8a0 f i BerconDistortion.obj
 0001:0000a8a0       ?CanCopySubTrack@Animatable@@UEAAHHVInterval@@K@Z 000000018000b8a0 f i BerconDistortion.obj
 0001:0000a8a0       ?BypassPropertyLevel@Animatable@@UEAAHXZ 000000018000b8a0 f i BerconDistortion.obj
 0001:0000a8a0       ?DebugFile@RenderGlobalContext@@UEAAPEAU_iobuf@@XZ 000000018000b8a0 f i BerconDistortion.obj
 0001:0000a8a0       ?SetCustomImageList@ResourceMakerCallback@@UEAAHAEAPEAU_IMAGELIST@@PEAVICurveCtl@@@Z 000000018000b8a0 f i BerconGradient.obj
 0001:0000a8a0       ?SetDlgThing@BerconDistortion@@UEAAHPEAVParamDlg@@@Z 000000018000b8a0 f i BerconDistortion.obj
 0001:0000a8a0       ?GetNSuperSample@ShadeContext@@UEAAHXZ 000000018000b8a0 f i BerconDistortion.obj
 0001:0000a8a0       ?CopySubTrack@Animatable@@UEAAPEAVTrackClipObject@@HVInterval@@K@Z 000000018000b8a0 f i BerconDistortion.obj
 0001:0000a8a0       ?GetKeyTimes@Animatable@@UEAAHAEAV?$Tab@H@@VInterval@@K@Z 000000018000b8a0 f i BerconDistortion.obj
 0001:0000a8a0       ?TrackViewWinProc@Animatable@@UEAA_JPEAUHWND__@@I_K_J@Z 000000018000b8a0 f i BerconDistortion.obj
 0001:0000a8a0       ?BeginCreate@ClassDesc@@UEAAHPEAVInterface@@@Z 000000018000b8a0 f i BerconDistortion.obj
 0001:0000a8b0       ?GetActiveTexHandle@BerconDistortion@@UEAA_KHAEAVTexHandleMaker@@@Z 000000018000b8b0 f   BerconDistortion.obj
 0001:0000a970       ?GetBGColor@BerconSC@@UEAAXAEAVColor@@0H@Z 000000018000b970 f i BerconDistortion.obj
 0001:0000a990       ?GetBerconDistortionDesc@@YAPEAVClassDesc2@@XZ 000000018000b990 f   BerconDistortion.obj
 0001:0000a9a0       ?GetCache@BerconSC@@UEAAHPEAVTexmap@@AEAM@Z 000000018000b9a0 f i BerconDistortion.obj
 0001:0000a9c0       ?GetCache@BerconSC@@UEAAHPEAVTexmap@@AEAVAColor@@@Z 000000018000b9c0 f i BerconDistortion.obj
 0001:0000a9e0       ?GetCache@BerconSC@@UEAAHPEAVTexmap@@AEAVPoint3@@@Z 000000018000b9e0 f i BerconDistortion.obj
 0001:0000aa00       ?GetClassName@BerconDistortion@@UEAAXAEAVWStr@@@Z 000000018000ba00 f i BerconDistortion.obj
 0001:0000aa30       ?GetEvalObject@BerconSC@@UEAAPEAVObject@@XZ 000000018000ba30 f i BerconDistortion.obj
 0001:0000aa40       ?GetIOR@BerconSC@@UEAAMXZ  000000018000ba40 f i BerconDistortion.obj
 0001:0000aa60       ?GetInterface@MtlBase@@UEAAPEAVBaseInterface@@VInterface_ID@@@Z 000000018000ba60 f i BerconDistortion.obj
 0001:0000aa90       ?GetNSuperSample@BerconSC@@UEAAHXZ 000000018000ba90 f i BerconDistortion.obj
 0001:0000aab0       ?GetParamBlock@BerconDistortion@@UEAAPEAVIParamBlock2@@H@Z 000000018000bab0 f i BerconDistortion.obj
 0001:0000aad0       ?GetParamBlockByID@BerconDistortion@@UEAAPEAVIParamBlock2@@F@Z 000000018000bad0 f i BerconDistortion.obj
 0001:0000ab20       ?GetParamDimension@Animatable@@UEAAPEAVParamDimension@@H@Z 000000018000bb20 f i BerconDistortion.obj
 0001:0000ab30       ?GetRefTarget@MtlBase@@UEAAPEAVReferenceTarget@@XZ 000000018000bb30 f i BerconDistortion.obj
 0001:0000ab40       ?GetRenderElement@BerconSC@@UEAAPEAVIRenderElement@@H@Z 000000018000bb40 f i BerconDistortion.obj
 0001:0000ab60       ?GetRenderElement@ShadeContext@@UEAAPEAVIRenderElement@@H@Z 000000018000bb60 f i BerconDistortion.obj
 0001:0000ab80       ?GetSampleSizeScale@BerconSC@@UEAAMXZ 000000018000bb80 f i BerconDistortion.obj
 0001:0000aba0       ?GetSampleSizeScale@ShadeContext@@UEAAMXZ 000000018000bba0 f i BerconDistortion.obj
 0001:0000aba0       ?GetIOR@ShadeContext@@UEAAMXZ 000000018000bba0 f i BerconDistortion.obj
 0001:0000abb0       ?GetSubAnimCurveColor@Animatable@@UEAAKH@Z 000000018000bbb0 f i BerconDistortion.obj
 0001:0000abc0       ?GetSubTexmap@BerconDistortion@@UEAAPEAVTexmap@@H@Z 000000018000bbc0 f i BerconDistortion.obj
 0001:0000abd0       ?GetSubTexmapSlotName@BerconDistortion@@UEAA?AVWStr@@H@Z 000000018000bbd0 f   BerconDistortion.obj
 0001:0000ac60       ?NumParamBlocks@BerconTile@@UEAAHXZ 000000018000bc60 f i BerconTile.obj
 0001:0000ac60       ?GetTextureTiling@Texmap@@UEAAHXZ 000000018000bc60 f i BerconDistortion.obj
 0001:0000ac60       ?NumParamBlocks@BerconWood@@UEAAHXZ 000000018000bc60 f i BerconWood.obj
 0001:0000ac60       ?NumParamBlocks@BerconNoise@@UEAAHXZ 000000018000bc60 f i BerconNoise.obj
 0001:0000ac60       ?NumSubTexmaps@BerconDistortion@@UEAAHXZ 000000018000bc60 f i BerconDistortion.obj
 0001:0000ac70       ?GetUVTransform@Texmap@@UEAAXAEAVMatrix3@@@Z 000000018000bc70 f i BerconDistortion.obj
 0001:0000ac80       ?HitTestFCurves@Animatable@@UEAAHPEAVParamDimensionBase@@AEAV?$Tab@VTrackHitRecord@@@@AEAVBox2@@2MHMHK@Z 000000018000bc80 f i BerconDistortion.obj
 0001:0000ac80       ?HitTestSubFCurves@Animatable@@UEAAHHPEAVParamDimensionBase@@AEAV?$Tab@VTrackHitRecord@@@@AEAVBox2@@2MHMHK@Z 000000018000bc80 f i BerconDistortion.obj
 0001:0000ac90       ?InMtlEditor@BerconSC@@UEAAHXZ 000000018000bc90 f i BerconDistortion.obj
 0001:0000aca0       ?InitSlotType@Texmap@@UEAAXH@Z 000000018000bca0 f i BerconDistortion.obj
 0001:0000acb0       ?IsSubClassOf@Animatable@@UEAAHVClass_ID@@@Z 000000018000bcb0 f i BerconDistortion.obj
 0001:0000acf0       ?IsSuperSampleOn@BerconSC@@UEAAHXZ 000000018000bcf0 f i BerconDistortion.obj
 0001:0000ad10       ?IsTextureSuperSampleOn@BerconSC@@UEAAHXZ 000000018000bd10 f i BerconDistortion.obj
 0001:0000ad30       ?Light@BerconSC@@UEAAPEAVLightDesc@@H@Z 000000018000bd30 f i BerconDistortion.obj
 0001:0000ad40       ?LocalRequirements@BerconDistortion@@UEAAKH@Z 000000018000bd40 f i BerconDistortion.obj
 0001:0000ad60       ?MapSlotType@Texmap@@UEAAHH@Z 000000018000bd60 f i BerconDistortion.obj
 0001:0000ad70       ?MappingsRequired@BerconDistortion@@UEAAXHAEAVBitArray@@0@Z 000000018000bd70 f i BerconDistortion.obj
 0001:0000ad90       ?NRenderElements@BerconSC@@UEAAHXZ 000000018000bd90 f i BerconDistortion.obj
 0001:0000adb0       ?NRenderElements@ShadeContext@@UEAAHXZ 000000018000bdb0 f i BerconDistortion.obj
 0001:0000add0       ?Node@BerconSC@@UEAAPEAVINode@@XZ 000000018000bdd0 f i BerconDistortion.obj
 0001:0000ade0       ?NodeID@BerconSC@@UEAAHXZ  000000018000bde0 f i BerconDistortion.obj
 0001:0000adf0       ?GetFlagKeyIndex@Animatable@@UEAAHXZ 000000018000bdf0 f i BerconDistortion.obj
 0001:0000adf0       ?NumKeys@Animatable@@UEAAHXZ 000000018000bdf0 f i BerconDistortion.obj
 0001:0000adf0       ?GetKeyIndex@Animatable@@UEAAHH@Z 000000018000bdf0 f i BerconDistortion.obj
 0001:0000adf0       ?NodeID@ShadeContext@@UEAAHXZ 000000018000bdf0 f i BerconDistortion.obj
 0001:0000ae00       ?Normal@BerconSC@@UEAA?AVPoint3@@XZ 000000018000be00 f i BerconDistortion.obj
 0001:0000ae20       ?NotifyDependents@ReferenceMaker@@EEAA?AW4RefResult@@AEBVInterval@@_KIKHPEAVReferenceTarget@@@Z 000000018000be20 f i BerconDistortion.obj
 0001:0000ae50       ?NotifyForeground@ReferenceTarget@@UEAAXH@Z 000000018000be50 f i BerconDistortion.obj
 0001:0000aeb0       ?NotifyRefChanged@BerconDistortion@@UEAA?AW4RefResult@@AEBVInterval@@PEAVReferenceTarget@@AEA_KIH@Z 000000018000beb0 f   BerconDistortion.obj
 0001:0000af40       ?LibNumberClasses@@YAHXZ   000000018000bf40 f i DllEntry.obj
 0001:0000af40       ?NumSubs@BerconDistortion@@UEAAHXZ 000000018000bf40 f i BerconDistortion.obj
 0001:0000af40       ?NumRefs@BerconDistortion@@UEAAHXZ 000000018000bf40 f i BerconDistortion.obj
 0001:0000af50       ?ObjectBox@BerconSC@@UEAA?AVBox3@@XZ 000000018000bf50 f i BerconDistortion.obj
 0001:0000af80       ?OrigNormal@BerconSC@@UEAA?AVPoint3@@XZ 000000018000bf80 f i BerconDistortion.obj
 0001:0000afa0       ?OrigNormal@ShadeContext@@UEAA?AVPoint3@@XZ 000000018000bfa0 f i BerconDistortion.obj
 0001:0000afc0       ?OrigView@BerconSC@@UEAA?AVPoint3@@XZ 000000018000bfc0 f i BerconDistortion.obj
 0001:0000aff0       ?OrigView@ShadeContext@@UEAA?AVPoint3@@XZ 000000018000bff0 f i BerconDistortion.obj
 0001:0000b010       ?P@BerconSC@@UEAA?AVPoint3@@XZ 000000018000c010 f i BerconDistortion.obj
 0001:0000b090       ?PObj@BerconSC@@UEAA?AVPoint3@@XZ 000000018000c090 f i BerconDistortion.obj
 0001:0000b110       ?PObjRelBox@BerconSC@@UEAA?AVPoint3@@XZ 000000018000c110 f i BerconDistortion.obj
 0001:0000b140       ?PointFrom@BerconSC@@UEAA?AVPoint3@@AEBV2@W4RefFrame@@@Z 000000018000c140 f i BerconDistortion.obj
 0001:0000b170       ?PointTo@BerconSC@@UEAA?AVPoint3@@AEBV2@W4RefFrame@@@Z 000000018000c170 f i BerconDistortion.obj
 0001:0000b1a0       ?ProjType@BerconSC@@UEAAHXZ 000000018000c1a0 f i BerconDistortion.obj
 0001:0000b1b0       ?PutCache@BerconSC@@UEAAXPEAVTexmap@@AEBVAColor@@@Z 000000018000c1b0 f i BerconDistortion.obj
 0001:0000b1d0       ?PutCache@BerconSC@@UEAAXPEAVTexmap@@AEBVPoint3@@@Z 000000018000c1d0 f i BerconDistortion.obj
 0001:0000b1f0       ?PutCache@BerconSC@@UEAAXPEAVTexmap@@M@Z 000000018000c1f0 f i BerconDistortion.obj
 0001:0000b210       ?RayConeAngle@BerconSC@@UEAAMXZ 000000018000c210 f i BerconDistortion.obj
 0001:0000b230       ?RayDiam@BerconSC@@UEAAMXZ 000000018000c230 f i BerconDistortion.obj
 0001:0000b250       ?RayDiam@ShadeContext@@UEAAMXZ 000000018000c250 f i BerconDistortion.obj
 0001:0000b270       ?ReflectVector@BerconSC@@UEAA?AVPoint3@@XZ 000000018000c270 f i BerconDistortion.obj
 0001:0000b2a0       ?RefractVector@BerconSC@@UEAA?AVPoint3@@M@Z 000000018000c2a0 f i BerconDistortion.obj
 0001:0000b2d0       ?Reset@BerconDistortion@@UEAAXXZ 000000018000c2d0 f   BerconDistortion.obj
 0001:0000b350       ?ScreenCoord@BerconSC@@UEAA?AVIPoint2@@XZ 000000018000c350 f i BerconDistortion.obj
 0001:0000b380       ?ScreenUV@BerconSC@@UEAAXAEAVPoint2@@0@Z 000000018000c380 f i BerconDistortion.obj
 0001:0000b3d0       ?Set@BitArray@@QEAAXH@Z    000000018000c3d0 f i BerconDistortion.obj
 0001:0000b470       ?SetGBufferID@BerconSC@@UEAAXH@Z 000000018000c470 f i BerconDistortion.obj
 0001:0000b490       ?SetGBufferID@ShadeContext@@UEAAXH@Z 000000018000c490 f i BerconDistortion.obj
 0001:0000b4a0       ?SetIOR@BerconSC@@UEAAXM@Z 000000018000c4a0 f i BerconDistortion.obj
 0001:0000b4c0       ?SetNormal@BerconSC@@UEAAXVPoint3@@@Z 000000018000c4c0 f i BerconDistortion.obj
 0001:0000b500       ?SetReference@BerconDistortion@@EEAAXHPEAVReferenceTarget@@@Z 000000018000c500 f   BerconDistortion.obj
 0001:0000b530       ?SetSubTexmap@BerconDistortion@@UEAAXHPEAVTexmap@@@Z 000000018000c530 f   BerconDistortion.obj
 0001:0000b5a0       ?SetThing@BerconXYZDlgProc@@UEAAXPEAVReferenceTarget@@@Z 000000018000c5a0 f i BerconDistortion.obj
 0001:0000b5b0       ?SetView@BerconSC@@UEAAXVPoint3@@@Z 000000018000c5b0 f i BerconDistortion.obj
 0001:0000b5f0       ?SubAnim@BerconDistortion@@UEAAPEAVAnimatable@@H@Z 000000018000c5f0 f   BerconDistortion.obj
 0001:0000b5f0       ?GetReference@BerconDistortion@@UEAAPEAVReferenceTarget@@H@Z 000000018000c5f0 f   BerconDistortion.obj
 0001:0000b620       ?SubAnimName@BerconDistortion@@UEAA?AVWStr@@H@Z 000000018000c620 f   BerconDistortion.obj
 0001:0000b6a0       ?SubNumToRefNum@BerconDistortion@@UEAAHH@Z 000000018000c6a0 f i BerconDistortion.obj
 0001:0000b6a0       ?SubNumToRefNum@BerconGradient@@UEAAHH@Z 000000018000c6a0 f i BerconGradient.obj
 0001:0000b6a0       ?SubNumToRefNum@BerconTile@@UEAAHH@Z 000000018000c6a0 f i BerconTile.obj
 0001:0000b6a0       ?RemapRefOnLoad@ReferenceMaker@@UEAAHH@Z 000000018000c6a0 f i BerconDistortion.obj
 0001:0000b6a0       ?SubNumToRefNum@BerconNoise@@UEAAHH@Z 000000018000c6a0 f i BerconNoise.obj
 0001:0000b6a0       ?SubNumToRefNum@BerconWood@@UEAAHH@Z 000000018000c6a0 f i BerconWood.obj
 0001:0000b6b0       ?SurfacePtScreen@BerconSC@@UEAA?AVPoint2@@XZ 000000018000c6b0 f i BerconDistortion.obj
 0001:0000b6e0       ?ClassID@ShadeContext@@UEAA?AVClass_ID@@XZ 000000018000c6e0 f i BerconDistortion.obj
 0001:0000b6e0       ?SurfacePtScreen@ShadeContext@@UEAA?AVPoint2@@XZ 000000018000c6e0 f i BerconDistortion.obj
 0001:0000b6f0       ?TossCache@BerconSC@@UEAAXPEAVTexmap@@@Z 000000018000c6f0 f i BerconDistortion.obj
 0001:0000b710       ?UVW@BerconSC@@UEAA?AVPoint3@@H@Z 000000018000c710 f i BerconDistortion.obj
 0001:0000b7e0       ?UVWNormal@BerconSC@@UEAA?AVPoint3@@H@Z 000000018000c7e0 f i BerconDistortion.obj
 0001:0000b810       ?UVWNormal@ShadeContext@@UEAA?AVPoint3@@H@Z 000000018000c810 f i BerconDistortion.obj
 0001:0000b820       ?Update@BerconDistortion@@UEAAXHAEAVInterval@@@Z 000000018000c820 f   BerconDistortion.obj
 0001:0000b940       ?Update@ParamMap2UserDlgProc@@UEAAXHAEAVInterval@@PEAVIParamMap2@@@Z 000000018000c940 f i BerconDistortion.obj
 0001:0000b950       ?V@BerconSC@@UEAA?AVPoint3@@XZ 000000018000c950 f i BerconDistortion.obj
 0001:0000b980       ?Validity@BerconDistortion@@UEAA?AVInterval@@H@Z 000000018000c980 f   BerconDistortion.obj
 0001:0000b9d0       ?VectorFrom@BerconSC@@UEAA?AVPoint3@@AEBV2@W4RefFrame@@@Z 000000018000c9d0 f i BerconDistortion.obj
 0001:0000ba00       ?VectorFromNoScale@BerconSC@@UEAA?AVPoint3@@AEBV2@W4RefFrame@@@Z 000000018000ca00 f i BerconDistortion.obj
 0001:0000ba30       ?VectorTo@BerconSC@@UEAA?AVPoint3@@AEBV2@W4RefFrame@@@Z 000000018000ca30 f i BerconDistortion.obj
 0001:0000ba60       ?VectorToNoScale@BerconSC@@UEAA?AVPoint3@@AEBV2@W4RefFrame@@@Z 000000018000ca60 f i BerconDistortion.obj
 0001:0000ba90       ?getDistVector@BerconDistortion@@QEAA?AVPoint3@@AEAVShadeContext@@@Z 000000018000ca90 f   BerconDistortion.obj
 0001:0000bb90       ?Create@BerconGradientClassDesc@@UEAAPEAXH@Z 000000018000cb90 f i BerconGradient.obj
 0001:0000bbd0       ?ClassName@BerconGradientClassDesc@@UEAAPEB_WXZ 000000018000cbd0 f i BerconGradient.obj
 0001:0000bbe0       ?SuperClassID@BerconNoise@@UEAAKXZ 000000018000cbe0 f i BerconNoise.obj
 0001:0000bbe0       ?SuperClassID@BerconWoodClassDesc@@UEAAKXZ 000000018000cbe0 f i BerconWood.obj
 0001:0000bbe0       ?SuperClassID@BerconTile@@UEAAKXZ 000000018000cbe0 f i BerconTile.obj
 0001:0000bbe0       ?SuperClassID@BerconWood@@UEAAKXZ 000000018000cbe0 f i BerconWood.obj
 0001:0000bbe0       ?SuperClassID@BerconGradientClassDesc@@UEAAKXZ 000000018000cbe0 f i BerconGradient.obj
 0001:0000bbe0       ?SuperClassID@BerconDistortionClassDesc@@UEAAKXZ 000000018000cbe0 f i BerconDistortion.obj
 0001:0000bbe0       ?SuperClassID@BerconNoiseClassDesc@@UEAAKXZ 000000018000cbe0 f i BerconNoise.obj
 0001:0000bbe0       ?SuperClassID@BerconDistortion@@UEAAKXZ 000000018000cbe0 f i BerconDistortion.obj
 0001:0000bbe0       ?SuperClassID@BerconGradient@@UEAAKXZ 000000018000cbe0 f i BerconGradient.obj
 0001:0000bbe0       ?SuperClassID@BerconTileClassDesc@@UEAAKXZ 000000018000cbe0 f i BerconTile.obj
 0001:0000bbf0       ?InternalName@BerconGradientClassDesc@@UEAAPEB_WXZ 000000018000cbf0 f i BerconGradient.obj
 0001:0000bc00       ??_GBerconGradientClassDesc@@UEAAPEAXI@Z 000000018000cc00 f i BerconGradient.obj
 0001:0000bc00       ??_EBerconGradientClassDesc@@UEAAPEAXI@Z 000000018000cc00 f i BerconGradient.obj
 0001:0000bc60       ??0BerconGradient@@QEAA@XZ 000000018000cc60 f   BerconGradient.obj
 0001:0000bdc0       ??0IGradient@@QEAA@PEAUHWND__@@PEAVGradientRamp@@@Z 000000018000cdc0 f i BerconGradient.obj
 0001:0000be20       ??1BerconGradient@@UEAA@XZ 000000018000ce20 f   BerconGradient.obj
 0001:0000bef0       ??1ICustomControl@@UEAA@XZ 000000018000cef0 f i BerconGradient.obj
 0001:0000bf10       ??_EBerconGradient@@WEA@EAAPEAXI@Z 000000018000cf10 f i BerconGradient.obj
 0001:0000bf20       ??_GBerconGradient@@UEAAPEAXI@Z 000000018000cf20 f i BerconGradient.obj
 0001:0000bf20       ??_EBerconGradient@@UEAAPEAXI@Z 000000018000cf20 f i BerconGradient.obj
 0001:0000bf70       ??_EBerconGradientDlgProc@@UEAAPEAXI@Z 000000018000cf70 f i BerconGradient.obj
 0001:0000bf70       ??_GBerconGradientDlgProc@@UEAAPEAXI@Z 000000018000cf70 f i BerconGradient.obj
 0001:0000bfc0       ??_EICustomControl@@UEAAPEAXI@Z 000000018000cfc0 f i BerconGradient.obj
 0001:0000bfc0       ??_GICustomControl@@UEAAPEAXI@Z 000000018000cfc0 f i BerconGradient.obj
 0001:0000c020       ??_EIGradient@@UEAAPEAXI@Z 000000018000d020 f i BerconGradient.obj
 0001:0000c020       ??_GIGradient@@UEAAPEAXI@Z 000000018000d020 f i BerconGradient.obj
 0001:0000c0b0       ?ActivateTexDisplay@BerconGradient@@UEAAXH@Z 000000018000d0b0 f i BerconGradient.obj
 0001:0000c0e0       ?ClassID@BerconGradientClassDesc@@UEAA?AVClass_ID@@XZ 000000018000d0e0 f i BerconGradient.obj
 0001:0000c0e0       ?ClassID@BerconGradient@@UEAA?AVClass_ID@@XZ 000000018000d0e0 f i BerconGradient.obj
 0001:0000c100       ?Clone@BerconGradient@@UEAAPEAVReferenceTarget@@AEAVRemapDir@@@Z 000000018000d100 f   BerconGradient.obj
 0001:0000c2b0       ?CreateParamDlg@BerconGradient@@UEAAPEAVParamDlg@@PEAUHWND__@@PEAVIMtlParams@@@Z 000000018000d2b0 f   BerconGradient.obj
 0001:0000c3c0       ?DeleteThis@BerconGradient@@UEAAXXZ 000000018000d3c0 f i BerconGradient.obj
 0001:0000c3f0       ?DiscardTexHandle@BerconGradient@@QEAAXXZ 000000018000d3f0 f i BerconGradient.obj
 0001:0000c420       ?DlgProc@BerconGradientDlgProc@@UEAA_JHPEAVIParamMap2@@PEAUHWND__@@I_K_J@Z 000000018000d420 f   BerconGradient.obj
 0001:0000d0b0       ?EnableStuff@BerconGradient@@QEAAXXZ 000000018000e0b0 f   BerconGradient.obj
 0001:0000d410       ?EvalColor@BerconGradient@@UEAA?AVAColor@@AEAVShadeContext@@@Z 000000018000e410 f   BerconGradient.obj
 0001:0000d5d0       ?EvalMono@BerconGradient@@UEAAMAEAVShadeContext@@@Z 000000018000e5d0 f   BerconGradient.obj
 0001:0000d600       ?EvalNormalPerturb@BerconGradient@@UEAA?AVPoint3@@AEAVShadeContext@@@Z 000000018000e600 f   BerconGradient.obj
 0001:0000db50       ?GetActiveTexHandle@BerconGradient@@UEAA_KHAEAVTexHandleMaker@@@Z 000000018000eb50 f   BerconGradient.obj
 0001:0000dc10       ?GetBerconGradientDesc@@YAPEAVClassDesc2@@XZ 000000018000ec10 f   BerconGradient.obj
 0001:0000dc20       ?GetClassName@BerconGradient@@UEAAXAEAVWStr@@@Z 000000018000ec20 f i BerconGradient.obj
 0001:0000dc50       ?GetHwnd@IGradient@@UEAAPEAUHWND__@@XZ 000000018000ec50 f i BerconGradient.obj
 0001:0000dc60       ?GetParamBlock@BerconGradient@@UEAAPEAVIParamBlock2@@H@Z 000000018000ec60 f i BerconGradient.obj
 0001:0000dc80       ?GetParamBlockByID@BerconGradient@@UEAAPEAVIParamBlock2@@F@Z 000000018000ec80 f i BerconGradient.obj
 0001:0000dcf0       ?GetReference@BerconGradient@@UEAAPEAVReferenceTarget@@H@Z 000000018000ecf0 f   BerconGradient.obj
 0001:0000dd80       ?GetSubTexmap@BerconGradient@@UEAAPEAVTexmap@@H@Z 000000018000ed80 f   BerconGradient.obj
 0001:0000ddc0       ?GetSubTexmapSlotName@BerconGradient@@UEAA?AVWStr@@H@Z 000000018000edc0 f   BerconGradient.obj
 0001:0000de70       ?LocalRequirements@BerconGradient@@UEAAKH@Z 000000018000ee70 f i BerconGradient.obj
 0001:0000de90       ?MappingsRequired@BerconGradient@@UEAAXHAEAVBitArray@@0@Z 000000018000ee90 f i BerconGradient.obj
 0001:0000deb0       ?NotifyRefChanged@BerconGradient@@UEAA?AW4RefResult@@AEBVInterval@@PEAVReferenceTarget@@AEA_KIH@Z 000000018000eeb0 f   BerconGradient.obj
 0001:0000dfc0       ?HitTestTrack@Animatable@@UEAAHAEAV?$Tab@VTrackHitRecord@@@@AEAVBox2@@1MHK@Z 000000018000efc0 f i BerconDistortion.obj
 0001:0000dfc0       ?NumParamBlocks@BerconDistortion@@UEAAHXZ 000000018000efc0 f i BerconDistortion.obj
 0001:0000dfc0       ?PaintSubTrack@Animatable@@UEAAHHPEAVParamDimensionBase@@PEAUHDC__@@AEAVBox2@@2MHK@Z 000000018000efc0 f i BerconDistortion.obj
 0001:0000dfc0       ?NumParamBlocks@BerconGradient@@UEAAHXZ 000000018000efc0 f i BerconGradient.obj
 0001:0000dfc0       ?PaintTrack@Animatable@@UEAAHPEAVParamDimensionBase@@PEAUHDC__@@AEAVBox2@@2MHK@Z 000000018000efc0 f i BerconDistortion.obj
 0001:0000dfd0       ?NumSubs@BerconGradient@@UEAAHXZ 000000018000efd0 f   BerconGradient.obj
 0001:0000dfd0       ?NumRefs@BerconGradient@@UEAAHXZ 000000018000efd0 f   BerconGradient.obj
 0001:0000dfe0       ?NumSubTexmaps@BerconGradient@@UEAAHXZ 000000018000efe0 f i BerconGradient.obj
 0001:0000dff0       ?RenderBegin@BerconGradient@@UEAAHHK@Z 000000018000eff0 f i BerconGradient.obj
 0001:0000e010       ?RenderEnd@BerconGradient@@UEAAHH@Z 000000018000f010 f i BerconGradient.obj
 0001:0000e020       ?Reset@BerconGradient@@UEAAXXZ 000000018000f020 f   BerconGradient.obj
 0001:0000e310       ?SetDlgThing@BerconGradient@@UEAAHPEAVParamDlg@@@Z 000000018000f310 f   BerconGradient.obj
 0001:0000e350       ?SetReference@BerconGradient@@EEAAXHPEAVReferenceTarget@@@Z 000000018000f350 f   BerconGradient.obj
 0001:0000e460       ?SetSubTexmap@BerconGradient@@UEAAXHPEAVTexmap@@@Z 000000018000f460 f   BerconGradient.obj
 0001:0000e4f0       ?SetThing@BerconGradientDlgProc@@UEAAXPEAVReferenceTarget@@@Z 000000018000f4f0 f i BerconGradient.obj
 0001:0000e5a0       ?SubAnim@BerconGradient@@UEAAPEAVAnimatable@@H@Z 000000018000f5a0 f   BerconGradient.obj
 0001:0000e630       ?SubAnimName@BerconGradient@@UEAA?AVWStr@@H@Z 000000018000f630 f   BerconGradient.obj
 0001:0000e6c0       ?Update@BerconGradient@@UEAAXHAEAVInterval@@@Z 000000018000f6c0 f   BerconGradient.obj
 0001:0000edb0       ?Validity@BerconGradient@@UEAA?AVInterval@@H@Z 000000018000fdb0 f   BerconGradient.obj
 0001:0000ee00       ?countKeys@BerconGradient@@QEAAHXZ 000000018000fe00 f   BerconGradient.obj
 0001:0000eea0       ?getGradientValue@BerconGradient@@QEAAMAEAVShadeContext@@@Z 000000018000fea0 f   BerconGradient.obj
 0001:0000f200       ?getGradientValueDist@BerconGradient@@QEAAMAEAVShadeContext@@@Z 0000000180010200 f   BerconGradient.obj
 0001:0000f5b0       ?getGradientValueNormal@BerconGradient@@QEAAMAEAVShadeContext@@@Z 00000001800105b0 f   BerconGradient.obj
 0001:0000f960       ?getGradientValueUVW@BerconGradient@@QEAAMVPoint3@@@Z 0000000180010960 f   BerconGradient.obj
 0001:0000fcf0       ?gradAddKey@BerconGradient@@UEAAXM@Z 0000000180010cf0 f   BerconGradient.obj
 0001:0000fe00       ?gradDelKey@BerconGradient@@UEAAXH@Z 0000000180010e00 f   BerconGradient.obj
 0001:0000fee0       ?gradMoveKey@BerconGradient@@UEAAXHM@Z 0000000180010ee0 f   BerconGradient.obj
 0001:0000ffb0       ?gradReset@BerconGradient@@UEAAXXZ 0000000180010fb0 f i BerconGradient.obj
 0001:0000ffc0       ?gradSelKey@BerconGradient@@UEAAXXZ 0000000180010fc0 f   BerconGradient.obj
 0001:00010050       ?keyColorChanged@BerconGradient@@QEAAXVAColor@@@Z 0000000180011050 f   BerconGradient.obj
 0001:00010100       ?keyNumChanged@BerconGradient@@QEAAXH@Z 0000000180011100 f   BerconGradient.obj
 0001:00010190       ?keyPosChanged@BerconGradient@@QEAAXM@Z 0000000180011190 f   BerconGradient.obj
 0001:00010240       ?limitRange@BerconGradient@@QEAAHAEAM@Z 0000000180011240 f   BerconGradient.obj
 0001:00010310       ?resetKeys@BerconGradient@@QEAAXXZ 0000000180011310 f   BerconGradient.obj
 0001:00010400       ?seedRandomGen@BerconGradient@@QEAAXAEAVShadeContext@@@Z 0000000180011400 f   BerconGradient.obj
 0001:00010570       ?setKeyTex@BerconGradient@@QEAAXPEAVTexmap@@@Z 0000000180011570 f   BerconGradient.obj
 0001:00010600       ?Create@BerconTileClassDesc@@UEAAPEAXH@Z 0000000180011600 f i BerconTile.obj
 0001:00010640       ?ClassName@BerconTileClassDesc@@UEAAPEB_WXZ 0000000180011640 f i BerconTile.obj
 0001:00010650       ?InternalName@BerconTileClassDesc@@UEAAPEB_WXZ 0000000180011650 f i BerconTile.obj
 0001:00010660       ??_GBerconTileClassDesc@@UEAAPEAXI@Z 0000000180011660 f i BerconTile.obj
 0001:00010660       ??_EBerconTileClassDesc@@UEAAPEAXI@Z 0000000180011660 f i BerconTile.obj
 0001:000106c0       ??$_Destroy_range1@V?$allocator@VTileRow@@@std@@PEAVTileRow@@@std@@YAXPEAVTileRow@@0AEAU?$_Wrap_alloc@V?$allocator@VTileRow@@@std@@@0@U?$integral_constant@_N$0A@@0@@Z 00000001800116c0 f i BerconTile.obj
 0001:000107b0       ??0BerconTile@@QEAA@XZ     00000001800117b0 f   BerconTile.obj
 0001:000109c0       ??1?$basic_string@_WU?$char_traits@_W@std@@V?$allocator@_W@2@@std@@QEAA@XZ 00000001800119c0 f i BerconTile.obj
 0001:00010a10       ??1?$vector@MV?$allocator@M@std@@@std@@QEAA@XZ 0000000180011a10 f i BerconTile.obj
 0001:00010a50       ??1?$vector@VTileRow@@V?$allocator@VTileRow@@@std@@@std@@QEAA@XZ 0000000180011a50 f i BerconTile.obj
 0001:00010ab0       ??1BerconTile@@UEAA@XZ     0000000180011ab0 f   BerconTile.obj
 0001:00010b30       ??1TilePattern@@QEAA@XZ    0000000180011b30 f i BerconTile.obj
 0001:00010bd0       ??_EBerconTile@@WEA@EAAPEAXI@Z 0000000180011bd0 f i BerconTile.obj
 0001:00010be0       ??_GBerconTile@@UEAAPEAXI@Z 0000000180011be0 f i BerconTile.obj
 0001:00010be0       ??_EBerconTile@@UEAAPEAXI@Z 0000000180011be0 f i BerconTile.obj
 0001:00010c30       ??_GBerconTileDlgProc@@UEAAPEAXI@Z 0000000180011c30 f i BerconTile.obj
 0001:00010c30       ??_EBerconTileDlgProc@@UEAAPEAXI@Z 0000000180011c30 f i BerconTile.obj
 0001:00010c80       ?ActivateTexDisplay@BerconTile@@UEAAXH@Z 0000000180011c80 f i BerconTile.obj
 0001:00010cb0       ?ClassID@BerconTileClassDesc@@UEAA?AVClass_ID@@XZ 0000000180011cb0 f i BerconTile.obj
 0001:00010cb0       ?ClassID@BerconTile@@UEAA?AVClass_ID@@XZ 0000000180011cb0 f i BerconTile.obj
 0001:00010cd0       ?Clone@BerconTile@@UEAAPEAVReferenceTarget@@AEAVRemapDir@@@Z 0000000180011cd0 f   BerconTile.obj
 0001:00010e50       ?CreateParamDlg@BerconTile@@UEAAPEAVParamDlg@@PEAUHWND__@@PEAVIMtlParams@@@Z 0000000180011e50 f   BerconTile.obj
 0001:00010f70       ?DeleteThis@BerconTile@@UEAAXXZ 0000000180011f70 f i BerconTile.obj
 0001:00010fa0       ?DiscardTexHandle@BerconTile@@QEAAXXZ 0000000180011fa0 f i BerconTile.obj
 0001:00010fd0       ?DlgProc@BerconTileDlgProc@@UEAA_JHPEAVIParamMap2@@PEAUHWND__@@I_K_J@Z 0000000180011fd0 f   BerconTile.obj
 0001:000115b0       ?EnableStuff@BerconTile@@QEAAXH@Z 00000001800125b0 f   BerconTile.obj
 0001:00011a20       ?EvalColor@BerconTile@@UEAA?AVAColor@@AEAVShadeContext@@@Z 0000000180012a20 f   BerconTile.obj
 0001:00011fe0       ?EvalMono@BerconTile@@UEAAMAEAVShadeContext@@@Z 0000000180012fe0 f   BerconTile.obj
 0001:00012010       ?EvalNormalPerturb@BerconTile@@UEAA?AVPoint3@@AEAVShadeContext@@@Z 0000000180013010 f   BerconTile.obj
 0001:000129e0       ?EvalParameters@BerconTile@@QEAA?AVTileParam@@AEAVShadeContext@@@Z 00000001800139e0 f   BerconTile.obj
 0001:00012b00       ?GetActiveTexHandle@BerconTile@@UEAA_KHAEAVTexHandleMaker@@@Z 0000000180013b00 f   BerconTile.obj
 0001:00012bc0       ?GetBerconTileDesc@@YAPEAVClassDesc2@@XZ 0000000180013bc0 f   BerconTile.obj
 0001:00012bd0       ?GetClassName@BerconTile@@UEAAXAEAVWStr@@@Z 0000000180013bd0 f i BerconTile.obj
 0001:00012c00       ?GetParamBlock@BerconTile@@UEAAPEAVIParamBlock2@@H@Z 0000000180013c00 f i BerconTile.obj
 0001:00012c30       ?GetParamBlockByID@BerconTile@@UEAAPEAVIParamBlock2@@F@Z 0000000180013c30 f i BerconTile.obj
 0001:00012cd0       ?GetSubTexmap@BerconTile@@UEAAPEAVTexmap@@H@Z 0000000180013cd0 f i BerconTile.obj
 0001:00012ce0       ?GetSubTexmapSlotName@BerconTile@@UEAA?AVWStr@@H@Z 0000000180013ce0 f   BerconTile.obj
 0001:00012dd0       ?LocalRequirements@BerconTile@@UEAAKH@Z 0000000180013dd0 f i BerconTile.obj
 0001:00012df0       ?MappingsRequired@BerconTile@@UEAAXHAEAVBitArray@@0@Z 0000000180013df0 f i BerconTile.obj
 0001:00012e10       ?NotifyRefChanged@BerconTile@@UEAA?AW4RefResult@@AEBVInterval@@PEAVReferenceTarget@@AEA_KIH@Z 0000000180013e10 f   BerconTile.obj
 0001:00012f00       ?NumRefs@BerconTile@@UEAAHXZ 0000000180013f00 f i BerconTile.obj
 0001:00012f10       ?NumSubTexmaps@BerconTile@@UEAAHXZ 0000000180013f10 f i BerconTile.obj
 0001:00012f20       ?Reset@BerconTile@@UEAAXXZ 0000000180013f20 f   BerconTile.obj
 0001:00013520       ?SetDlgThing@BerconTile@@UEAAHPEAVParamDlg@@@Z 0000000180014520 f   BerconTile.obj
 0001:00013560       ?SetReference@BerconTile@@EEAAXHPEAVReferenceTarget@@@Z 0000000180014560 f   BerconTile.obj
 0001:000135b0       ?SetSubTexmap@BerconTile@@UEAAXHPEAVTexmap@@@Z 00000001800145b0 f   BerconTile.obj
 0001:000136a0       ?SetThing@BerconTileDlgProc@@UEAAXPEAVReferenceTarget@@@Z 00000001800146a0 f i BerconTile.obj
 0001:000136d0       ?SubAnim@BerconTile@@UEAAPEAVAnimatable@@H@Z 00000001800146d0 f   BerconTile.obj
 0001:000136d0       ?GetReference@BerconTile@@UEAAPEAVReferenceTarget@@H@Z 00000001800146d0 f   BerconTile.obj
 0001:00013720       ?SubAnimName@BerconTile@@UEAA?AVWStr@@H@Z 0000000180014720 f   BerconTile.obj
 0001:000137c0       ?SubTexmapOn@ISubMap@@UEAAHH@Z 00000001800147c0 f i BerconDistortion.obj
 0001:000137c0       ?NumSubs@BerconWood@@UEAAHXZ 00000001800147c0 f i BerconWood.obj
 0001:000137c0       ?NumSubs@BerconTile@@UEAAHXZ 00000001800147c0 f i BerconTile.obj
 0001:000137c0       ?CanTransferReference@ReferenceMaker@@UEAAHH@Z 00000001800147c0 f i BerconDistortion.obj
 0001:000137c0       ?CanMakeUnique@Animatable@@UEAAHXZ 00000001800147c0 f i BerconDistortion.obj
 0001:000137c0       ?GetMapChannel@Texmap@@UEAAHXZ 00000001800147c0 f i BerconDistortion.obj
 0001:000137c0       ?SupportTexDisplay@BerconNoise@@UEAAHXZ 00000001800147c0 f i BerconNoise.obj
 0001:000137c0       ?LibShutdown@@YAHXZ        00000001800147c0 f i DllEntry.obj
 0001:000137c0       ?OkToCreate@ClassDesc@@UEAAHPEAVInterface@@@Z 00000001800147c0 f i BerconDistortion.obj
 0001:000137c0       ?LoadMapFiles@Texmap@@UEAAHH@Z 00000001800147c0 f i BerconDistortion.obj
 0001:000137c0       ?IsPublic@BerconDistortionClassDesc@@UEAAHXZ 00000001800147c0 f i BerconDistortion.obj
 0001:000137c0       ?GetTransparencyHint@MtlBase@@UEAAHHAEAVInterval@@@Z 00000001800147c0 f i BerconDistortion.obj
 0001:000137c0       ?IsRefMaker@ReferenceMaker@@UEAAHXZ 00000001800147c0 f i BerconDistortion.obj
 0001:000137c0       ?SupportTexDisplay@BerconWood@@UEAAHXZ 00000001800147c0 f i BerconWood.obj
 0001:000137c0       ?IsPublic@BerconWoodClassDesc@@UEAAHXZ 00000001800147c0 f i BerconWood.obj
 0001:000137c0       ?GetSelKeyCoords@Animatable@@UEAAHAEAHAEAMK@Z 00000001800147c0 f i BerconDistortion.obj
 0001:000137c0       ?IsRefTarget@ReferenceTarget@@UEAAHXZ 00000001800147c0 f i BerconDistortion.obj
 0001:000137c0       ?BuildMaps@MtlBase@@UEAAHHAEAVRenderMapsContext@@@Z 00000001800147c0 f i BerconDistortion.obj
 0001:000137c0       ?SupportTexDisplay@BerconGradient@@UEAAHXZ 00000001800147c0 f i BerconGradient.obj
 0001:000137c0       ?CanAssignController@Animatable@@UEAAHH@Z 00000001800147c0 f i BerconDistortion.obj
 0001:000137c0       ?LibInitialize@@YAHXZ      00000001800147c0 f i DllEntry.obj
 0001:000137c0       _get_startup_argv_mode     00000001800147c0 f i MSVCRT:argv_mode.obj
 0001:000137c0       ?SupportTexDisplay@BerconTile@@UEAAHXZ 00000001800147c0 f i BerconTile.obj
 0001:000137c0       ?IsRealDependency@ReferenceMaker@@UEAAHPEAVReferenceTarget@@@Z 00000001800147c0 f i BerconDistortion.obj
 0001:000137c0       ?SupportTexDisplay@BerconDistortion@@UEAAHXZ 00000001800147c0 f i BerconDistortion.obj
 0001:000137c0       ?IsPublic@BerconTileClassDesc@@UEAAHXZ 00000001800147c0 f i BerconTile.obj
 0001:000137c0       ?NumSubs@BerconNoise@@UEAAHXZ 00000001800147c0 f i BerconNoise.obj
 0001:000137c0       ?CanCopyAnim@Animatable@@UEAAHXZ 00000001800147c0 f i BerconDistortion.obj
 0001:000137c0       ?IsPublic@BerconNoiseClassDesc@@UEAAHXZ 00000001800147c0 f i BerconNoise.obj
 0001:000137c0       ?IsEnabled@IGradient@@UEAAHXZ 00000001800147c0 f i BerconGradient.obj
 0001:000137c0       ?IsPublic@BerconGradientClassDesc@@UEAAHXZ 00000001800147c0 f i BerconGradient.obj
 0001:000137c0       ?GetTrackVSpace@Animatable@@UEAAHH@Z 00000001800147c0 f i BerconDistortion.obj
 0001:000137d0       ?Update@BerconTile@@UEAAXHAEAVInterval@@@Z 00000001800147d0 f   BerconTile.obj
 0001:00014030       ?Validity@BerconTile@@UEAA?AVInterval@@H@Z 0000000180015030 f   BerconTile.obj
 0001:00014080       ?_Copy@?$basic_string@_WU?$char_traits@_W@std@@V?$allocator@_W@2@@std@@QEAAX_K0@Z 0000000180015080 f i BerconTile.obj
 0001:000141b0       ?allocate@?$allocator@_W@std@@QEAAPEA_W_K@Z 00000001800151b0 f i BerconTile.obj
 0001:00014230       ?assign@?$basic_string@_WU?$char_traits@_W@std@@V?$allocator@_W@2@@std@@QEAAAEAV12@AEBV12@_K1@Z 0000000180015230 f i BerconTile.obj
 0001:00014370       ?assign@?$basic_string@_WU?$char_traits@_W@std@@V?$allocator@_W@2@@std@@QEAAAEAV12@PEB_W_K@Z 0000000180015370 f i BerconTile.obj
 0001:000144c0       ?checkValues@TileParam@@QEAAXXZ 00000001800154c0 f i BerconTile.obj
 0001:000145c0       ?deallocate@?$allocator@M@std@@QEAAXPEAM_K@Z 00000001800155c0 f i BerconTile.obj
 0001:00014640       ?deallocate@?$allocator@VTileRow@@@std@@QEAAXPEAVTileRow@@_K@Z 0000000180015640 f i BerconTile.obj
 0001:00014640       ?deallocate@?$allocator@V?$basic_string@_WU?$char_traits@_W@std@@V?$allocator@_W@2@@std@@@std@@QEAAXPEAV?$basic_string@_WU?$char_traits@_W@std@@V?$allocator@_W@2@@2@_K@Z 0000000180015640 f i tile.obj
 0001:000146b0       ?deallocate@?$allocator@_W@std@@QEAAXPEA_W_K@Z 00000001800156b0 f i BerconTile.obj
 0001:00014720       ?erase@?$basic_string@_WU?$char_traits@_W@std@@V?$allocator@_W@2@@std@@QEAAAEAV12@_K0@Z 0000000180015720 f i BerconTile.obj
 0001:000147d0       ?getColor@BerconTile@@QEAA?AVAColor@@AEAVShadeContext@@H@Z 00000001800157d0 f i BerconTile.obj
 0001:00014870       ?getDistVector@BerconTile@@QEAA?AVPoint3@@AEAVShadeContext@@@Z 0000000180015870 f   BerconTile.obj
 0001:00014990       ?getFloat@BerconTile@@QEAAMAEAVShadeContext@@H@Z 0000000180015990 f i BerconTile.obj
 0001:000149e0       ?getNormal@BerconTile@@QEAA?AVPoint3@@AEAVShadeContext@@H@Z 00000001800159e0 f i BerconTile.obj
 0001:00014a50       ?update@TilePattern@@QEAAXXZ 0000000180015a50 f i BerconTile.obj
 0001:00014b10       ?Create@BerconWoodClassDesc@@UEAAPEAXH@Z 0000000180015b10 f i BerconWood.obj
 0001:00014b50       ?ClassName@BerconWoodClassDesc@@UEAAPEB_WXZ 0000000180015b50 f i BerconWood.obj
 0001:00014b60       ?Category@BerconTileClassDesc@@UEAAPEB_WXZ 0000000180015b60 f i BerconTile.obj
 0001:00014b60       ?Category@BerconNoiseClassDesc@@UEAAPEB_WXZ 0000000180015b60 f i BerconNoise.obj
 0001:00014b60       ?Category@BerconWoodClassDesc@@UEAAPEB_WXZ 0000000180015b60 f i BerconWood.obj
 0001:00014b60       ?Category@BerconGradientClassDesc@@UEAAPEB_WXZ 0000000180015b60 f i BerconGradient.obj
 0001:00014b60       ?Category@BerconDistortionClassDesc@@UEAAPEB_WXZ 0000000180015b60 f i BerconDistortion.obj
 0001:00014b70       ?InternalName@BerconWoodClassDesc@@UEAAPEB_WXZ 0000000180015b70 f i BerconWood.obj
 0001:00014b80       ?HInstance@BerconNoiseClassDesc@@UEAAPEAUHINSTANCE__@@XZ 0000000180015b80 f i BerconNoise.obj
 0001:00014b80       ?HInstance@BerconTileClassDesc@@UEAAPEAUHINSTANCE__@@XZ 0000000180015b80 f i BerconTile.obj
 0001:00014b80       ?HInstance@BerconWoodClassDesc@@UEAAPEAUHINSTANCE__@@XZ 0000000180015b80 f i BerconWood.obj
 0001:00014b80       ?HInstance@BerconGradientClassDesc@@UEAAPEAUHINSTANCE__@@XZ 0000000180015b80 f i BerconGradient.obj
 0001:00014b80       ?HInstance@BerconDistortionClassDesc@@UEAAPEAUHINSTANCE__@@XZ 0000000180015b80 f i BerconDistortion.obj
 0001:00014b90       ??_EBerconWoodClassDesc@@UEAAPEAXI@Z 0000000180015b90 f i BerconWood.obj
 0001:00014b90       ??_GBerconWoodClassDesc@@UEAAPEAXI@Z 0000000180015b90 f i BerconWood.obj
 0001:00014bf0       ??0BerconWood@@QEAA@XZ     0000000180015bf0 f   BerconWood.obj
 0001:00014d10       ??1BerconWood@@UEAA@XZ     0000000180015d10 f   BerconWood.obj
 0001:00014d78       ??_EBerconWood@@WEA@EAAPEAXI@Z 0000000180015d78 f i BerconWood.obj
 0001:00014d90       ??_GBerconWood@@UEAAPEAXI@Z 0000000180015d90 f i BerconWood.obj
 0001:00014d90       ??_EBerconWood@@UEAAPEAXI@Z 0000000180015d90 f i BerconWood.obj
 0001:00014de0       ??_EBerconWoodDlgProc@@UEAAPEAXI@Z 0000000180015de0 f i BerconWood.obj
 0001:00014de0       ??_GBerconWoodDlgProc@@UEAAPEAXI@Z 0000000180015de0 f i BerconWood.obj
 0001:00014e30       ?ActivateTexDisplay@BerconWood@@UEAAXH@Z 0000000180015e30 f i BerconWood.obj
 0001:00014e60       ?ClassID@BerconWood@@UEAA?AVClass_ID@@XZ 0000000180015e60 f i BerconWood.obj
 0001:00014e60       ?ClassID@BerconWoodClassDesc@@UEAA?AVClass_ID@@XZ 0000000180015e60 f i BerconWood.obj
 0001:00014e80       ?Clone@BerconWood@@UEAAPEAVReferenceTarget@@AEAVRemapDir@@@Z 0000000180015e80 f   BerconWood.obj
 0001:00015000       ?CreateParamDlg@BerconWood@@UEAAPEAVParamDlg@@PEAUHWND__@@PEAVIMtlParams@@@Z 0000000180016000 f   BerconWood.obj
 0001:00015100       ?DeleteThis@BerconWood@@UEAAXXZ 0000000180016100 f i BerconWood.obj
 0001:00015130       ?DeleteThis@BerconWoodDlgProc@@UEAAXXZ 0000000180016130 f i BerconWood.obj
 0001:00015130       ?DeleteThis@BerconTileDlgProc@@UEAAXXZ 0000000180016130 f i BerconTile.obj
 0001:00015130       ?DeleteThis@BerconDistortion@@UEAAXXZ 0000000180016130 f i BerconDistortion.obj
 0001:00015130       ?DeleteThis@BerconGradientDlgProc@@UEAAXXZ 0000000180016130 f i BerconGradient.obj
 0001:00015130       ?DeleteThis@BerconNoiseDlgProc@@UEAAXXZ 0000000180016130 f i BerconNoise.obj
 0001:00015150       ?DiscardTexHandle@BerconWood@@QEAAXXZ 0000000180016150 f i BerconWood.obj
 0001:00015180       ?DlgProc@BerconWoodDlgProc@@UEAA_JHPEAVIParamMap2@@PEAUHWND__@@I_K_J@Z 0000000180016180 f   BerconWood.obj
 0001:00015300       ?EnableStuff@BerconWood@@QEAAXXZ 0000000180016300 f   BerconWood.obj
 0001:000154b0       ?EvalColor@BerconWood@@UEAA?AVAColor@@AEAVShadeContext@@@Z 00000001800164b0 f   BerconWood.obj
 0001:00015b40       ?EvalMono@BerconWood@@UEAAMAEAVShadeContext@@@Z 0000000180016b40 f   BerconWood.obj
 0001:00015b70       ?EvalNormalPerturb@BerconWood@@UEAA?AVPoint3@@AEAVShadeContext@@@Z 0000000180016b70 f   BerconWood.obj
 0001:000165c0       ?EvalParameters@BerconWood@@QEAA?AVWoodParam@@AEAVShadeContext@@@Z 00000001800175c0 f   BerconWood.obj
 0001:000169b0       ?GetActiveTexHandle@BerconWood@@UEAA_KHAEAVTexHandleMaker@@@Z 00000001800179b0 f   BerconWood.obj
 0001:00016a70       ?GetBerconWoodDesc@@YAPEAVClassDesc2@@XZ 0000000180017a70 f   BerconWood.obj
 0001:00016a80       ?GetClassName@BerconWood@@UEAAXAEAVWStr@@@Z 0000000180017a80 f i BerconWood.obj
 0001:00016ab0       ?GetInterface@BerconGradient@@UEAAPEAXK@Z 0000000180017ab0 f i BerconGradient.obj
 0001:00016ab0       ?GetInterface@BerconNoise@@UEAAPEAXK@Z 0000000180017ab0 f i BerconNoise.obj
 0001:00016ab0       ?GetInterface@BerconTile@@UEAAPEAXK@Z 0000000180017ab0 f i BerconTile.obj
 0001:00016ab0       ?GetInterface@BerconWood@@UEAAPEAXK@Z 0000000180017ab0 f i BerconWood.obj
 0001:00016ab8       ?GetInterface@BerconGradient@@WJA@EAAPEAXK@Z 0000000180017ab8 f i BerconGradient.obj
 0001:00016ab8       ?GetInterface@BerconTile@@WJA@EAAPEAXK@Z 0000000180017ab8 f i BerconTile.obj
 0001:00016ab8       ?GetInterface@BerconNoise@@WJA@EAAPEAXK@Z 0000000180017ab8 f i BerconNoise.obj
 0001:00016ab8       ?GetInterface@BerconWood@@WJA@EAAPEAXK@Z 0000000180017ab8 f i BerconWood.obj
 0001:00016ad0       ?GetParamBlock@BerconWood@@UEAAPEAVIParamBlock2@@H@Z 0000000180017ad0 f i BerconWood.obj
 0001:00016b00       ?GetParamBlockByID@BerconWood@@UEAAPEAVIParamBlock2@@F@Z 0000000180017b00 f i BerconWood.obj
 0001:00016ba0       ?GetSubTexmap@BerconWood@@UEAAPEAVTexmap@@H@Z 0000000180017ba0 f i BerconWood.obj
 0001:00016bb0       ?GetSubTexmapSlotName@BerconWood@@UEAA?AVWStr@@H@Z 0000000180017bb0 f   BerconWood.obj
 0001:00016de0       ?LocalRequirements@BerconWood@@UEAAKH@Z 0000000180017de0 f i BerconWood.obj
 0001:00016e00       ?MappingsRequired@BerconWood@@UEAAXHAEAVBitArray@@0@Z 0000000180017e00 f i BerconWood.obj
 0001:00016e20       ?NotifyRefChanged@BerconWood@@UEAA?AW4RefResult@@AEBVInterval@@PEAVReferenceTarget@@AEA_KIH@Z 0000000180017e20 f   BerconWood.obj
 0001:00016f10       ?NumRefs@BerconWood@@UEAAHXZ 0000000180017f10 f i BerconWood.obj
 0001:00016f20       ?NumSubTexmaps@BerconWood@@UEAAHXZ 0000000180017f20 f i BerconWood.obj
 0001:00016f30       ?Reset@BerconWood@@UEAAXXZ 0000000180017f30 f   BerconWood.obj
 0001:00017460       ?SetDlgThing@BerconWood@@UEAAHPEAVParamDlg@@@Z 0000000180018460 f   BerconWood.obj
 0001:000174a0       ?SetReference@BerconWood@@EEAAXHPEAVReferenceTarget@@@Z 00000001800184a0 f   BerconWood.obj
 0001:000174f0       ?SetSubTexmap@BerconWood@@UEAAXHPEAVTexmap@@@Z 00000001800184f0 f   BerconWood.obj
 0001:000175e0       ?SetThing@BerconWoodDlgProc@@UEAAXPEAVReferenceTarget@@@Z 00000001800185e0 f i BerconWood.obj
 0001:000175f0       ?SubAnim@BerconWood@@UEAAPEAVAnimatable@@H@Z 00000001800185f0 f   BerconWood.obj
 0001:000175f0       ?GetReference@BerconWood@@UEAAPEAVReferenceTarget@@H@Z 00000001800185f0 f   BerconWood.obj
 0001:00017640       ?SubAnimName@BerconWood@@UEAA?AVWStr@@H@Z 0000000180018640 f   BerconWood.obj
 0001:00017730       ?Update@BerconWood@@UEAAXHAEAVInterval@@@Z 0000000180018730 f   BerconWood.obj
 0001:00017d30       ?Validity@BerconWood@@UEAA?AVInterval@@H@Z 0000000180018d30 f   BerconWood.obj
 0001:00017d80       ?applyDistortion@BerconWood@@QEAAXAEAVShadeContext@@AEAVPoint3@@@Z 0000000180018d80 f   BerconWood.obj
 0001:00017ea0       ?GetString@@YAPEA_WH@Z     0000000180018ea0 f   DllEntry.obj
 0001:00017ef0       ?LibClassDesc@@YAPEAVClassDesc@@H@Z 0000000180018ef0 f   DllEntry.obj
 0001:00017f60       ?LibDescription@@YAPEB_WXZ 0000000180018f60 f   DllEntry.obj
 0001:00017fb0       ?LibVersion@@YAKXZ         0000000180018fb0 f   DllEntry.obj
 0001:00017fc0       CommctrlIsolationAwarePrivatetRgCebPnQQeRff_pbZPgYQP_QYY 0000000180018fc0 f i DllEntry.obj
 0001:00018090       DllMain                    0000000180019090 f   DllEntry.obj
 0001:000180f0       IsolationAwareInitCommonControls 00000001800190f0 f i DllEntry.obj
 0001:000181e0       IsolationAwarePrivatenPgViNgRzlnPgpgk 00000001800191e0 f i DllEntry.obj
 0001:00018270       IsolationAwarePrivatezlybNQyVOeNelJ 0000000180019270 f i DllEntry.obj
 0001:00018280       WinbaseIsolationAwarePrivatetRgzlnPgpgk 0000000180019280 f i DllEntry.obj
 0001:00018440       ?EnableStuff@BerconXYZ@@AEAAXPEAVIParamBlock2@@H@Z 0000000180019440 f   BerconCommon.obj
 0001:00018710       ?get@BerconXYZ@@AEAAHAEAVShadeContext@@AEAVPoint3@@11VMatrix3@@PEAH@Z 0000000180019710 f   BerconCommon.obj
 0001:00018bb0       ?get@BerconXYZ@@AEAAHAEAVShadeContext@@AEAVPoint3@@VMatrix3@@PEAH@Z 0000000180019bb0 f   BerconCommon.obj
 0001:00018e00       ?get@BerconXYZ@@QEAAHAEAVShadeContext@@AEAVPoint3@@11@Z 0000000180019e00 f   BerconCommon.obj
 0001:00018ef0       ?get@BerconXYZ@@QEAAHAEAVShadeContext@@AEAVPoint3@@11PEAV3@@Z 0000000180019ef0 f   BerconCommon.obj
 0001:000192a0       ?get@BerconXYZ@@QEAAHAEAVShadeContext@@AEAVPoint3@@@Z 000000018001a2a0 f   BerconCommon.obj
 0001:00019370       ?get@BerconXYZ@@QEAAHAEAVShadeContext@@AEAVPoint3@@PEAV3@@Z 000000018001a370 f   BerconCommon.obj
 0001:000196f0       ?getBasis@BerconXYZ@@AEAAXVMatrix3@@PEAVPoint3@@@Z 000000018001a6f0 f   BerconCommon.obj
 0001:000198a0       ?random@BerconXYZ@@AEAA?AVMatrix3@@AEAVShadeContext@@PEAV2@@Z 000000018001a8a0 f   BerconCommon.obj
 0001:00019bb0       ?reset@BerconXYZ@@QEAAXPEAVIParamBlock2@@AEAVInterval@@HHHH@Z 000000018001abb0 f   BerconCommon.obj
 0001:00019f50       ?seedRandomGen@BerconXYZ@@AEAAXAEAVShadeContext@@@Z 000000018001af50 f   BerconCommon.obj
 0001:0001a380       ?update@BerconXYZ@@QEAAXPEAVIParamBlock2@@HAEAVInterval@@@Z 000000018001b380 f   BerconCommon.obj
 0001:0001a8a0       ?update@BerconXYZ@@QEAAXXZ 000000018001b8a0 f   BerconCommon.obj
 0001:0001aa40       ?Create@BerconNoiseClassDesc@@UEAAPEAXH@Z 000000018001ba40 f i BerconNoise.obj
 0001:0001aa80       ?ClassName@BerconNoiseClassDesc@@UEAAPEB_WXZ 000000018001ba80 f i BerconNoise.obj
 0001:0001aa90       ?ClassID@BerconNoiseClassDesc@@UEAA?AVClass_ID@@XZ 000000018001ba90 f i BerconNoise.obj
 0001:0001aa90       ?ClassID@BerconNoise@@UEAA?AVClass_ID@@XZ 000000018001ba90 f i BerconNoise.obj
 0001:0001aab0       ?InternalName@BerconNoiseClassDesc@@UEAAPEB_WXZ 000000018001bab0 f i BerconNoise.obj
 0001:0001aac0       ??_EBerconNoiseClassDesc@@UEAAPEAXI@Z 000000018001bac0 f i BerconNoise.obj
 0001:0001aac0       ??_GBerconNoiseClassDesc@@UEAAPEAXI@Z 000000018001bac0 f i BerconNoise.obj
 0001:0001ab20       ??0BerconNoise@@QEAA@XZ    000000018001bb20 f   BerconNoise.obj
 0001:0001acd0       ??1BerconNoise@@UEAA@XZ    000000018001bcd0 f   BerconNoise.obj
 0001:0001ad38       ??_EBerconNoise@@WEA@EAAPEAXI@Z 000000018001bd38 f i BerconNoise.obj
 0001:0001ad50       ??_EBerconNoise@@UEAAPEAXI@Z 000000018001bd50 f i BerconNoise.obj
 0001:0001ad50       ??_GBerconNoise@@UEAAPEAXI@Z 000000018001bd50 f i BerconNoise.obj
 0001:0001ada0       ??_GBerconNoiseDlgProc@@UEAAPEAXI@Z 000000018001bda0 f i BerconNoise.obj
 0001:0001ada0       ??_EBerconNoiseDlgProc@@UEAAPEAXI@Z 000000018001bda0 f i BerconNoise.obj
 0001:0001adf0       ?ActivateTexDisplay@BerconNoise@@UEAAXH@Z 000000018001bdf0 f i BerconNoise.obj
 0001:0001ae20       ?Clone@BerconNoise@@UEAAPEAVReferenceTarget@@AEAVRemapDir@@@Z 000000018001be20 f   BerconNoise.obj
 0001:0001afc0       ?CreateParamDlg@BerconNoise@@UEAAPEAVParamDlg@@PEAUHWND__@@PEAVIMtlParams@@@Z 000000018001bfc0 f   BerconNoise.obj
 0001:0001b0c0       ?DeleteThis@BerconNoise@@UEAAXXZ 000000018001c0c0 f i BerconNoise.obj
 0001:0001b0f0       ?DiscardTexHandle@BerconNoise@@QEAAXXZ 000000018001c0f0 f i BerconNoise.obj
 0001:0001b120       ?DlgProc@BerconNoiseDlgProc@@UEAA_JHPEAVIParamMap2@@PEAUHWND__@@I_K_J@Z 000000018001c120 f   BerconNoise.obj
 0001:0001b670       ?EnableStuff@BerconNoise@@QEAAXXZ 000000018001c670 f   BerconNoise.obj
 0001:0001b990       ?EvalColor@BerconNoise@@UEAA?AVAColor@@AEAVShadeContext@@@Z 000000018001c990 f   BerconNoise.obj
 0001:0001be20       ?EvalMono@BerconNoise@@UEAAMAEAVShadeContext@@@Z 000000018001ce20 f   BerconNoise.obj
 0001:0001be50       ?EvalNormalPerturb@BerconNoise@@UEAA?AVPoint3@@AEAVShadeContext@@@Z 000000018001ce50 f   BerconNoise.obj
 0001:0001c400       ?EvalParameters@BerconNoise@@QEAA?AVNoiseParams@@PEAVShadeContext@@@Z 000000018001d400 f   BerconNoise.obj
 0001:0001c7f0       ?GetActiveTexHandle@BerconNoise@@UEAA_KHAEAVTexHandleMaker@@@Z 000000018001d7f0 f   BerconNoise.obj
 0001:0001c8b0       ?GetBerconNoiseDesc@@YAPEAVClassDesc2@@XZ 000000018001d8b0 f   BerconNoise.obj
 0001:0001c8c0       ?GetClassName@BerconNoise@@UEAAXAEAVWStr@@@Z 000000018001d8c0 f i BerconNoise.obj
 0001:0001c8f0       ?GetParamBlock@BerconNoise@@UEAAPEAVIParamBlock2@@H@Z 000000018001d8f0 f i BerconNoise.obj
 0001:0001c920       ?GetParamBlockByID@BerconNoise@@UEAAPEAVIParamBlock2@@F@Z 000000018001d920 f i BerconNoise.obj
 0001:0001c9c0       ?GetSubTexmap@BerconNoise@@UEAAPEAVTexmap@@H@Z 000000018001d9c0 f i BerconNoise.obj
 0001:0001c9d0       ?GetSubTexmapSlotName@BerconNoise@@UEAA?AVWStr@@H@Z 000000018001d9d0 f   BerconNoise.obj
 0001:0001cbb0       ?LocalRequirements@BerconNoise@@UEAAKH@Z 000000018001dbb0 f i BerconNoise.obj
 0001:0001cbd0       ?MappingsRequired@BerconNoise@@UEAAXHAEAVBitArray@@0@Z 000000018001dbd0 f i BerconNoise.obj
 0001:0001cbf0       ?NotifyRefChanged@BerconNoise@@UEAA?AW4RefResult@@AEBVInterval@@PEAVReferenceTarget@@AEA_KIH@Z 000000018001dbf0 f   BerconNoise.obj
 0001:0001cd00       ?NumRefs@BerconNoise@@UEAAHXZ 000000018001dd00 f i BerconNoise.obj
 0001:0001cd10       ?NumSubTexmaps@BerconNoise@@UEAAHXZ 000000018001dd10 f i BerconNoise.obj
 0001:0001cd20       ?Reset@BerconNoise@@UEAAXXZ 000000018001dd20 f   BerconNoise.obj
 0001:0001d1c0       ?SetDlgThing@BerconNoise@@UEAAHPEAVParamDlg@@@Z 000000018001e1c0 f   BerconNoise.obj
 0001:0001d200       ?SetReference@BerconNoise@@EEAAXHPEAVReferenceTarget@@@Z 000000018001e200 f   BerconNoise.obj
 0001:0001d250       ?SetSubTexmap@BerconNoise@@UEAAXHPEAVTexmap@@@Z 000000018001e250 f   BerconNoise.obj
 0001:0001d320       ?SetThing@BerconNoiseDlgProc@@UEAAXPEAVReferenceTarget@@@Z 000000018001e320 f i BerconNoise.obj
 0001:0001d330       ?SubAnim@BerconNoise@@UEAAPEAVAnimatable@@H@Z 000000018001e330 f   BerconNoise.obj
 0001:0001d330       ?GetReference@BerconNoise@@UEAAPEAVReferenceTarget@@H@Z 000000018001e330 f   BerconNoise.obj
 0001:0001d380       ?SubAnimName@BerconNoise@@UEAA?AVWStr@@H@Z 000000018001e380 f   BerconNoise.obj
 0001:0001d470       ?SwapInputs@BerconNoise@@QEAAXXZ 000000018001e470 f   BerconNoise.obj
 0001:0001d650       ?Update@BerconNoise@@UEAAXHAEAVInterval@@@Z 000000018001e650 f   BerconNoise.obj
 0001:0001dbe0       ?Validity@BerconNoise@@UEAA?AVInterval@@H@Z 000000018001ebe0 f   BerconNoise.obj
 0001:0001dc30       ?applyDistortion@BerconNoise@@QEAAXAEAVShadeContext@@AEAVPoint3@@@Z 000000018001ec30 f   BerconNoise.obj
 0001:0001dd50       ?fBm@Fractal@@SAMVPoint3@@AEAVNoiseParams@@@Z 000000018001ed50 f   fractal.obj
 0001:0001deb0       ?fBm@Fractal@@SAMVPoint3@@MAEAVNoiseParams@@@Z 000000018001eeb0 f   fractal.obj
 0001:0001e030       ?fBm@Fractal@@SAMVPoint3@@MMM@Z 000000018001f030 f   fractal.obj
 0001:0001e170       ?fBmTurb@Fractal@@SAMVPoint3@@AEAVNoiseParams@@@Z 000000018001f170 f   fractal.obj
 0001:0001e2f0       ?fBmTurb@Fractal@@SAMVPoint3@@MAEAVNoiseParams@@@Z 000000018001f2f0 f   fractal.obj
 0001:0001e4a0       ?fractal@Fractal@@SAMVPoint3@@AEAVNoiseParams@@@Z 000000018001f4a0 f   fractal.obj
 0001:0001e5e0       ?fractal@Fractal@@SAMVPoint3@@MAEAVNoiseParams@@@Z 000000018001f5e0 f   fractal.obj
 0001:0001e740       ?grain@Fractal@@SAMVPoint3@@MM@Z 000000018001f740 f   fractal.obj
 0001:0001e7e0       ?heteroTerrain@Fractal@@SAMVPoint3@@AEAVNoiseParams@@@Z 000000018001f7e0 f   fractal.obj
 0001:0001e9a0       ?hybridMultiFractal@Fractal@@SAMVPoint3@@AEAVNoiseParams@@@Z 000000018001f9a0 f   fractal.obj
 0001:0001ebc0       ?hybridMultiFractal@Fractal@@SAMVPoint3@@MAEAVNoiseParams@@@Z 000000018001fbc0 f   fractal.obj
 0001:0001ee20       ?ridgedMultiFractal@Fractal@@SAMVPoint3@@AEAVNoiseParams@@@Z 000000018001fe20 f   fractal.obj
 0001:0001efd0       ?ridgedMultiFractal@Fractal@@SAMVPoint3@@MAEAVNoiseParams@@@Z 000000018001ffd0 f   fractal.obj
 0001:0001f1a0       ?turbulence@Fractal@@SAMVPoint3@@AEAVNoiseParams@@@Z 00000001800201a0 f   fractal.obj
 0001:0001f300       ?turbulence@Fractal@@SAMVPoint3@@MAEAVNoiseParams@@@Z 0000000180020300 f   fractal.obj
 0001:0001f490       ?addKey@GradientRamp@@QEAAXHMVAColor@@PEAVTexmap@@@Z 0000000180020490 f   GradientRamp.obj
 0001:0001f6b0       ?dragging@GradientRamp@@QEAAXHH_N00@Z 00000001800206b0 f   GradientRamp.obj
 0001:0001f720       ?getBump@GradientRamp@@QEAA?AVPoint3@@MV2@AEAVShadeContext@@@Z 0000000180020720 f   GradientRamp.obj
 0001:0001fad0       ?getColor@GradientRamp@@QEAA?AVAColor@@M@Z 0000000180020ad0 f   GradientRamp.obj
 0001:0001fcf0       ?getColor@GradientRamp@@QEAA?AVAColor@@MAEAVShadeContext@@@Z 0000000180020cf0 f   GradientRamp.obj
 0001:0001ffe0       ?getSubtex@GradientRamp@@QEAAPEAVTexmap@@H@Z 0000000180020fe0 f   GradientRamp.obj
 0001:00020070       ?interpolate@GradientRamp@@QEAAMMMM@Z 0000000180021070 f   GradientRamp.obj
 0001:000200d0       ?invalidate@GradientRamp@@QEAAXXZ 00000001800210d0 f   GradientRamp.obj
 0001:000200f0       ?leftDown@GradientRamp@@QEAAXHH_N00@Z 00000001800210f0 f   GradientRamp.obj
 0001:00020180       ?leftUp@GradientRamp@@QEAAXHH_N00@Z 0000000180021180 f   GradientRamp.obj
 0001:000202b0       ?paint@GradientRamp@@QEAAXPEAUHDC__@@@Z 00000001800212b0 f   GradientRamp.obj
 0001:00020750       ?popup@GradientRamp@@QEAAXHHH@Z 0000000180021750 f   GradientRamp.obj
 0001:00020880       ?reset@GradientRamp@@QEAAXXZ 0000000180021880 f   GradientRamp.obj
 0001:00020940       ?setHWND@GradientRamp@@QEAAXPEAUHWND__@@@Z 0000000180021940 f   GradientRamp.obj
 0001:00020980       ?setSubtex@GradientRamp@@QEAAXHPEAVTexmap@@@Z 0000000180021980 f   GradientRamp.obj
 0001:000209d0       ?setSubtex@GradientRamp@@QEAAXPEAVTexmap@@@Z 00000001800219d0 f   GradientRamp.obj
 0001:00020a30       ?sort@GradientRamp@@QEAAXXZ 0000000180021a30 f   GradientRamp.obj
 0001:00020b40       ?GradientProc@IGradient@@SA_JPEAUHWND__@@I_K_J@Z 0000000180021b40 f   IGradient.obj
 0001:00020dc0       ?InitGradientControls@@YAXXZ 0000000180021dc0 f   IGradient.obj
 0001:00020e40       IsolationAwareRegisterClassExW 0000000180021e40 f i IGradient.obj
 0001:00020f50       ?alterUVW@Noise@@SAXAEAVPoint3@@H@Z 0000000180021f50 f   noise.obj
 0001:00020fd0       ?f@Fractal@@SAMVPoint3@@AEAVNoiseParams@@@Z 0000000180021fd0 f i noise.obj
 0001:000211a0       ?f@Fractal@@SAMVPoint3@@MAEAVNoiseParams@@@Z 00000001800221a0 f i noise.obj
 0001:00021380       ?limitedNoise@Noise@@SAMVPoint3@@00AEAVNoiseParams@@@Z 0000000180022380 f   noise.obj
 0001:00021430       ?limitedNoise@Noise@@SAMVPoint3@@AEAVNoiseParams@@@Z 0000000180022430 f   noise.obj
 0001:000214a0       ?noise@Noise@@SAMVPoint3@@AEAVNoiseParams@@@Z 00000001800224a0 f   noise.obj
 0001:000215b0       ?noise@Noise@@SAMVPoint3@@MAEAVNoiseParams@@@Z 00000001800225b0 f   noise.obj
 0001:000216d0       ?wood@Noise@@SAMVPoint3@@00AEAV2@VWoodParam@@@Z 00000001800226d0 f   noise.obj
 0001:00021d20       ?wood@Noise@@SAMVPoint3@@AEAV2@AEAVWoodParam@@@Z 0000000180022d20 f   noise.obj
 0001:00022140       ?worleyWrapper@Noise@@SAMVPoint3@@AEAVNoiseParams@@@Z 0000000180023140 f   noise.obj
 0001:000222e0       ?fnoise2D@Perlin@@SAMMMM@Z 00000001800232e0 f   perlin.obj
 0001:00022360       ?fnoise3D@Perlin@@SAMMMMM@Z 0000000180023360 f   perlin.obj
 0001:000223f0       ?fnoise4D@Perlin@@SAMMMMMM@Z 00000001800233f0 f   perlin.obj
 0001:000224a0       ?fsnoise2D@Perlin@@SAMMMM@Z 00000001800234a0 f   perlin.obj
 0001:00022520       ?fsnoise3D@Perlin@@SAMMMMM@Z 0000000180023520 f   perlin.obj
 0001:000225b0       ?fsnoise4D@Perlin@@SAMMMMMM@Z 00000001800235b0 f   perlin.obj
 0001:00022660       ?noise@Perlin@@SAMMM@Z     0000000180023660 f   perlin.obj
 0001:000228e0       ?noise@Perlin@@SAMMMM@Z    00000001800238e0 f   perlin.obj
 0001:00022d90       ?noise@Perlin@@SAMMMMM@Z   0000000180023d90 f   perlin.obj
 0001:000236c0       ?point@Perlin@@CAMMMHH@Z   00000001800246c0 f i perlin.obj
 0001:00023760       ?point@Perlin@@CAMMMMHHH@Z 0000000180024760 f i perlin.obj
 0001:00023820       ?point@Perlin@@CAMMMMMHHHH@Z 0000000180024820 f i perlin.obj
 0001:00023900       ?snoise@Perlin@@SAMM@Z     0000000180024900 f   perlin.obj
 0001:000239e0       ?snoise@Perlin@@SAMMM@Z    00000001800249e0 f   perlin.obj
 0001:00023b50       ?snoise@Perlin@@SAMMMM@Z   0000000180024b50 f   perlin.obj
 0001:00023e40       ?snoise@Perlin@@SAMMMMM@Z  0000000180024e40 f   perlin.obj
 0001:000242e0       ??$_Destroy_range1@V?$allocator@V?$basic_string@_WU?$char_traits@_W@std@@V?$allocator@_W@2@@std@@@std@@PEAV?$basic_string@_WU?$char_traits@_W@std@@V?$allocator@_W@2@@2@@std@@YAXPEAV?$basic_string@_WU?$char_traits@_W@std@@V?$allocator@_W@2@@0@0AEAU?$_Wrap_alloc@V?$allocator@V?$basic_string@_WU?$char_traits@_W@std@@V?$allocator@_W@2@@std@@@std@@@0@U?$integral_constant@_N$0A@@0@@Z 00000001800252e0 f i tile.obj
 0001:000243c0       ??$_Uninitialized_move_al_unchecked1@PEAV?$basic_string@_WU?$char_traits@_W@std@@V?$allocator@_W@2@@std@@PEAV12@V?$allocator@V?$basic_string@_WU?$char_traits@_W@std@@V?$allocator@_W@2@@std@@@2@@std@@YAPEAV?$basic_string@_WU?$char_traits@_W@std@@V?$allocator@_W@2@@0@PEAV10@00AEAU?$_Wrap_alloc@V?$allocator@V?$basic_string@_WU?$char_traits@_W@std@@V?$allocator@_W@2@@std@@@std@@@0@U_General_ptr_iterator_tag@0@U_Any_tag@0@@Z 00000001800253c0 f i tile.obj
 0001:00024460       ??$_Uninitialized_move_al_unchecked1@PEAVTileRow@@PEAV1@V?$allocator@VTileRow@@@std@@@std@@YAPEAVTileRow@@PEAV1@00AEAU?$_Wrap_alloc@V?$allocator@VTileRow@@@std@@@0@U_General_ptr_iterator_tag@0@U_Any_tag@0@@Z 0000000180025460 f i tile.obj
 0001:000244f0       ??0?$vector@MV?$allocator@M@std@@@std@@QEAA@AEBV01@@Z 00000001800254f0 f i tile.obj
 0001:000245b0       ??1?$basic_stringbuf@_WU?$char_traits@_W@std@@V?$allocator@_W@2@@std@@UEAA@XZ 00000001800255b0 f i tile.obj
 0001:000245f0       ??1?$basic_stringstream@_WU?$char_traits@_W@std@@V?$allocator@_W@2@@std@@UEAA@XZ 00000001800255f0 f i tile.obj
 0001:00024680       ??1?$vector@V?$basic_string@_WU?$char_traits@_W@std@@V?$allocator@_W@2@@std@@V?$allocator@V?$basic_string@_WU?$char_traits@_W@std@@V?$allocator@_W@2@@std@@@2@@std@@QEAA@XZ 0000000180025680 f i tile.obj
 0001:000246e0       ??1TileRow@@QEAA@XZ        00000001800256e0 f i tile.obj
 0001:00024730       ??_D?$basic_stringstream@_WU?$char_traits@_W@std@@V?$allocator@_W@2@@std@@QEAAXXZ 0000000180025730 f i tile.obj
 0001:00024778       ??_E?$basic_stringstream@_WU?$char_traits@_W@std@@V?$allocator@_W@2@@std@@$4PPPPPPPM@A@EAAPEAXI@Z 0000000180025778 f i tile.obj
 0001:00024790       ??_E?$basic_stringbuf@_WU?$char_traits@_W@std@@V?$allocator@_W@2@@std@@UEAAPEAXI@Z 0000000180025790 f i tile.obj
 0001:00024790       ??_G?$basic_stringbuf@_WU?$char_traits@_W@std@@V?$allocator@_W@2@@std@@UEAAPEAXI@Z 0000000180025790 f i tile.obj
 0001:000247f0       ??_E?$basic_stringstream@_WU?$char_traits@_W@std@@V?$allocator@_W@2@@std@@UEAAPEAXI@Z 00000001800257f0 f i tile.obj
 0001:000247f0       ??_G?$basic_stringstream@_WU?$char_traits@_W@std@@V?$allocator@_W@2@@std@@UEAAPEAXI@Z 00000001800257f0 f i tile.obj
 0001:00024860       ?_Assign_rv@?$basic_string@_WU?$char_traits@_W@std@@V?$allocator@_W@2@@std@@QEAAX$$QEAV12@@Z 0000000180025860 f i tile.obj
 0001:000248f0       ?_Init@?$basic_stringbuf@_WU?$char_traits@_W@std@@V?$allocator@_W@2@@std@@IEAAXPEB_W_KH@Z 00000001800258f0 f i tile.obj
 0001:000249f0       ?_Reallocate@?$vector@MV?$allocator@M@std@@@std@@IEAAX_K@Z 00000001800259f0 f i tile.obj
 0001:00024a80       ?_Reallocate@?$vector@V?$basic_string@_WU?$char_traits@_W@std@@V?$allocator@_W@2@@std@@V?$allocator@V?$basic_string@_WU?$char_traits@_W@std@@V?$allocator@_W@2@@std@@@2@@std@@IEAAX_K@Z 0000000180025a80 f i tile.obj
 0001:00024b40       ?_Reallocate@?$vector@VTileRow@@V?$allocator@VTileRow@@@std@@@std@@IEAAX_K@Z 0000000180025b40 f i tile.obj
 0001:00024c00       ?_Tidy@?$basic_stringbuf@_WU?$char_traits@_W@std@@V?$allocator@_W@2@@std@@IEAAXXZ 0000000180025c00 f i tile.obj
 0001:00024c90       ?allocate@?$allocator@M@std@@QEAAPEAM_K@Z 0000000180025c90 f i tile.obj
[...]
 0004:00001a4c       $pdata$?drawTile@Tile@@CA?AVTilePoint@@VPoint3@@QEAMAEAVTileParam@@HH@Z 0000000180040a4c     tile.obj
 0004:00001a58       $pdata$1$?drawTile@Tile@@CA?AVTilePoint@@VPoint3@@QEAMAEAVTileParam@@HH@Z 0000000180040a58     tile.obj
 0004:00001a64       $pdata$2$?drawTile@Tile@@CA?AVTilePoint@@VPoint3@@QEAMAEAVTileParam@@HH@Z 0000000180040a64     tile.obj
 0004:00001a70       $pdata$?find_first_not_of@?$basic_string@_WU?$char_traits@_W@std@@V?$allocator@_W@2@@std@@QEBA_KAEBV12@_K@Z 0000000180040a70     tile.obj
 0004:00001a7c       $pdata$?find_first_of@?$basic_string@_WU?$char_traits@_W@std@@V?$allocator@_W@2@@std@@QEBA_KAEBV12@_K@Z 0000000180040a7c     tile.obj
 0004:00001a88       $pdata$?getAngle@@YAMHM@Z  0000000180040a88     tile.obj
 0004:00001a94       $pdata$?overflow@?$basic_stringbuf@_WU?$char_traits@_W@std@@V?$allocator@_W@2@@std@@MEAAGG@Z 0000000180040a94     tile.obj
 0004:00001aa0       $pdata$0$?overflow@?$basic_stringbuf@_WU?$char_traits@_W@std@@V?$allocator@_W@2@@std@@MEAAGG@Z 0000000180040aa0     tile.obj
 0004:00001aac       $pdata$2$?overflow@?$basic_stringbuf@_WU?$char_traits@_W@std@@V?$allocator@_W@2@@std@@MEAAGG@Z 0000000180040aac     tile.obj
 0004:00001ab8       $pdata$5$?overflow@?$basic_stringbuf@_WU?$char_traits@_W@std@@V?$allocator@_W@2@@std@@MEAAGG@Z 0000000180040ab8     tile.obj
 0004:00001ac4       $pdata$11$?overflow@?$basic_stringbuf@_WU?$char_traits@_W@std@@V?$allocator@_W@2@@std@@MEAAGG@Z 0000000180040ac4     tile.obj
 0004:00001ad0       $pdata$12$?overflow@?$basic_stringbuf@_WU?$char_traits@_W@std@@V?$allocator@_W@2@@std@@MEAAGG@Z 0000000180040ad0     tile.obj
 0004:00001adc       $pdata$?parsePattern@@YAHV?$basic_string@_WU?$char_traits@_W@std@@V?$allocator@_W@2@@std@@PEAVTilePattern@@@Z 0000000180040adc     tile.obj
 0004:00001ae8       $pdata$?pat_herring@Tile@@CA?AVTilePoint@@VPoint3@@AEAVTileParam@@@Z 0000000180040ae8     tile.obj
 0004:00001af4       $pdata$?pat_xBond@Tile@@CA?AVTilePoint@@VPoint3@@AEAVTileParam@@@Z 0000000180040af4     tile.obj
 0004:00001b00       $pdata$0$?pat_xBond@Tile@@CA?AVTilePoint@@VPoint3@@AEAVTileParam@@@Z 0000000180040b00     tile.obj
 0004:00001b0c       $pdata$1$?pat_xBond@Tile@@CA?AVTilePoint@@VPoint3@@AEAVTileParam@@@Z 0000000180040b0c     tile.obj
 0004:00001b18       $pdata$?rowcol@@YAHAEAM0AEAHMMAEAV?$vector@MV?$allocator@M@std@@@std@@MMM@Z 0000000180040b18     tile.obj
 0004:00001b24       $pdata$5$?rowcol@@YAHAEAM0AEAHMMAEAV?$vector@MV?$allocator@M@std@@@std@@MMM@Z 0000000180040b24     tile.obj
 0004:00001b30       $pdata$6$?rowcol@@YAHAEAM0AEAHMMAEAV?$vector@MV?$allocator@M@std@@@std@@MMM@Z 0000000180040b30     tile.obj
 0004:00001b3c       $pdata$?seekoff@?$basic_stringbuf@_WU?$char_traits@_W@std@@V?$allocator@_W@2@@std@@MEAA?AV?$fpos@U_Mbstatet@@@2@_JHH@Z 0000000180040b3c     tile.obj
 0004:00001b48       $pdata$?seekpos@?$basic_stringbuf@_WU?$char_traits@_W@std@@V?$allocator@_W@2@@std@@MEAA?AV?$fpos@U_Mbstatet@@@2@V32@H@Z 0000000180040b48     tile.obj
 0004:00001b54       $pdata$?setPattern@TilePattern@@QEAAXV?$basic_string@_WU?$char_traits@_W@std@@V?$allocator@_W@2@@std@@@Z 0000000180040b54     tile.obj
 0004:00001b60       $pdata$?setPreset@TilePattern@@QEAAXH@Z 0000000180040b60     tile.obj
 0004:00001b6c       $pdata$?substr@?$basic_string@_WU?$char_traits@_W@std@@V?$allocator@_W@2@@std@@QEBA?AV12@_K0@Z 0000000180040b6c     tile.obj
 0004:00001b78       $pdata$?tokenize@@YAXAEBV?$basic_string@_WU?$char_traits@_W@std@@V?$allocator@_W@2@@std@@AEAV?$vector@V?$basic_string@_WU?$char_traits@_W@std@@V?$allocator@_W@2@@std@@V?$allocator@V?$basic_string@_WU?$char_traits@_W@std@@V?$allocator@_W@2@@std@@@2@@2@0@Z 0000000180040b78     tile.obj
 0004:00001b84       $pdata$?uvMapping@Tile@@CAXAEAVTilePoint@@VPoint3@@QEAMAEAVTileParam@@H@Z 0000000180040b84     tile.obj
 0004:00001b90       $pdata$?add@Worley@@CAXJJJQEBNHPEANH@Z 0000000180040b90     worley.obj
 0004:00001b9c       $pdata$11$?add@Worley@@CAXJJJQEBNHPEANH@Z 0000000180040b9c     worley.obj
 0004:00001ba8       $pdata$12$?add@Worley@@CAXJJJQEBNHPEANH@Z 0000000180040ba8     worley.obj
 0004:00001bb4       $pdata$13$?add@Worley@@CAXJJJQEBNHPEANH@Z 0000000180040bb4     worley.obj
 0004:00001bc0       $pdata$?noise@Worley@@SAXQEBNHPEANH@Z 0000000180040bc0     worley.obj
 0004:00001bcc       $pdata$??_Gtype_info@@UEAAPEAXI@Z 0000000180040bcc     MSVCRT:std_type_info_static.obj
 0004:00001bd8       $pdata$__scrt_acquire_startup_lock 0000000180040bd8     MSVCRT:utility.obj
 0004:00001be4       $pdata$__scrt_dllmain_after_initialize_c 0000000180040be4     MSVCRT:utility.obj
 0004:00001bf0       $pdata$__scrt_dllmain_before_initialize_c 0000000180040bf0     MSVCRT:utility.obj
 0004:00001bfc       $pdata$__scrt_dllmain_crt_thread_attach 0000000180040bfc     MSVCRT:utility.obj
 0004:00001c08       $pdata$__scrt_dllmain_crt_thread_detach 0000000180040c08     MSVCRT:utility.obj
 0004:00001c14       $pdata$__scrt_dllmain_exception_filter 0000000180040c14     MSVCRT:utility.obj
 0004:00001c20       $pdata$__scrt_dllmain_uninitialize_c 0000000180040c20     MSVCRT:utility.obj
 0004:00001c2c       $pdata$__scrt_dllmain_uninitialize_critical 0000000180040c2c     MSVCRT:utility.obj
 0004:00001c38       $pdata$__scrt_initialize_crt 0000000180040c38     MSVCRT:utility.obj
 0004:00001c44       $pdata$__scrt_initialize_onexit_tables 0000000180040c44     MSVCRT:utility.obj
 0004:00001c50       $pdata$__scrt_is_nonwritable_in_current_image 0000000180040c50     MSVCRT:utility.obj
 0004:00001c5c       $pdata$__scrt_release_startup_lock 0000000180040c5c     MSVCRT:utility.obj
 0004:00001c68       $pdata$__scrt_uninitialize_crt 0000000180040c68     MSVCRT:utility.obj
 0004:00001c74       $pdata$_onexit             0000000180040c74     MSVCRT:utility.obj
 0004:00001c80       $pdata$atexit              0000000180040c80     MSVCRT:utility.obj
 0004:00001c8c       $pdata$??2@YAPEAX_K@Z      0000000180040c8c     MSVCRT:new_scalar.obj
 0004:00001ca4       $pdata$?dllmain_crt_dispatch@@YAHQEAUHINSTANCE__@@KQEAX@Z 0000000180040ca4     MSVCRT:dll_dllmain.obj
 0004:00001cb0       $pdata$?dllmain_crt_process_attach@@YAHQEAUHINSTANCE__@@QEAX@Z 0000000180040cb0     MSVCRT:dll_dllmain.obj
 0004:00001cbc       $pdata$?dllmain_crt_process_detach@@YAH_N@Z 0000000180040cbc     MSVCRT:dll_dllmain.obj
 0004:00001cc8       $pdata$?dllmain_dispatch@@YAHQEAUHINSTANCE__@@KQEAX@Z 0000000180040cc8     MSVCRT:dll_dllmain.obj
 0004:00001cd4       $pdata$?dllmain_raw@@YAHQEAUHINSTANCE__@@KQEAX@Z 0000000180040cd4     MSVCRT:dll_dllmain.obj
 0004:00001ce0       $pdata$_DllMainCRTStartup  0000000180040ce0     MSVCRT:dll_dllmain.obj
 0004:00001cec       $pdata$__isa_available_init 0000000180040cec     MSVCRT:_cpu_disp_.obj
 0004:00001cf8       $pdata$__scrt_fastfail     0000000180040cf8     MSVCRT:utility_desktop.obj
 0004:00001d04       $pdata$??0bad_alloc@std@@QEAA@AEBV01@@Z 0000000180040d04     MSVCRT:throw_bad_alloc.obj
 0004:00001d10       $pdata$??0bad_array_new_length@std@@QEAA@AEBV01@@Z 0000000180040d10     MSVCRT:throw_bad_alloc.obj
 0004:00001d1c       $pdata$??0exception@std@@QEAA@AEBV01@@Z 0000000180040d1c     MSVCRT:throw_bad_alloc.obj
 0004:00001d28       $pdata$??_Gexception@std@@UEAAPEAXI@Z 0000000180040d28     MSVCRT:throw_bad_alloc.obj
 0004:00001d28       $pdata$??_Gbad_alloc@std@@UEAAPEAXI@Z 0000000180040d28     MSVCRT:throw_bad_alloc.obj
 0004:00001d28       $pdata$??_Gbad_array_new_length@std@@UEAAPEAXI@Z 0000000180040d28     MSVCRT:throw_bad_alloc.obj
 0004:00001d34       $pdata$?__scrt_throw_std_bad_alloc@@YAXXZ 0000000180040d34     MSVCRT:throw_bad_alloc.obj
 0004:00001d40       $pdata$?__scrt_throw_std_bad_array_new_length@@YAXXZ 0000000180040d40     MSVCRT:throw_bad_alloc.obj
 0004:00001d4c       $pdata$__security_init_cookie 0000000180040d4c     MSVCRT:gs_support.obj
 0004:00001d58       $pdata$__scrt_initialize_default_local_stdio_options 0000000180040d58     MSVCRT:default_local_stdio_options.obj
 0004:00001d64       $pdata$_RTC_Initialize     0000000180040d64     MSVCRT:_initsect_.obj
 0004:00001d70       $pdata$_RTC_Terminate      0000000180040d70     MSVCRT:_initsect_.obj
 0004:00001d88       $pdata$?dtor$1@?0???0BerconGradient@@QEAA@XZ@4HA 0000000180040d88     BerconGradient.obj
 0004:00001d94       $pdata$?dtor$0@?0??GetSubTexmapSlotName@BerconGradient@@UEAA?AVWStr@@H@Z@4HA 0000000180040d94     BerconGradient.obj
 0004:00001da0       $pdata$?dtor$0@?0??SubAnimName@BerconDistortion@@UEAA?AVWStr@@H@Z@4HA 0000000180040da0     BerconDistortion.obj
 0004:00001da0       $pdata$?dtor$0@?0??SubAnimName@BerconNoise@@UEAA?AVWStr@@H@Z@4HA 0000000180040da0     BerconNoise.obj
 0004:00001da0       $pdata$?dtor$0@?0??SubAnimName@BerconWood@@UEAA?AVWStr@@H@Z@4HA 0000000180040da0     BerconWood.obj
 0004:00001da0       $pdata$?dtor$0@?0??SubAnimName@BerconGradient@@UEAA?AVWStr@@H@Z@4HA 0000000180040da0     BerconGradient.obj
 0004:00001da0       $pdata$?dtor$0@?0??GetSubTexmapSlotName@BerconNoise@@UEAA?AVWStr@@H@Z@4HA 0000000180040da0     BerconNoise.obj
 0004:00001da0       $pdata$?dtor$0@?0??GetSubTexmapSlotName@BerconDistortion@@UEAA?AVWStr@@H@Z@4HA 0000000180040da0     BerconDistortion.obj
 0004:00001da0       $pdata$?dtor$0@?0??GetSubTexmapSlotName@BerconTile@@UEAA?AVWStr@@H@Z@4HA 0000000180040da0     BerconTile.obj
 0004:00001da0       $pdata$?dtor$0@?0??GetSubTexmapSlotName@BerconWood@@UEAA?AVWStr@@H@Z@4HA 0000000180040da0     BerconWood.obj
 0004:00001da0       $pdata$?dtor$0@?0??SubAnimName@BerconTile@@UEAA?AVWStr@@H@Z@4HA 0000000180040da0     BerconTile.obj
 0004:00001dac       $pdata$?catch$1@?0??_Copy@?$basic_string@_WU?$char_traits@_W@std@@V?$allocator@_W@2@@std@@QEAAX_K0@Z@4HA 0000000180040dac     BerconTile.obj
 0004:00001db8       $pdata$?catch$0@?0??_Copy@?$basic_string@_WU?$char_traits@_W@std@@V?$allocator@_W@2@@std@@QEAAX_K0@Z@4HA 0000000180040db8     BerconTile.obj
 0004:00001dc4       $pdata$CommctrlIsolationAwarePrivatetRgCebPnQQeRff_pbZPgYQP_QYY$fin$0 0000000180040dc4     DllEntry.obj
 0004:00001dd0       $pdata$IsolationAwareInitCommonControls$fin$0 0000000180040dd0     DllEntry.obj
 0004:00001ddc       $pdata$WinbaseIsolationAwarePrivatetRgzlnPgpgk$fin$0 0000000180040ddc     DllEntry.obj
 0004:00001de8       $pdata$IsolationAwareRegisterClassExW$fin$0 0000000180040de8     IGradient.obj
 0004:00001df4       $pdata$?catch$0@?0???$_Uninitialized_move_al_unchecked1@PEAV?$basic_string@_WU?$char_traits@_W@std@@V?$allocator@_W@2@@std@@PEAV12@V?$allocator@V?$basic_string@_WU?$char_traits@_W@std@@V?$allocator@_W@2@@std@@@2@@std@@YAPEAV?$basic_string@_WU?$char_traits@_W@std@@V?$allocator@_W@2@@0@PEAV10@00AEAU?$_Wrap_alloc@V?$allocator@V?$basic_string@_WU?$char_traits@_W@std@@V?$allocator@_W@2@@std@@@std@@@0@U_General_ptr_iterator_tag@0@U_Any_tag@0@@Z@4HA 0000000180040df4     tile.obj
 0004:00001e00       $pdata$?catch$1@?0???$_Uninitialized_move_al_unchecked1@PEAVTileRow@@PEAV1@V?$allocator@VTileRow@@@std@@@std@@YAPEAVTileRow@@PEAV1@00AEAU?$_Wrap_alloc@V?$allocator@VTileRow@@@std@@@0@U_General_ptr_iterator_tag@0@U_Any_tag@0@@Z@4HA 0000000180040e00     tile.obj
 0004:00001e0c       $pdata$?catch$0@?0???0?$vector@MV?$allocator@M@std@@@std@@QEAA@AEBV01@@Z@4HA 0000000180040e0c     tile.obj
 0004:00001e18       $pdata$?catch$0@?0??_Reallocate@?$vector@MV?$allocator@M@std@@@std@@IEAAX_K@Z@4HA 0000000180040e18     tile.obj
 0004:00001e24       $pdata$?catch$0@?0??_Reallocate@?$vector@V?$basic_string@_WU?$char_traits@_W@std@@V?$allocator@_W@2@@std@@V?$allocator@V?$basic_string@_WU?$char_traits@_W@std@@V?$allocator@_W@2@@std@@@2@@std@@IEAAX_K@Z@4HA 0000000180040e24     tile.obj
 0004:00001e30       $pdata$?catch$0@?0??_Reallocate@?$vector@VTileRow@@V?$allocator@VTileRow@@@std@@@std@@IEAAX_K@Z@4HA 0000000180040e30     tile.obj
 0004:00001e3c       $pdata$?dtor$9@?0??parsePattern@@YAHV?$basic_string@_WU?$char_traits@_W@std@@V?$allocator@_W@2@@std@@PEAVTilePattern@@@Z@4HA 0000000180040e3c     tile.obj
 0004:00001e48       $pdata$?dtor$13@?0??parsePattern@@YAHV?$basic_string@_WU?$char_traits@_W@std@@V?$allocator@_W@2@@std@@PEAVTilePattern@@@Z@4HA 0000000180040e48     tile.obj
 0004:00001e54       $pdata$?dtor$18@?0??parsePattern@@YAHV?$basic_string@_WU?$char_traits@_W@std@@V?$allocator@_W@2@@std@@PEAVTilePattern@@@Z@4HA 0000000180040e54     tile.obj
 0004:00001e60       $pdata$?dtor$26@?0??parsePattern@@YAHV?$basic_string@_WU?$char_traits@_W@std@@V?$allocator@_W@2@@std@@PEAVTilePattern@@@Z@4HA 0000000180040e60     tile.obj
 0004:00001e6c       $pdata$?dtor$28@?0??parsePattern@@YAHV?$basic_string@_WU?$char_traits@_W@std@@V?$allocator@_W@2@@std@@PEAVTilePattern@@@Z@4HA 0000000180040e6c     tile.obj
 0004:00001e78       $pdata$?dtor$0@?0??substr@?$basic_string@_WU?$char_traits@_W@std@@V?$allocator@_W@2@@std@@QEBA?AV12@_K0@Z@4HA 0000000180040e78     tile.obj
 0004:00001e84       $pdata$__scrt_is_nonwritable_in_current_image$filt$0 0000000180040e84     MSVCRT:utility.obj
 0004:00001e90       $pdata$?fin$0@?0??dllmain_crt_process_attach@@YAHQEAUHINSTANCE__@@QEAX@Z@4HA 0000000180040e90     MSVCRT:dll_dllmain.obj
 0004:00001e9c       $pdata$?fin$0@?0??dllmain_crt_process_detach@@YAH_N@Z@4HA 0000000180040e9c     MSVCRT:dll_dllmain.obj
 0004:00001ea8       $pdata$?filt$0@?0??dllmain_dispatch@@YAHQEAUHINSTANCE__@@KQEAX@Z@4HA 0000000180040ea8     MSVCRT:dll_dllmain.obj
 0004:00001eb4       $pdata$??__FBerconDistortionDesc@@YAXXZ 0000000180040eb4     BerconDistortion.obj
 0004:00001ec0       $pdata$??__Fxyz_blk@@YAXXZ 0000000180040ec0     BerconDistortion.obj
 0004:00001ecc       $pdata$??__FBerconGradientDesc@@YAXXZ 0000000180040ecc     BerconGradient.obj
 0004:00001ed8       $pdata$??__Fxyz_blk@@YAXXZ 0000000180040ed8     BerconGradient.obj
 0004:00001ee4       $pdata$??__FBerconTileDesc@@YAXXZ 0000000180040ee4     BerconTile.obj
 0004:00001ef0       $pdata$??__Fxyz_blk@@YAXXZ 0000000180040ef0     BerconTile.obj
 0004:00001efc       $pdata$??__FBerconWoodDesc@@YAXXZ 0000000180040efc     BerconWood.obj
 0004:00001f08       $pdata$??__Fxyz_blk@@YAXXZ 0000000180040f08     BerconWood.obj
 0004:00001f14       $pdata$??__FBerconNoiseDesc@@YAXXZ 0000000180040f14     BerconNoise.obj
 0004:00001f20       $pdata$??__Fxyz_blk@@YAXXZ 0000000180040f20     BerconNoise.obj
 0005:00000000       __guard_fids__             0000000180041000     MSVCRT:std_type_info_static.obj
 0005:00000004       __guard_fids_?dllmain_crt_process_attach@@YAHQEAUHINSTANCE__@@QEAX@Z 0000000180041004     MSVCRT:dll_dllmain.obj
 0005:0000000c       __guard_fids_?dllmain_dispatch@@YAHQEAUHINSTANCE__@@KQEAX@Z 000000018004100c     MSVCRT:dll_dllmain.obj
 0005:00000010       __guard_fids__             0000000180041010     MSVCRT:throw_bad_alloc.obj
 0005:00000018       __guard_fids__             0000000180041018     MSVCRT:throw_bad_alloc.obj
 0005:00000020       __guard_fids__             0000000180041020     MSVCRT:throw_bad_alloc.obj
 0005:00000028       __guard_fids__             0000000180041028     MSVCRT:guard_support.obj
 0006:00000a10       $R000000                   0000000180042a10     BerconNoise.res
 0006:00000ac8       $R0000B8                   0000000180042ac8     BerconNoise.res
 0006:00000af8       $R0000E8                   0000000180042af8     BerconNoise.res
 0006:00000ba0       $R000190                   0000000180042ba0     BerconNoise.res
 0006:00000d30       $R000320                   0000000180042d30     BerconNoise.res
 0006:00000dd8       $R0003C8                   0000000180042dd8     BerconNoise.res
 0006:00000e80       $R000470                   0000000180042e80     BerconNoise.res
 0006:00000f70       $R000560                   0000000180042f70     BerconNoise.res
 0006:00001018       $R000608                   0000000180043018     BerconNoise.res
 0006:00001ea8       $R001498                   0000000180043ea8     BerconNoise.res
 0006:00003138       $R002728                   0000000180045138     BerconNoise.res
 0006:00004910       $R003F00                   0000000180046910     BerconNoise.res
 0006:00005318       $R004908                   0000000180047318     BerconNoise.res
 0006:00005560       $R004B50                   0000000180047560     BerconNoise.res
 0006:000056d8       $R004CC8                   00000001800476d8     BerconNoise.res
 0006:00005ec8       $R0054B8                   0000000180047ec8     BerconNoise.res
 0006:00006ac8       $R0060B8                   0000000180048ac8     BerconNoise.res
 0006:00007c20       $R007210                   0000000180049c20     BerconNoise.res
 0006:00008d88       $R008378                   000000018004ad88     BerconNoise.res
 0006:00009d40       $R009330                   000000018004bd40     BerconNoise.res
 0006:0000add8       $R00A3C8                   000000018004cdd8     BerconNoise.res
 0006:0000b758       $R00AD48                   000000018004d758     BerconNoise.res
 0006:0000b760       $R00AD50                   000000018004d760     BerconNoise.res
 0006:0000b768       $R00AD58                   000000018004d768     BerconNoise.res
 0006:0000b770       $R00AD60                   000000018004d770     BerconNoise.res
 0006:0000b778       $R00AD68                   000000018004d778     BerconNoise.res
 0006:0000b780       $R00AD70                   000000018004d780     BerconNoise.res
 0006:0000b840       $R00AE30                   000000018004d840     BerconNoise.res
 0006:00018988       $R017F78                   000000018005a988     BerconNoise.res
 0006:00018b00       $R0180F0                   000000018005ab00     BerconNoise.res
 0006:00018b68       $R018158                   000000018005ab68     BerconNoise.res
 0006:00018cd0       $R0182C0                   000000018005acd0     BerconNoise.res
 0006:00018d20       $R018310                   000000018005ad20     BerconNoise.res
 0006:00018ee8       $R0184D8                   000000018005aee8     BerconNoise.res
 0006:000190c0       $R0186B0                   000000018005b0c0     BerconNoise.res
 0006:00019298       $R018888                   000000018005b298     BerconNoise.res
 0006:00019398       $R018988                   000000018005b398     BerconNoise.res
 0006:00019468       $R018A58                   000000018005b468     BerconNoise.res
 0006:00019590       $R018B80                   000000018005b590     BerconNoise.res
 0006:00019690       $R018C80                   000000018005b690     BerconNoise.res
 0006:00019808       $R018DF8                   000000018005b808     BerconNoise.res
 0006:00019988       $R018F78                   000000018005b988     BerconNoise.res
 0006:00019b38       $R019128                   000000018005bb38     BerconNoise.res
 0006:00019c18       $R019208                   000000018005bc18     BerconNoise.res
 0006:00019d58       $R019348                   000000018005bd58     BerconNoise.res
 0006:00019ed0       $R0194C0                   000000018005bed0     BerconNoise.res
 0006:0001a0e0       $R0196D0                   000000018005c0e0     BerconNoise.res
 0006:0001a298       $R019888                   000000018005c298     BerconNoise.res
 0006:0001a3b0       $R0199A0                   000000018005c3b0     BerconNoise.res

 Exports

  ordinal    name

        1    ?LibDescription@@YAPEB_WXZ (wchar_t const * __cdecl LibDescription(void))
               exported name: LibDescription
        2    ?LibNumberClasses@@YAHXZ (int __cdecl LibNumberClasses(void))
               exported name: LibNumberClasses
        3    ?LibClassDesc@@YAPEAVClassDesc@@H@Z (class ClassDesc * __cdecl LibClassDesc(int))
               exported name: LibClassDesc
        4    ?LibVersion@@YAKXZ (unsigned long __cdecl LibVersion(void))
               exported name: LibVersion
        5    ??0VertexNormalsControl@@QEAA@XZ (public: __cdecl VertexNormalsControl::VertexNormalsControl(void))
        6    ?LibInitialize@@YAHXZ (int __cdecl LibInitialize(void))
        7    ?LibShutdown@@YAHXZ (int __cdecl LibShutdown(void))
