 BerconMaps_2018_64

 Timestamp is 5ce85eb6 (Fri May 24 17:14:30 2019)

 Preferred load address is 0000000180000000

 Start         Length     Name                   Class
 0001:00000000 000079b0H .text$di                CODE
 0001:000079b0 000222a0H .text$mn                CODE
 0001:00029c50 00000020H .text$mn$00             CODE
 0001:00029c70 00000e20H .text$x                 CODE
 0001:0002aa90 000001dfH .text$yd                CODE
 0002:00000000 000008b0H .idata$5                DATA
 0002:000008b0 00000010H .00cfg                  DATA
 0002:000008c0 00000008H .CRT$XCA                DATA
 0002:000008c8 000000f8H .CRT$XCU                DATA
 0002:000009c0 00000008H .CRT$XCZ                DATA
 0002:000009c8 00000008H .CRT$XIA                DATA
 0002:000009d0 00000008H .CRT$XIZ                DATA
 0002:000009d8 00000008H .CRT$XPA                DATA
 0002:000009e0 00000008H .CRT$XPZ                DATA
 0002:000009e8 00000008H .CRT$XTA                DATA
 0002:000009f0 00000010H .CRT$XTZ                DATA
 0002:00000a00 00006360H .rdata                  DATA
 0002:00006d60 000020d4H .rdata$r                DATA
 0002:00008e34 000002ccH .rdata$zzzdbg           DATA
 0002:00009100 00000008H .rtc$IAA                DATA
 0002:00009108 00000008H .rtc$IZZ                DATA
 0002:00009110 00000008H .rtc$TAA                DATA
 0002:00009118 00000008H .rtc$TZZ                DATA
 0002:00009120 00003b98H .xdata                  DATA
 0002:0000ccb8 000001d8H .xdata$x                DATA
 0002:0000ce90 00000104H .edata                  DATA
 0002:0000cf94 00000118H .idata$2                DATA
 0002:0000d0ac 00000014H .idata$3                DATA
 0002:0000d0c0 000008b0H .idata$4                DATA
 0002:0000d970 00002c50H .idata$6                DATA
 0003:00000000 00000730H .data                   DATA
 0003:00000730 000009f0H .data$r                 DATA
 0003:00001120 00000b58H .bss                    DATA
 0004:00000000 00001f08H .pdata                  DATA
 0005:00000000 0000002cH .gfids$y                DATA
 0006:00000000 000009b0H .rsrc$01                DATA
 0006:000009b0 00019ae8H .rsrc$02                DATA

  Address         Publics by Value              Rva+Base               Lib:Object

 0000:00000000       __guard_iat_table          0000000000000000     <absolute>
 0000:00000000       __guard_longjmp_table      0000000000000000     <absolute>
 0000:00000000       __guard_fids_count         0000000000000000     <absolute>
 0000:00000000       ___safe_se_handler_table   0000000000000000     <absolute>
 0000:00000000       __guard_iat_count          0000000000000000     <absolute>
 0000:00000000       ___safe_se_handler_count   0000000000000000     <absolute>
 0000:00000000       __dynamic_value_reloc_table 0000000000000000     <absolute>
 0000:00000000       __guard_longjmp_count      0000000000000000     <absolute>
 0000:00000000       __guard_fids_table         0000000000000000     <absolute>
 0000:00000100       __guard_flags              0000000000000100     <absolute>
 0000:00000000       __ImageBase                0000000180000000     <linker-defined>
 0001:000079b0       ??_GXYZ_Desc@@UEAAPEAXI@Z  00000001800089b0 f i BerconDistortion.obj
 0001:000079b0       ??_EXYZ_Desc@@UEAAPEAXI@Z  00000001800089b0 f i BerconDistortion.obj
 0001:00007a10       ?Create@BerconDistortionClassDesc@@UEAAPEAXH@Z 0000000180008a10 f i BerconDistortion.obj
 0001:00007a50       ?ClassName@BerconDistortionClassDesc@@UEAAPEB_WXZ 0000000180008a50 f i BerconDistortion.obj
 0001:00007a60       ?InternalName@BerconDistortionClassDesc@@UEAAPEB_WXZ 0000000180008a60 f i BerconDistortion.obj
 0001:00007a70       ??_EBerconDistortionClassDesc@@UEAAPEAXI@Z 0000000180008a70 f i BerconDistortion.obj
 0001:00007a70       ??_GBerconDistortionClassDesc@@UEAAPEAXI@Z 0000000180008a70 f i BerconDistortion.obj
 0001:00007ad0       ?What@TabOutOfRangeException@Util@MaxSDK@@UEBAPEB_WXZ 0000000180008ad0 f i BerconDistortion.obj
 0001:00007af0       ??1TabOutOfRangeException@Util@MaxSDK@@UEAA@XZ 0000000180008af0 f i BerconDistortion.obj
 0001:00007b10       ??0TabOutOfRangeException@Util@MaxSDK@@QEAA@AEBV012@@Z 0000000180008b10 f i BerconDistortion.obj
 0001:00007b50       ?SetUserDlgProc@ClassDesc2@@UEAA_NPEAVParamBlockDesc2@@PEAVParamMap2UserDlgProc@@@Z 0000000180008b50 f i BerconDistortion.obj
 0001:00007b60       ??_ETabOutOfRangeException@Util@MaxSDK@@UEAAPEAXI@Z 0000000180008b60 f i BerconDistortion.obj
 0001:00007b60       ??_GTabOutOfRangeException@Util@MaxSDK@@UEAAPEAXI@Z 0000000180008b60 f i BerconDistortion.obj
 0001:00007bc0       ?InitialRollupPageState@ClassDesc@@UEAAKXZ 0000000180008bc0 f i BerconDistortion.obj
 0001:00007bd0       ?NumInterfaces@ClassDesc@@UEAAHXZ 0000000180008bd0 f i BerconDistortion.obj
 0001:00007be0       ?GetInterfaceAt@ClassDesc@@UEAAPEAVFPInterface@@H@Z 0000000180008be0 f i BerconDistortion.obj
 0001:00007c00       ?ClearInterfaces@ClassDesc@@UEAAXXZ 0000000180008c00 f i BerconDistortion.obj
 0001:00007c10       ?SubClassID@ClassDesc@@UEAA?AVClass_ID@@XZ 0000000180008c10 f i BerconDistortion.obj
 0001:00007c20       ??0BerconDistortion@@QEAA@XZ 0000000180008c20 f   BerconDistortion.obj
 0001:00007d70       ??0BerconSC@@QEAA@QEAVShadeContext@@@Z 0000000180008d70 f i BerconDistortion.obj
 0001:00007f40       ??0BerconXYZ@@QEAA@XZ      0000000180008f40 f i BerconDistortion.obj
 0001:00007fe0       ??0VertexNormalsControl@@QEAA@XZ 0000000180008fe0 f i BerconDistortion.obj
 0001:00008010       ??0XYZ_Desc@@QEAA@PEAVClassDesc2@@HHHHHHH@Z 0000000180009010 f i BerconDistortion.obj
 0001:000092e0       ??1?$Tab@PEAVBaseInterface@@@@QEAA@XZ 000000018000a2e0 f i BerconDistortion.obj
 0001:00009300       ??1?$Tab@PEAVVertexNormalsCallback@@@@QEAA@XZ 000000018000a300 f i BerconDistortion.obj
 0001:00009320       ??1BerconSC@@UEAA@XZ       000000018000a320 f i BerconDistortion.obj
 0001:00009370       ??1ParamMap2UserDlgProc@@UEAA@XZ 000000018000a370 f i BerconDistortion.obj
 0001:00009380       ??1RenderGlobalContext@@UEAA@XZ 000000018000a380 f i BerconDistortion.obj
 0001:000093a0       ??1ShadeContext@@UEAA@XZ   000000018000a3a0 f i BerconDistortion.obj
 0001:000093e0       ??1ShadeOutput@@UEAA@XZ    000000018000a3e0 f i BerconDistortion.obj
 0001:00009400       ??1Texmap@@UEAA@XZ         000000018000a400 f i BerconDistortion.obj
 0001:00009420       ??A?$Tab@PEAVFPInterface@@@@QEBAAEAPEAVFPInterface@@_J@Z 000000018000a420 f i BerconDistortion.obj
 0001:00009510       ??_EBerconDistortion@@WEA@EAAPEAXI@Z 000000018000a510 f i BerconDistortion.obj
 0001:0000951c       ??_EBerconSC@@WCII@EAAPEAXI@Z 000000018000a51c f i BerconDistortion.obj
 0001:00009530       ??_GBaseInterfaceServer@@UEAAPEAXI@Z 000000018000a530 f i BerconDistortion.obj
 0001:00009530       ??_EBaseInterfaceServer@@UEAAPEAXI@Z 000000018000a530 f i BerconDistortion.obj
 0001:00009580       ??_EBerconDistortion@@UEAAPEAXI@Z 000000018000a580 f i BerconDistortion.obj
 0001:00009580       ??_GBerconDistortion@@UEAAPEAXI@Z 000000018000a580 f i BerconDistortion.obj
 0001:00009610       ??_GBerconSC@@UEAAPEAXI@Z  000000018000a610 f i BerconDistortion.obj
 0001:00009610       ??_EBerconSC@@UEAAPEAXI@Z  000000018000a610 f i BerconDistortion.obj
 0001:00009690       ??_EBerconXYZDlgProc@@UEAAPEAXI@Z 000000018000a690 f i BerconDistortion.obj
 0001:00009690       ??_GBerconXYZDlgProc@@UEAAPEAXI@Z 000000018000a690 f i BerconDistortion.obj
 0001:000096e0       ??_EInterfaceServer@@UEAAPEAXI@Z 000000018000a6e0 f i BerconDistortion.obj
 0001:000096e0       ??_GInterfaceServer@@UEAAPEAXI@Z 000000018000a6e0 f i BerconDistortion.obj
 0001:00009730       ??_EParamMap2UserDlgProc@@UEAAPEAXI@Z 000000018000a730 f i BerconDistortion.obj
 0001:00009730       ??_GParamMap2UserDlgProc@@UEAAPEAXI@Z 000000018000a730 f i BerconDistortion.obj
 0001:00009770       ??_GRenderGlobalContext@@UEAAPEAXI@Z 000000018000a770 f i BerconDistortion.obj
 0001:00009770       ??_ERenderGlobalContext@@UEAAPEAXI@Z 000000018000a770 f i BerconDistortion.obj
 0001:000097d0       ??_GShadeContext@@UEAAPEAXI@Z 000000018000a7d0 f i BerconDistortion.obj
 0001:000097d0       ??_EShadeContext@@UEAAPEAXI@Z 000000018000a7d0 f i BerconDistortion.obj
 0001:00009840       ??_GShadeOutput@@UEAAPEAXI@Z 000000018000a840 f i BerconDistortion.obj
 0001:00009840       ??_EShadeOutput@@UEAAPEAXI@Z 000000018000a840 f i BerconDistortion.obj
 0001:000098a0       ?ActivateTexDisplay@BerconDistortion@@UEAAXH@Z 000000018000a8a0 f i BerconDistortion.obj
 0001:000098d0       ?Antialias@BerconSC@@UEAAHXZ 000000018000a8d0 f i BerconDistortion.obj
 0001:000098e0       ?BarycentricCoords@BerconSC@@UEAA?AVPoint3@@XZ 000000018000a8e0 f i BerconDistortion.obj
 0001:00009900       ?BarycentricCoords@ShadeContext@@UEAA?AVPoint3@@XZ 000000018000a900 f i BerconDistortion.obj
 0001:00009910       ?BumpBasisVectors@BerconSC@@UEAAHQEAVPoint3@@HH@Z 000000018000a910 f i BerconDistortion.obj
 0001:00009930       ?BypassTrackBar@Animatable@@UEAAHXZ 000000018000a930 f i BerconDistortion.obj
 0001:00009940       ?CamFarRange@BerconSC@@UEAAMXZ 000000018000a940 f i BerconDistortion.obj
 0001:00009960       ?CamNearRange@BerconSC@@UEAAMXZ 000000018000a960 f i BerconDistortion.obj
 0001:00009980       ?CamNearRange@ShadeContext@@UEAAMXZ 000000018000a980 f i BerconDistortion.obj
 0001:00009980       ?Curve@ShadeContext@@UEAAMXZ 000000018000a980 f i BerconDistortion.obj
 0001:00009980       ?RayConeAngle@ShadeContext@@UEAAMXZ 000000018000a980 f i BerconDistortion.obj
 0001:00009980       ?GetAAFilterSize@RenderGlobalContext@@UEAAMXZ 000000018000a980 f i BerconDistortion.obj
 0001:00009980       ?CamFarRange@ShadeContext@@UEAAMXZ 000000018000a980 f i BerconDistortion.obj
 0001:00009990       ?CamPos@BerconSC@@UEAA?AVPoint3@@XZ 000000018000a990 f i BerconDistortion.obj
 0001:000099c0       ?ClassID@BerconDistortion@@UEAA?AVClass_ID@@XZ 000000018000a9c0 f i BerconDistortion.obj
 0001:000099c0       ?ClassID@BerconDistortionClassDesc@@UEAA?AVClass_ID@@XZ 000000018000a9c0 f i BerconDistortion.obj
 0001:000099e0       ?ClassID@BerconSC@@UEAA?AVClass_ID@@XZ 000000018000a9e0 f i BerconDistortion.obj
 0001:00009a00       ?Clone@BerconDistortion@@UEAAPEAVReferenceTarget@@AEAVRemapDir@@@Z 000000018000aa00 f   BerconDistortion.obj
 0001:00009b30       ?CreateParamDlg@BerconDistortion@@UEAAPEAVParamDlg@@PEAUHWND__@@PEAVIMtlParams@@@Z 000000018000ab30 f   BerconDistortion.obj
 0001:00009bb0       ?CurTime@BerconSC@@UEAAHXZ 000000018000abb0 f i BerconDistortion.obj
 0001:00009bc0       ?Curve@BerconSC@@UEAAMXZ   000000018000abc0 f i BerconDistortion.obj
 0001:00009be0       ?DP@BerconSC@@UEAA?AVPoint3@@XZ 000000018000abe0 f i BerconDistortion.obj
 0001:00009c10       ?DP@BerconSC@@UEAAXAEAVPoint3@@0@Z 000000018000ac10 f i BerconDistortion.obj
 0001:00009c30       ?DPObj@BerconSC@@UEAA?AVPoint3@@XZ 000000018000ac30 f i BerconDistortion.obj
 0001:00009c60       ?DPObjRelBox@BerconSC@@UEAA?AVPoint3@@XZ 000000018000ac60 f i BerconDistortion.obj
 0001:00009c90       ?DPdUVW@BerconSC@@UEAAXQEAVPoint3@@H@Z 000000018000ac90 f i BerconDistortion.obj
 0001:00009cb0       ?DUVW@BerconSC@@UEAA?AVPoint3@@H@Z 000000018000acb0 f i BerconDistortion.obj
 0001:00009cd4       ?DebugFile@BerconSC@@WCII@EAAPEAU_iobuf@@XZ 000000018000acd4 f i BerconDistortion.obj
 0001:00009ce0       ?SetupGfxMultiMaps@MtlBase@@UEAAXHPEAVMaterial@@AEAVMtlMakerCallback@@@Z 000000018000ace0 f i BerconDistortion.obj
 0001:00009ce0       ?SetParamBlock@ParamMap2UserDlgProc@@UEAAXPEAVIParamBlock2@@@Z 000000018000ace0 f i BerconDistortion.obj
 0001:00009ce0       ?SelectCurve@Animatable@@UEAAXH@Z 000000018000ace0 f i BerconDistortion.obj
 0001:00009ce0       ?SelectSubKeys@Animatable@@UEAAXHAEAV?$Tab@VTrackHitRecord@@@@K@Z 000000018000ace0 f i BerconDistortion.obj
 0001:00009ce0       ?SelectKeyByIndex@Animatable@@UEAAXHH@Z 000000018000ace0 f i BerconDistortion.obj
 0001:00009ce0       ?SelectSubCurve@Animatable@@UEAAXHH@Z 000000018000ace0 f i BerconDistortion.obj
 0001:00009ce0       ?SetNormal@ShadeContext@@UEAAXVPoint3@@@Z 000000018000ace0 f i BerconDistortion.obj
 0001:00009ce0       ?LocalMappingsRequired@MtlBase@@UEAAXHAEAVBitArray@@0@Z 000000018000ace0 f i BerconDistortion.obj
 0001:00009ce0       ?SetThing@ParamMap2UserDlgProc@@UEAAXPEAVReferenceTarget@@@Z 000000018000ace0 f i BerconDistortion.obj
 0001:00009ce0       ?DeleteSubAnim@Animatable@@UEAAXH@Z 000000018000ace0 f i BerconDistortion.obj
 0001:00009ce0       ?Update@ParamMap2UserDlgProc@@UEAAXH@Z 000000018000ace0 f i BerconDistortion.obj
 0001:00009ce0       ?CopyKeysFromTime@Animatable@@UEAAXHHK@Z 000000018000ace0 f i BerconDistortion.obj
 0001:00009ce0       ?AdjustTangents@Animatable@@UEAAXVTrackHitRecord@@PEAVParamDimensionBase@@AEAVBox2@@MHMHHHK@Z 000000018000ace0 f i BerconDistortion.obj
 0001:00009ce0       ?InsertTime@Animatable@@UEAAXHH@Z 000000018000ace0 f i BerconDistortion.obj
 0001:00009ce0       ?RevertSetKeyBuffer@Animatable@@UEAAXXZ 000000018000ace0 f i BerconDistortion.obj
 0001:00009ce0       ?RefDeleted@ReferenceTarget@@UEAAXXZ 000000018000ace0 f i BerconDistortion.obj
 0001:00009ce0       ?ScaleKeyValues@Animatable@@UEAAXPEAVParamDimensionBase@@MMK@Z 000000018000ace0 f i BerconDistortion.obj
 0001:00009ce0       ?PutCache@ShadeContext@@UEAAXPEAVTexmap@@AEBVPoint3@@@Z 000000018000ace0 f i BerconDistortion.obj
 0001:00009ce0       ?FlagKey@Animatable@@UEAAXVTrackHitRecord@@@Z 000000018000ace0 f i BerconDistortion.obj
 0001:00009ce0       ?CommitSetKeyBuffer@Animatable@@UEAAXH@Z 000000018000ace0 f i BerconDistortion.obj
 0001:00009ce0       ?DeleteTime@Animatable@@UEAAXVInterval@@K@Z 000000018000ace0 f i BerconDistortion.obj
 0001:00009ce0       ?Disable@IGradient@@UEAAXXZ 000000018000ace0 f i BerconGradient.obj
 0001:00009ce0       ?FreeAllBitmaps@Animatable@@UEAAXXZ 000000018000ace0 f i BerconDistortion.obj
 0001:00009ce0       ?RefDeletedUndoRedo@ReferenceTarget@@UEAAXXZ 000000018000ace0 f i BerconDistortion.obj
 0001:00009ce0       ?FreeCaches@Animatable@@UEAAXXZ 000000018000ace0 f i BerconDistortion.obj
 0001:00009ce0       ?NotifyTarget@ReferenceTarget@@UEAAXHPEAVReferenceMaker@@@Z 000000018000ace0 f i BerconDistortion.obj
 0001:00009ce0       ?ReverseTime@Animatable@@UEAAXVInterval@@K@Z 000000018000ace0 f i BerconDistortion.obj
 0001:00009ce0       ?EditClassParams@ClassDesc@@UEAAXPEAUHWND__@@@Z 000000018000ace0 f i BerconDistortion.obj
 0001:00009ce0       ?TossCache@ShadeContext@@UEAAXPEAVTexmap@@@Z 000000018000ace0 f i BerconDistortion.obj
 0001:00009ce0       ?EditTrackParams@Animatable@@UEAAXHPEAVParamDimensionBase@@PEB_WPEAUHWND__@@PEAVIObjParam@@K@Z 000000018000ace0 f i BerconDistortion.obj
 0001:00009ce0       ?DeleteKeyAtTime@Animatable@@UEAAXH@Z 000000018000ace0 f i BerconDistortion.obj
 0001:00009ce0       ?SetTooltip@IGradient@@UEAAX_NPEB_W@Z 000000018000ace0 f i BerconGradient.obj
 0001:00009ce0       ?CloneSelectedKeys@Animatable@@UEAAXH@Z 000000018000ace0 f i BerconDistortion.obj
 0001:00009ce0       ?AdjustTangents@Animatable@@UEAAXVTrackHitRecord@@PEAVParamDimensionBase@@MMK@Z 000000018000ace0 f i BerconDistortion.obj
 0001:00009ce0       ?GetSystemNodes@Animatable@@UEAAXAEAVINodeTab@@W4SysNodeContext@@@Z 000000018000ace0 f i BerconDistortion.obj
 0001:00009ce0       ?PasteSubTrack@Animatable@@UEAAXHPEAVTrackClipObject@@VInterval@@K@Z 000000018000ace0 f i BerconDistortion.obj
 0001:00009ce0       ?DeleteKeyByIndex@Animatable@@UEAAXH@Z 000000018000ace0 f i BerconDistortion.obj
 0001:00009ce0       ??3@YAXPEAX0@Z             000000018000ace0 f i tile.obj
 0001:00009ce0       ?MoveKeys@Animatable@@UEAAXPEAVParamDimensionBase@@MK@Z 000000018000ace0 f i BerconDistortion.obj
 0001:00009ce0       ?__global_delete@@YAXPEAX_K@Z 000000018000ace0 f i BerconDistortion.obj
 0001:00009ce0       ?ResetCallback@ResourceMakerCallback@@UEAAXHPEAVICurveCtl@@@Z 000000018000ace0 f i BerconGradient.obj
 0001:00009ce0       ?RefAddedUndoRedo@ReferenceTarget@@UEAAXPEAVReferenceMaker@@@Z 000000018000ace0 f i BerconDistortion.obj
 0001:00009ce0       ?PasteTrack@Animatable@@UEAAXPEAVTrackClipObject@@VInterval@@K@Z 000000018000ace0 f i BerconDistortion.obj
 0001:00009ce0       ?DP@ShadeContext@@UEAAXAEAVPoint3@@0@Z 000000018000ace0 f i BerconDistortion.obj
 0001:00009ce0       ?NewCurveCreatedCallback@ResourceMakerCallback@@UEAAXHPEAVICurveCtl@@@Z 000000018000ace0 f i BerconGradient.obj
 0001:00009ce0       ?PutCache@ShadeContext@@UEAAXPEAVTexmap@@AEBVAColor@@@Z 000000018000ace0 f i BerconDistortion.obj
 0001:00009ce0       ?__empty_global_delete@@YAXPEAX_K@Z 000000018000ace0 f i BerconDistortion.obj
 0001:00009ce0       ?ScaleTime@Animatable@@UEAAXVInterval@@M@Z 000000018000ace0 f i BerconDistortion.obj
 0001:00009ce0       ?Enable2@IGradient@@UEAAXH@Z 000000018000ace0 f i BerconGradient.obj
 0001:00009ce0       ?BeginEditParams@Animatable@@UEAAXPEAVIObjParam@@KPEAV1@@Z 000000018000ace0 f i BerconDistortion.obj
 0001:00009ce0       ?IntersectRay@RenderGlobalContext@@UEAAXPEAVRenderInstance@@AEAVRay@@AEAUISect@@AEAVISectList@@H@Z 000000018000ace0 f i BerconDistortion.obj
 0001:00009ce0       _guard_check_icall_nop     000000018000ace0 f i MSVCRT:guard_support.obj
 0001:00009ce0       ?SetIOR@ShadeContext@@UEAAXM@Z 000000018000ace0 f i BerconDistortion.obj
 0001:00009ce0       ?SelectKeys@Animatable@@UEAAXAEAV?$Tab@VTrackHitRecord@@@@K@Z 000000018000ace0 f i BerconDistortion.obj
 0001:00009ce0       ?DeleteKeys@Animatable@@UEAAXK@Z 000000018000ace0 f i BerconDistortion.obj
 0001:00009ce0       ?EditTimeRange@Animatable@@UEAAXVInterval@@K@Z 000000018000ace0 f i BerconDistortion.obj
 0001:00009ce0       ?AddNewKey@Animatable@@UEAAXHK@Z 000000018000ace0 f i BerconDistortion.obj
 0001:00009ce0       ?SetSelKeyCoords@Animatable@@UEAAXHMK@Z 000000018000ace0 f i BerconDistortion.obj
 0001:00009ce0       ?PutCache@ShadeContext@@UEAAXPEAVTexmap@@M@Z 000000018000ace0 f i BerconDistortion.obj
 0001:00009ce0       ?SetOutputLevel@Texmap@@UEAAXHM@Z 000000018000ace0 f i BerconDistortion.obj
 0001:00009ce0       ?EndEditParams@Animatable@@UEAAXPEAVIObjParam@@KPEAV1@@Z 000000018000ace0 f i BerconDistortion.obj
 0001:00009ce0       ?Enable@IGradient@@UEAAXH@Z 000000018000ace0 f i BerconGradient.obj
 0001:00009cf0       ?DeleteThis@BerconGradientDlgProc@@UEAAXXZ 000000018000acf0 f i BerconGradient.obj
 0001:00009cf0       ?DeleteThis@BerconTileDlgProc@@UEAAXXZ 000000018000acf0 f i BerconTile.obj
 0001:00009cf0       ?DeleteThis@BerconDistortion@@UEAAXXZ 000000018000acf0 f i BerconDistortion.obj
 0001:00009cf0       ?DeleteThis@BerconGradient@@UEAAXXZ 000000018000acf0 f i BerconGradient.obj
 0001:00009cf0       ?DeleteThis@BerconNoiseDlgProc@@UEAAXXZ 000000018000acf0 f i BerconNoise.obj
 0001:00009cf0       ?DeleteThis@BerconNoise@@UEAAXXZ 000000018000acf0 f i BerconNoise.obj
 0001:00009cf0       ?DeleteThis@BerconXYZDlgProc@@UEAAXXZ 000000018000acf0 f i BerconDistortion.obj
 0001:00009cf0       ?DeleteThis@BerconWoodDlgProc@@UEAAXXZ 000000018000acf0 f i BerconWood.obj
 0001:00009cf0       ?DeleteThis@BerconWood@@UEAAXXZ 000000018000acf0 f i BerconWood.obj
 0001:00009d10       ?DiffuseIllum@BerconSC@@UEAA?AVColor@@XZ 000000018000ad10 f i BerconDistortion.obj
 0001:00009d40       ?DlgProc@BerconXYZDlgProc@@UEAA_JHPEAVIParamMap2@@PEAUHWND__@@I_K_J@Z 000000018000ad40 f i BerconDistortion.obj
 0001:0000a250       ?EditTrack@Animatable@@UEAAXXZ 000000018000b250 f i BerconDistortion.obj
 0001:0000a280       ?EvalColor@BerconDistortion@@UEAA?AVAColor@@AEAVShadeContext@@@Z 000000018000b280 f   BerconDistortion.obj
 0001:0000a440       ?EvalEnvironMap@BerconSC@@UEAA?AVAColor@@PEAVTexmap@@VPoint3@@@Z 000000018000b440 f i BerconDistortion.obj
 0001:0000a490       ?EvalGlobalEnvironMap@BerconSC@@UEAA?AVAColor@@VPoint3@@@Z 000000018000b490 f i BerconDistortion.obj
 0001:0000a4e0       ?EvalGlobalEnvironMap@RenderGlobalContext@@UEAA?AVAColor@@AEAVShadeContext@@AEAVRay@@H@Z 000000018000b4e0 f i BerconDistortion.obj
 0001:0000a500       ?EvalGlobalEnvironMap@ShadeContext@@UEAA?AVAColor@@VPoint3@@@Z 000000018000b500 f i BerconDistortion.obj
 0001:0000a510       ?EvalMono@BerconDistortion@@UEAAMAEAVShadeContext@@@Z 000000018000b510 f   BerconDistortion.obj
 0001:0000a6a0       ?EvalNormalPerturb@BerconDistortion@@UEAA?AVPoint3@@AEAVShadeContext@@@Z 000000018000b6a0 f   BerconDistortion.obj
 0001:0000a830       ?Execute@BerconSC@@UEAA_JH_K00@Z 000000018000b830 f i BerconDistortion.obj
 0001:0000a844       ?Execute@BerconSC@@WCII@EAA_JH_K00@Z 000000018000b844 f i BerconDistortion.obj
 0001:0000a850       ?FaceNumber@BerconSC@@UEAAHXZ 000000018000b850 f i BerconDistortion.obj
 0001:0000a860       ?GNormal@BerconSC@@UEAA?AVPoint3@@XZ 000000018000b860 f i BerconDistortion.obj
 0001:0000a890       ?GetActiveTexHandle@BerconDistortion@@UEAA_KHAEAVTexHandleMaker@@@Z 000000018000b890 f   BerconDistortion.obj
 0001:0000a950       ?GetBGColor@BerconSC@@UEAAXAEAVColor@@0H@Z 000000018000b950 f i BerconDistortion.obj
 0001:0000a970       ?GetBerconDistortionDesc@@YAPEAVClassDesc2@@XZ 000000018000b970 f   BerconDistortion.obj
 0001:0000a980       ?GetCache@BerconSC@@UEAAHPEAVTexmap@@AEAM@Z 000000018000b980 f i BerconDistortion.obj
 0001:0000a9a0       ?GetCache@BerconSC@@UEAAHPEAVTexmap@@AEAVAColor@@@Z 000000018000b9a0 f i BerconDistortion.obj
 0001:0000a9c0       ?GetCache@BerconSC@@UEAAHPEAVTexmap@@AEAVPoint3@@@Z 000000018000b9c0 f i BerconDistortion.obj
 0001:0000a9e0       ?GetClassName@BerconDistortion@@UEAAXAEAVWStr@@@Z 000000018000b9e0 f i BerconDistortion.obj
 0001:0000aa10       ?GetEvalObject@BerconSC@@UEAAPEAVObject@@XZ 000000018000ba10 f i BerconDistortion.obj
 0001:0000aa20       ?GetIOR@BerconSC@@UEAAMXZ  000000018000ba20 f i BerconDistortion.obj
 0001:0000aa40       ?GetInterface@MtlBase@@UEAAPEAVBaseInterface@@VInterface_ID@@@Z 000000018000ba40 f i BerconDistortion.obj
 0001:0000aa70       ?GetNSuperSample@BerconSC@@UEAAHXZ 000000018000ba70 f i BerconDistortion.obj
 0001:0000aa90       ?GetParamBlock@BerconDistortion@@UEAAPEAVIParamBlock2@@H@Z 000000018000ba90 f i BerconDistortion.obj
 0001:0000aab0       ?GetParamBlockByID@BerconDistortion@@UEAAPEAVIParamBlock2@@F@Z 000000018000bab0 f i BerconDistortion.obj
 0001:0000ab00       ?GetParamDimension@Animatable@@UEAAPEAVParamDimension@@H@Z 000000018000bb00 f i BerconDistortion.obj
 0001:0000ab10       ?GetRefTarget@MtlBase@@UEAAPEAVReferenceTarget@@XZ 000000018000bb10 f i BerconDistortion.obj
 0001:0000ab20       ?SubAnim@BerconDistortion@@UEAAPEAVAnimatable@@H@Z 000000018000bb20 f   BerconDistortion.obj
 0001:0000ab20       ?GetReference@BerconDistortion@@UEAAPEAVReferenceTarget@@H@Z 000000018000bb20 f   BerconDistortion.obj
 0001:0000ab50       ?GetRenderElement@BerconSC@@UEAAPEAVIRenderElement@@H@Z 000000018000bb50 f i BerconDistortion.obj
 0001:0000ab70       ?GetRenderElement@ShadeContext@@UEAAPEAVIRenderElement@@H@Z 000000018000bb70 f i BerconDistortion.obj
 0001:0000ab90       ?GetSampleSizeScale@BerconSC@@UEAAMXZ 000000018000bb90 f i BerconDistortion.obj
 0001:0000abb0       ?GetIOR@ShadeContext@@UEAAMXZ 000000018000bbb0 f i BerconDistortion.obj
 0001:0000abb0       ?GetSampleSizeScale@ShadeContext@@UEAAMXZ 000000018000bbb0 f i BerconDistortion.obj
 0001:0000abc0       ?GetSubAnimCurveColor@Animatable@@UEAAKH@Z 000000018000bbc0 f i BerconDistortion.obj
 0001:0000abd0       ?GetSubTexmap@BerconDistortion@@UEAAPEAVTexmap@@H@Z 000000018000bbd0 f i BerconDistortion.obj
 0001:0000abe0       ?GetSubTexmapSlotName@BerconDistortion@@UEAA?AVWStr@@H@Z 000000018000bbe0 f   BerconDistortion.obj
 0001:0000ac70       ?GetUVTransform@Texmap@@UEAAXAEAVMatrix3@@@Z 000000018000bc70 f i BerconDistortion.obj
 0001:0000ac80       ?HitTestSubFCurves@Animatable@@UEAAHHPEAVParamDimensionBase@@AEAV?$Tab@VTrackHitRecord@@@@AEAVBox2@@2MHMHK@Z 000000018000bc80 f i BerconDistortion.obj
 0001:0000ac80       ?HitTestFCurves@Animatable@@UEAAHPEAVParamDimensionBase@@AEAV?$Tab@VTrackHitRecord@@@@AEAVBox2@@2MHMHK@Z 000000018000bc80 f i BerconDistortion.obj
 0001:0000ac90       ?InMtlEditor@BerconSC@@UEAAHXZ 000000018000bc90 f i BerconDistortion.obj
 0001:0000aca0       ?InitSlotType@Texmap@@UEAAXH@Z 000000018000bca0 f i BerconDistortion.obj
 0001:0000acb0       ?DrawRepresentation@ClassDesc@@UEAA_NKPEAUHDC__@@AEAVBox2@@@Z 000000018000bcb0 f i BerconDistortion.obj
 0001:0000acb0       ?UseOnlyInternalNameForMAXScriptExposure@ClassDesc@@UEAA_NXZ 000000018000bcb0 f i BerconDistortion.obj
 0001:0000acb0       ?GetMacroRecorderName@Animatable@@UEAA_N_NAEAVWStr@@@Z 000000018000bcb0 f i BerconDistortion.obj
 0001:0000acb0       ?IsLocalOutputMeaningful@Texmap@@UEAA_NAEAVShadeContext@@@Z 000000018000bcb0 f i BerconDistortion.obj
 0001:0000acc0       ?GetCache@ShadeContext@@UEAAHPEAVTexmap@@AEAM@Z 000000018000bcc0 f i BerconDistortion.obj
 0001:0000acc0       ?GetKeySelState@Animatable@@UEAAHAEAVBitArray@@VInterval@@K@Z 000000018000bcc0 f i BerconDistortion.obj
 0001:0000acc0       ?CreateQtWidget@ClassDesc2@@UEAAPEAVQMaxParamBlockWidget@MaxSDK@@AEAVReferenceMaker@@AEAVIParamBlock2@@FAEAVWStr@@AEAH3@Z 000000018000bcc0 f i BerconDistortion.obj
 0001:0000acc0       ?InvisibleProperty@Animatable@@UEAAHXZ 000000018000bcc0 f i BerconDistortion.obj
 0001:0000acc0       ?IsManipulator@ClassDesc@@UEAAHXZ 000000018000bcc0 f i BerconDistortion.obj
 0001:0000acc0       ?PaintFCurves@Animatable@@UEAAHPEAVParamDimensionBase@@PEAUHDC__@@AEAVBox2@@2MHMHK@Z 000000018000bcc0 f i BerconDistortion.obj
 0001:0000acc0       ?Execute@ICustomControl@@UEAA_JH_K00@Z 000000018000bcc0 f i BerconGradient.obj
 0001:0000acc0       ?CopyTrack@Animatable@@UEAAPEAVTrackClipObject@@VInterval@@K@Z 000000018000bcc0 f i BerconDistortion.obj
 0001:0000acc0       ?CanPasteSubTrack@Animatable@@UEAAHHPEAVTrackClipObject@@VInterval@@K@Z 000000018000bcc0 f i BerconDistortion.obj
 0001:0000acc0       ?GetFCurveExtents@Animatable@@UEAAHPEAVParamDimensionBase@@AEAM1K@Z 000000018000bcc0 f i BerconDistortion.obj
 0001:0000acc0       ?CanManipulateNode@ClassDesc@@UEAAHPEAVINode@@@Z 000000018000bcc0 f i BerconDistortion.obj
 0001:0000acc0       ?ChildAnim@Animatable@@UEAAPEAV1@H@Z 000000018000bcc0 f i BerconDistortion.obj
 0001:0000acc0       ?CreateManipulator@ClassDesc@@UEAAPEAVManipulator@@PEAVINode@@@Z 000000018000bcc0 f i BerconDistortion.obj
 0001:0000acc0       ?Load@ClassDesc@@UEAA?AW4IOResult@@PEAVILoad@@@Z 000000018000bcc0 f i BerconDistortion.obj
 0001:0000acc0       ?Execute@RenderGlobalContext@@UEAA_JH_K00@Z 000000018000bcc0 f i BerconDistortion.obj
 0001:0000acc0       ?Execute@IGradient@@UEAA_JH_K00@Z 000000018000bcc0 f i BerconGradient.obj
 0001:0000acc0       ?SelectSubAnim@Animatable@@UEAAHH@Z 000000018000bcc0 f i BerconDistortion.obj
 0001:0000acc0       ?SetKeyBufferPresent@Animatable@@UEAAHXZ 000000018000bcc0 f i BerconDistortion.obj
 0001:0000acc0       ?GetAAFilterKernel@RenderGlobalContext@@UEAAPEAVFilterKernel@@XZ 000000018000bcc0 f i BerconDistortion.obj
 0001:0000acc0       ?EndCreate@ClassDesc@@UEAAHPEAVInterface@@@Z 000000018000bcc0 f i BerconDistortion.obj
 0001:0000acc0       __scrt_stub_for_is_c_termination_complete 000000018000bcc0 f i MSVCRT:ucrt_stubs.obj
 0001:0000acc0       ?IsSuperSampleOn@ShadeContext@@UEAAHXZ 000000018000bcc0 f i BerconDistortion.obj
 0001:0000acc0       ?GetTheXYZGen@Texmap@@UEAAPEAVXYZGen@@XZ 000000018000bcc0 f i BerconDistortion.obj
 0001:0000acc0       ?GetViewParams@RenderGlobalContext@@UEAAPEAVViewParams@@XZ 000000018000bcc0 f i BerconDistortion.obj
 0001:0000acc0       ?DebugFile@BerconSC@@UEAAPEAU_iobuf@@XZ 000000018000bcc0 f i BerconDistortion.obj
 0001:0000acc0       ?IsKeyAtTime@Animatable@@UEAAHHK@Z 000000018000bcc0 f i BerconDistortion.obj
 0001:0000acc0       ?SetSelKeyCoordsExpr@Animatable@@UEAAHPEAVParamDimension@@PEB_W1K@Z 000000018000bcc0 f i BerconDistortion.obj
 0001:0000acc0       ?GetTheXYZGen@BerconNoise@@UEAAPEAVXYZGen@@XZ 000000018000bcc0 f i BerconNoise.obj
 0001:0000acc0       ?TrackParamsType@Animatable@@UEAAHXZ 000000018000bcc0 f i BerconDistortion.obj
 0001:0000acc0       ?Execute@ShadeContext@@UEAA_JH_K00@Z 000000018000bcc0 f i BerconDistortion.obj
 0001:0000acc0       ?GetActionTable@ClassDesc@@UEAAPEAVActionTable@@H@Z 000000018000bcc0 f i BerconDistortion.obj
 0001:0000acc0       ?ProjType@ShadeContext@@UEAAHXZ 000000018000bcc0 f i BerconDistortion.obj
 0001:0000acc0       ?CreateManipulator@ClassDesc@@UEAAPEAVManipulator@@PEAVReferenceTarget@@PEAVINode@@@Z 000000018000bcc0 f i BerconDistortion.obj
 0001:0000acc0       ?Execute@ClassDesc@@UEAA_JH_K00@Z 000000018000bcc0 f i BerconDistortion.obj
 0001:0000acc0       ?TrackViewWinProc@Animatable@@UEAA_JPEAUHWND__@@I_K_J@Z 000000018000bcc0 f i BerconDistortion.obj
 0001:0000acc0       ?GetUVWSource@Texmap@@UEAAHXZ 000000018000bcc0 f i BerconDistortion.obj
 0001:0000acc0       ?SupportsMultiMapsInViewport@MtlBase@@UEAAHXZ 000000018000bcc0 f i BerconDistortion.obj
 0001:0000acc0       ?Antialias@ShadeContext@@UEAAHXZ 000000018000bcc0 f i BerconDistortion.obj
 0001:0000acc0       ?HasClassParams@ClassDesc@@UEAAHXZ 000000018000bcc0 f i BerconDistortion.obj
 0001:0000acc0       ?IsCurveSelected@Animatable@@UEAAHXZ 000000018000bcc0 f i BerconDistortion.obj
 0001:0000acc0       ?GetSubFCurveExtents@Animatable@@UEAAHHPEAVParamDimensionBase@@AEAM1K@Z 000000018000bcc0 f i BerconDistortion.obj
 0001:0000acc0       ?NumRenderInstances@RenderGlobalContext@@UEAAHXZ 000000018000bcc0 f i BerconDistortion.obj
 0001:0000acc0       ?IsHighDynamicRange@Texmap@@UEBAHXZ 000000018000bcc0 f i BerconDistortion.obj
 0001:0000acc0       ?BypassPropertyLevel@Animatable@@UEAAHXZ 000000018000bcc0 f i BerconDistortion.obj
 0001:0000acc0       ?GetNSuperSample@ShadeContext@@UEAAHXZ 000000018000bcc0 f i BerconDistortion.obj
 0001:0000acc0       ?GetParamMap@ClassDesc@@UEAAPEAVIParamMap2@@PEAVParamBlockDesc2@@@Z 000000018000bcc0 f i BerconDistortion.obj
 0001:0000acc0       _is_c_termination_complete 000000018000bcc0 f i MSVCRT:ucrt_stubs.obj
 0001:0000acc0       ?CanCopySubTrack@Animatable@@UEAAHHVInterval@@K@Z 000000018000bcc0 f i BerconDistortion.obj
 0001:0000acc0       ?NumActionTables@ClassDesc@@UEAAHXZ 000000018000bcc0 f i BerconDistortion.obj
 0001:0000acc0       ?GetKeyTime@Animatable@@UEAAHH@Z 000000018000bcc0 f i BerconDistortion.obj
 0001:0000acc0       ?IsKeySelected@Animatable@@UEAAHH@Z 000000018000bcc0 f i BerconDistortion.obj
 0001:0000acc0       ?CanCopyTrack@Animatable@@UEAAHVInterval@@K@Z 000000018000bcc0 f i BerconDistortion.obj
 0001:0000acc0       ?Node@ShadeContext@@UEAAPEAVINode@@XZ 000000018000bcc0 f i BerconDistortion.obj
 0001:0000acc0       ?BypassTreeView@Animatable@@UEAAHXZ 000000018000bcc0 f i BerconDistortion.obj
 0001:0000acc0       ?GetCache@ShadeContext@@UEAAHPEAVTexmap@@AEAVAColor@@@Z 000000018000bcc0 f i BerconDistortion.obj
 0001:0000acc0       ?IsSubCurveSelected@Animatable@@UEAAHH@Z 000000018000bcc0 f i BerconDistortion.obj
 0001:0000acc0       ?DebugFile@RenderGlobalContext@@UEAAPEAU_iobuf@@XZ 000000018000bcc0 f i BerconDistortion.obj
 0001:0000acc0       ?GetUserDlgProc@ClassDesc@@UEAAPEAVParamMap2UserDlgProc@@PEAVParamBlockDesc2@@@Z 000000018000bcc0 f i BerconDistortion.obj
 0001:0000acc0       ?Save@ClassDesc@@UEAA?AW4IOResult@@PEAVISave@@@Z 000000018000bcc0 f i BerconDistortion.obj
 0001:0000acc0       ?BeginCreate@ClassDesc@@UEAAHPEAVInterface@@@Z 000000018000bcc0 f i BerconDistortion.obj
 0001:0000acc0       ?SupportTimeOperations@Animatable@@UEAAHXZ 000000018000bcc0 f i BerconDistortion.obj
 0001:0000acc0       ?BumpBasisVectors@ShadeContext@@UEAAHQEAVPoint3@@HH@Z 000000018000bcc0 f i BerconDistortion.obj
 0001:0000acc0       ?CanManipulate@ClassDesc@@UEAAHPEAVReferenceTarget@@@Z 000000018000bcc0 f i BerconDistortion.obj
 0001:0000acc0       ?AssignController@Animatable@@UEAAHPEAV1@H@Z 000000018000bcc0 f i BerconDistortion.obj
 0001:0000acc0       ?IsMultiMtl@MtlBase@@UEAAHXZ 000000018000bcc0 f i BerconDistortion.obj
 0001:0000acc0       ?NumChildren@Animatable@@UEAAHXZ 000000018000bcc0 f i BerconDistortion.obj
 0001:0000acc0       ?ShouldPersistWeakRef@ReferenceMaker@@UEAAHPEAVReferenceTarget@@@Z 000000018000bcc0 f i BerconDistortion.obj
 0001:0000acc0       ?DebugFile@ShadeContext@@UEAAPEAU_iobuf@@XZ 000000018000bcc0 f i BerconDistortion.obj
 0001:0000acc0       ?IsTextureSuperSampleOn@ShadeContext@@UEAAHXZ 000000018000bcc0 f i BerconDistortion.obj
 0001:0000acc0       ?GetTheUVGen@Texmap@@UEAAPEAVUVGen@@XZ 000000018000bcc0 f i BerconDistortion.obj
 0001:0000acc0       ?GetNextKeyTime@Animatable@@UEAAHHKAEAH@Z 000000018000bcc0 f i BerconDistortion.obj
 0001:0000acc0       ?SetCustomImageList@ResourceMakerCallback@@UEAAHAEAPEAU_IMAGELIST@@PEAVICurveCtl@@@Z 000000018000bcc0 f i BerconGradient.obj
 0001:0000acc0       ?CanDeleteSubAnim@Animatable@@UEAAHH@Z 000000018000bcc0 f i BerconDistortion.obj
 0001:0000acc0       ?GetEvalObject@ShadeContext@@UEAAPEAVObject@@XZ 000000018000bcc0 f i BerconDistortion.obj
 0001:0000acc0       ?NeedsToSave@ClassDesc@@UEAAHXZ 000000018000bcc0 f i BerconDistortion.obj
 0001:0000acc0       ?NumSelKeys@Animatable@@UEAAHXZ 000000018000bcc0 f i BerconDistortion.obj
 0001:0000acc0       ?IntersectWorld@RenderGlobalContext@@UEAAHAEAVRay@@HAEAUISect@@AEAVISectList@@H@Z 000000018000bcc0 f i BerconDistortion.obj
 0001:0000acc0       ?GetRenderInstance@RenderGlobalContext@@UEAAPEAVRenderInstance@@H@Z 000000018000bcc0 f i BerconDistortion.obj
 0001:0000acc0       ?GetCache@ShadeContext@@UEAAHPEAVTexmap@@AEAVPoint3@@@Z 000000018000bcc0 f i BerconDistortion.obj
 0001:0000acc0       ?GetKeyTimes@Animatable@@UEAAHAEAV?$Tab@H@@VInterval@@K@Z 000000018000bcc0 f i BerconDistortion.obj
 0001:0000acc0       ?GetToolTip@ResourceMakerCallback@@UEAAHHAEAVWStr@@PEAVICurveCtl@@@Z 000000018000bcc0 f i BerconGradient.obj
 0001:0000acc0       ?RenderBegin@Animatable@@UEAAHHK@Z 000000018000bcc0 f i BerconDistortion.obj
 0001:0000acc0       ?CopySubTrack@Animatable@@UEAAPEAVTrackClipObject@@HVInterval@@K@Z 000000018000bcc0 f i BerconDistortion.obj
 0001:0000acc0       ?SetDlgThing@BerconDistortion@@UEAAHPEAVParamDlg@@@Z 000000018000bcc0 f i BerconDistortion.obj
 0001:0000acc0       ?CanPasteTrack@Animatable@@UEAAHPEAVTrackClipObject@@VInterval@@K@Z 000000018000bcc0 f i BerconDistortion.obj
 0001:0000acc0       ?PaintSubFCurves@Animatable@@UEAAHHPEAVParamDimensionBase@@PEAUHDC__@@AEAVBox2@@2MHMHK@Z 000000018000bcc0 f i BerconDistortion.obj
 0001:0000acc0       ?HandleOwnViewPerturb@Texmap@@UEAAHXZ 000000018000bcc0 f i BerconDistortion.obj
 0001:0000acc0       ?RenderEnd@Animatable@@UEAAHH@Z 000000018000bcc0 f i BerconDistortion.obj
 0001:0000acd0       ?IsSubClassOf@Animatable@@UEAAHVClass_ID@@@Z 000000018000bcd0 f i BerconDistortion.obj
 0001:0000ad10       ?IsSuperSampleOn@BerconSC@@UEAAHXZ 000000018000bd10 f i BerconDistortion.obj
 0001:0000ad30       ?IsTextureSuperSampleOn@BerconSC@@UEAAHXZ 000000018000bd30 f i BerconDistortion.obj
 0001:0000ad50       ?Light@BerconSC@@UEAAPEAVLightDesc@@H@Z 000000018000bd50 f i BerconDistortion.obj
 0001:0000ad60       ?LocalRequirements@BerconDistortion@@UEAAKH@Z 000000018000bd60 f i BerconDistortion.obj
 0001:0000ad80       ?MapSlotType@Texmap@@UEAAHH@Z 000000018000bd80 f i BerconDistortion.obj
 0001:0000ad90       ?MappingsRequired@BerconDistortion@@UEAAXHAEAVBitArray@@0@Z 000000018000bd90 f i BerconDistortion.obj
 0001:0000adb0       ?NRenderElements@BerconSC@@UEAAHXZ 000000018000bdb0 f i BerconDistortion.obj
 0001:0000add0       ?NRenderElements@ShadeContext@@UEAAHXZ 000000018000bdd0 f i BerconDistortion.obj
 0001:0000adf0       ?Node@BerconSC@@UEAAPEAVINode@@XZ 000000018000bdf0 f i BerconDistortion.obj
 0001:0000ae00       ?NodeID@BerconSC@@UEAAHXZ  000000018000be00 f i BerconDistortion.obj
 0001:0000ae10       ?Normal@BerconSC@@UEAA?AVPoint3@@XZ 000000018000be10 f i BerconDistortion.obj
 0001:0000ae30       ?NotifyDependents@ReferenceMaker@@EEAA?AW4RefResult@@AEBVInterval@@_KIKHPEAVReferenceTarget@@@Z 000000018000be30 f i BerconDistortion.obj
 0001:0000ae60       ?NotifyForeground@ReferenceTarget@@UEAAXH@Z 000000018000be60 f i BerconDistortion.obj
 0001:0000aec0       ?NotifyRefChanged@BerconDistortion@@UEAA?AW4RefResult@@AEBVInterval@@PEAVReferenceTarget@@AEA_KIH@Z 000000018000bec0 f   BerconDistortion.obj
 0001:0000af50       ?NodeID@ShadeContext@@UEAAHXZ 000000018000bf50 f i BerconDistortion.obj
 0001:0000af50       ?GetKeyIndex@Animatable@@UEAAHH@Z 000000018000bf50 f i BerconDistortion.obj
 0001:0000af50       ?GetFlagKeyIndex@Animatable@@UEAAHXZ 000000018000bf50 f i BerconDistortion.obj
 0001:0000af50       ?NumKeys@Animatable@@UEAAHXZ 000000018000bf50 f i BerconDistortion.obj
 0001:0000af60       ?LibNumberClasses@@YAHXZ   000000018000bf60 f i DllEntry.obj
 0001:0000af60       ?NumSubs@BerconDistortion@@UEAAHXZ 000000018000bf60 f i BerconDistortion.obj
 0001:0000af60       ?NumRefs@BerconDistortion@@UEAAHXZ 000000018000bf60 f i BerconDistortion.obj
 0001:0000af70       ?ObjectBox@BerconSC@@UEAA?AVBox3@@XZ 000000018000bf70 f i BerconDistortion.obj
 0001:0000afa0       ?OrigNormal@BerconSC@@UEAA?AVPoint3@@XZ 000000018000bfa0 f i BerconDistortion.obj
 0001:0000afc0       ?OrigNormal@ShadeContext@@UEAA?AVPoint3@@XZ 000000018000bfc0 f i BerconDistortion.obj
 0001:0000afe0       ?OrigView@BerconSC@@UEAA?AVPoint3@@XZ 000000018000bfe0 f i BerconDistortion.obj
 0001:0000b010       ?OrigView@ShadeContext@@UEAA?AVPoint3@@XZ 000000018000c010 f i BerconDistortion.obj
 0001:0000b030       ?P@BerconSC@@UEAA?AVPoint3@@XZ 000000018000c030 f i BerconDistortion.obj
 0001:0000b0b0       ?PObj@BerconSC@@UEAA?AVPoint3@@XZ 000000018000c0b0 f i BerconDistortion.obj
 0001:0000b130       ?PObjRelBox@BerconSC@@UEAA?AVPoint3@@XZ 000000018000c130 f i BerconDistortion.obj
 0001:0000b160       ?NumParamBlocks@BerconDistortion@@UEAAHXZ 000000018000c160 f i BerconDistortion.obj
 0001:0000b160       ?PaintSubTrack@Animatable@@UEAAHHPEAVParamDimensionBase@@PEAUHDC__@@AEAVBox2@@2MHK@Z 000000018000c160 f i BerconDistortion.obj
 0001:0000b160       ?PaintTrack@Animatable@@UEAAHPEAVParamDimensionBase@@PEAUHDC__@@AEAVBox2@@2MHK@Z 000000018000c160 f i BerconDistortion.obj
 0001:0000b160       ?HitTestTrack@Animatable@@UEAAHAEAV?$Tab@VTrackHitRecord@@@@AEAVBox2@@1MHK@Z 000000018000c160 f i BerconDistortion.obj
 0001:0000b160       ?NumParamBlocks@BerconGradient@@UEAAHXZ 000000018000c160 f i BerconGradient.obj
 0001:0000b170       ?PointFrom@BerconSC@@UEAA?AVPoint3@@AEBV2@W4RefFrame@@@Z 000000018000c170 f i BerconDistortion.obj
 0001:0000b1a0       ?PointTo@BerconSC@@UEAA?AVPoint3@@AEBV2@W4RefFrame@@@Z 000000018000c1a0 f i BerconDistortion.obj
 0001:0000b1d0       ?ProjType@BerconSC@@UEAAHXZ 000000018000c1d0 f i BerconDistortion.obj
 0001:0000b1e0       ?PutCache@BerconSC@@UEAAXPEAVTexmap@@AEBVAColor@@@Z 000000018000c1e0 f i BerconDistortion.obj
 0001:0000b200       ?PutCache@BerconSC@@UEAAXPEAVTexmap@@AEBVPoint3@@@Z 000000018000c200 f i BerconDistortion.obj
 0001:0000b220       ?PutCache@BerconSC@@UEAAXPEAVTexmap@@M@Z 000000018000c220 f i BerconDistortion.obj
 0001:0000b240       ?RayConeAngle@BerconSC@@UEAAMXZ 000000018000c240 f i BerconDistortion.obj
 0001:0000b260       ?RayDiam@BerconSC@@UEAAMXZ 000000018000c260 f i BerconDistortion.obj
 0001:0000b280       ?RayDiam@ShadeContext@@UEAAMXZ 000000018000c280 f i BerconDistortion.obj
 0001:0000b2a0       ?ReflectVector@BerconSC@@UEAA?AVPoint3@@XZ 000000018000c2a0 f i BerconDistortion.obj
 0001:0000b2d0       ?RefractVector@BerconSC@@UEAA?AVPoint3@@M@Z 000000018000c2d0 f i BerconDistortion.obj
 0001:0000b300       ?Reset@BerconDistortion@@UEAAXXZ 000000018000c300 f   BerconDistortion.obj
 0001:0000b380       ?ScreenCoord@BerconSC@@UEAA?AVIPoint2@@XZ 000000018000c380 f i BerconDistortion.obj
 0001:0000b3b0       ?ScreenUV@BerconSC@@UEAAXAEAVPoint2@@0@Z 000000018000c3b0 f i BerconDistortion.obj
 0001:0000b400       ?Set@BitArray@@QEAAXH@Z    000000018000c400 f i BerconDistortion.obj
 0001:0000b4a0       ?SetGBufferID@BerconSC@@UEAAXH@Z 000000018000c4a0 f i BerconDistortion.obj
 0001:0000b4c0       ?SetGBufferID@ShadeContext@@UEAAXH@Z 000000018000c4c0 f i BerconDistortion.obj
 0001:0000b4d0       ?SetIOR@BerconSC@@UEAAXM@Z 000000018000c4d0 f i BerconDistortion.obj
 0001:0000b4f0       ?SetNormal@BerconSC@@UEAAXVPoint3@@@Z 000000018000c4f0 f i BerconDistortion.obj
 0001:0000b530       ?SetReference@BerconDistortion@@EEAAXHPEAVReferenceTarget@@@Z 000000018000c530 f   BerconDistortion.obj
 0001:0000b560       ?SetSubTexmap@BerconDistortion@@UEAAXHPEAVTexmap@@@Z 000000018000c560 f   BerconDistortion.obj
 0001:0000b5d0       ?SetThing@BerconXYZDlgProc@@UEAAXPEAVReferenceTarget@@@Z 000000018000c5d0 f i BerconDistortion.obj
 0001:0000b5e0       ?SetView@BerconSC@@UEAAXVPoint3@@@Z 000000018000c5e0 f i BerconDistortion.obj
 0001:0000b620       ?SubAnimName@BerconDistortion@@UEAA?AVWStr@@H@Z 000000018000c620 f   BerconDistortion.obj
 0001:0000b6a0       ?SubNumToRefNum@BerconWood@@UEAAHH@Z 000000018000c6a0 f i BerconWood.obj
 0001:0000b6a0       ?RemapRefOnLoad@ReferenceMaker@@UEAAHH@Z 000000018000c6a0 f i BerconDistortion.obj
 0001:0000b6a0       ?SubNumToRefNum@BerconGradient@@UEAAHH@Z 000000018000c6a0 f i BerconGradient.obj
 0001:0000b6a0       ?SubNumToRefNum@BerconDistortion@@UEAAHH@Z 000000018000c6a0 f i BerconDistortion.obj
 0001:0000b6a0       ?SubNumToRefNum@BerconNoise@@UEAAHH@Z 000000018000c6a0 f i BerconNoise.obj
 0001:0000b6a0       ?SubNumToRefNum@BerconTile@@UEAAHH@Z 000000018000c6a0 f i BerconTile.obj
 0001:0000b6b0       ?SurfacePtScreen@BerconSC@@UEAA?AVPoint2@@XZ 000000018000c6b0 f i BerconDistortion.obj
 0001:0000b6e0       ?ClassID@ShadeContext@@UEAA?AVClass_ID@@XZ 000000018000c6e0 f i BerconDistortion.obj
 0001:0000b6e0       ?SurfacePtScreen@ShadeContext@@UEAA?AVPoint2@@XZ 000000018000c6e0 f i BerconDistortion.obj
 0001:0000b6f0       ?TossCache@BerconSC@@UEAAXPEAVTexmap@@@Z 000000018000c6f0 f i BerconDistortion.obj
 0001:0000b710       ?UVW@BerconSC@@UEAA?AVPoint3@@H@Z 000000018000c710 f i BerconDistortion.obj
 0001:0000b7e0       ?UVWNormal@BerconSC@@UEAA?AVPoint3@@H@Z 000000018000c7e0 f i BerconDistortion.obj
 0001:0000b810       ?UVWNormal@ShadeContext@@UEAA?AVPoint3@@H@Z 000000018000c810 f i BerconDistortion.obj
 0001:0000b820       ?Update@BerconDistortion@@UEAAXHAEAVInterval@@@Z 000000018000c820 f   BerconDistortion.obj
 0001:0000b940       ?Update@ParamMap2UserDlgProc@@UEAAXHAEAVInterval@@PEAVIParamMap2@@@Z 000000018000c940 f i BerconDistortion.obj
 0001:0000b950       ?V@BerconSC@@UEAA?AVPoint3@@XZ 000000018000c950 f i BerconDistortion.obj
 0001:0000b980       ?Validity@BerconDistortion@@UEAA?AVInterval@@H@Z 000000018000c980 f   BerconDistortion.obj
 0001:0000b9d0       ?VectorFrom@BerconSC@@UEAA?AVPoint3@@AEBV2@W4RefFrame@@@Z 000000018000c9d0 f i BerconDistortion.obj
 0001:0000ba00       ?VectorFromNoScale@BerconSC@@UEAA?AVPoint3@@AEBV2@W4RefFrame@@@Z 000000018000ca00 f i BerconDistortion.obj
 0001:0000ba30       ?VectorTo@BerconSC@@UEAA?AVPoint3@@AEBV2@W4RefFrame@@@Z 000000018000ca30 f i BerconDistortion.obj
 0001:0000ba60       ?VectorToNoScale@BerconSC@@UEAA?AVPoint3@@AEBV2@W4RefFrame@@@Z 000000018000ca60 f i BerconDistortion.obj
 0001:0000ba90       ?getDistVector@BerconDistortion@@QEAA?AVPoint3@@AEAVShadeContext@@@Z 000000018000ca90 f   BerconDistortion.obj
 0001:0000bb90       ?Create@BerconGradientClassDesc@@UEAAPEAXH@Z 000000018000cb90 f i BerconGradient.obj
 0001:0000bbd0       ?ClassName@BerconGradientClassDesc@@UEAAPEB_WXZ 000000018000cbd0 f i BerconGradient.obj
 0001:0000bbe0       ?InternalName@BerconGradientClassDesc@@UEAAPEB_WXZ 000000018000cbe0 f i BerconGradient.obj
 0001:0000bbf0       ?HInstance@BerconWoodClassDesc@@UEAAPEAUHINSTANCE__@@XZ 000000018000cbf0 f i BerconWood.obj
 0001:0000bbf0       ?HInstance@BerconNoiseClassDesc@@UEAAPEAUHINSTANCE__@@XZ 000000018000cbf0 f i BerconNoise.obj
 0001:0000bbf0       ?HInstance@BerconTileClassDesc@@UEAAPEAUHINSTANCE__@@XZ 000000018000cbf0 f i BerconTile.obj
 0001:0000bbf0       ?HInstance@BerconGradientClassDesc@@UEAAPEAUHINSTANCE__@@XZ 000000018000cbf0 f i BerconGradient.obj
 0001:0000bbf0       ?HInstance@BerconDistortionClassDesc@@UEAAPEAUHINSTANCE__@@XZ 000000018000cbf0 f i BerconDistortion.obj
 0001:0000bc00       ??_EBerconGradientClassDesc@@UEAAPEAXI@Z 000000018000cc00 f i BerconGradient.obj
 0001:0000bc00       ??_GBerconGradientClassDesc@@UEAAPEAXI@Z 000000018000cc00 f i BerconGradient.obj
 0001:0000bc60       ??0BerconGradient@@QEAA@XZ 000000018000cc60 f   BerconGradient.obj
 0001:0000bdc0       ??0IGradient@@QEAA@PEAUHWND__@@PEAVGradientRamp@@@Z 000000018000cdc0 f i BerconGradient.obj
 0001:0000be20       ??1BerconGradient@@UEAA@XZ 000000018000ce20 f   BerconGradient.obj
 0001:0000bef0       ??1ICustomControl@@UEAA@XZ 000000018000cef0 f i BerconGradient.obj
 0001:0000bf10       ??_EBerconGradient@@WEA@EAAPEAXI@Z 000000018000cf10 f i BerconGradient.obj
 0001:0000bf20       ??_GBerconGradient@@UEAAPEAXI@Z 000000018000cf20 f i BerconGradient.obj
 0001:0000bf20       ??_EBerconGradient@@UEAAPEAXI@Z 000000018000cf20 f i BerconGradient.obj
 0001:0000bf70       ??_EBerconGradientDlgProc@@UEAAPEAXI@Z 000000018000cf70 f i BerconGradient.obj
 0001:0000bf70       ??_GBerconGradientDlgProc@@UEAAPEAXI@Z 000000018000cf70 f i BerconGradient.obj
 0001:0000bfc0       ??_GICustomControl@@UEAAPEAXI@Z 000000018000cfc0 f i BerconGradient.obj
 0001:0000bfc0       ??_EICustomControl@@UEAAPEAXI@Z 000000018000cfc0 f i BerconGradient.obj
 0001:0000c020       ??_GIGradient@@UEAAPEAXI@Z 000000018000d020 f i BerconGradient.obj
 0001:0000c020       ??_EIGradient@@UEAAPEAXI@Z 000000018000d020 f i BerconGradient.obj
 0001:0000c0b0       ?ActivateTexDisplay@BerconGradient@@UEAAXH@Z 000000018000d0b0 f i BerconGradient.obj
 0001:0000c0e0       ?ClassID@BerconGradient@@UEAA?AVClass_ID@@XZ 000000018000d0e0 f i BerconGradient.obj
 0001:0000c0e0       ?ClassID@BerconGradientClassDesc@@UEAA?AVClass_ID@@XZ 000000018000d0e0 f i BerconGradient.obj
 0001:0000c100       ?Clone@BerconGradient@@UEAAPEAVReferenceTarget@@AEAVRemapDir@@@Z 000000018000d100 f   BerconGradient.obj
 0001:0000c2b0       ?CreateParamDlg@BerconGradient@@UEAAPEAVParamDlg@@PEAUHWND__@@PEAVIMtlParams@@@Z 000000018000d2b0 f   BerconGradient.obj
 0001:0000c3c0       ?DiscardTexHandle@BerconGradient@@QEAAXXZ 000000018000d3c0 f i BerconGradient.obj
 0001:0000c3f0       ?DlgProc@BerconGradientDlgProc@@UEAA_JHPEAVIParamMap2@@PEAUHWND__@@I_K_J@Z 000000018000d3f0 f   BerconGradient.obj
 0001:0000d080       ?EnableStuff@BerconGradient@@QEAAXXZ 000000018000e080 f   BerconGradient.obj
 0001:0000d3e0       ?EvalColor@BerconGradient@@UEAA?AVAColor@@AEAVShadeContext@@@Z 000000018000e3e0 f   BerconGradient.obj
 0001:0000d5a0       ?EvalMono@BerconGradient@@UEAAMAEAVShadeContext@@@Z 000000018000e5a0 f   BerconGradient.obj
 0001:0000d5a0       ?EvalMono@BerconNoise@@UEAAMAEAVShadeContext@@@Z 000000018000e5a0 f   BerconNoise.obj
 0001:0000d5a0       ?EvalMono@BerconWood@@UEAAMAEAVShadeContext@@@Z 000000018000e5a0 f   BerconWood.obj
 0001:0000d5d0       ?EvalNormalPerturb@BerconGradient@@UEAA?AVPoint3@@AEAVShadeContext@@@Z 000000018000e5d0 f   BerconGradient.obj
 0001:0000db20       ?GetActiveTexHandle@BerconGradient@@UEAA_KHAEAVTexHandleMaker@@@Z 000000018000eb20 f   BerconGradient.obj
 0001:0000dbe0       ?GetBerconGradientDesc@@YAPEAVClassDesc2@@XZ 000000018000ebe0 f   BerconGradient.obj
 0001:0000dbf0       ?GetClassName@BerconGradient@@UEAAXAEAVWStr@@@Z 000000018000ebf0 f i BerconGradient.obj
 0001:0000dc20       ?GetHwnd@IGradient@@UEAAPEAUHWND__@@XZ 000000018000ec20 f i BerconGradient.obj
 0001:0000dc30       ?GetParamBlock@BerconGradient@@UEAAPEAVIParamBlock2@@H@Z 000000018000ec30 f i BerconGradient.obj
 0001:0000dc50       ?GetParamBlockByID@BerconGradient@@UEAAPEAVIParamBlock2@@F@Z 000000018000ec50 f i BerconGradient.obj
 0001:0000dcc0       ?GetReference@BerconGradient@@UEAAPEAVReferenceTarget@@H@Z 000000018000ecc0 f   BerconGradient.obj
 0001:0000dd50       ?GetSubTexmap@BerconGradient@@UEAAPEAVTexmap@@H@Z 000000018000ed50 f   BerconGradient.obj
 0001:0000dd90       ?GetSubTexmapSlotName@BerconGradient@@UEAA?AVWStr@@H@Z 000000018000ed90 f   BerconGradient.obj
 0001:0000de40       ?LocalRequirements@BerconGradient@@UEAAKH@Z 000000018000ee40 f i BerconGradient.obj
 0001:0000de60       ?MappingsRequired@BerconGradient@@UEAAXHAEAVBitArray@@0@Z 000000018000ee60 f i BerconGradient.obj
 0001:0000de80       ?NotifyRefChanged@BerconGradient@@UEAA?AW4RefResult@@AEBVInterval@@PEAVReferenceTarget@@AEA_KIH@Z 000000018000ee80 f   BerconGradient.obj
 0001:0000df90       ?NumSubs@BerconGradient@@UEAAHXZ 000000018000ef90 f   BerconGradient.obj
 0001:0000df90       ?NumRefs@BerconGradient@@UEAAHXZ 000000018000ef90 f   BerconGradient.obj
 0001:0000dfa0       ?NumSubTexmaps@BerconGradient@@UEAAHXZ 000000018000efa0 f i BerconGradient.obj
 0001:0000dfb0       ?RenderBegin@BerconGradient@@UEAAHHK@Z 000000018000efb0 f i BerconGradient.obj
 0001:0000dfd0       ?RenderEnd@BerconGradient@@UEAAHH@Z 000000018000efd0 f i BerconGradient.obj
 0001:0000dfe0       ?Reset@BerconGradient@@UEAAXXZ 000000018000efe0 f   BerconGradient.obj
 0001:0000e2d0       ?SetDlgThing@BerconGradient@@UEAAHPEAVParamDlg@@@Z 000000018000f2d0 f   BerconGradient.obj
 0001:0000e310       ?SetReference@BerconGradient@@EEAAXHPEAVReferenceTarget@@@Z 000000018000f310 f   BerconGradient.obj
 0001:0000e420       ?SetSubTexmap@BerconGradient@@UEAAXHPEAVTexmap@@@Z 000000018000f420 f   BerconGradient.obj
 0001:0000e4b0       ?SetThing@BerconGradientDlgProc@@UEAAXPEAVReferenceTarget@@@Z 000000018000f4b0 f i BerconGradient.obj
 0001:0000e560       ?SubAnim@BerconGradient@@UEAAPEAVAnimatable@@H@Z 000000018000f560 f   BerconGradient.obj
 0001:0000e5f0       ?SubAnimName@BerconGradient@@UEAA?AVWStr@@H@Z 000000018000f5f0 f   BerconGradient.obj
 0001:0000e680       ?Update@BerconGradient@@UEAAXHAEAVInterval@@@Z 000000018000f680 f   BerconGradient.obj
 0001:0000ed70       ?Validity@BerconGradient@@UEAA?AVInterval@@H@Z 000000018000fd70 f   BerconGradient.obj
 0001:0000edc0       ?countKeys@BerconGradient@@QEAAHXZ 000000018000fdc0 f   BerconGradient.obj
 0001:0000ee60       ?getGradientValue@BerconGradient@@QEAAMAEAVShadeContext@@@Z 000000018000fe60 f   BerconGradient.obj
 0001:0000f1c0       ?getGradientValueDist@BerconGradient@@QEAAMAEAVShadeContext@@@Z 00000001800101c0 f   BerconGradient.obj
 0001:0000f570       ?getGradientValueNormal@BerconGradient@@QEAAMAEAVShadeContext@@@Z 0000000180010570 f   BerconGradient.obj
 0001:0000f920       ?getGradientValueUVW@BerconGradient@@QEAAMVPoint3@@@Z 0000000180010920 f   BerconGradient.obj
 0001:0000fcb0       ?gradAddKey@BerconGradient@@UEAAXM@Z 0000000180010cb0 f   BerconGradient.obj
 0001:0000fdc0       ?gradDelKey@BerconGradient@@UEAAXH@Z 0000000180010dc0 f   BerconGradient.obj
 0001:0000fea0       ?gradMoveKey@BerconGradient@@UEAAXHM@Z 0000000180010ea0 f   BerconGradient.obj
 0001:0000ff70       ?gradReset@BerconGradient@@UEAAXXZ 0000000180010f70 f i BerconGradient.obj
 0001:0000ff80       ?gradSelKey@BerconGradient@@UEAAXXZ 0000000180010f80 f   BerconGradient.obj
 0001:00010030       ?keyColorChanged@BerconGradient@@QEAAXVAColor@@@Z 0000000180011030 f   BerconGradient.obj
 0001:000100e0       ?keyNumChanged@BerconGradient@@QEAAXH@Z 00000001800110e0 f   BerconGradient.obj
 0001:00010170       ?keyPosChanged@BerconGradient@@QEAAXM@Z 0000000180011170 f   BerconGradient.obj
 0001:00010230       ?limitRange@BerconGradient@@QEAAHAEAM@Z 0000000180011230 f   BerconGradient.obj
 0001:00010300       ?resetKeys@BerconGradient@@QEAAXXZ 0000000180011300 f   BerconGradient.obj
 0001:000103f0       ?seedRandomGen@BerconGradient@@QEAAXAEAVShadeContext@@@Z 00000001800113f0 f   BerconGradient.obj
 0001:00010560       ?setKeyTex@BerconGradient@@QEAAXPEAVTexmap@@@Z 0000000180011560 f   BerconGradient.obj
 0001:000105f0       ?Create@BerconTileClassDesc@@UEAAPEAXH@Z 00000001800115f0 f i BerconTile.obj
 0001:00010630       ?ClassName@BerconTileClassDesc@@UEAAPEB_WXZ 0000000180011630 f i BerconTile.obj
 0001:00010640       ?ClassID@BerconTile@@UEAA?AVClass_ID@@XZ 0000000180011640 f i BerconTile.obj
 0001:00010640       ?ClassID@BerconTileClassDesc@@UEAA?AVClass_ID@@XZ 0000000180011640 f i BerconTile.obj
 0001:00010660       ?InternalName@BerconTileClassDesc@@UEAAPEB_WXZ 0000000180011660 f i BerconTile.obj
 0001:00010670       ??_EBerconTileClassDesc@@UEAAPEAXI@Z 0000000180011670 f i BerconTile.obj
 0001:00010670       ??_GBerconTileClassDesc@@UEAAPEAXI@Z 0000000180011670 f i BerconTile.obj
 0001:000106d0       ??$_Destroy_range1@V?$allocator@VTileRow@@@std@@PEAVTileRow@@@std@@YAXPEAVTileRow@@0AEAU?$_Wrap_alloc@V?$allocator@VTileRow@@@std@@@0@U?$integral_constant@_N$0A@@0@@Z 00000001800116d0 f i BerconTile.obj
 0001:000107c0       ??0BerconTile@@QEAA@XZ     00000001800117c0 f   BerconTile.obj
 0001:000109d0       ??1?$basic_string@_WU?$char_traits@_W@std@@V?$allocator@_W@2@@std@@QEAA@XZ 00000001800119d0 f i BerconTile.obj
 0001:00010a20       ??1?$vector@MV?$allocator@M@std@@@std@@QEAA@XZ 0000000180011a20 f i BerconTile.obj
 0001:00010a60       ??1?$vector@VTileRow@@V?$allocator@VTileRow@@@std@@@std@@QEAA@XZ 0000000180011a60 f i BerconTile.obj
 0001:00010ac0       ??1BerconTile@@UEAA@XZ     0000000180011ac0 f   BerconTile.obj
 0001:00010b40       ??1TilePattern@@QEAA@XZ    0000000180011b40 f i BerconTile.obj
 0001:00010be0       ??_EBerconTile@@WEA@EAAPEAXI@Z 0000000180011be0 f i BerconTile.obj
 0001:00010bf0       ??_GBerconTile@@UEAAPEAXI@Z 0000000180011bf0 f i BerconTile.obj
 0001:00010bf0       ??_EBerconTile@@UEAAPEAXI@Z 0000000180011bf0 f i BerconTile.obj
 0001:00010c40       ??_GBerconTileDlgProc@@UEAAPEAXI@Z 0000000180011c40 f i BerconTile.obj
 0001:00010c40       ??_EBerconTileDlgProc@@UEAAPEAXI@Z 0000000180011c40 f i BerconTile.obj
 0001:00010c90       ?ActivateTexDisplay@BerconTile@@UEAAXH@Z 0000000180011c90 f i BerconTile.obj
 0001:00010cc0       ?Clone@BerconTile@@UEAAPEAVReferenceTarget@@AEAVRemapDir@@@Z 0000000180011cc0 f   BerconTile.obj
 0001:00010e40       ?CreateParamDlg@BerconTile@@UEAAPEAVParamDlg@@PEAUHWND__@@PEAVIMtlParams@@@Z 0000000180011e40 f   BerconTile.obj
 0001:00010f60       ?DeleteThis@BerconTile@@UEAAXXZ 0000000180011f60 f i BerconTile.obj
 0001:00010f90       ?DiscardTexHandle@BerconTile@@QEAAXXZ 0000000180011f90 f i BerconTile.obj
 0001:00010fc0       ?DlgProc@BerconTileDlgProc@@UEAA_JHPEAVIParamMap2@@PEAUHWND__@@I_K_J@Z 0000000180011fc0 f   BerconTile.obj
 0001:000115a0       ?EnableStuff@BerconTile@@QEAAXH@Z 00000001800125a0 f   BerconTile.obj
 0001:00011a10       ?EvalColor@BerconTile@@UEAA?AVAColor@@AEAVShadeContext@@@Z 0000000180012a10 f   BerconTile.obj
 0001:00011fd0       ?EvalMono@BerconTile@@UEAAMAEAVShadeContext@@@Z 0000000180012fd0 f   BerconTile.obj
 0001:00012000       ?EvalNormalPerturb@BerconTile@@UEAA?AVPoint3@@AEAVShadeContext@@@Z 0000000180013000 f   BerconTile.obj
 0001:000129d0       ?EvalParameters@BerconTile@@QEAA?AVTileParam@@AEAVShadeContext@@@Z 00000001800139d0 f   BerconTile.obj
 0001:00012af0       ?GetActiveTexHandle@BerconTile@@UEAA_KHAEAVTexHandleMaker@@@Z 0000000180013af0 f   BerconTile.obj
 0001:00012bb0       ?GetBerconTileDesc@@YAPEAVClassDesc2@@XZ 0000000180013bb0 f   BerconTile.obj
 0001:00012bc0       ?GetClassName@BerconTile@@UEAAXAEAVWStr@@@Z 0000000180013bc0 f i BerconTile.obj
 0001:00012bf0       ?GetInterface@BerconTile@@UEAAPEAXK@Z 0000000180013bf0 f i BerconTile.obj
 0001:00012bf0       ?GetInterface@BerconNoise@@UEAAPEAXK@Z 0000000180013bf0 f i BerconNoise.obj
 0001:00012bf0       ?GetInterface@BerconWood@@UEAAPEAXK@Z 0000000180013bf0 f i BerconWood.obj
 0001:00012bf0       ?GetInterface@BerconGradient@@UEAAPEAXK@Z 0000000180013bf0 f i BerconGradient.obj
 0001:00012c00       ?GetParamBlock@BerconTile@@UEAAPEAVIParamBlock2@@H@Z 0000000180013c00 f i BerconTile.obj
 0001:00012c30       ?GetParamBlockByID@BerconTile@@UEAAPEAVIParamBlock2@@F@Z 0000000180013c30 f i BerconTile.obj
 0001:00012cd0       ?GetReference@BerconTile@@UEAAPEAVReferenceTarget@@H@Z 0000000180013cd0 f   BerconTile.obj
 0001:00012cd0       ?SubAnim@BerconTile@@UEAAPEAVAnimatable@@H@Z 0000000180013cd0 f   BerconTile.obj
 0001:00012d20       ?GetSubTexmap@BerconTile@@UEAAPEAVTexmap@@H@Z 0000000180013d20 f i BerconTile.obj
 0001:00012d30       ?GetSubTexmapSlotName@BerconTile@@UEAA?AVWStr@@H@Z 0000000180013d30 f   BerconTile.obj
 0001:00012e20       ?LocalRequirements@BerconTile@@UEAAKH@Z 0000000180013e20 f i BerconTile.obj
 0001:00012e40       ?MappingsRequired@BerconTile@@UEAAXHAEAVBitArray@@0@Z 0000000180013e40 f i BerconTile.obj
 0001:00012e60       ?NotifyRefChanged@BerconTile@@UEAA?AW4RefResult@@AEBVInterval@@PEAVReferenceTarget@@AEA_KIH@Z 0000000180013e60 f   BerconTile.obj
 0001:00012f50       ?NumRefs@BerconTile@@UEAAHXZ 0000000180013f50 f i BerconTile.obj
 0001:00012f60       ?NumSubTexmaps@BerconTile@@UEAAHXZ 0000000180013f60 f i BerconTile.obj
 0001:00012f70       ?Reset@BerconTile@@UEAAXXZ 0000000180013f70 f   BerconTile.obj
 0001:00013570       ?SetDlgThing@BerconTile@@UEAAHPEAVParamDlg@@@Z 0000000180014570 f   BerconTile.obj
 0001:000135b0       ?SetReference@BerconTile@@EEAAXHPEAVReferenceTarget@@@Z 00000001800145b0 f   BerconTile.obj
 0001:00013600       ?SetSubTexmap@BerconTile@@UEAAXHPEAVTexmap@@@Z 0000000180014600 f   BerconTile.obj
 0001:000136f0       ?SetThing@BerconTileDlgProc@@UEAAXPEAVReferenceTarget@@@Z 00000001800146f0 f i BerconTile.obj
 0001:00013720       ?SubAnimName@BerconTile@@UEAA?AVWStr@@H@Z 0000000180014720 f   BerconTile.obj
 0001:000137c0       ?NumSubs@BerconWood@@UEAAHXZ 00000001800147c0 f i BerconWood.obj
 0001:000137c0       ?CanTransferReference@ReferenceMaker@@UEAAHH@Z 00000001800147c0 f i BerconDistortion.obj
 0001:000137c0       ?BuildMaps@MtlBase@@UEAAHHAEAVRenderMapsContext@@@Z 00000001800147c0 f i BerconDistortion.obj
 0001:000137c0       ?GetMapChannel@Texmap@@UEAAHXZ 00000001800147c0 f i BerconDistortion.obj
 0001:000137c0       ?IsPublic@BerconWoodClassDesc@@UEAAHXZ 00000001800147c0 f i BerconWood.obj
 0001:000137c0       ?IsPublic@BerconNoiseClassDesc@@UEAAHXZ 00000001800147c0 f i BerconNoise.obj
 0001:000137c0       ?CanAssignController@Animatable@@UEAAHH@Z 00000001800147c0 f i BerconDistortion.obj
 0001:000137c0       ?IsPublic@BerconTileClassDesc@@UEAAHXZ 00000001800147c0 f i BerconTile.obj
 0001:000137c0       ?GetTrackVSpace@Animatable@@UEAAHH@Z 00000001800147c0 f i BerconDistortion.obj
 0001:000137c0       ?IsPublic@BerconGradientClassDesc@@UEAAHXZ 00000001800147c0 f i BerconGradient.obj
 0001:000137c0       ?GetSelKeyCoords@Animatable@@UEAAHAEAHAEAMK@Z 00000001800147c0 f i BerconDistortion.obj
 0001:000137c0       ?IsEnabled@IGradient@@UEAAHXZ 00000001800147c0 f i BerconGradient.obj
 0001:000137c0       ?NumSubs@BerconNoise@@UEAAHXZ 00000001800147c0 f i BerconNoise.obj
 0001:000137c0       ?SupportTexDisplay@BerconGradient@@UEAAHXZ 00000001800147c0 f i BerconGradient.obj
 0001:000137c0       ?IsRefMaker@ReferenceMaker@@UEAAHXZ 00000001800147c0 f i BerconDistortion.obj
 0001:000137c0       ?SupportTexDisplay@BerconDistortion@@UEAAHXZ 00000001800147c0 f i BerconDistortion.obj
 0001:000137c0       ?IsRealDependency@ReferenceMaker@@UEAAHPEAVReferenceTarget@@@Z 00000001800147c0 f i BerconDistortion.obj
 0001:000137c0       ?IsRefTarget@ReferenceTarget@@UEAAHXZ 00000001800147c0 f i BerconDistortion.obj
 0001:000137c0       ?IsPublic@BerconDistortionClassDesc@@UEAAHXZ 00000001800147c0 f i BerconDistortion.obj
 0001:000137c0       ?LoadMapFiles@Texmap@@UEAAHH@Z 00000001800147c0 f i BerconDistortion.obj
 0001:000137c0       ?SupportTexDisplay@BerconTile@@UEAAHXZ 00000001800147c0 f i BerconTile.obj
 0001:000137c0       ?NumSubs@BerconTile@@UEAAHXZ 00000001800147c0 f i BerconTile.obj
 0001:000137c0       ?CanCopyAnim@Animatable@@UEAAHXZ 00000001800147c0 f i BerconDistortion.obj
 0001:000137c0       ?LibInitialize@@YAHXZ      00000001800147c0 f i DllEntry.obj
 0001:000137c0       _get_startup_argv_mode     00000001800147c0 f i MSVCRT:argv_mode.obj
 0001:000137c0       ?SupportTexDisplay@BerconNoise@@UEAAHXZ 00000001800147c0 f i BerconNoise.obj
 0001:000137c0       ?CanMakeUnique@Animatable@@UEAAHXZ 00000001800147c0 f i BerconDistortion.obj
 0001:000137c0       ?SupportTexDisplay@BerconWood@@UEAAHXZ 00000001800147c0 f i BerconWood.obj
 0001:000137c0       ?SubTexmapOn@ISubMap@@UEAAHH@Z 00000001800147c0 f i BerconDistortion.obj
 0001:000137c0       ?GetTransparencyHint@MtlBase@@UEAAHHAEAVInterval@@@Z 00000001800147c0 f i BerconDistortion.obj
 0001:000137c0       ?LibShutdown@@YAHXZ        00000001800147c0 f i DllEntry.obj
 0001:000137c0       ?OkToCreate@ClassDesc@@UEAAHPEAVInterface@@@Z 00000001800147c0 f i BerconDistortion.obj
 0001:000137d0       ?Update@BerconTile@@UEAAXHAEAVInterval@@@Z 00000001800147d0 f   BerconTile.obj
 0001:00014030       ?Validity@BerconTile@@UEAA?AVInterval@@H@Z 0000000180015030 f   BerconTile.obj
 0001:00014080       ?_Copy@?$basic_string@_WU?$char_traits@_W@std@@V?$allocator@_W@2@@std@@QEAAX_K0@Z 0000000180015080 f i BerconTile.obj
 0001:000141b0       ?allocate@?$allocator@_W@std@@QEAAPEA_W_K@Z 00000001800151b0 f i BerconTile.obj
 0001:00014230       ?assign@?$basic_string@_WU?$char_traits@_W@std@@V?$allocator@_W@2@@std@@QEAAAEAV12@AEBV12@_K1@Z 0000000180015230 f i BerconTile.obj
 0001:00014370       ?assign@?$basic_string@_WU?$char_traits@_W@std@@V?$allocator@_W@2@@std@@QEAAAEAV12@PEB_W_K@Z 0000000180015370 f i BerconTile.obj
 0001:000144c0       ?checkValues@TileParam@@QEAAXXZ 00000001800154c0 f i BerconTile.obj
 0001:000145c0       ?deallocate@?$allocator@M@std@@QEAAXPEAM_K@Z 00000001800155c0 f i BerconTile.obj
 0001:00014640       ?deallocate@?$allocator@_W@std@@QEAAXPEA_W_K@Z 0000000180015640 f i BerconTile.obj
 0001:000146b0       ?erase@?$basic_string@_WU?$char_traits@_W@std@@V?$allocator@_W@2@@std@@QEAAAEAV12@_K0@Z 00000001800156b0 f i BerconTile.obj
 0001:00014760       ?getColor@BerconTile@@QEAA?AVAColor@@AEAVShadeContext@@H@Z 0000000180015760 f i BerconTile.obj
 0001:00014800       ?getDistVector@BerconTile@@QEAA?AVPoint3@@AEAVShadeContext@@@Z 0000000180015800 f   BerconTile.obj
 0001:00014920       ?getFloat@BerconTile@@QEAAMAEAVShadeContext@@H@Z 0000000180015920 f i BerconTile.obj
 0001:00014970       ?getNormal@BerconTile@@QEAA?AVPoint3@@AEAVShadeContext@@H@Z 0000000180015970 f i BerconTile.obj
 0001:000149e0       ?update@TilePattern@@QEAAXXZ 00000001800159e0 f i BerconTile.obj
 0001:00014aa0       ?Create@BerconWoodClassDesc@@UEAAPEAXH@Z 0000000180015aa0 f i BerconWood.obj
 0001:00014ae0       ?ClassName@BerconWoodClassDesc@@UEAAPEB_WXZ 0000000180015ae0 f i BerconWood.obj
 0001:00014af0       ?SuperClassID@BerconTile@@UEAAKXZ 0000000180015af0 f i BerconTile.obj
 0001:00014af0       ?SuperClassID@BerconWood@@UEAAKXZ 0000000180015af0 f i BerconWood.obj
 0001:00014af0       ?SuperClassID@BerconNoise@@UEAAKXZ 0000000180015af0 f i BerconNoise.obj
 0001:00014af0       ?SuperClassID@BerconDistortion@@UEAAKXZ 0000000180015af0 f i BerconDistortion.obj
 0001:00014af0       ?SuperClassID@BerconDistortionClassDesc@@UEAAKXZ 0000000180015af0 f i BerconDistortion.obj
 0001:00014af0       ?SuperClassID@BerconGradientClassDesc@@UEAAKXZ 0000000180015af0 f i BerconGradient.obj
 0001:00014af0       ?SuperClassID@BerconGradient@@UEAAKXZ 0000000180015af0 f i BerconGradient.obj
 0001:00014af0       ?SuperClassID@BerconTileClassDesc@@UEAAKXZ 0000000180015af0 f i BerconTile.obj
 0001:00014af0       ?SuperClassID@BerconWoodClassDesc@@UEAAKXZ 0000000180015af0 f i BerconWood.obj
 0001:00014af0       ?SuperClassID@BerconNoiseClassDesc@@UEAAKXZ 0000000180015af0 f i BerconNoise.obj
 0001:00014b00       ?ClassID@BerconWood@@UEAA?AVClass_ID@@XZ 0000000180015b00 f i BerconWood.obj
 0001:00014b00       ?ClassID@BerconWoodClassDesc@@UEAA?AVClass_ID@@XZ 0000000180015b00 f i BerconWood.obj
 0001:00014b20       ?Category@BerconGradientClassDesc@@UEAAPEB_WXZ 0000000180015b20 f i BerconGradient.obj
 0001:00014b20       ?Category@BerconTileClassDesc@@UEAAPEB_WXZ 0000000180015b20 f i BerconTile.obj
 0001:00014b20       ?Category@BerconWoodClassDesc@@UEAAPEB_WXZ 0000000180015b20 f i BerconWood.obj
 0001:00014b20       ?Category@BerconNoiseClassDesc@@UEAAPEB_WXZ 0000000180015b20 f i BerconNoise.obj
 0001:00014b20       ?Category@BerconDistortionClassDesc@@UEAAPEB_WXZ 0000000180015b20 f i BerconDistortion.obj
 0001:00014b30       ?InternalName@BerconWoodClassDesc@@UEAAPEB_WXZ 0000000180015b30 f i BerconWood.obj
 0001:00014b40       ??_EBerconWoodClassDesc@@UEAAPEAXI@Z 0000000180015b40 f i BerconWood.obj
 0001:00014b40       ??_GBerconWoodClassDesc@@UEAAPEAXI@Z 0000000180015b40 f i BerconWood.obj
 0001:00014ba0       ??0BerconWood@@QEAA@XZ     0000000180015ba0 f   BerconWood.obj
 0001:00014cc0       ??1BerconWood@@UEAA@XZ     0000000180015cc0 f   BerconWood.obj
 0001:00014d28       ??_EBerconWood@@WEA@EAAPEAXI@Z 0000000180015d28 f i BerconWood.obj
 0001:00014d40       ??_GBerconWood@@UEAAPEAXI@Z 0000000180015d40 f i BerconWood.obj
 0001:00014d40       ??_EBerconWood@@UEAAPEAXI@Z 0000000180015d40 f i BerconWood.obj
 0001:00014d90       ??_EBerconWoodDlgProc@@UEAAPEAXI@Z 0000000180015d90 f i BerconWood.obj
 0001:00014d90       ??_GBerconWoodDlgProc@@UEAAPEAXI@Z 0000000180015d90 f i BerconWood.obj
 0001:00014de0       ?ActivateTexDisplay@BerconWood@@UEAAXH@Z 0000000180015de0 f i BerconWood.obj
 0001:00014e10       ?Clone@BerconWood@@UEAAPEAVReferenceTarget@@AEAVRemapDir@@@Z 0000000180015e10 f   BerconWood.obj
 0001:00014f90       ?CreateParamDlg@BerconWood@@UEAAPEAVParamDlg@@PEAUHWND__@@PEAVIMtlParams@@@Z 0000000180015f90 f   BerconWood.obj
 0001:00015090       ?DiscardTexHandle@BerconWood@@QEAAXXZ 0000000180016090 f i BerconWood.obj
 0001:000150c0       ?DlgProc@BerconWoodDlgProc@@UEAA_JHPEAVIParamMap2@@PEAUHWND__@@I_K_J@Z 00000001800160c0 f   BerconWood.obj
 0001:00015240       ?EnableStuff@BerconWood@@QEAAXXZ 0000000180016240 f   BerconWood.obj
 0001:000153f0       ?EvalColor@BerconWood@@UEAA?AVAColor@@AEAVShadeContext@@@Z 00000001800163f0 f   BerconWood.obj
 0001:00015a80       ?EvalNormalPerturb@BerconWood@@UEAA?AVPoint3@@AEAVShadeContext@@@Z 0000000180016a80 f   BerconWood.obj
 0001:000164d0       ?EvalParameters@BerconWood@@QEAA?AVWoodParam@@AEAVShadeContext@@@Z 00000001800174d0 f   BerconWood.obj
 0001:000168c0       ?GetActiveTexHandle@BerconWood@@UEAA_KHAEAVTexHandleMaker@@@Z 00000001800178c0 f   BerconWood.obj
 0001:00016980       ?GetBerconWoodDesc@@YAPEAVClassDesc2@@XZ 0000000180017980 f   BerconWood.obj
 0001:00016990       ?GetClassName@BerconWood@@UEAAXAEAVWStr@@@Z 0000000180017990 f i BerconWood.obj
 0001:000169b8       ?GetInterface@BerconGradient@@WJA@EAAPEAXK@Z 00000001800179b8 f i BerconGradient.obj
 0001:000169b8       ?GetInterface@BerconWood@@WJA@EAAPEAXK@Z 00000001800179b8 f i BerconWood.obj
 0001:000169b8       ?GetInterface@BerconNoise@@WJA@EAAPEAXK@Z 00000001800179b8 f i BerconNoise.obj
 0001:000169b8       ?GetInterface@BerconTile@@WJA@EAAPEAXK@Z 00000001800179b8 f i BerconTile.obj
 0001:000169d0       ?GetParamBlock@BerconWood@@UEAAPEAVIParamBlock2@@H@Z 00000001800179d0 f i BerconWood.obj
 0001:00016a00       ?GetParamBlockByID@BerconWood@@UEAAPEAVIParamBlock2@@F@Z 0000000180017a00 f i BerconWood.obj
 0001:00016aa0       ?GetReference@BerconWood@@UEAAPEAVReferenceTarget@@H@Z 0000000180017aa0 f   BerconWood.obj
 0001:00016aa0       ?SubAnim@BerconWood@@UEAAPEAVAnimatable@@H@Z 0000000180017aa0 f   BerconWood.obj
 0001:00016af0       ?GetSubTexmap@BerconWood@@UEAAPEAVTexmap@@H@Z 0000000180017af0 f i BerconWood.obj
 0001:00016b00       ?GetSubTexmapSlotName@BerconWood@@UEAA?AVWStr@@H@Z 0000000180017b00 f   BerconWood.obj
 0001:00016d30       ?LocalRequirements@BerconWood@@UEAAKH@Z 0000000180017d30 f i BerconWood.obj
 0001:00016d50       ?MappingsRequired@BerconWood@@UEAAXHAEAVBitArray@@0@Z 0000000180017d50 f i BerconWood.obj
 0001:00016d70       ?NotifyRefChanged@BerconWood@@UEAA?AW4RefResult@@AEBVInterval@@PEAVReferenceTarget@@AEA_KIH@Z 0000000180017d70 f   BerconWood.obj
 0001:00016e60       ?NumSubTexmaps@BerconDistortion@@UEAAHXZ 0000000180017e60 f i BerconDistortion.obj
 0001:00016e60       ?GetTextureTiling@Texmap@@UEAAHXZ 0000000180017e60 f i BerconDistortion.obj
 0001:00016e60       ?NumParamBlocks@BerconWood@@UEAAHXZ 0000000180017e60 f i BerconWood.obj
 0001:00016e60       ?NumParamBlocks@BerconTile@@UEAAHXZ 0000000180017e60 f i BerconTile.obj
 0001:00016e60       ?NumParamBlocks@BerconNoise@@UEAAHXZ 0000000180017e60 f i BerconNoise.obj
 0001:00016e70       ?NumRefs@BerconWood@@UEAAHXZ 0000000180017e70 f i BerconWood.obj
 0001:00016e80       ?NumSubTexmaps@BerconWood@@UEAAHXZ 0000000180017e80 f i BerconWood.obj
 0001:00016e90       ?Reset@BerconWood@@UEAAXXZ 0000000180017e90 f   BerconWood.obj
 0001:000173c0       ?SetDlgThing@BerconWood@@UEAAHPEAVParamDlg@@@Z 00000001800183c0 f   BerconWood.obj
 0001:00017400       ?SetReference@BerconWood@@EEAAXHPEAVReferenceTarget@@@Z 0000000180018400 f   BerconWood.obj
 0001:00017450       ?SetSubTexmap@BerconWood@@UEAAXHPEAVTexmap@@@Z 0000000180018450 f   BerconWood.obj
 0001:00017540       ?SetThing@BerconWoodDlgProc@@UEAAXPEAVReferenceTarget@@@Z 0000000180018540 f i BerconWood.obj
 0001:00017550       ?SubAnimName@BerconWood@@UEAA?AVWStr@@H@Z 0000000180018550 f   BerconWood.obj
 0001:00017640       ?Update@BerconWood@@UEAAXHAEAVInterval@@@Z 0000000180018640 f   BerconWood.obj
 0001:00017c40       ?Validity@BerconWood@@UEAA?AVInterval@@H@Z 0000000180018c40 f   BerconWood.obj
 0001:00017c90       ?applyDistortion@BerconWood@@QEAAXAEAVShadeContext@@AEAVPoint3@@@Z 0000000180018c90 f   BerconWood.obj
 0001:00017db0       ?GetString@@YAPEA_WH@Z     0000000180018db0 f   DllEntry.obj
 0001:00017e00       ?LibClassDesc@@YAPEAVClassDesc@@H@Z 0000000180018e00 f   DllEntry.obj
 0001:00017e70       ?LibDescription@@YAPEB_WXZ 0000000180018e70 f   DllEntry.obj
 0001:00017ec0       ?LibVersion@@YAKXZ         0000000180018ec0 f   DllEntry.obj
 0001:00017ed0       CommctrlIsolationAwarePrivatetRgCebPnQQeRff_pbZPgYQP_QYY 0000000180018ed0 f i DllEntry.obj
 0001:00017fa0       DllMain                    0000000180018fa0 f   DllEntry.obj
 0001:00018000       IsolationAwareInitCommonControls 0000000180019000 f i DllEntry.obj
 0001:000180f0       IsolationAwarePrivatenPgViNgRzlnPgpgk 00000001800190f0 f i DllEntry.obj
 0001:00018180       IsolationAwarePrivatezlybNQyVOeNelJ 0000000180019180 f i DllEntry.obj
 0001:00018190       WinbaseIsolationAwarePrivatetRgzlnPgpgk 0000000180019190 f i DllEntry.obj
 0001:00018350       ?EnableStuff@BerconXYZ@@AEAAXPEAVIParamBlock2@@H@Z 0000000180019350 f   BerconCommon.obj
 0001:00018620       ?get@BerconXYZ@@AEAAHAEAVShadeContext@@AEAVPoint3@@11VMatrix3@@PEAH@Z 0000000180019620 f   BerconCommon.obj
 0001:00018ac0       ?get@BerconXYZ@@AEAAHAEAVShadeContext@@AEAVPoint3@@VMatrix3@@PEAH@Z 0000000180019ac0 f   BerconCommon.obj
 0001:00018d10       ?get@BerconXYZ@@QEAAHAEAVShadeContext@@AEAVPoint3@@11@Z 0000000180019d10 f   BerconCommon.obj
 0001:00018e00       ?get@BerconXYZ@@QEAAHAEAVShadeContext@@AEAVPoint3@@11PEAV3@@Z 0000000180019e00 f   BerconCommon.obj
 0001:000191b0       ?get@BerconXYZ@@QEAAHAEAVShadeContext@@AEAVPoint3@@@Z 000000018001a1b0 f   BerconCommon.obj
 0001:00019280       ?get@BerconXYZ@@QEAAHAEAVShadeContext@@AEAVPoint3@@PEAV3@@Z 000000018001a280 f   BerconCommon.obj
 0001:00019600       ?getBasis@BerconXYZ@@AEAAXVMatrix3@@PEAVPoint3@@@Z 000000018001a600 f   BerconCommon.obj
 0001:000197b0       ?random@BerconXYZ@@AEAA?AVMatrix3@@AEAVShadeContext@@PEAV2@@Z 000000018001a7b0 f   BerconCommon.obj
 0001:00019ac0       ?reset@BerconXYZ@@QEAAXPEAVIParamBlock2@@AEAVInterval@@HHHH@Z 000000018001aac0 f   BerconCommon.obj
 0001:00019e60       ?seedRandomGen@BerconXYZ@@AEAAXAEAVShadeContext@@@Z 000000018001ae60 f   BerconCommon.obj
 0001:0001a290       ?update@BerconXYZ@@QEAAXPEAVIParamBlock2@@HAEAVInterval@@@Z 000000018001b290 f   BerconCommon.obj
 0001:0001a7b0       ?update@BerconXYZ@@QEAAXXZ 000000018001b7b0 f   BerconCommon.obj
 0001:0001a950       ?Create@BerconNoiseClassDesc@@UEAAPEAXH@Z 000000018001b950 f i BerconNoise.obj
 0001:0001a990       ?ClassName@BerconNoiseClassDesc@@UEAAPEB_WXZ 000000018001b990 f i BerconNoise.obj
 0001:0001a9a0       ?InternalName@BerconNoiseClassDesc@@UEAAPEB_WXZ 000000018001b9a0 f i BerconNoise.obj
 0001:0001a9b0       ??_EBerconNoiseClassDesc@@UEAAPEAXI@Z 000000018001b9b0 f i BerconNoise.obj
 0001:0001a9b0       ??_GBerconNoiseClassDesc@@UEAAPEAXI@Z 000000018001b9b0 f i BerconNoise.obj
 0001:0001aa10       ??0BerconNoise@@QEAA@XZ    000000018001ba10 f   BerconNoise.obj
 0001:0001abc0       ??1BerconNoise@@UEAA@XZ    000000018001bbc0 f   BerconNoise.obj
 0001:0001ac28       ??_EBerconNoise@@WEA@EAAPEAXI@Z 000000018001bc28 f i BerconNoise.obj
 0001:0001ac40       ??_EBerconNoise@@UEAAPEAXI@Z 000000018001bc40 f i BerconNoise.obj
 0001:0001ac40       ??_GBerconNoise@@UEAAPEAXI@Z 000000018001bc40 f i BerconNoise.obj
 0001:0001ac90       ??_EBerconNoiseDlgProc@@UEAAPEAXI@Z 000000018001bc90 f i BerconNoise.obj
 0001:0001ac90       ??_GBerconNoiseDlgProc@@UEAAPEAXI@Z 000000018001bc90 f i BerconNoise.obj
 0001:0001ace0       ?ActivateTexDisplay@BerconNoise@@UEAAXH@Z 000000018001bce0 f i BerconNoise.obj
 0001:0001ad10       ?ClassID@BerconNoiseClassDesc@@UEAA?AVClass_ID@@XZ 000000018001bd10 f i BerconNoise.obj
 0001:0001ad10       ?ClassID@BerconNoise@@UEAA?AVClass_ID@@XZ 000000018001bd10 f i BerconNoise.obj
 0001:0001ad30       ?Clone@BerconNoise@@UEAAPEAVReferenceTarget@@AEAVRemapDir@@@Z 000000018001bd30 f   BerconNoise.obj
 0001:0001aed0       ?CreateParamDlg@BerconNoise@@UEAAPEAVParamDlg@@PEAUHWND__@@PEAVIMtlParams@@@Z 000000018001bed0 f   BerconNoise.obj
 0001:0001afd0       ?DiscardTexHandle@BerconNoise@@QEAAXXZ 000000018001bfd0 f i BerconNoise.obj
 0001:0001b000       ?DlgProc@BerconNoiseDlgProc@@UEAA_JHPEAVIParamMap2@@PEAUHWND__@@I_K_J@Z 000000018001c000 f   BerconNoise.obj
 0001:0001b530       ?EnableStuff@BerconNoise@@QEAAXXZ 000000018001c530 f   BerconNoise.obj
 0001:0001b850       ?EvalColor@BerconNoise@@UEAA?AVAColor@@AEAVShadeContext@@@Z 000000018001c850 f   BerconNoise.obj
 0001:0001bce0       ?EvalNormalPerturb@BerconNoise@@UEAA?AVPoint3@@AEAVShadeContext@@@Z 000000018001cce0 f   BerconNoise.obj
 0001:0001c290       ?EvalParameters@BerconNoise@@QEAA?AVNoiseParams@@PEAVShadeContext@@@Z 000000018001d290 f   BerconNoise.obj
 0001:0001c680       ?GetActiveTexHandle@BerconNoise@@UEAA_KHAEAVTexHandleMaker@@@Z 000000018001d680 f   BerconNoise.obj
 0001:0001c740       ?GetBerconNoiseDesc@@YAPEAVClassDesc2@@XZ 000000018001d740 f   BerconNoise.obj
 0001:0001c750       ?GetClassName@BerconNoise@@UEAAXAEAVWStr@@@Z 000000018001d750 f i BerconNoise.obj
 0001:0001c780       ?GetParamBlock@BerconNoise@@UEAAPEAVIParamBlock2@@H@Z 000000018001d780 f i BerconNoise.obj
 0001:0001c7b0       ?GetParamBlockByID@BerconNoise@@UEAAPEAVIParamBlock2@@F@Z 000000018001d7b0 f i BerconNoise.obj
 0001:0001c850       ?GetReference@BerconNoise@@UEAAPEAVReferenceTarget@@H@Z 000000018001d850 f   BerconNoise.obj
 0001:0001c850       ?SubAnim@BerconNoise@@UEAAPEAVAnimatable@@H@Z 000000018001d850 f   BerconNoise.obj
 0001:0001c8a0       ?GetSubTexmap@BerconNoise@@UEAAPEAVTexmap@@H@Z 000000018001d8a0 f i BerconNoise.obj
 0001:0001c8b0       ?GetSubTexmapSlotName@BerconNoise@@UEAA?AVWStr@@H@Z 000000018001d8b0 f   BerconNoise.obj
 0001:0001ca90       ?LocalRequirements@BerconNoise@@UEAAKH@Z 000000018001da90 f i BerconNoise.obj
 0001:0001cab0       ?MappingsRequired@BerconNoise@@UEAAXHAEAVBitArray@@0@Z 000000018001dab0 f i BerconNoise.obj
 0001:0001cad0       ?NotifyRefChanged@BerconNoise@@UEAA?AW4RefResult@@AEBVInterval@@PEAVReferenceTarget@@AEA_KIH@Z 000000018001dad0 f   BerconNoise.obj
 0001:0001cbe0       ?NumRefs@BerconNoise@@UEAAHXZ 000000018001dbe0 f i BerconNoise.obj
 0001:0001cbf0       ?NumSubTexmaps@BerconNoise@@UEAAHXZ 000000018001dbf0 f i BerconNoise.obj
 0001:0001cc00       ?Reset@BerconNoise@@UEAAXXZ 000000018001dc00 f   BerconNoise.obj
 0001:0001d0a0       ?SetDlgThing@BerconNoise@@UEAAHPEAVParamDlg@@@Z 000000018001e0a0 f   BerconNoise.obj
 0001:0001d0e0       ?SetReference@BerconNoise@@EEAAXHPEAVReferenceTarget@@@Z 000000018001e0e0 f   BerconNoise.obj
 0001:0001d130       ?SetSubTexmap@BerconNoise@@UEAAXHPEAVTexmap@@@Z 000000018001e130 f   BerconNoise.obj
 0001:0001d200       ?SetThing@BerconNoiseDlgProc@@UEAAXPEAVReferenceTarget@@@Z 000000018001e200 f i BerconNoise.obj
 0001:0001d210       ?SubAnimName@BerconNoise@@UEAA?AVWStr@@H@Z 000000018001e210 f   BerconNoise.obj
 0001:0001d300       ?Update@BerconNoise@@UEAAXHAEAVInterval@@@Z 000000018001e300 f   BerconNoise.obj
 0001:0001d890       ?Validity@BerconNoise@@UEAA?AVInterval@@H@Z 000000018001e890 f   BerconNoise.obj
 0001:0001d8e0       ?applyDistortion@BerconNoise@@QEAAXAEAVShadeContext@@AEAVPoint3@@@Z 000000018001e8e0 f   BerconNoise.obj
 0001:0001da00       ?fBm@Fractal@@SAMVPoint3@@AEAVNoiseParams@@@Z 000000018001ea00 f   fractal.obj
 0001:0001db60       ?fBm@Fractal@@SAMVPoint3@@MAEAVNoiseParams@@@Z 000000018001eb60 f   fractal.obj
 0001:0001dce0       ?fBm@Fractal@@SAMVPoint3@@MMM@Z 000000018001ece0 f   fractal.obj
 0001:0001de20       ?fBmTurb@Fractal@@SAMVPoint3@@AEAVNoiseParams@@@Z 000000018001ee20 f   fractal.obj
 0001:0001dfa0       ?fBmTurb@Fractal@@SAMVPoint3@@MAEAVNoiseParams@@@Z 000000018001efa0 f   fractal.obj
 0001:0001e150       ?fractal@Fractal@@SAMVPoint3@@AEAVNoiseParams@@@Z 000000018001f150 f   fractal.obj
 0001:0001e290       ?fractal@Fractal@@SAMVPoint3@@MAEAVNoiseParams@@@Z 000000018001f290 f   fractal.obj
 0001:0001e3f0       ?grain@Fractal@@SAMVPoint3@@MM@Z 000000018001f3f0 f   fractal.obj
 0001:0001e490       ?heteroTerrain@Fractal@@SAMVPoint3@@AEAVNoiseParams@@@Z 000000018001f490 f   fractal.obj
 0001:0001e650       ?hybridMultiFractal@Fractal@@SAMVPoint3@@AEAVNoiseParams@@@Z 000000018001f650 f   fractal.obj
 0001:0001e870       ?hybridMultiFractal@Fractal@@SAMVPoint3@@MAEAVNoiseParams@@@Z 000000018001f870 f   fractal.obj
 0001:0001ead0       ?ridgedMultiFractal@Fractal@@SAMVPoint3@@AEAVNoiseParams@@@Z 000000018001fad0 f   fractal.obj
 0001:0001ec80       ?ridgedMultiFractal@Fractal@@SAMVPoint3@@MAEAVNoiseParams@@@Z 000000018001fc80 f   fractal.obj
 0001:0001ee50       ?turbulence@Fractal@@SAMVPoint3@@AEAVNoiseParams@@@Z 000000018001fe50 f   fractal.obj
 0001:0001efb0       ?turbulence@Fractal@@SAMVPoint3@@MAEAVNoiseParams@@@Z 000000018001ffb0 f   fractal.obj
 0001:0001f140       ?addKey@GradientRamp@@QEAAXHMVAColor@@PEAVTexmap@@@Z 0000000180020140 f   GradientRamp.obj
 0001:0001f360       ?dragging@GradientRamp@@QEAAXHH_N00@Z 0000000180020360 f   GradientRamp.obj
 0001:0001f3d0       ?getBump@GradientRamp@@QEAA?AVPoint3@@MV2@AEAVShadeContext@@@Z 00000001800203d0 f   GradientRamp.obj
 0001:0001f780       ?getColor@GradientRamp@@QEAA?AVAColor@@M@Z 0000000180020780 f   GradientRamp.obj
 0001:0001f9a0       ?getColor@GradientRamp@@QEAA?AVAColor@@MAEAVShadeContext@@@Z 00000001800209a0 f   GradientRamp.obj
 0001:0001fc90       ?getSubtex@GradientRamp@@QEAAPEAVTexmap@@H@Z 0000000180020c90 f   GradientRamp.obj
 0001:0001fd20       ?interpolate@GradientRamp@@QEAAMMMM@Z 0000000180020d20 f   GradientRamp.obj
 0001:0001fd80       ?invalidate@GradientRamp@@QEAAXXZ 0000000180020d80 f   GradientRamp.obj
 0001:0001fda0       ?leftDown@GradientRamp@@QEAAXHH_N00@Z 0000000180020da0 f   GradientRamp.obj
 0001:0001fe30       ?leftUp@GradientRamp@@QEAAXHH_N00@Z 0000000180020e30 f   GradientRamp.obj
 0001:0001ff60       ?paint@GradientRamp@@QEAAXPEAUHDC__@@@Z 0000000180020f60 f   GradientRamp.obj
 0001:00020400       ?popup@GradientRamp@@QEAAXHHH@Z 0000000180021400 f   GradientRamp.obj
 0001:00020530       ?reset@GradientRamp@@QEAAXXZ 0000000180021530 f   GradientRamp.obj
 0001:000205f0       ?setHWND@GradientRamp@@QEAAXPEAUHWND__@@@Z 00000001800215f0 f   GradientRamp.obj
 0001:00020630       ?setSubtex@GradientRamp@@QEAAXHPEAVTexmap@@@Z 0000000180021630 f   GradientRamp.obj
[...]
 0004:00001a1c       $pdata$?draw@Tile@@SA?AVTilePoint@@VPoint3@@AEAVTileParam@@@Z 0000000180040a1c     tile.obj
 0004:00001a28       $pdata$?drawTile@Tile@@CA?AVTilePoint@@VPoint3@@QEAMAEAVTileParam@@HH@Z 0000000180040a28     tile.obj
 0004:00001a34       $pdata$1$?drawTile@Tile@@CA?AVTilePoint@@VPoint3@@QEAMAEAVTileParam@@HH@Z 0000000180040a34     tile.obj
 0004:00001a40       $pdata$2$?drawTile@Tile@@CA?AVTilePoint@@VPoint3@@QEAMAEAVTileParam@@HH@Z 0000000180040a40     tile.obj
 0004:00001a4c       $pdata$?find_first_not_of@?$basic_string@_WU?$char_traits@_W@std@@V?$allocator@_W@2@@std@@QEBA_KAEBV12@_K@Z 0000000180040a4c     tile.obj
 0004:00001a58       $pdata$?find_first_of@?$basic_string@_WU?$char_traits@_W@std@@V?$allocator@_W@2@@std@@QEBA_KAEBV12@_K@Z 0000000180040a58     tile.obj
 0004:00001a64       $pdata$?getAngle@@YAMHM@Z  0000000180040a64     tile.obj
 0004:00001a70       $pdata$?overflow@?$basic_stringbuf@_WU?$char_traits@_W@std@@V?$allocator@_W@2@@std@@MEAAGG@Z 0000000180040a70     tile.obj
 0004:00001a7c       $pdata$0$?overflow@?$basic_stringbuf@_WU?$char_traits@_W@std@@V?$allocator@_W@2@@std@@MEAAGG@Z 0000000180040a7c     tile.obj
 0004:00001a88       $pdata$2$?overflow@?$basic_stringbuf@_WU?$char_traits@_W@std@@V?$allocator@_W@2@@std@@MEAAGG@Z 0000000180040a88     tile.obj
 0004:00001a94       $pdata$5$?overflow@?$basic_stringbuf@_WU?$char_traits@_W@std@@V?$allocator@_W@2@@std@@MEAAGG@Z 0000000180040a94     tile.obj
 0004:00001aa0       $pdata$11$?overflow@?$basic_stringbuf@_WU?$char_traits@_W@std@@V?$allocator@_W@2@@std@@MEAAGG@Z 0000000180040aa0     tile.obj
 0004:00001aac       $pdata$12$?overflow@?$basic_stringbuf@_WU?$char_traits@_W@std@@V?$allocator@_W@2@@std@@MEAAGG@Z 0000000180040aac     tile.obj
 0004:00001ab8       $pdata$?parsePattern@@YAHV?$basic_string@_WU?$char_traits@_W@std@@V?$allocator@_W@2@@std@@PEAVTilePattern@@@Z 0000000180040ab8     tile.obj
 0004:00001ac4       $pdata$?pat_herring@Tile@@CA?AVTilePoint@@VPoint3@@AEAVTileParam@@@Z 0000000180040ac4     tile.obj
 0004:00001ad0       $pdata$?pat_xBond@Tile@@CA?AVTilePoint@@VPoint3@@AEAVTileParam@@@Z 0000000180040ad0     tile.obj
 0004:00001adc       $pdata$0$?pat_xBond@Tile@@CA?AVTilePoint@@VPoint3@@AEAVTileParam@@@Z 0000000180040adc     tile.obj
 0004:00001ae8       $pdata$1$?pat_xBond@Tile@@CA?AVTilePoint@@VPoint3@@AEAVTileParam@@@Z 0000000180040ae8     tile.obj
 0004:00001af4       $pdata$?rowcol@@YAHAEAM0AEAHMMAEAV?$vector@MV?$allocator@M@std@@@std@@MMM@Z 0000000180040af4     tile.obj
 0004:00001b00       $pdata$5$?rowcol@@YAHAEAM0AEAHMMAEAV?$vector@MV?$allocator@M@std@@@std@@MMM@Z 0000000180040b00     tile.obj
 0004:00001b0c       $pdata$6$?rowcol@@YAHAEAM0AEAHMMAEAV?$vector@MV?$allocator@M@std@@@std@@MMM@Z 0000000180040b0c     tile.obj
 0004:00001b18       $pdata$?seekoff@?$basic_stringbuf@_WU?$char_traits@_W@std@@V?$allocator@_W@2@@std@@MEAA?AV?$fpos@U_Mbstatet@@@2@_JHH@Z 0000000180040b18     tile.obj
 0004:00001b24       $pdata$?seekpos@?$basic_stringbuf@_WU?$char_traits@_W@std@@V?$allocator@_W@2@@std@@MEAA?AV?$fpos@U_Mbstatet@@@2@V32@H@Z 0000000180040b24     tile.obj
 0004:00001b30       $pdata$?setPattern@TilePattern@@QEAAXV?$basic_string@_WU?$char_traits@_W@std@@V?$allocator@_W@2@@std@@@Z 0000000180040b30     tile.obj
 0004:00001b3c       $pdata$?setPreset@TilePattern@@QEAAXH@Z 0000000180040b3c     tile.obj
 0004:00001b48       $pdata$?substr@?$basic_string@_WU?$char_traits@_W@std@@V?$allocator@_W@2@@std@@QEBA?AV12@_K0@Z 0000000180040b48     tile.obj
 0004:00001b54       $pdata$?tokenize@@YAXAEBV?$basic_string@_WU?$char_traits@_W@std@@V?$allocator@_W@2@@std@@AEAV?$vector@V?$basic_string@_WU?$char_traits@_W@std@@V?$allocator@_W@2@@std@@V?$allocator@V?$basic_string@_WU?$char_traits@_W@std@@V?$allocator@_W@2@@std@@@2@@2@0@Z 0000000180040b54     tile.obj
 0004:00001b60       $pdata$?uvMapping@Tile@@CAXAEAVTilePoint@@VPoint3@@QEAMAEAVTileParam@@H@Z 0000000180040b60     tile.obj
 0004:00001b6c       $pdata$?add@Worley@@CAXJJJQEBNHPEANH@Z 0000000180040b6c     worley.obj
 0004:00001b78       $pdata$11$?add@Worley@@CAXJJJQEBNHPEANH@Z 0000000180040b78     worley.obj
 0004:00001b84       $pdata$12$?add@Worley@@CAXJJJQEBNHPEANH@Z 0000000180040b84     worley.obj
 0004:00001b90       $pdata$13$?add@Worley@@CAXJJJQEBNHPEANH@Z 0000000180040b90     worley.obj
 0004:00001b9c       $pdata$?noise@Worley@@SAXQEBNHPEANH@Z 0000000180040b9c     worley.obj
 0004:00001ba8       $pdata$??_Gtype_info@@UEAAPEAXI@Z 0000000180040ba8     MSVCRT:std_type_info_static.obj
 0004:00001bb4       $pdata$__scrt_acquire_startup_lock 0000000180040bb4     MSVCRT:utility.obj
 0004:00001bc0       $pdata$__scrt_dllmain_after_initialize_c 0000000180040bc0     MSVCRT:utility.obj
 0004:00001bcc       $pdata$__scrt_dllmain_before_initialize_c 0000000180040bcc     MSVCRT:utility.obj
 0004:00001bd8       $pdata$__scrt_dllmain_crt_thread_attach 0000000180040bd8     MSVCRT:utility.obj
 0004:00001be4       $pdata$__scrt_dllmain_crt_thread_detach 0000000180040be4     MSVCRT:utility.obj
 0004:00001bf0       $pdata$__scrt_dllmain_exception_filter 0000000180040bf0     MSVCRT:utility.obj
 0004:00001bfc       $pdata$__scrt_dllmain_uninitialize_c 0000000180040bfc     MSVCRT:utility.obj
 0004:00001c08       $pdata$__scrt_dllmain_uninitialize_critical 0000000180040c08     MSVCRT:utility.obj
 0004:00001c14       $pdata$__scrt_initialize_crt 0000000180040c14     MSVCRT:utility.obj
 0004:00001c20       $pdata$__scrt_initialize_onexit_tables 0000000180040c20     MSVCRT:utility.obj
 0004:00001c2c       $pdata$__scrt_is_nonwritable_in_current_image 0000000180040c2c     MSVCRT:utility.obj
 0004:00001c38       $pdata$__scrt_release_startup_lock 0000000180040c38     MSVCRT:utility.obj
 0004:00001c44       $pdata$__scrt_uninitialize_crt 0000000180040c44     MSVCRT:utility.obj
 0004:00001c50       $pdata$_onexit             0000000180040c50     MSVCRT:utility.obj
 0004:00001c5c       $pdata$atexit              0000000180040c5c     MSVCRT:utility.obj
 0004:00001c68       $pdata$??2@YAPEAX_K@Z      0000000180040c68     MSVCRT:new_scalar.obj
 0004:00001c80       $pdata$?dllmain_crt_dispatch@@YAHQEAUHINSTANCE__@@KQEAX@Z 0000000180040c80     MSVCRT:dll_dllmain.obj
 0004:00001c8c       $pdata$?dllmain_crt_process_attach@@YAHQEAUHINSTANCE__@@QEAX@Z 0000000180040c8c     MSVCRT:dll_dllmain.obj
 0004:00001c98       $pdata$?dllmain_crt_process_detach@@YAH_N@Z 0000000180040c98     MSVCRT:dll_dllmain.obj
 0004:00001ca4       $pdata$?dllmain_dispatch@@YAHQEAUHINSTANCE__@@KQEAX@Z 0000000180040ca4     MSVCRT:dll_dllmain.obj
 0004:00001cb0       $pdata$?dllmain_raw@@YAHQEAUHINSTANCE__@@KQEAX@Z 0000000180040cb0     MSVCRT:dll_dllmain.obj
 0004:00001cbc       $pdata$_DllMainCRTStartup  0000000180040cbc     MSVCRT:dll_dllmain.obj
 0004:00001cc8       $pdata$__isa_available_init 0000000180040cc8     MSVCRT:_cpu_disp_.obj
 0004:00001cd4       $pdata$__scrt_fastfail     0000000180040cd4     MSVCRT:utility_desktop.obj
 0004:00001ce0       $pdata$??0bad_alloc@std@@QEAA@AEBV01@@Z 0000000180040ce0     MSVCRT:throw_bad_alloc.obj
 0004:00001cec       $pdata$??0bad_array_new_length@std@@QEAA@AEBV01@@Z 0000000180040cec     MSVCRT:throw_bad_alloc.obj
 0004:00001cf8       $pdata$??0exception@std@@QEAA@AEBV01@@Z 0000000180040cf8     MSVCRT:throw_bad_alloc.obj
 0004:00001d04       $pdata$??_Gexception@std@@UEAAPEAXI@Z 0000000180040d04     MSVCRT:throw_bad_alloc.obj
 0004:00001d04       $pdata$??_Gbad_alloc@std@@UEAAPEAXI@Z 0000000180040d04     MSVCRT:throw_bad_alloc.obj
 0004:00001d04       $pdata$??_Gbad_array_new_length@std@@UEAAPEAXI@Z 0000000180040d04     MSVCRT:throw_bad_alloc.obj
 0004:00001d10       $pdata$?__scrt_throw_std_bad_alloc@@YAXXZ 0000000180040d10     MSVCRT:throw_bad_alloc.obj
 0004:00001d1c       $pdata$?__scrt_throw_std_bad_array_new_length@@YAXXZ 0000000180040d1c     MSVCRT:throw_bad_alloc.obj
 0004:00001d28       $pdata$__security_init_cookie 0000000180040d28     MSVCRT:gs_support.obj
 0004:00001d34       $pdata$__scrt_initialize_default_local_stdio_options 0000000180040d34     MSVCRT:default_local_stdio_options.obj
 0004:00001d40       $pdata$_RTC_Initialize     0000000180040d40     MSVCRT:_initsect_.obj
 0004:00001d4c       $pdata$_RTC_Terminate      0000000180040d4c     MSVCRT:_initsect_.obj
 0004:00001d64       $pdata$?dtor$1@?0???0BerconGradient@@QEAA@XZ@4HA 0000000180040d64     BerconGradient.obj
 0004:00001d70       $pdata$?dtor$0@?0??GetSubTexmapSlotName@BerconGradient@@UEAA?AVWStr@@H@Z@4HA 0000000180040d70     BerconGradient.obj
 0004:00001d7c       $pdata$?catch$1@?0??_Copy@?$basic_string@_WU?$char_traits@_W@std@@V?$allocator@_W@2@@std@@QEAAX_K0@Z@4HA 0000000180040d7c     BerconTile.obj
 0004:00001d88       $pdata$?catch$0@?0??_Copy@?$basic_string@_WU?$char_traits@_W@std@@V?$allocator@_W@2@@std@@QEAAX_K0@Z@4HA 0000000180040d88     BerconTile.obj
 0004:00001d94       $pdata$CommctrlIsolationAwarePrivatetRgCebPnQQeRff_pbZPgYQP_QYY$fin$0 0000000180040d94     DllEntry.obj
 0004:00001da0       $pdata$IsolationAwareInitCommonControls$fin$0 0000000180040da0     DllEntry.obj
 0004:00001dac       $pdata$WinbaseIsolationAwarePrivatetRgzlnPgpgk$fin$0 0000000180040dac     DllEntry.obj
 0004:00001db8       $pdata$?dtor$0@?0??GetSubTexmapSlotName@BerconTile@@UEAA?AVWStr@@H@Z@4HA 0000000180040db8     BerconTile.obj
 0004:00001db8       $pdata$?dtor$0@?0??GetSubTexmapSlotName@BerconNoise@@UEAA?AVWStr@@H@Z@4HA 0000000180040db8     BerconNoise.obj
 0004:00001db8       $pdata$?dtor$0@?0??SubAnimName@BerconNoise@@UEAA?AVWStr@@H@Z@4HA 0000000180040db8     BerconNoise.obj
 0004:00001db8       $pdata$?dtor$0@?0??SubAnimName@BerconTile@@UEAA?AVWStr@@H@Z@4HA 0000000180040db8     BerconTile.obj
 0004:00001db8       $pdata$?dtor$0@?0??SubAnimName@BerconGradient@@UEAA?AVWStr@@H@Z@4HA 0000000180040db8     BerconGradient.obj
 0004:00001db8       $pdata$?dtor$0@?0??GetSubTexmapSlotName@BerconWood@@UEAA?AVWStr@@H@Z@4HA 0000000180040db8     BerconWood.obj
 0004:00001db8       $pdata$?dtor$0@?0??GetSubTexmapSlotName@BerconDistortion@@UEAA?AVWStr@@H@Z@4HA 0000000180040db8     BerconDistortion.obj
 0004:00001db8       $pdata$?dtor$0@?0??SubAnimName@BerconDistortion@@UEAA?AVWStr@@H@Z@4HA 0000000180040db8     BerconDistortion.obj
 0004:00001db8       $pdata$?dtor$0@?0??SubAnimName@BerconWood@@UEAA?AVWStr@@H@Z@4HA 0000000180040db8     BerconWood.obj
 0004:00001dc4       $pdata$IsolationAwareRegisterClassExW$fin$0 0000000180040dc4     IGradient.obj
 0004:00001dd0       $pdata$?catch$0@?0???$_Uninitialized_move_al_unchecked1@PEAV?$basic_string@_WU?$char_traits@_W@std@@V?$allocator@_W@2@@std@@PEAV12@V?$allocator@V?$basic_string@_WU?$char_traits@_W@std@@V?$allocator@_W@2@@std@@@2@@std@@YAPEAV?$basic_string@_WU?$char_traits@_W@std@@V?$allocator@_W@2@@0@PEAV10@00AEAU?$_Wrap_alloc@V?$allocator@V?$basic_string@_WU?$char_traits@_W@std@@V?$allocator@_W@2@@std@@@std@@@0@U_General_ptr_iterator_tag@0@U_Any_tag@0@@Z@4HA 0000000180040dd0     tile.obj
 0004:00001ddc       $pdata$?catch$1@?0???$_Uninitialized_move_al_unchecked1@PEAVTileRow@@PEAV1@V?$allocator@VTileRow@@@std@@@std@@YAPEAVTileRow@@PEAV1@00AEAU?$_Wrap_alloc@V?$allocator@VTileRow@@@std@@@0@U_General_ptr_iterator_tag@0@U_Any_tag@0@@Z@4HA 0000000180040ddc     tile.obj
 0004:00001de8       $pdata$?catch$0@?0???0?$vector@MV?$allocator@M@std@@@std@@QEAA@AEBV01@@Z@4HA 0000000180040de8     tile.obj
 0004:00001df4       $pdata$?catch$0@?0??_Reallocate@?$vector@MV?$allocator@M@std@@@std@@IEAAX_K@Z@4HA 0000000180040df4     tile.obj
 0004:00001e00       $pdata$?catch$0@?0??_Reallocate@?$vector@V?$basic_string@_WU?$char_traits@_W@std@@V?$allocator@_W@2@@std@@V?$allocator@V?$basic_string@_WU?$char_traits@_W@std@@V?$allocator@_W@2@@std@@@2@@std@@IEAAX_K@Z@4HA 0000000180040e00     tile.obj
 0004:00001e0c       $pdata$?catch$0@?0??_Reallocate@?$vector@VTileRow@@V?$allocator@VTileRow@@@std@@@std@@IEAAX_K@Z@4HA 0000000180040e0c     tile.obj
 0004:00001e18       $pdata$?dtor$9@?0??parsePattern@@YAHV?$basic_string@_WU?$char_traits@_W@std@@V?$allocator@_W@2@@std@@PEAVTilePattern@@@Z@4HA 0000000180040e18     tile.obj
 0004:00001e24       $pdata$?dtor$13@?0??parsePattern@@YAHV?$basic_string@_WU?$char_traits@_W@std@@V?$allocator@_W@2@@std@@PEAVTilePattern@@@Z@4HA 0000000180040e24     tile.obj
 0004:00001e30       $pdata$?dtor$18@?0??parsePattern@@YAHV?$basic_string@_WU?$char_traits@_W@std@@V?$allocator@_W@2@@std@@PEAVTilePattern@@@Z@4HA 0000000180040e30     tile.obj
 0004:00001e3c       $pdata$?dtor$26@?0??parsePattern@@YAHV?$basic_string@_WU?$char_traits@_W@std@@V?$allocator@_W@2@@std@@PEAVTilePattern@@@Z@4HA 0000000180040e3c     tile.obj
 0004:00001e48       $pdata$?dtor$28@?0??parsePattern@@YAHV?$basic_string@_WU?$char_traits@_W@std@@V?$allocator@_W@2@@std@@PEAVTilePattern@@@Z@4HA 0000000180040e48     tile.obj
 0004:00001e54       $pdata$?dtor$0@?0??substr@?$basic_string@_WU?$char_traits@_W@std@@V?$allocator@_W@2@@std@@QEBA?AV12@_K0@Z@4HA 0000000180040e54     tile.obj
 0004:00001e60       $pdata$__scrt_is_nonwritable_in_current_image$filt$0 0000000180040e60     MSVCRT:utility.obj
 0004:00001e6c       $pdata$?fin$0@?0??dllmain_crt_process_attach@@YAHQEAUHINSTANCE__@@QEAX@Z@4HA 0000000180040e6c     MSVCRT:dll_dllmain.obj
 0004:00001e78       $pdata$?fin$0@?0??dllmain_crt_process_detach@@YAH_N@Z@4HA 0000000180040e78     MSVCRT:dll_dllmain.obj
 0004:00001e84       $pdata$?filt$0@?0??dllmain_dispatch@@YAHQEAUHINSTANCE__@@KQEAX@Z@4HA 0000000180040e84     MSVCRT:dll_dllmain.obj
 0004:00001e90       $pdata$??__FBerconDistortionDesc@@YAXXZ 0000000180040e90     BerconDistortion.obj
 0004:00001e9c       $pdata$??__Fxyz_blk@@YAXXZ 0000000180040e9c     BerconDistortion.obj
 0004:00001ea8       $pdata$??__FBerconGradientDesc@@YAXXZ 0000000180040ea8     BerconGradient.obj
 0004:00001eb4       $pdata$??__Fxyz_blk@@YAXXZ 0000000180040eb4     BerconGradient.obj
 0004:00001ec0       $pdata$??__FBerconTileDesc@@YAXXZ 0000000180040ec0     BerconTile.obj
 0004:00001ecc       $pdata$??__Fxyz_blk@@YAXXZ 0000000180040ecc     BerconTile.obj
 0004:00001ed8       $pdata$??__FBerconWoodDesc@@YAXXZ 0000000180040ed8     BerconWood.obj
 0004:00001ee4       $pdata$??__Fxyz_blk@@YAXXZ 0000000180040ee4     BerconWood.obj
 0004:00001ef0       $pdata$??__FBerconNoiseDesc@@YAXXZ 0000000180040ef0     BerconNoise.obj
 0004:00001efc       $pdata$??__Fxyz_blk@@YAXXZ 0000000180040efc     BerconNoise.obj
 0005:00000000       __guard_fids__             0000000180041000     MSVCRT:std_type_info_static.obj
 0005:00000004       __guard_fids_?dllmain_crt_process_attach@@YAHQEAUHINSTANCE__@@QEAX@Z 0000000180041004     MSVCRT:dll_dllmain.obj
 0005:0000000c       __guard_fids_?dllmain_dispatch@@YAHQEAUHINSTANCE__@@KQEAX@Z 000000018004100c     MSVCRT:dll_dllmain.obj
 0005:00000010       __guard_fids__             0000000180041010     MSVCRT:throw_bad_alloc.obj
 0005:00000018       __guard_fids__             0000000180041018     MSVCRT:throw_bad_alloc.obj
 0005:00000020       __guard_fids__             0000000180041020     MSVCRT:throw_bad_alloc.obj
 0005:00000028       __guard_fids__             0000000180041028     MSVCRT:guard_support.obj
 0006:000009b0       $R000000                   00000001800429b0     BerconNoise.res
 0006:00000a68       $R0000B8                   0000000180042a68     BerconNoise.res
 0006:00000a98       $R0000E8                   0000000180042a98     BerconNoise.res
 0006:00000b40       $R000190                   0000000180042b40     BerconNoise.res
 0006:00000cd0       $R000320                   0000000180042cd0     BerconNoise.res
 0006:00000d78       $R0003C8                   0000000180042d78     BerconNoise.res
 0006:00000e20       $R000470                   0000000180042e20     BerconNoise.res
 0006:00000f10       $R000560                   0000000180042f10     BerconNoise.res
 0006:00000fb8       $R000608                   0000000180042fb8     BerconNoise.res
 0006:00001e20       $R001470                   0000000180043e20     BerconNoise.res
 0006:000030b0       $R002700                   00000001800450b0     BerconNoise.res
 0006:00004888       $R003ED8                   0000000180046888     BerconNoise.res
 0006:00005290       $R0048E0                   0000000180047290     BerconNoise.res
 0006:000054d8       $R004B28                   00000001800474d8     BerconNoise.res
 0006:00005650       $R004CA0                   0000000180047650     BerconNoise.res
 0006:00005e40       $R005490                   0000000180047e40     BerconNoise.res
 0006:00006a40       $R006090                   0000000180048a40     BerconNoise.res
 0006:00007b98       $R0071E8                   0000000180049b98     BerconNoise.res
 0006:00008d00       $R008350                   000000018004ad00     BerconNoise.res
 0006:00009cb8       $R009308                   000000018004bcb8     BerconNoise.res
 0006:0000ad50       $R00A3A0                   000000018004cd50     BerconNoise.res
 0006:0000b6d0       $R00AD20                   000000018004d6d0     BerconNoise.res
 0006:0000b6d8       $R00AD28                   000000018004d6d8     BerconNoise.res
 0006:0000b6e0       $R00AD30                   000000018004d6e0     BerconNoise.res
 0006:0000b6e8       $R00AD38                   000000018004d6e8     BerconNoise.res
 0006:0000b7a8       $R00ADF8                   000000018004d7a8     BerconNoise.res
 0006:000188f0       $R017F40                   000000018005a8f0     BerconNoise.res
 0006:00018a68       $R0180B8                   000000018005aa68     BerconNoise.res
 0006:00018ad0       $R018120                   000000018005aad0     BerconNoise.res
 0006:00018c38       $R018288                   000000018005ac38     BerconNoise.res
 0006:00018c88       $R0182D8                   000000018005ac88     BerconNoise.res
 0006:00018e50       $R0184A0                   000000018005ae50     BerconNoise.res
 0006:00019028       $R018678                   000000018005b028     BerconNoise.res
 0006:00019200       $R018850                   000000018005b200     BerconNoise.res
 0006:00019300       $R018950                   000000018005b300     BerconNoise.res
 0006:000193d0       $R018A20                   000000018005b3d0     BerconNoise.res
 0006:000194f8       $R018B48                   000000018005b4f8     BerconNoise.res
 0006:000195f8       $R018C48                   000000018005b5f8     BerconNoise.res
 0006:00019770       $R018DC0                   000000018005b770     BerconNoise.res
 0006:000198f0       $R018F40                   000000018005b8f0     BerconNoise.res
 0006:00019aa0       $R0190F0                   000000018005baa0     BerconNoise.res
 0006:00019b80       $R0191D0                   000000018005bb80     BerconNoise.res
 0006:00019cc0       $R019310                   000000018005bcc0     BerconNoise.res
 0006:00019e38       $R019488                   000000018005be38     BerconNoise.res
 0006:0001a048       $R019698                   000000018005c048     BerconNoise.res
 0006:0001a200       $R019850                   000000018005c200     BerconNoise.res
 0006:0001a318       $R019968                   000000018005c318     BerconNoise.res

 Exports

  ordinal    name

        1    ?LibDescription@@YAPEB_WXZ (wchar_t const * __cdecl LibDescription(void))
               exported name: LibDescription
        2    ?LibNumberClasses@@YAHXZ (int __cdecl LibNumberClasses(void))
               exported name: LibNumberClasses
        3    ?LibClassDesc@@YAPEAVClassDesc@@H@Z (class ClassDesc * __cdecl LibClassDesc(int))
               exported name: LibClassDesc
        4    ?LibVersion@@YAKXZ (unsigned long __cdecl LibVersion(void))
               exported name: LibVersion
        5    ??0VertexNormalsControl@@QEAA@XZ (public: __cdecl VertexNormalsControl::VertexNormalsControl(void))
        6    ?LibInitialize@@YAHXZ (int __cdecl LibInitialize(void))
        7    ?LibShutdown@@YAHXZ (int __cdecl LibShutdown(void))
