 BerconMaps_2018_64

 Timestamp is 5ce6d5df (Thu May 23 13:18:23 2019)

 Preferred load address is 0000000180000000

 Start         Length     Name                   Class
 0001:00000000 000079b0H .text$di                CODE
 0001:000079b0 00022210H .text$mn                CODE
 0001:00029bc0 00000020H .text$mn$00             CODE
 0001:00029be0 00000e20H .text$x                 CODE
 0001:0002aa00 000001dfH .text$yd                CODE
 0002:00000000 000008b0H .idata$5                DATA
 0002:000008b0 00000010H .00cfg                  DATA
 0002:000008c0 00000008H .CRT$XCA                DATA
 0002:000008c8 000000f8H .CRT$XCU                DATA
 0002:000009c0 00000008H .CRT$XCZ                DATA
 0002:000009c8 00000008H .CRT$XIA                DATA
 0002:000009d0 00000008H .CRT$XIZ                DATA
 0002:000009d8 00000008H .CRT$XPA                DATA
 0002:000009e0 00000008H .CRT$XPZ                DATA
 0002:000009e8 00000008H .CRT$XTA                DATA
 0002:000009f0 00000010H .CRT$XTZ                DATA
 0002:00000a00 00006380H .rdata                  DATA
 0002:00006d80 000020d4H .rdata$r                DATA
 0002:00008e54 000002ccH .rdata$zzzdbg           DATA
 0002:00009120 00000008H .rtc$IAA                DATA
 0002:00009128 00000008H .rtc$IZZ                DATA
 0002:00009130 00000008H .rtc$TAA                DATA
 0002:00009138 00000008H .rtc$TZZ                DATA
 0002:00009140 00003ba0H .xdata                  DATA
 0002:0000cce0 000001e0H .xdata$x                DATA
 0002:0000cec0 00000104H .edata                  DATA
 0002:0000cfc4 00000118H .idata$2                DATA
 0002:0000d0dc 00000014H .idata$3                DATA
 0002:0000d0f0 000008b0H .idata$4                DATA
 0002:0000d9a0 00002c50H .idata$6                DATA
 0003:00000000 00000730H .data                   DATA
 0003:00000730 000009f0H .data$r                 DATA
 0003:00001120 00000b58H .bss                    DATA
 0004:00000000 00001ef0H .pdata                  DATA
 0005:00000000 0000002cH .gfids$y                DATA
 0006:00000000 000009b0H .rsrc$01                DATA
 0006:000009b0 00019ae8H .rsrc$02                DATA

  Address         Publics by Value              Rva+Base               Lib:Object

 0000:00000000       __guard_iat_count          0000000000000000     <absolute>
 0000:00000000       __guard_fids_count         0000000000000000     <absolute>
 0000:00000000       ___safe_se_handler_table   0000000000000000     <absolute>
 0000:00000000       __guard_iat_table          0000000000000000     <absolute>
 0000:00000000       ___safe_se_handler_count   0000000000000000     <absolute>
 0000:00000000       __guard_longjmp_table      0000000000000000     <absolute>
 0000:00000000       __dynamic_value_reloc_table 0000000000000000     <absolute>
 0000:00000000       __guard_longjmp_count      0000000000000000     <absolute>
 0000:00000000       __guard_fids_table         0000000000000000     <absolute>
 0000:00000100       __guard_flags              0000000000000100     <absolute>
 0000:00000000       __ImageBase                0000000180000000     <linker-defined>
 0001:000079b0       ??_EXYZ_Desc@@UEAAPEAXI@Z  00000001800089b0 f i BerconDistortion.obj
 0001:000079b0       ??_GXYZ_Desc@@UEAAPEAXI@Z  00000001800089b0 f i BerconDistortion.obj
 0001:00007a10       ?Create@BerconDistortionClassDesc@@UEAAPEAXH@Z 0000000180008a10 f i BerconDistortion.obj
 0001:00007a50       ?ClassName@BerconDistortionClassDesc@@UEAAPEB_WXZ 0000000180008a50 f i BerconDistortion.obj
 0001:00007a60       ?ClassID@BerconDistortion@@UEAA?AVClass_ID@@XZ 0000000180008a60 f i BerconDistortion.obj
 0001:00007a60       ?ClassID@BerconDistortionClassDesc@@UEAA?AVClass_ID@@XZ 0000000180008a60 f i BerconDistortion.obj
 0001:00007a80       ?InternalName@BerconDistortionClassDesc@@UEAAPEB_WXZ 0000000180008a80 f i BerconDistortion.obj
 0001:00007a90       ??_EBerconDistortionClassDesc@@UEAAPEAXI@Z 0000000180008a90 f i BerconDistortion.obj
 0001:00007a90       ??_GBerconDistortionClassDesc@@UEAAPEAXI@Z 0000000180008a90 f i BerconDistortion.obj
 0001:00007af0       ?What@TabOutOfRangeException@Util@MaxSDK@@UEBAPEB_WXZ 0000000180008af0 f i BerconDistortion.obj
 0001:00007b10       ??1TabOutOfRangeException@Util@MaxSDK@@UEAA@XZ 0000000180008b10 f i BerconDistortion.obj
 0001:00007b30       ??0TabOutOfRangeException@Util@MaxSDK@@QEAA@AEBV012@@Z 0000000180008b30 f i BerconDistortion.obj
 0001:00007b70       ?SetUserDlgProc@ClassDesc2@@UEAA_NPEAVParamBlockDesc2@@PEAVParamMap2UserDlgProc@@@Z 0000000180008b70 f i BerconDistortion.obj
 0001:00007b80       ??_ETabOutOfRangeException@Util@MaxSDK@@UEAAPEAXI@Z 0000000180008b80 f i BerconDistortion.obj
 0001:00007b80       ??_GTabOutOfRangeException@Util@MaxSDK@@UEAAPEAXI@Z 0000000180008b80 f i BerconDistortion.obj
 0001:00007be0       ?InitialRollupPageState@ClassDesc@@UEAAKXZ 0000000180008be0 f i BerconDistortion.obj
 0001:00007bf0       ?NumInterfaces@ClassDesc@@UEAAHXZ 0000000180008bf0 f i BerconDistortion.obj
 0001:00007c00       ?GetInterfaceAt@ClassDesc@@UEAAPEAVFPInterface@@H@Z 0000000180008c00 f i BerconDistortion.obj
 0001:00007c20       ?ClearInterfaces@ClassDesc@@UEAAXXZ 0000000180008c20 f i BerconDistortion.obj
 0001:00007c30       ?SubClassID@ClassDesc@@UEAA?AVClass_ID@@XZ 0000000180008c30 f i BerconDistortion.obj
 0001:00007c40       ??0BerconDistortion@@QEAA@XZ 0000000180008c40 f   BerconDistortion.obj
 0001:00007d90       ??0BerconSC@@QEAA@QEAVShadeContext@@@Z 0000000180008d90 f i BerconDistortion.obj
 0001:00007f60       ??0BerconXYZ@@QEAA@XZ      0000000180008f60 f i BerconDistortion.obj
 0001:00008000       ??0VertexNormalsControl@@QEAA@XZ 0000000180009000 f i BerconDistortion.obj
 0001:00008030       ??0XYZ_Desc@@QEAA@PEAVClassDesc2@@HHHHHHH@Z 0000000180009030 f i BerconDistortion.obj
 0001:00009300       ??1?$Tab@PEAVBaseInterface@@@@QEAA@XZ 000000018000a300 f i BerconDistortion.obj
 0001:00009320       ??1?$Tab@PEAVVertexNormalsCallback@@@@QEAA@XZ 000000018000a320 f i BerconDistortion.obj
 0001:00009340       ??1BerconSC@@UEAA@XZ       000000018000a340 f i BerconDistortion.obj
 0001:00009390       ??1ParamMap2UserDlgProc@@UEAA@XZ 000000018000a390 f i BerconDistortion.obj
 0001:000093a0       ??1RenderGlobalContext@@UEAA@XZ 000000018000a3a0 f i BerconDistortion.obj
 0001:000093c0       ??1ShadeContext@@UEAA@XZ   000000018000a3c0 f i BerconDistortion.obj
 0001:00009400       ??1ShadeOutput@@UEAA@XZ    000000018000a400 f i BerconDistortion.obj
 0001:00009420       ??1Texmap@@UEAA@XZ         000000018000a420 f i BerconDistortion.obj
 0001:00009440       ??A?$Tab@PEAVFPInterface@@@@QEBAAEAPEAVFPInterface@@_J@Z 000000018000a440 f i BerconDistortion.obj
 0001:00009530       ??_EBerconDistortion@@WEA@EAAPEAXI@Z 000000018000a530 f i BerconDistortion.obj
 0001:0000953c       ??_EBerconSC@@WCII@EAAPEAXI@Z 000000018000a53c f i BerconDistortion.obj
 0001:00009550       ??_GBaseInterfaceServer@@UEAAPEAXI@Z 000000018000a550 f i BerconDistortion.obj
 0001:00009550       ??_EBaseInterfaceServer@@UEAAPEAXI@Z 000000018000a550 f i BerconDistortion.obj
 0001:000095a0       ??_EBerconDistortion@@UEAAPEAXI@Z 000000018000a5a0 f i BerconDistortion.obj
 0001:000095a0       ??_GBerconDistortion@@UEAAPEAXI@Z 000000018000a5a0 f i BerconDistortion.obj
 0001:00009630       ??_EBerconSC@@UEAAPEAXI@Z  000000018000a630 f i BerconDistortion.obj
 0001:00009630       ??_GBerconSC@@UEAAPEAXI@Z  000000018000a630 f i BerconDistortion.obj
 0001:000096b0       ??_EBerconXYZDlgProc@@UEAAPEAXI@Z 000000018000a6b0 f i BerconDistortion.obj
 0001:000096b0       ??_GBerconXYZDlgProc@@UEAAPEAXI@Z 000000018000a6b0 f i BerconDistortion.obj
 0001:00009700       ??_EInterfaceServer@@UEAAPEAXI@Z 000000018000a700 f i BerconDistortion.obj
 0001:00009700       ??_GInterfaceServer@@UEAAPEAXI@Z 000000018000a700 f i BerconDistortion.obj
 0001:00009750       ??_EParamMap2UserDlgProc@@UEAAPEAXI@Z 000000018000a750 f i BerconDistortion.obj
 0001:00009750       ??_GParamMap2UserDlgProc@@UEAAPEAXI@Z 000000018000a750 f i BerconDistortion.obj
 0001:00009790       ??_ERenderGlobalContext@@UEAAPEAXI@Z 000000018000a790 f i BerconDistortion.obj
 0001:00009790       ??_GRenderGlobalContext@@UEAAPEAXI@Z 000000018000a790 f i BerconDistortion.obj
 0001:000097f0       ??_GShadeContext@@UEAAPEAXI@Z 000000018000a7f0 f i BerconDistortion.obj
 0001:000097f0       ??_EShadeContext@@UEAAPEAXI@Z 000000018000a7f0 f i BerconDistortion.obj
 0001:00009860       ??_GShadeOutput@@UEAAPEAXI@Z 000000018000a860 f i BerconDistortion.obj
 0001:00009860       ??_EShadeOutput@@UEAAPEAXI@Z 000000018000a860 f i BerconDistortion.obj
 0001:000098c0       ?ActivateTexDisplay@BerconDistortion@@UEAAXH@Z 000000018000a8c0 f i BerconDistortion.obj
 0001:000098f0       ?Antialias@BerconSC@@UEAAHXZ 000000018000a8f0 f i BerconDistortion.obj
 0001:00009900       ?BarycentricCoords@BerconSC@@UEAA?AVPoint3@@XZ 000000018000a900 f i BerconDistortion.obj
 0001:00009920       ?BarycentricCoords@ShadeContext@@UEAA?AVPoint3@@XZ 000000018000a920 f i BerconDistortion.obj
 0001:00009930       ?BumpBasisVectors@BerconSC@@UEAAHQEAVPoint3@@HH@Z 000000018000a930 f i BerconDistortion.obj
 0001:00009950       ?BypassTrackBar@Animatable@@UEAAHXZ 000000018000a950 f i BerconDistortion.obj
 0001:00009960       ?CamFarRange@BerconSC@@UEAAMXZ 000000018000a960 f i BerconDistortion.obj
 0001:00009980       ?CamNearRange@BerconSC@@UEAAMXZ 000000018000a980 f i BerconDistortion.obj
 0001:000099a0       ?CamNearRange@ShadeContext@@UEAAMXZ 000000018000a9a0 f i BerconDistortion.obj
 0001:000099a0       ?RayConeAngle@ShadeContext@@UEAAMXZ 000000018000a9a0 f i BerconDistortion.obj
 0001:000099a0       ?GetAAFilterSize@RenderGlobalContext@@UEAAMXZ 000000018000a9a0 f i BerconDistortion.obj
 0001:000099a0       ?CamFarRange@ShadeContext@@UEAAMXZ 000000018000a9a0 f i BerconDistortion.obj
 0001:000099a0       ?Curve@ShadeContext@@UEAAMXZ 000000018000a9a0 f i BerconDistortion.obj
 0001:000099b0       ?CamPos@BerconSC@@UEAA?AVPoint3@@XZ 000000018000a9b0 f i BerconDistortion.obj
 0001:000099e0       ?ClassID@BerconSC@@UEAA?AVClass_ID@@XZ 000000018000a9e0 f i BerconDistortion.obj
 0001:00009a00       ?Clone@BerconDistortion@@UEAAPEAVReferenceTarget@@AEAVRemapDir@@@Z 000000018000aa00 f   BerconDistortion.obj
 0001:00009b30       ?CreateParamDlg@BerconDistortion@@UEAAPEAVParamDlg@@PEAUHWND__@@PEAVIMtlParams@@@Z 000000018000ab30 f   BerconDistortion.obj
 0001:00009bb0       ?CurTime@BerconSC@@UEAAHXZ 000000018000abb0 f i BerconDistortion.obj
 0001:00009bc0       ?Curve@BerconSC@@UEAAMXZ   000000018000abc0 f i BerconDistortion.obj
 0001:00009be0       ?DP@BerconSC@@UEAA?AVPoint3@@XZ 000000018000abe0 f i BerconDistortion.obj
 0001:00009c10       ?DP@BerconSC@@UEAAXAEAVPoint3@@0@Z 000000018000ac10 f i BerconDistortion.obj
 0001:00009c30       ?DPObj@BerconSC@@UEAA?AVPoint3@@XZ 000000018000ac30 f i BerconDistortion.obj
 0001:00009c60       ?DPObjRelBox@BerconSC@@UEAA?AVPoint3@@XZ 000000018000ac60 f i BerconDistortion.obj
 0001:00009c90       ?DPdUVW@BerconSC@@UEAAXQEAVPoint3@@H@Z 000000018000ac90 f i BerconDistortion.obj
 0001:00009cb0       ?DUVW@BerconSC@@UEAA?AVPoint3@@H@Z 000000018000acb0 f i BerconDistortion.obj
 0001:00009cd4       ?DebugFile@BerconSC@@WCII@EAAPEAU_iobuf@@XZ 000000018000acd4 f i BerconDistortion.obj
 0001:00009ce0       ?PutCache@ShadeContext@@UEAAXPEAVTexmap@@M@Z 000000018000ace0 f i BerconDistortion.obj
 0001:00009ce0       ?SetParamBlock@ParamMap2UserDlgProc@@UEAAXPEAVIParamBlock2@@@Z 000000018000ace0 f i BerconDistortion.obj
 0001:00009ce0       ?PasteTrack@Animatable@@UEAAXPEAVTrackClipObject@@VInterval@@K@Z 000000018000ace0 f i BerconDistortion.obj
 0001:00009ce0       ?AddNewKey@Animatable@@UEAAXHK@Z 000000018000ace0 f i BerconDistortion.obj
 0001:00009ce0       ?DP@ShadeContext@@UEAAXAEAVPoint3@@0@Z 000000018000ace0 f i BerconDistortion.obj
 0001:00009ce0       ?ScaleKeyValues@Animatable@@UEAAXPEAVParamDimensionBase@@MMK@Z 000000018000ace0 f i BerconDistortion.obj
 0001:00009ce0       ?Update@ParamMap2UserDlgProc@@UEAAXH@Z 000000018000ace0 f i BerconDistortion.obj
 0001:00009ce0       ?IntersectRay@RenderGlobalContext@@UEAAXPEAVRenderInstance@@AEAVRay@@AEAUISect@@AEAVISectList@@H@Z 000000018000ace0 f i BerconDistortion.obj
 0001:00009ce0       ?FlagKey@Animatable@@UEAAXVTrackHitRecord@@@Z 000000018000ace0 f i BerconDistortion.obj
 0001:00009ce0       ?SetTooltip@IGradient@@UEAAX_NPEB_W@Z 000000018000ace0 f i BerconGradient.obj
 0001:00009ce0       ?PutCache@ShadeContext@@UEAAXPEAVTexmap@@AEBVAColor@@@Z 000000018000ace0 f i BerconDistortion.obj
 0001:00009ce0       ?__global_delete@@YAXPEAX_K@Z 000000018000ace0 f i BerconDistortion.obj
 0001:00009ce0       ?SelectSubKeys@Animatable@@UEAAXHAEAV?$Tab@VTrackHitRecord@@@@K@Z 000000018000ace0 f i BerconDistortion.obj
 0001:00009ce0       ??3@YAXPEAX0@Z             000000018000ace0 f i tile.obj
 0001:00009ce0       ?EditTrackParams@Animatable@@UEAAXHPEAVParamDimensionBase@@PEB_WPEAUHWND__@@PEAVIObjParam@@K@Z 000000018000ace0 f i BerconDistortion.obj
 0001:00009ce0       ?DeleteKeys@Animatable@@UEAAXK@Z 000000018000ace0 f i BerconDistortion.obj
 0001:00009ce0       ?ResetCallback@ResourceMakerCallback@@UEAAXHPEAVICurveCtl@@@Z 000000018000ace0 f i BerconGradient.obj
 0001:00009ce0       ?__empty_global_delete@@YAXPEAX_K@Z 000000018000ace0 f i BerconDistortion.obj
 0001:00009ce0       ?DeleteSubAnim@Animatable@@UEAAXH@Z 000000018000ace0 f i BerconDistortion.obj
 0001:00009ce0       ?TossCache@ShadeContext@@UEAAXPEAVTexmap@@@Z 000000018000ace0 f i BerconDistortion.obj
 0001:00009ce0       ?RefAddedUndoRedo@ReferenceTarget@@UEAAXPEAVReferenceMaker@@@Z 000000018000ace0 f i BerconDistortion.obj
 0001:00009ce0       ?FreeAllBitmaps@Animatable@@UEAAXXZ 000000018000ace0 f i BerconDistortion.obj
 0001:00009ce0       ?EditTimeRange@Animatable@@UEAAXVInterval@@K@Z 000000018000ace0 f i BerconDistortion.obj
 0001:00009ce0       ?SetupGfxMultiMaps@MtlBase@@UEAAXHPEAVMaterial@@AEAVMtlMakerCallback@@@Z 000000018000ace0 f i BerconDistortion.obj
 0001:00009ce0       ?NotifyTarget@ReferenceTarget@@UEAAXHPEAVReferenceMaker@@@Z 000000018000ace0 f i BerconDistortion.obj
 0001:00009ce0       ?NewCurveCreatedCallback@ResourceMakerCallback@@UEAAXHPEAVICurveCtl@@@Z 000000018000ace0 f i BerconGradient.obj
 0001:00009ce0       ?SelectKeyByIndex@Animatable@@UEAAXHH@Z 000000018000ace0 f i BerconDistortion.obj
 0001:00009ce0       ?AdjustTangents@Animatable@@UEAAXVTrackHitRecord@@PEAVParamDimensionBase@@AEAVBox2@@MHMHHHK@Z 000000018000ace0 f i BerconDistortion.obj
 0001:00009ce0       ?DeleteTime@Animatable@@UEAAXVInterval@@K@Z 000000018000ace0 f i BerconDistortion.obj
 0001:00009ce0       ?InsertTime@Animatable@@UEAAXHH@Z 000000018000ace0 f i BerconDistortion.obj
 0001:00009ce0       ?CloneSelectedKeys@Animatable@@UEAAXH@Z 000000018000ace0 f i BerconDistortion.obj
 0001:00009ce0       ?SetSelKeyCoords@Animatable@@UEAAXHMK@Z 000000018000ace0 f i BerconDistortion.obj
 0001:00009ce0       ?RefDeleted@ReferenceTarget@@UEAAXXZ 000000018000ace0 f i BerconDistortion.obj
 0001:00009ce0       ?CommitSetKeyBuffer@Animatable@@UEAAXH@Z 000000018000ace0 f i BerconDistortion.obj
 0001:00009ce0       ?SetOutputLevel@Texmap@@UEAAXHM@Z 000000018000ace0 f i BerconDistortion.obj
 0001:00009ce0       ?Enable@IGradient@@UEAAXH@Z 000000018000ace0 f i BerconGradient.obj
 0001:00009ce0       _guard_check_icall_nop     000000018000ace0 f i MSVCRT:guard_support.obj
 0001:00009ce0       ?FreeCaches@Animatable@@UEAAXXZ 000000018000ace0 f i BerconDistortion.obj
 0001:00009ce0       ?RevertSetKeyBuffer@Animatable@@UEAAXXZ 000000018000ace0 f i BerconDistortion.obj
 0001:00009ce0       ?SetNormal@ShadeContext@@UEAAXVPoint3@@@Z 000000018000ace0 f i BerconDistortion.obj
 0001:00009ce0       ?MoveKeys@Animatable@@UEAAXPEAVParamDimensionBase@@MK@Z 000000018000ace0 f i BerconDistortion.obj
 0001:00009ce0       ?EndEditParams@Animatable@@UEAAXPEAVIObjParam@@KPEAV1@@Z 000000018000ace0 f i BerconDistortion.obj
 0001:00009ce0       ?PutCache@ShadeContext@@UEAAXPEAVTexmap@@AEBVPoint3@@@Z 000000018000ace0 f i BerconDistortion.obj
 0001:00009ce0       ?EditClassParams@ClassDesc@@UEAAXPEAUHWND__@@@Z 000000018000ace0 f i BerconDistortion.obj
 0001:00009ce0       ?BeginEditParams@Animatable@@UEAAXPEAVIObjParam@@KPEAV1@@Z 000000018000ace0 f i BerconDistortion.obj
 0001:00009ce0       ?DeleteKeyAtTime@Animatable@@UEAAXH@Z 000000018000ace0 f i BerconDistortion.obj
 0001:00009ce0       ?ReverseTime@Animatable@@UEAAXVInterval@@K@Z 000000018000ace0 f i BerconDistortion.obj
 0001:00009ce0       ?GetSystemNodes@Animatable@@UEAAXAEAVINodeTab@@W4SysNodeContext@@@Z 000000018000ace0 f i BerconDistortion.obj
 0001:00009ce0       ?LocalMappingsRequired@MtlBase@@UEAAXHAEAVBitArray@@0@Z 000000018000ace0 f i BerconDistortion.obj
 0001:00009ce0       ?SelectSubCurve@Animatable@@UEAAXHH@Z 000000018000ace0 f i BerconDistortion.obj
 0001:00009ce0       ?CopyKeysFromTime@Animatable@@UEAAXHHK@Z 000000018000ace0 f i BerconDistortion.obj
 0001:00009ce0       ?SelectCurve@Animatable@@UEAAXH@Z 000000018000ace0 f i BerconDistortion.obj
 0001:00009ce0       ?ScaleTime@Animatable@@UEAAXVInterval@@M@Z 000000018000ace0 f i BerconDistortion.obj
 0001:00009ce0       ?Enable2@IGradient@@UEAAXH@Z 000000018000ace0 f i BerconGradient.obj
 0001:00009ce0       ?RefDeletedUndoRedo@ReferenceTarget@@UEAAXXZ 000000018000ace0 f i BerconDistortion.obj
 0001:00009ce0       ?Disable@IGradient@@UEAAXXZ 000000018000ace0 f i BerconGradient.obj
 0001:00009ce0       ?SetThing@ParamMap2UserDlgProc@@UEAAXPEAVReferenceTarget@@@Z 000000018000ace0 f i BerconDistortion.obj
 0001:00009ce0       ?SelectKeys@Animatable@@UEAAXAEAV?$Tab@VTrackHitRecord@@@@K@Z 000000018000ace0 f i BerconDistortion.obj
 0001:00009ce0       ?PasteSubTrack@Animatable@@UEAAXHPEAVTrackClipObject@@VInterval@@K@Z 000000018000ace0 f i BerconDistortion.obj
 0001:00009ce0       ?DeleteKeyByIndex@Animatable@@UEAAXH@Z 000000018000ace0 f i BerconDistortion.obj
 0001:00009ce0       ?SetIOR@ShadeContext@@UEAAXM@Z 000000018000ace0 f i BerconDistortion.obj
 0001:00009ce0       ?AdjustTangents@Animatable@@UEAAXVTrackHitRecord@@PEAVParamDimensionBase@@MMK@Z 000000018000ace0 f i BerconDistortion.obj
 0001:00009cf0       ?DiffuseIllum@BerconSC@@UEAA?AVColor@@XZ 000000018000acf0 f i BerconDistortion.obj
 0001:00009d20       ?DlgProc@BerconXYZDlgProc@@UEAA_JHPEAVIParamMap2@@PEAUHWND__@@I_K_J@Z 000000018000ad20 f i BerconDistortion.obj
 0001:0000a230       ?EditTrack@Animatable@@UEAAXXZ 000000018000b230 f i BerconDistortion.obj
 0001:0000a260       ?EvalColor@BerconDistortion@@UEAA?AVAColor@@AEAVShadeContext@@@Z 000000018000b260 f   BerconDistortion.obj
 0001:0000a420       ?EvalEnvironMap@BerconSC@@UEAA?AVAColor@@PEAVTexmap@@VPoint3@@@Z 000000018000b420 f i BerconDistortion.obj
 0001:0000a470       ?EvalGlobalEnvironMap@BerconSC@@UEAA?AVAColor@@VPoint3@@@Z 000000018000b470 f i BerconDistortion.obj
 0001:0000a4c0       ?EvalGlobalEnvironMap@RenderGlobalContext@@UEAA?AVAColor@@AEAVShadeContext@@AEAVRay@@H@Z 000000018000b4c0 f i BerconDistortion.obj
 0001:0000a4e0       ?EvalGlobalEnvironMap@ShadeContext@@UEAA?AVAColor@@VPoint3@@@Z 000000018000b4e0 f i BerconDistortion.obj
 0001:0000a4f0       ?EvalMono@BerconDistortion@@UEAAMAEAVShadeContext@@@Z 000000018000b4f0 f   BerconDistortion.obj
 0001:0000a680       ?EvalNormalPerturb@BerconDistortion@@UEAA?AVPoint3@@AEAVShadeContext@@@Z 000000018000b680 f   BerconDistortion.obj
 0001:0000a810       ?Execute@BerconSC@@UEAA_JH_K00@Z 000000018000b810 f i BerconDistortion.obj
 0001:0000a824       ?Execute@BerconSC@@WCII@EAA_JH_K00@Z 000000018000b824 f i BerconDistortion.obj
 0001:0000a830       ?FaceNumber@BerconSC@@UEAAHXZ 000000018000b830 f i BerconDistortion.obj
 0001:0000a840       ?GNormal@BerconSC@@UEAA?AVPoint3@@XZ 000000018000b840 f i BerconDistortion.obj
 0001:0000a870       ?GetActiveTexHandle@BerconDistortion@@UEAA_KHAEAVTexHandleMaker@@@Z 000000018000b870 f   BerconDistortion.obj
 0001:0000a930       ?GetBGColor@BerconSC@@UEAAXAEAVColor@@0H@Z 000000018000b930 f i BerconDistortion.obj
 0001:0000a950       ?GetBerconDistortionDesc@@YAPEAVClassDesc2@@XZ 000000018000b950 f   BerconDistortion.obj
 0001:0000a960       ?GetCache@BerconSC@@UEAAHPEAVTexmap@@AEAM@Z 000000018000b960 f i BerconDistortion.obj
 0001:0000a980       ?GetCache@BerconSC@@UEAAHPEAVTexmap@@AEAVAColor@@@Z 000000018000b980 f i BerconDistortion.obj
 0001:0000a9a0       ?GetCache@BerconSC@@UEAAHPEAVTexmap@@AEAVPoint3@@@Z 000000018000b9a0 f i BerconDistortion.obj
 0001:0000a9c0       ?GetClassName@BerconDistortion@@UEAAXAEAVWStr@@@Z 000000018000b9c0 f i BerconDistortion.obj
 0001:0000a9f0       ?GetEvalObject@BerconSC@@UEAAPEAVObject@@XZ 000000018000b9f0 f i BerconDistortion.obj
 0001:0000aa00       ?GetFlagKeyIndex@Animatable@@UEAAHXZ 000000018000ba00 f i BerconDistortion.obj
 0001:0000aa00       ?NodeID@ShadeContext@@UEAAHXZ 000000018000ba00 f i BerconDistortion.obj
 0001:0000aa00       ?NumKeys@Animatable@@UEAAHXZ 000000018000ba00 f i BerconDistortion.obj
 0001:0000aa00       ?GetKeyIndex@Animatable@@UEAAHH@Z 000000018000ba00 f i BerconDistortion.obj
 0001:0000aa10       ?GetIOR@BerconSC@@UEAAMXZ  000000018000ba10 f i BerconDistortion.obj
 0001:0000aa30       ?GetInterface@MtlBase@@UEAAPEAVBaseInterface@@VInterface_ID@@@Z 000000018000ba30 f i BerconDistortion.obj
 0001:0000aa60       ?GetNSuperSample@BerconSC@@UEAAHXZ 000000018000ba60 f i BerconDistortion.obj
 0001:0000aa80       ?GetParamBlock@BerconDistortion@@UEAAPEAVIParamBlock2@@H@Z 000000018000ba80 f i BerconDistortion.obj
 0001:0000aaa0       ?GetParamBlockByID@BerconDistortion@@UEAAPEAVIParamBlock2@@F@Z 000000018000baa0 f i BerconDistortion.obj
 0001:0000aaf0       ?GetParamDimension@Animatable@@UEAAPEAVParamDimension@@H@Z 000000018000baf0 f i BerconDistortion.obj
 0001:0000ab00       ?GetRefTarget@MtlBase@@UEAAPEAVReferenceTarget@@XZ 000000018000bb00 f i BerconDistortion.obj
 0001:0000ab10       ?GetRenderElement@BerconSC@@UEAAPEAVIRenderElement@@H@Z 000000018000bb10 f i BerconDistortion.obj
 0001:0000ab30       ?GetRenderElement@ShadeContext@@UEAAPEAVIRenderElement@@H@Z 000000018000bb30 f i BerconDistortion.obj
 0001:0000ab50       ?GetSampleSizeScale@BerconSC@@UEAAMXZ 000000018000bb50 f i BerconDistortion.obj
 0001:0000ab70       ?GetIOR@ShadeContext@@UEAAMXZ 000000018000bb70 f i BerconDistortion.obj
 0001:0000ab70       ?GetSampleSizeScale@ShadeContext@@UEAAMXZ 000000018000bb70 f i BerconDistortion.obj
 0001:0000ab80       ?GetSubAnimCurveColor@Animatable@@UEAAKH@Z 000000018000bb80 f i BerconDistortion.obj
 0001:0000ab90       ?GetSubTexmap@BerconDistortion@@UEAAPEAVTexmap@@H@Z 000000018000bb90 f i BerconDistortion.obj
 0001:0000aba0       ?GetSubTexmapSlotName@BerconDistortion@@UEAA?AVWStr@@H@Z 000000018000bba0 f   BerconDistortion.obj
 0001:0000ac30       ?GetUVTransform@Texmap@@UEAAXAEAVMatrix3@@@Z 000000018000bc30 f i BerconDistortion.obj
 0001:0000ac40       ?HitTestSubFCurves@Animatable@@UEAAHHPEAVParamDimensionBase@@AEAV?$Tab@VTrackHitRecord@@@@AEAVBox2@@2MHMHK@Z 000000018000bc40 f i BerconDistortion.obj
 0001:0000ac40       ?HitTestFCurves@Animatable@@UEAAHPEAVParamDimensionBase@@AEAV?$Tab@VTrackHitRecord@@@@AEAVBox2@@2MHMHK@Z 000000018000bc40 f i BerconDistortion.obj
 0001:0000ac50       ?InMtlEditor@BerconSC@@UEAAHXZ 000000018000bc50 f i BerconDistortion.obj
 0001:0000ac60       ?InitSlotType@Texmap@@UEAAXH@Z 000000018000bc60 f i BerconDistortion.obj
 0001:0000ac70       ?GetMacroRecorderName@Animatable@@UEAA_N_NAEAVWStr@@@Z 000000018000bc70 f i BerconDistortion.obj
 0001:0000ac70       ?UseOnlyInternalNameForMAXScriptExposure@ClassDesc@@UEAA_NXZ 000000018000bc70 f i BerconDistortion.obj
 0001:0000ac70       ?IsLocalOutputMeaningful@Texmap@@UEAA_NAEAVShadeContext@@@Z 000000018000bc70 f i BerconDistortion.obj
 0001:0000ac70       ?DrawRepresentation@ClassDesc@@UEAA_NKPEAUHDC__@@AEAVBox2@@@Z 000000018000bc70 f i BerconDistortion.obj
 0001:0000ac80       ?IsSubClassOf@Animatable@@UEAAHVClass_ID@@@Z 000000018000bc80 f i BerconDistortion.obj
 0001:0000acc0       ?IsSuperSampleOn@BerconSC@@UEAAHXZ 000000018000bcc0 f i BerconDistortion.obj
 0001:0000ace0       ?IsTextureSuperSampleOn@BerconSC@@UEAAHXZ 000000018000bce0 f i BerconDistortion.obj
 0001:0000ad00       ?Light@BerconSC@@UEAAPEAVLightDesc@@H@Z 000000018000bd00 f i BerconDistortion.obj
 0001:0000ad10       ?LocalRequirements@BerconDistortion@@UEAAKH@Z 000000018000bd10 f i BerconDistortion.obj
 0001:0000ad30       ?MapSlotType@Texmap@@UEAAHH@Z 000000018000bd30 f i BerconDistortion.obj
 0001:0000ad40       ?MappingsRequired@BerconDistortion@@UEAAXHAEAVBitArray@@0@Z 000000018000bd40 f i BerconDistortion.obj
 0001:0000ad60       ?NRenderElements@BerconSC@@UEAAHXZ 000000018000bd60 f i BerconDistortion.obj
 0001:0000ad80       ?NRenderElements@ShadeContext@@UEAAHXZ 000000018000bd80 f i BerconDistortion.obj
 0001:0000ada0       ?Node@BerconSC@@UEAAPEAVINode@@XZ 000000018000bda0 f i BerconDistortion.obj
 0001:0000adb0       ?NodeID@BerconSC@@UEAAHXZ  000000018000bdb0 f i BerconDistortion.obj
 0001:0000adc0       ?Normal@BerconSC@@UEAA?AVPoint3@@XZ 000000018000bdc0 f i BerconDistortion.obj
 0001:0000ade0       ?NotifyDependents@ReferenceMaker@@EEAA?AW4RefResult@@AEBVInterval@@_KIKHPEAVReferenceTarget@@@Z 000000018000bde0 f i BerconDistortion.obj
 0001:0000ae10       ?NotifyForeground@ReferenceTarget@@UEAAXH@Z 000000018000be10 f i BerconDistortion.obj
 0001:0000ae70       ?NotifyRefChanged@BerconDistortion@@UEAA?AW4RefResult@@AEBVInterval@@PEAVReferenceTarget@@AEA_KIH@Z 000000018000be70 f   BerconDistortion.obj
 0001:0000af00       ?NumSubs@BerconDistortion@@UEAAHXZ 000000018000bf00 f i BerconDistortion.obj
 0001:0000af00       ?LibNumberClasses@@YAHXZ   000000018000bf00 f i DllEntry.obj
 0001:0000af00       ?NumRefs@BerconDistortion@@UEAAHXZ 000000018000bf00 f i BerconDistortion.obj
 0001:0000af10       ?ObjectBox@BerconSC@@UEAA?AVBox3@@XZ 000000018000bf10 f i BerconDistortion.obj
 0001:0000af40       ?OrigNormal@BerconSC@@UEAA?AVPoint3@@XZ 000000018000bf40 f i BerconDistortion.obj
 0001:0000af60       ?OrigNormal@ShadeContext@@UEAA?AVPoint3@@XZ 000000018000bf60 f i BerconDistortion.obj
 0001:0000af80       ?OrigView@BerconSC@@UEAA?AVPoint3@@XZ 000000018000bf80 f i BerconDistortion.obj
 0001:0000afb0       ?OrigView@ShadeContext@@UEAA?AVPoint3@@XZ 000000018000bfb0 f i BerconDistortion.obj
 0001:0000afd0       ?P@BerconSC@@UEAA?AVPoint3@@XZ 000000018000bfd0 f i BerconDistortion.obj
 0001:0000b050       ?PObj@BerconSC@@UEAA?AVPoint3@@XZ 000000018000c050 f i BerconDistortion.obj
 0001:0000b0d0       ?PObjRelBox@BerconSC@@UEAA?AVPoint3@@XZ 000000018000c0d0 f i BerconDistortion.obj
 0001:0000b100       ?PointFrom@BerconSC@@UEAA?AVPoint3@@AEBV2@W4RefFrame@@@Z 000000018000c100 f i BerconDistortion.obj
 0001:0000b130       ?PointTo@BerconSC@@UEAA?AVPoint3@@AEBV2@W4RefFrame@@@Z 000000018000c130 f i BerconDistortion.obj
 0001:0000b160       ?ProjType@BerconSC@@UEAAHXZ 000000018000c160 f i BerconDistortion.obj
 0001:0000b170       ?PutCache@BerconSC@@UEAAXPEAVTexmap@@AEBVAColor@@@Z 000000018000c170 f i BerconDistortion.obj
 0001:0000b190       ?PutCache@BerconSC@@UEAAXPEAVTexmap@@AEBVPoint3@@@Z 000000018000c190 f i BerconDistortion.obj
 0001:0000b1b0       ?PutCache@BerconSC@@UEAAXPEAVTexmap@@M@Z 000000018000c1b0 f i BerconDistortion.obj
 0001:0000b1d0       ?RayConeAngle@BerconSC@@UEAAMXZ 000000018000c1d0 f i BerconDistortion.obj
 0001:0000b1f0       ?RayDiam@BerconSC@@UEAAMXZ 000000018000c1f0 f i BerconDistortion.obj
 0001:0000b210       ?RayDiam@ShadeContext@@UEAAMXZ 000000018000c210 f i BerconDistortion.obj
 0001:0000b230       ?ReflectVector@BerconSC@@UEAA?AVPoint3@@XZ 000000018000c230 f i BerconDistortion.obj
 0001:0000b260       ?RefractVector@BerconSC@@UEAA?AVPoint3@@M@Z 000000018000c260 f i BerconDistortion.obj
 0001:0000b290       ?Reset@BerconDistortion@@UEAAXXZ 000000018000c290 f   BerconDistortion.obj
 0001:0000b310       ?ScaledToRGB@BerconSC@@UEBAPEAVToneOperator@@M@Z 000000018000c310 f i BerconDistortion.obj
 0001:0000b310       ?ScaledToRGB@BerconSC@@UEBAPEAVToneOperator@@XZ 000000018000c310 f i BerconDistortion.obj
 0001:0000b310       ?ScaleRGB@BerconSC@@UEBAPEAVToneOperator@@M@Z 000000018000c310 f i BerconDistortion.obj
 0001:0000b310       ?IsPhysicalSpace@BerconSC@@UEBAPEAVToneOperator@@XZ 000000018000c310 f i BerconDistortion.obj
 0001:0000b340       ?ScreenCoord@BerconSC@@UEAA?AVIPoint2@@XZ 000000018000c340 f i BerconDistortion.obj
 0001:0000b370       ?ScreenUV@BerconSC@@UEAAXAEAVPoint2@@0@Z 000000018000c370 f i BerconDistortion.obj
 0001:0000b3c0       ?Set@BitArray@@QEAAXH@Z    000000018000c3c0 f i BerconDistortion.obj
 0001:0000b460       ?SetGBufferID@BerconSC@@UEAAXH@Z 000000018000c460 f i BerconDistortion.obj
 0001:0000b480       ?SetGBufferID@ShadeContext@@UEAAXH@Z 000000018000c480 f i BerconDistortion.obj
 0001:0000b490       ?SetIOR@BerconSC@@UEAAXM@Z 000000018000c490 f i BerconDistortion.obj
 0001:0000b4b0       ?SetNormal@BerconSC@@UEAAXVPoint3@@@Z 000000018000c4b0 f i BerconDistortion.obj
 0001:0000b4f0       ?SetReference@BerconDistortion@@EEAAXHPEAVReferenceTarget@@@Z 000000018000c4f0 f   BerconDistortion.obj
 0001:0000b520       ?SetSubTexmap@BerconDistortion@@UEAAXHPEAVTexmap@@@Z 000000018000c520 f   BerconDistortion.obj
 0001:0000b590       ?SetThing@BerconXYZDlgProc@@UEAAXPEAVReferenceTarget@@@Z 000000018000c590 f i BerconDistortion.obj
 0001:0000b5a0       ?SetView@BerconSC@@UEAAXVPoint3@@@Z 000000018000c5a0 f i BerconDistortion.obj
 0001:0000b5e0       ?SubAnim@BerconDistortion@@UEAAPEAVAnimatable@@H@Z 000000018000c5e0 f   BerconDistortion.obj
 0001:0000b5e0       ?GetReference@BerconDistortion@@UEAAPEAVReferenceTarget@@H@Z 000000018000c5e0 f   BerconDistortion.obj
 0001:0000b610       ?SubAnimName@BerconDistortion@@UEAA?AVWStr@@H@Z 000000018000c610 f   BerconDistortion.obj
 0001:0000b690       ?RemapRefOnLoad@ReferenceMaker@@UEAAHH@Z 000000018000c690 f i BerconDistortion.obj
 0001:0000b690       ?SubNumToRefNum@BerconNoise@@UEAAHH@Z 000000018000c690 f i BerconNoise.obj
 0001:0000b690       ?SubNumToRefNum@BerconTile@@UEAAHH@Z 000000018000c690 f i BerconTile.obj
 0001:0000b690       ?SubNumToRefNum@BerconWood@@UEAAHH@Z 000000018000c690 f i BerconWood.obj
 0001:0000b690       ?SubNumToRefNum@BerconGradient@@UEAAHH@Z 000000018000c690 f i BerconGradient.obj
 0001:0000b690       ?SubNumToRefNum@BerconDistortion@@UEAAHH@Z 000000018000c690 f i BerconDistortion.obj
 0001:0000b6a0       ?SuperClassID@BerconNoise@@UEAAKXZ 000000018000c6a0 f i BerconNoise.obj
 0001:0000b6a0       ?SuperClassID@BerconTileClassDesc@@UEAAKXZ 000000018000c6a0 f i BerconTile.obj
 0001:0000b6a0       ?SuperClassID@BerconGradientClassDesc@@UEAAKXZ 000000018000c6a0 f i BerconGradient.obj
 0001:0000b6a0       ?SuperClassID@BerconDistortionClassDesc@@UEAAKXZ 000000018000c6a0 f i BerconDistortion.obj
 0001:0000b6a0       ?SuperClassID@BerconTile@@UEAAKXZ 000000018000c6a0 f i BerconTile.obj
 0001:0000b6a0       ?SuperClassID@BerconWoodClassDesc@@UEAAKXZ 000000018000c6a0 f i BerconWood.obj
 0001:0000b6a0       ?SuperClassID@BerconDistortion@@UEAAKXZ 000000018000c6a0 f i BerconDistortion.obj
 0001:0000b6a0       ?SuperClassID@BerconGradient@@UEAAKXZ 000000018000c6a0 f i BerconGradient.obj
 0001:0000b6a0       ?SuperClassID@BerconNoiseClassDesc@@UEAAKXZ 000000018000c6a0 f i BerconNoise.obj
 0001:0000b6a0       ?SuperClassID@BerconWood@@UEAAKXZ 000000018000c6a0 f i BerconWood.obj
 0001:0000b6b0       ?SurfacePtScreen@BerconSC@@UEAA?AVPoint2@@XZ 000000018000c6b0 f i BerconDistortion.obj
 0001:0000b6e0       ?SurfacePtScreen@ShadeContext@@UEAA?AVPoint2@@XZ 000000018000c6e0 f i BerconDistortion.obj
 0001:0000b6e0       ?ClassID@ShadeContext@@UEAA?AVClass_ID@@XZ 000000018000c6e0 f i BerconDistortion.obj
 0001:0000b6f0       ?TossCache@BerconSC@@UEAAXPEAVTexmap@@@Z 000000018000c6f0 f i BerconDistortion.obj
 0001:0000b710       ?UVW@BerconSC@@UEAA?AVPoint3@@H@Z 000000018000c710 f i BerconDistortion.obj
 0001:0000b7e0       ?UVWNormal@BerconSC@@UEAA?AVPoint3@@H@Z 000000018000c7e0 f i BerconDistortion.obj
 0001:0000b810       ?UVWNormal@ShadeContext@@UEAA?AVPoint3@@H@Z 000000018000c810 f i BerconDistortion.obj
 0001:0000b820       ?Update@BerconDistortion@@UEAAXHAEAVInterval@@@Z 000000018000c820 f   BerconDistortion.obj
 0001:0000b940       ?Update@ParamMap2UserDlgProc@@UEAAXHAEAVInterval@@PEAVIParamMap2@@@Z 000000018000c940 f i BerconDistortion.obj
 0001:0000b950       ?V@BerconSC@@UEAA?AVPoint3@@XZ 000000018000c950 f i BerconDistortion.obj
 0001:0000b980       ?Validity@BerconDistortion@@UEAA?AVInterval@@H@Z 000000018000c980 f   BerconDistortion.obj
 0001:0000b9d0       ?VectorFrom@BerconSC@@UEAA?AVPoint3@@AEBV2@W4RefFrame@@@Z 000000018000c9d0 f i BerconDistortion.obj
 0001:0000ba00       ?VectorFromNoScale@BerconSC@@UEAA?AVPoint3@@AEBV2@W4RefFrame@@@Z 000000018000ca00 f i BerconDistortion.obj
 0001:0000ba30       ?VectorTo@BerconSC@@UEAA?AVPoint3@@AEBV2@W4RefFrame@@@Z 000000018000ca30 f i BerconDistortion.obj
 0001:0000ba60       ?VectorToNoScale@BerconSC@@UEAA?AVPoint3@@AEBV2@W4RefFrame@@@Z 000000018000ca60 f i BerconDistortion.obj
 0001:0000ba90       ?getDistVector@BerconDistortion@@QEAA?AVPoint3@@AEAVShadeContext@@@Z 000000018000ca90 f   BerconDistortion.obj
 0001:0000bb90       ?Create@BerconGradientClassDesc@@UEAAPEAXH@Z 000000018000cb90 f i BerconGradient.obj
 0001:0000bbd0       ?ClassName@BerconGradientClassDesc@@UEAAPEB_WXZ 000000018000cbd0 f i BerconGradient.obj
 0001:0000bbe0       ?ClassID@BerconGradient@@UEAA?AVClass_ID@@XZ 000000018000cbe0 f i BerconGradient.obj
 0001:0000bbe0       ?ClassID@BerconGradientClassDesc@@UEAA?AVClass_ID@@XZ 000000018000cbe0 f i BerconGradient.obj
 0001:0000bc00       ?Category@BerconTileClassDesc@@UEAAPEB_WXZ 000000018000cc00 f i BerconTile.obj
 0001:0000bc00       ?Category@BerconDistortionClassDesc@@UEAAPEB_WXZ 000000018000cc00 f i BerconDistortion.obj
 0001:0000bc00       ?Category@BerconNoiseClassDesc@@UEAAPEB_WXZ 000000018000cc00 f i BerconNoise.obj
 0001:0000bc00       ?Category@BerconWoodClassDesc@@UEAAPEB_WXZ 000000018000cc00 f i BerconWood.obj
 0001:0000bc00       ?Category@BerconGradientClassDesc@@UEAAPEB_WXZ 000000018000cc00 f i BerconGradient.obj
 0001:0000bc10       ?InternalName@BerconGradientClassDesc@@UEAAPEB_WXZ 000000018000cc10 f i BerconGradient.obj
 0001:0000bc20       ??_EBerconGradientClassDesc@@UEAAPEAXI@Z 000000018000cc20 f i BerconGradient.obj
 0001:0000bc20       ??_GBerconGradientClassDesc@@UEAAPEAXI@Z 000000018000cc20 f i BerconGradient.obj
 0001:0000bc80       ??0BerconGradient@@QEAA@XZ 000000018000cc80 f   BerconGradient.obj
 0001:0000bde0       ??0IGradient@@QEAA@PEAUHWND__@@PEAVGradientRamp@@@Z 000000018000cde0 f i BerconGradient.obj
 0001:0000be40       ??1BerconGradient@@UEAA@XZ 000000018000ce40 f   BerconGradient.obj
 0001:0000bf10       ??1ICustomControl@@UEAA@XZ 000000018000cf10 f i BerconGradient.obj
 0001:0000bf30       ??_EBerconGradient@@WEA@EAAPEAXI@Z 000000018000cf30 f i BerconGradient.obj
 0001:0000bf40       ??_GBerconGradient@@UEAAPEAXI@Z 000000018000cf40 f i BerconGradient.obj
 0001:0000bf40       ??_EBerconGradient@@UEAAPEAXI@Z 000000018000cf40 f i BerconGradient.obj
 0001:0000bf90       ??_EBerconGradientDlgProc@@UEAAPEAXI@Z 000000018000cf90 f i BerconGradient.obj
 0001:0000bf90       ??_GBerconGradientDlgProc@@UEAAPEAXI@Z 000000018000cf90 f i BerconGradient.obj
 0001:0000bfe0       ??_GICustomControl@@UEAAPEAXI@Z 000000018000cfe0 f i BerconGradient.obj
 0001:0000bfe0       ??_EICustomControl@@UEAAPEAXI@Z 000000018000cfe0 f i BerconGradient.obj
 0001:0000c040       ??_EIGradient@@UEAAPEAXI@Z 000000018000d040 f i BerconGradient.obj
 0001:0000c040       ??_GIGradient@@UEAAPEAXI@Z 000000018000d040 f i BerconGradient.obj
 0001:0000c0d0       ?ActivateTexDisplay@BerconGradient@@UEAAXH@Z 000000018000d0d0 f i BerconGradient.obj
 0001:0000c100       ?Clone@BerconGradient@@UEAAPEAVReferenceTarget@@AEAVRemapDir@@@Z 000000018000d100 f   BerconGradient.obj
 0001:0000c2b0       ?CreateParamDlg@BerconGradient@@UEAAPEAVParamDlg@@PEAUHWND__@@PEAVIMtlParams@@@Z 000000018000d2b0 f   BerconGradient.obj
 0001:0000c3c0       ?DiscardTexHandle@BerconGradient@@QEAAXXZ 000000018000d3c0 f i BerconGradient.obj
 0001:0000c3f0       ?DlgProc@BerconGradientDlgProc@@UEAA_JHPEAVIParamMap2@@PEAUHWND__@@I_K_J@Z 000000018000d3f0 f   BerconGradient.obj
 0001:0000d080       ?EnableStuff@BerconGradient@@QEAAXXZ 000000018000e080 f   BerconGradient.obj
 0001:0000d3e0       ?EvalColor@BerconGradient@@UEAA?AVAColor@@AEAVShadeContext@@@Z 000000018000e3e0 f   BerconGradient.obj
 0001:0000d5a0       ?EvalMono@BerconTile@@UEAAMAEAVShadeContext@@@Z 000000018000e5a0 f   BerconTile.obj
 0001:0000d5a0       ?EvalMono@BerconWood@@UEAAMAEAVShadeContext@@@Z 000000018000e5a0 f   BerconWood.obj
 0001:0000d5a0       ?EvalMono@BerconGradient@@UEAAMAEAVShadeContext@@@Z 000000018000e5a0 f   BerconGradient.obj
 0001:0000d5a0       ?EvalMono@BerconNoise@@UEAAMAEAVShadeContext@@@Z 000000018000e5a0 f   BerconNoise.obj
 0001:0000d5d0       ?EvalNormalPerturb@BerconGradient@@UEAA?AVPoint3@@AEAVShadeContext@@@Z 000000018000e5d0 f   BerconGradient.obj
 0001:0000db20       ?GetActiveTexHandle@BerconGradient@@UEAA_KHAEAVTexHandleMaker@@@Z 000000018000eb20 f   BerconGradient.obj
 0001:0000dbe0       ?GetBerconGradientDesc@@YAPEAVClassDesc2@@XZ 000000018000ebe0 f   BerconGradient.obj
 0001:0000dbf0       ?GetClassName@BerconGradient@@UEAAXAEAVWStr@@@Z 000000018000ebf0 f i BerconGradient.obj
 0001:0000dc20       ?GetHwnd@IGradient@@UEAAPEAUHWND__@@XZ 000000018000ec20 f i BerconGradient.obj
 0001:0000dc30       ?GetParamBlock@BerconGradient@@UEAAPEAVIParamBlock2@@H@Z 000000018000ec30 f i BerconGradient.obj
 0001:0000dc50       ?GetParamBlockByID@BerconGradient@@UEAAPEAVIParamBlock2@@F@Z 000000018000ec50 f i BerconGradient.obj
 0001:0000dcc0       ?GetReference@BerconGradient@@UEAAPEAVReferenceTarget@@H@Z 000000018000ecc0 f   BerconGradient.obj
 0001:0000dd50       ?GetSubTexmap@BerconGradient@@UEAAPEAVTexmap@@H@Z 000000018000ed50 f   BerconGradient.obj
 0001:0000dd90       ?GetSubTexmapSlotName@BerconGradient@@UEAA?AVWStr@@H@Z 000000018000ed90 f   BerconGradient.obj
 0001:0000de40       ?SupportTexDisplay@BerconDistortion@@UEAAHXZ 000000018000ee40 f i BerconDistortion.obj
 0001:0000de40       ?LoadMapFiles@Texmap@@UEAAHH@Z 000000018000ee40 f i BerconDistortion.obj
 0001:0000de40       ?SupportTexDisplay@BerconGradient@@UEAAHXZ 000000018000ee40 f i BerconGradient.obj
 0001:0000de40       _get_startup_argv_mode     000000018000ee40 f i MSVCRT:argv_mode.obj
 0001:0000de40       ?IsPublic@BerconGradientClassDesc@@UEAAHXZ 000000018000ee40 f i BerconGradient.obj
 0001:0000de40       ?SupportTexDisplay@BerconTile@@UEAAHXZ 000000018000ee40 f i BerconTile.obj
 0001:0000de40       ?GetTrackVSpace@Animatable@@UEAAHH@Z 000000018000ee40 f i BerconDistortion.obj
 0001:0000de40       ?LibShutdown@@YAHXZ        000000018000ee40 f i DllEntry.obj
 0001:0000de40       ?IsEnabled@IGradient@@UEAAHXZ 000000018000ee40 f i BerconGradient.obj
 0001:0000de40       ?IsRealDependency@ReferenceMaker@@UEAAHPEAVReferenceTarget@@@Z 000000018000ee40 f i BerconDistortion.obj
 0001:0000de40       ?CanCopyAnim@Animatable@@UEAAHXZ 000000018000ee40 f i BerconDistortion.obj
 0001:0000de40       ?IsRefTarget@ReferenceTarget@@UEAAHXZ 000000018000ee40 f i BerconDistortion.obj
 0001:0000de40       ?NumSubs@BerconWood@@UEAAHXZ 000000018000ee40 f i BerconWood.obj
 0001:0000de40       ?CanTransferReference@ReferenceMaker@@UEAAHH@Z 000000018000ee40 f i BerconDistortion.obj
 0001:0000de40       ?NumSubs@BerconNoise@@UEAAHXZ 000000018000ee40 f i BerconNoise.obj
 0001:0000de40       ?GetTransparencyHint@MtlBase@@UEAAHHAEAVInterval@@@Z 000000018000ee40 f i BerconDistortion.obj
 0001:0000de40       ?IsPublic@BerconNoiseClassDesc@@UEAAHXZ 000000018000ee40 f i BerconNoise.obj
 0001:0000de40       ?IsPublic@BerconWoodClassDesc@@UEAAHXZ 000000018000ee40 f i BerconWood.obj
 0001:0000de40       ?SupportTexDisplay@BerconWood@@UEAAHXZ 000000018000ee40 f i BerconWood.obj
 0001:0000de40       ?IsPublic@BerconDistortionClassDesc@@UEAAHXZ 000000018000ee40 f i BerconDistortion.obj
 0001:0000de40       ?CanMakeUnique@Animatable@@UEAAHXZ 000000018000ee40 f i BerconDistortion.obj
 0001:0000de40       ?SupportTexDisplay@BerconNoise@@UEAAHXZ 000000018000ee40 f i BerconNoise.obj
 0001:0000de40       ?LibInitialize@@YAHXZ      000000018000ee40 f i DllEntry.obj
 0001:0000de40       ?GetMapChannel@Texmap@@UEAAHXZ 000000018000ee40 f i BerconDistortion.obj
 0001:0000de40       ?NumSubs@BerconTile@@UEAAHXZ 000000018000ee40 f i BerconTile.obj
 0001:0000de40       ?BuildMaps@MtlBase@@UEAAHHAEAVRenderMapsContext@@@Z 000000018000ee40 f i BerconDistortion.obj
 0001:0000de40       ?CanAssignController@Animatable@@UEAAHH@Z 000000018000ee40 f i BerconDistortion.obj
 0001:0000de40       ?OkToCreate@ClassDesc@@UEAAHPEAVInterface@@@Z 000000018000ee40 f i BerconDistortion.obj
 0001:0000de40       ?GetSelKeyCoords@Animatable@@UEAAHAEAHAEAMK@Z 000000018000ee40 f i BerconDistortion.obj
 0001:0000de40       ?IsRefMaker@ReferenceMaker@@UEAAHXZ 000000018000ee40 f i BerconDistortion.obj
 0001:0000de40       ?IsPublic@BerconTileClassDesc@@UEAAHXZ 000000018000ee40 f i BerconTile.obj
 0001:0000de40       ?SubTexmapOn@ISubMap@@UEAAHH@Z 000000018000ee40 f i BerconDistortion.obj
 0001:0000de50       ?LocalRequirements@BerconGradient@@UEAAKH@Z 000000018000ee50 f i BerconGradient.obj
 0001:0000de70       ?MappingsRequired@BerconGradient@@UEAAXHAEAVBitArray@@0@Z 000000018000ee70 f i BerconGradient.obj
 0001:0000de90       ?NotifyRefChanged@BerconGradient@@UEAA?AW4RefResult@@AEBVInterval@@PEAVReferenceTarget@@AEA_KIH@Z 000000018000ee90 f   BerconGradient.obj
 0001:0000dfa0       ?NumParamBlocks@BerconGradient@@UEAAHXZ 000000018000efa0 f i BerconGradient.obj
 0001:0000dfa0       ?PaintTrack@Animatable@@UEAAHPEAVParamDimensionBase@@PEAUHDC__@@AEAVBox2@@2MHK@Z 000000018000efa0 f i BerconDistortion.obj
 0001:0000dfa0       ?HitTestTrack@Animatable@@UEAAHAEAV?$Tab@VTrackHitRecord@@@@AEAVBox2@@1MHK@Z 000000018000efa0 f i BerconDistortion.obj
 0001:0000dfa0       ?NumParamBlocks@BerconDistortion@@UEAAHXZ 000000018000efa0 f i BerconDistortion.obj
 0001:0000dfa0       ?PaintSubTrack@Animatable@@UEAAHHPEAVParamDimensionBase@@PEAUHDC__@@AEAVBox2@@2MHK@Z 000000018000efa0 f i BerconDistortion.obj
 0001:0000dfb0       ?NumSubTexmaps@BerconGradient@@UEAAHXZ 000000018000efb0 f i BerconGradient.obj
 0001:0000dfc0       ?NumRefs@BerconGradient@@UEAAHXZ 000000018000efc0 f i BerconGradient.obj
 0001:0000dfc0       ?NumSubs@BerconGradient@@UEAAHXZ 000000018000efc0 f i BerconGradient.obj
 0001:0000dfd0       ?RenderBegin@BerconGradient@@UEAAHHK@Z 000000018000efd0 f i BerconGradient.obj
 0001:0000dff0       ?RenderEnd@BerconGradient@@UEAAHH@Z 000000018000eff0 f i BerconGradient.obj
 0001:0000e000       ?Reset@BerconGradient@@UEAAXXZ 000000018000f000 f   BerconGradient.obj
 0001:0000e2f0       ?SetDlgThing@BerconGradient@@UEAAHPEAVParamDlg@@@Z 000000018000f2f0 f   BerconGradient.obj
 0001:0000e330       ?SetReference@BerconGradient@@EEAAXHPEAVReferenceTarget@@@Z 000000018000f330 f   BerconGradient.obj
 0001:0000e440       ?SetSubTexmap@BerconGradient@@UEAAXHPEAVTexmap@@@Z 000000018000f440 f   BerconGradient.obj
 0001:0000e4d0       ?SetThing@BerconGradientDlgProc@@UEAAXPEAVReferenceTarget@@@Z 000000018000f4d0 f i BerconGradient.obj
 0001:0000e580       ?SubAnim@BerconGradient@@UEAAPEAVAnimatable@@H@Z 000000018000f580 f   BerconGradient.obj
 0001:0000e610       ?SubAnimName@BerconGradient@@UEAA?AVWStr@@H@Z 000000018000f610 f   BerconGradient.obj
 0001:0000e6a0       ?Update@BerconGradient@@UEAAXHAEAVInterval@@@Z 000000018000f6a0 f   BerconGradient.obj
 0001:0000ed90       ?Validity@BerconGradient@@UEAA?AVInterval@@H@Z 000000018000fd90 f   BerconGradient.obj
 0001:0000ede0       ?countKeys@BerconGradient@@QEAAHXZ 000000018000fde0 f   BerconGradient.obj
 0001:0000ee80       ?getGradientValue@BerconGradient@@QEAAMAEAVShadeContext@@@Z 000000018000fe80 f   BerconGradient.obj
 0001:0000f1e0       ?getGradientValueDist@BerconGradient@@QEAAMAEAVShadeContext@@@Z 00000001800101e0 f   BerconGradient.obj
 0001:0000f590       ?getGradientValueNormal@BerconGradient@@QEAAMAEAVShadeContext@@@Z 0000000180010590 f   BerconGradient.obj
 0001:0000f940       ?getGradientValueUVW@BerconGradient@@QEAAMVPoint3@@@Z 0000000180010940 f   BerconGradient.obj
 0001:0000fcd0       ?gradAddKey@BerconGradient@@UEAAXM@Z 0000000180010cd0 f   BerconGradient.obj
 0001:0000fde0       ?gradDelKey@BerconGradient@@UEAAXH@Z 0000000180010de0 f   BerconGradient.obj
 0001:0000fec0       ?gradMoveKey@BerconGradient@@UEAAXHM@Z 0000000180010ec0 f   BerconGradient.obj
 0001:0000ff90       ?gradReset@BerconGradient@@UEAAXXZ 0000000180010f90 f i BerconGradient.obj
 0001:0000ffa0       ?gradSelKey@BerconGradient@@UEAAXXZ 0000000180010fa0 f   BerconGradient.obj
 0001:00010050       ?keyColorChanged@BerconGradient@@QEAAXVAColor@@@Z 0000000180011050 f   BerconGradient.obj
 0001:00010100       ?keyNumChanged@BerconGradient@@QEAAXH@Z 0000000180011100 f   BerconGradient.obj
 0001:00010190       ?keyPosChanged@BerconGradient@@QEAAXM@Z 0000000180011190 f   BerconGradient.obj
 0001:00010250       ?limitRange@BerconGradient@@QEAAHAEAM@Z 0000000180011250 f   BerconGradient.obj
 0001:00010320       ?resetKeys@BerconGradient@@QEAAXXZ 0000000180011320 f   BerconGradient.obj
 0001:00010410       ?seedRandomGen@BerconGradient@@QEAAXAEAVShadeContext@@@Z 0000000180011410 f   BerconGradient.obj
 0001:00010580       ?setKeyTex@BerconGradient@@QEAAXPEAVTexmap@@@Z 0000000180011580 f   BerconGradient.obj
 0001:00010610       ?Create@BerconTileClassDesc@@UEAAPEAXH@Z 0000000180011610 f i BerconTile.obj
 0001:00010650       ?ClassName@BerconTileClassDesc@@UEAAPEB_WXZ 0000000180011650 f i BerconTile.obj
 0001:00010660       ?InternalName@BerconTileClassDesc@@UEAAPEB_WXZ 0000000180011660 f i BerconTile.obj
 0001:00010670       ?HInstance@BerconGradientClassDesc@@UEAAPEAUHINSTANCE__@@XZ 0000000180011670 f i BerconGradient.obj
 0001:00010670       ?HInstance@BerconTileClassDesc@@UEAAPEAUHINSTANCE__@@XZ 0000000180011670 f i BerconTile.obj
 0001:00010670       ?HInstance@BerconNoiseClassDesc@@UEAAPEAUHINSTANCE__@@XZ 0000000180011670 f i BerconNoise.obj
 0001:00010670       ?HInstance@BerconDistortionClassDesc@@UEAAPEAUHINSTANCE__@@XZ 0000000180011670 f i BerconDistortion.obj
 0001:00010670       ?HInstance@BerconWoodClassDesc@@UEAAPEAUHINSTANCE__@@XZ 0000000180011670 f i BerconWood.obj
 0001:00010680       ??_EBerconTileClassDesc@@UEAAPEAXI@Z 0000000180011680 f i BerconTile.obj
 0001:00010680       ??_GBerconTileClassDesc@@UEAAPEAXI@Z 0000000180011680 f i BerconTile.obj
 0001:000106e0       ??$_Destroy_range1@V?$allocator@VTileRow@@@std@@PEAVTileRow@@@std@@YAXPEAVTileRow@@0AEAU?$_Wrap_alloc@V?$allocator@VTileRow@@@std@@@0@U?$integral_constant@_N$0A@@0@@Z 00000001800116e0 f i BerconTile.obj
 0001:000107d0       ??0BerconTile@@QEAA@XZ     00000001800117d0 f   BerconTile.obj
 0001:000109c0       ??1?$basic_string@_WU?$char_traits@_W@std@@V?$allocator@_W@2@@std@@QEAA@XZ 00000001800119c0 f i BerconTile.obj
 0001:00010a10       ??1?$vector@MV?$allocator@M@std@@@std@@QEAA@XZ 0000000180011a10 f i BerconTile.obj
 0001:00010a50       ??1?$vector@VTileRow@@V?$allocator@VTileRow@@@std@@@std@@QEAA@XZ 0000000180011a50 f i BerconTile.obj
 0001:00010ab0       ??1BerconTile@@UEAA@XZ     0000000180011ab0 f   BerconTile.obj
 0001:00010b30       ??1TilePattern@@QEAA@XZ    0000000180011b30 f i BerconTile.obj
 0001:00010bd0       ??_EBerconTile@@WEA@EAAPEAXI@Z 0000000180011bd0 f i BerconTile.obj
 0001:00010be0       ??_EBerconTile@@UEAAPEAXI@Z 0000000180011be0 f i BerconTile.obj
 0001:00010be0       ??_GBerconTile@@UEAAPEAXI@Z 0000000180011be0 f i BerconTile.obj
 0001:00010c30       ??_EBerconTileDlgProc@@UEAAPEAXI@Z 0000000180011c30 f i BerconTile.obj
 0001:00010c30       ??_GBerconTileDlgProc@@UEAAPEAXI@Z 0000000180011c30 f i BerconTile.obj
 0001:00010c80       ?ActivateTexDisplay@BerconTile@@UEAAXH@Z 0000000180011c80 f i BerconTile.obj
 0001:00010cb0       ?ClassID@BerconTileClassDesc@@UEAA?AVClass_ID@@XZ 0000000180011cb0 f i BerconTile.obj
 0001:00010cb0       ?ClassID@BerconTile@@UEAA?AVClass_ID@@XZ 0000000180011cb0 f i BerconTile.obj
 0001:00010cd0       ?Clone@BerconTile@@UEAAPEAVReferenceTarget@@AEAVRemapDir@@@Z 0000000180011cd0 f   BerconTile.obj
 0001:00010e50       ?CreateParamDlg@BerconTile@@UEAAPEAVParamDlg@@PEAUHWND__@@PEAVIMtlParams@@@Z 0000000180011e50 f   BerconTile.obj
 0001:00010f70       ?DiscardTexHandle@BerconTile@@QEAAXXZ 0000000180011f70 f i BerconTile.obj
 0001:00010fa0       ?DlgProc@BerconTileDlgProc@@UEAA_JHPEAVIParamMap2@@PEAUHWND__@@I_K_J@Z 0000000180011fa0 f   BerconTile.obj
 0001:00011580       ?EnableStuff@BerconTile@@QEAAXH@Z 0000000180012580 f   BerconTile.obj
 0001:000119f0       ?EvalColor@BerconTile@@UEAA?AVAColor@@AEAVShadeContext@@@Z 00000001800129f0 f   BerconTile.obj
 0001:00011fb0       ?EvalNormalPerturb@BerconTile@@UEAA?AVPoint3@@AEAVShadeContext@@@Z 0000000180012fb0 f   BerconTile.obj
 0001:00012980       ?EvalParameters@BerconTile@@QEAA?AVTileParam@@AEAVShadeContext@@@Z 0000000180013980 f   BerconTile.obj
 0001:00012aa0       ?GetActiveTexHandle@BerconTile@@UEAA_KHAEAVTexHandleMaker@@@Z 0000000180013aa0 f   BerconTile.obj
 0001:00012b60       ?GetBerconTileDesc@@YAPEAVClassDesc2@@XZ 0000000180013b60 f   BerconTile.obj
 0001:00012b70       ?GetClassName@BerconTile@@UEAAXAEAVWStr@@@Z 0000000180013b70 f i BerconTile.obj
 0001:00012ba0       ?GetInterface@BerconWood@@UEAAPEAXK@Z 0000000180013ba0 f i BerconWood.obj
 0001:00012ba0       ?GetInterface@BerconGradient@@UEAAPEAXK@Z 0000000180013ba0 f i BerconGradient.obj
 0001:00012ba0       ?GetInterface@BerconNoise@@UEAAPEAXK@Z 0000000180013ba0 f i BerconNoise.obj
 0001:00012ba0       ?GetInterface@BerconTile@@UEAAPEAXK@Z 0000000180013ba0 f i BerconTile.obj
 0001:00012bb0       ?GetParamBlock@BerconTile@@UEAAPEAVIParamBlock2@@H@Z 0000000180013bb0 f i BerconTile.obj
 0001:00012be0       ?GetParamBlockByID@BerconTile@@UEAAPEAVIParamBlock2@@F@Z 0000000180013be0 f i BerconTile.obj
 0001:00012c80       ?GetSubTexmap@BerconTile@@UEAAPEAVTexmap@@H@Z 0000000180013c80 f i BerconTile.obj
 0001:00012c90       ?GetSubTexmapSlotName@BerconTile@@UEAA?AVWStr@@H@Z 0000000180013c90 f   BerconTile.obj
 0001:00012d80       ?LocalRequirements@BerconTile@@UEAAKH@Z 0000000180013d80 f i BerconTile.obj
 0001:00012da0       ?MappingsRequired@BerconTile@@UEAAXHAEAVBitArray@@0@Z 0000000180013da0 f i BerconTile.obj
 0001:00012dc0       ?NotifyRefChanged@BerconTile@@UEAA?AW4RefResult@@AEBVInterval@@PEAVReferenceTarget@@AEA_KIH@Z 0000000180013dc0 f   BerconTile.obj
 0001:00012eb0       ?NumRefs@BerconTile@@UEAAHXZ 0000000180013eb0 f i BerconTile.obj
 0001:00012ec0       ?NumSubTexmaps@BerconTile@@UEAAHXZ 0000000180013ec0 f i BerconTile.obj
 0001:00012ed0       ?Reset@BerconTile@@UEAAXXZ 0000000180013ed0 f   BerconTile.obj
 0001:000134d0       ?SetDlgThing@BerconTile@@UEAAHPEAVParamDlg@@@Z 00000001800144d0 f   BerconTile.obj
 0001:00013510       ?SetReference@BerconTile@@EEAAXHPEAVReferenceTarget@@@Z 0000000180014510 f   BerconTile.obj
 0001:00013560       ?SetSubTexmap@BerconTile@@UEAAXHPEAVTexmap@@@Z 0000000180014560 f   BerconTile.obj
 0001:00013650       ?SetThing@BerconTileDlgProc@@UEAAXPEAVReferenceTarget@@@Z 0000000180014650 f i BerconTile.obj
 0001:00013680       ?SubAnim@BerconTile@@UEAAPEAVAnimatable@@H@Z 0000000180014680 f   BerconTile.obj
 0001:00013680       ?GetReference@BerconTile@@UEAAPEAVReferenceTarget@@H@Z 0000000180014680 f   BerconTile.obj
 0001:000136d0       ?SubAnimName@BerconTile@@UEAA?AVWStr@@H@Z 00000001800146d0 f   BerconTile.obj
 0001:00013770       ?Update@BerconTile@@UEAAXHAEAVInterval@@@Z 0000000180014770 f   BerconTile.obj
 0001:00013fb0       ?Validity@BerconTile@@UEAA?AVInterval@@H@Z 0000000180014fb0 f   BerconTile.obj
 0001:00014000       ?_Copy@?$basic_string@_WU?$char_traits@_W@std@@V?$allocator@_W@2@@std@@QEAAX_K0@Z 0000000180015000 f i BerconTile.obj
 0001:00014130       ?allocate@?$allocator@_W@std@@QEAAPEA_W_K@Z 0000000180015130 f i BerconTile.obj
 0001:000141b0       ?assign@?$basic_string@_WU?$char_traits@_W@std@@V?$allocator@_W@2@@std@@QEAAAEAV12@AEBV12@_K1@Z 00000001800151b0 f i BerconTile.obj
 0001:000142f0       ?assign@?$basic_string@_WU?$char_traits@_W@std@@V?$allocator@_W@2@@std@@QEAAAEAV12@PEB_W_K@Z 00000001800152f0 f i BerconTile.obj
 0001:00014440       ?checkValues@TileParam@@QEAAXXZ 0000000180015440 f i BerconTile.obj
 0001:00014540       ?deallocate@?$allocator@M@std@@QEAAXPEAM_K@Z 0000000180015540 f i BerconTile.obj
 0001:000145c0       ?deallocate@?$allocator@_W@std@@QEAAXPEA_W_K@Z 00000001800155c0 f i BerconTile.obj
 0001:00014630       ?erase@?$basic_string@_WU?$char_traits@_W@std@@V?$allocator@_W@2@@std@@QEAAAEAV12@_K0@Z 0000000180015630 f i BerconTile.obj
 0001:000146e0       ?getColor@BerconTile@@QEAA?AVAColor@@AEAVShadeContext@@H@Z 00000001800156e0 f i BerconTile.obj
 0001:00014780       ?getDistVector@BerconTile@@QEAA?AVPoint3@@AEAVShadeContext@@@Z 0000000180015780 f   BerconTile.obj
 0001:000148a0       ?getFloat@BerconTile@@QEAAMAEAVShadeContext@@H@Z 00000001800158a0 f i BerconTile.obj
 0001:000148f0       ?getNormal@BerconTile@@QEAA?AVPoint3@@AEAVShadeContext@@H@Z 00000001800158f0 f i BerconTile.obj
 0001:00014960       ?update@TilePattern@@QEAAXXZ 0000000180015960 f i BerconTile.obj
 0001:00014a20       ?Create@BerconWoodClassDesc@@UEAAPEAXH@Z 0000000180015a20 f i BerconWood.obj
 0001:00014a60       ?ClassName@BerconWoodClassDesc@@UEAAPEB_WXZ 0000000180015a60 f i BerconWood.obj
 0001:00014a70       ?ClassID@BerconWood@@UEAA?AVClass_ID@@XZ 0000000180015a70 f i BerconWood.obj
 0001:00014a70       ?ClassID@BerconWoodClassDesc@@UEAA?AVClass_ID@@XZ 0000000180015a70 f i BerconWood.obj
 0001:00014a90       ?InternalName@BerconWoodClassDesc@@UEAAPEB_WXZ 0000000180015a90 f i BerconWood.obj
 0001:00014aa0       ??_EBerconWoodClassDesc@@UEAAPEAXI@Z 0000000180015aa0 f i BerconWood.obj
 0001:00014aa0       ??_GBerconWoodClassDesc@@UEAAPEAXI@Z 0000000180015aa0 f i BerconWood.obj
 0001:00014b00       ??0BerconWood@@QEAA@XZ     0000000180015b00 f   BerconWood.obj
 0001:00014c20       ??1BerconWood@@UEAA@XZ     0000000180015c20 f   BerconWood.obj
 0001:00014c88       ??_EBerconWood@@WEA@EAAPEAXI@Z 0000000180015c88 f i BerconWood.obj
 0001:00014ca0       ??_GBerconWood@@UEAAPEAXI@Z 0000000180015ca0 f i BerconWood.obj
 0001:00014ca0       ??_EBerconWood@@UEAAPEAXI@Z 0000000180015ca0 f i BerconWood.obj
 0001:00014cf0       ??_EBerconWoodDlgProc@@UEAAPEAXI@Z 0000000180015cf0 f i BerconWood.obj
 0001:00014cf0       ??_GBerconWoodDlgProc@@UEAAPEAXI@Z 0000000180015cf0 f i BerconWood.obj
 0001:00014d40       ?ActivateTexDisplay@BerconWood@@UEAAXH@Z 0000000180015d40 f i BerconWood.obj
 0001:00014d70       ?Clone@BerconWood@@UEAAPEAVReferenceTarget@@AEAVRemapDir@@@Z 0000000180015d70 f   BerconWood.obj
 0001:00014ef0       ?CreateParamDlg@BerconWood@@UEAAPEAVParamDlg@@PEAUHWND__@@PEAVIMtlParams@@@Z 0000000180015ef0 f   BerconWood.obj
 0001:00014ff0       ?DiscardTexHandle@BerconWood@@QEAAXXZ 0000000180015ff0 f i BerconWood.obj
 0001:00015020       ?DlgProc@BerconWoodDlgProc@@UEAA_JHPEAVIParamMap2@@PEAUHWND__@@I_K_J@Z 0000000180016020 f   BerconWood.obj
 0001:000151a0       ?EnableStuff@BerconWood@@QEAAXXZ 00000001800161a0 f   BerconWood.obj
 0001:00015350       ?EvalColor@BerconWood@@UEAA?AVAColor@@AEAVShadeContext@@@Z 0000000180016350 f   BerconWood.obj
 0001:000159e0       ?EvalNormalPerturb@BerconWood@@UEAA?AVPoint3@@AEAVShadeContext@@@Z 00000001800169e0 f   BerconWood.obj
 0001:00016430       ?EvalParameters@BerconWood@@QEAA?AVWoodParam@@AEAVShadeContext@@@Z 0000000180017430 f   BerconWood.obj
 0001:00016820       ?GetActiveTexHandle@BerconWood@@UEAA_KHAEAVTexHandleMaker@@@Z 0000000180017820 f   BerconWood.obj
 0001:000168e0       ?GetBerconWoodDesc@@YAPEAVClassDesc2@@XZ 00000001800178e0 f   BerconWood.obj
 0001:000168f0       ?GetClassName@BerconWood@@UEAAXAEAVWStr@@@Z 00000001800178f0 f i BerconWood.obj
 0001:00016918       ?GetInterface@BerconTile@@WJA@EAAPEAXK@Z 0000000180017918 f i BerconTile.obj
 0001:00016918       ?GetInterface@BerconNoise@@WJA@EAAPEAXK@Z 0000000180017918 f i BerconNoise.obj
 0001:00016918       ?GetInterface@BerconGradient@@WJA@EAAPEAXK@Z 0000000180017918 f i BerconGradient.obj
 0001:00016918       ?GetInterface@BerconWood@@WJA@EAAPEAXK@Z 0000000180017918 f i BerconWood.obj
 0001:00016930       ?GetParamBlock@BerconWood@@UEAAPEAVIParamBlock2@@H@Z 0000000180017930 f i BerconWood.obj
 0001:00016960       ?GetParamBlockByID@BerconWood@@UEAAPEAVIParamBlock2@@F@Z 0000000180017960 f i BerconWood.obj
 0001:00016a00       ?GetSubTexmap@BerconWood@@UEAAPEAVTexmap@@H@Z 0000000180017a00 f i BerconWood.obj
 0001:00016a10       ?GetSubTexmapSlotName@BerconWood@@UEAA?AVWStr@@H@Z 0000000180017a10 f   BerconWood.obj
 0001:00016c40       ?LocalRequirements@BerconWood@@UEAAKH@Z 0000000180017c40 f i BerconWood.obj
 0001:00016c60       ?MappingsRequired@BerconWood@@UEAAXHAEAVBitArray@@0@Z 0000000180017c60 f i BerconWood.obj
 0001:00016c80       ?NotifyRefChanged@BerconWood@@UEAA?AW4RefResult@@AEBVInterval@@PEAVReferenceTarget@@AEA_KIH@Z 0000000180017c80 f   BerconWood.obj
 0001:00016d70       ?NumParamBlocks@BerconWood@@UEAAHXZ 0000000180017d70 f i BerconWood.obj
 0001:00016d70       ?NumParamBlocks@BerconNoise@@UEAAHXZ 0000000180017d70 f i BerconNoise.obj
 0001:00016d70       ?NumSubTexmaps@BerconDistortion@@UEAAHXZ 0000000180017d70 f i BerconDistortion.obj
 0001:00016d70       ?NumParamBlocks@BerconTile@@UEAAHXZ 0000000180017d70 f i BerconTile.obj
 0001:00016d70       ?GetTextureTiling@Texmap@@UEAAHXZ 0000000180017d70 f i BerconDistortion.obj
 0001:00016d80       ?NumRefs@BerconWood@@UEAAHXZ 0000000180017d80 f i BerconWood.obj
 0001:00016d90       ?NumSubTexmaps@BerconWood@@UEAAHXZ 0000000180017d90 f i BerconWood.obj
 0001:00016da0       ?Reset@BerconWood@@UEAAXXZ 0000000180017da0 f   BerconWood.obj
 0001:000172d0       ?SetDlgThing@BerconWood@@UEAAHPEAVParamDlg@@@Z 00000001800182d0 f   BerconWood.obj
 0001:00017310       ?SetReference@BerconWood@@EEAAXHPEAVReferenceTarget@@@Z 0000000180018310 f   BerconWood.obj
 0001:00017360       ?SetSubTexmap@BerconWood@@UEAAXHPEAVTexmap@@@Z 0000000180018360 f   BerconWood.obj
 0001:00017450       ?SetThing@BerconWoodDlgProc@@UEAAXPEAVReferenceTarget@@@Z 0000000180018450 f i BerconWood.obj
 0001:00017460       ?SubAnim@BerconWood@@UEAAPEAVAnimatable@@H@Z 0000000180018460 f   BerconWood.obj
 0001:00017460       ?GetReference@BerconWood@@UEAAPEAVReferenceTarget@@H@Z 0000000180018460 f   BerconWood.obj
 0001:000174b0       ?SubAnimName@BerconWood@@UEAA?AVWStr@@H@Z 00000001800184b0 f   BerconWood.obj
 0001:000175a0       ?Update@BerconWood@@UEAAXHAEAVInterval@@@Z 00000001800185a0 f   BerconWood.obj
 0001:00017ba0       ?Validity@BerconWood@@UEAA?AVInterval@@H@Z 0000000180018ba0 f   BerconWood.obj
 0001:00017bf0       ?applyDistortion@BerconWood@@QEAAXAEAVShadeContext@@AEAVPoint3@@@Z 0000000180018bf0 f   BerconWood.obj
 0001:00017d10       ?GetString@@YAPEA_WH@Z     0000000180018d10 f   DllEntry.obj
 0001:00017d60       ?LibClassDesc@@YAPEAVClassDesc@@H@Z 0000000180018d60 f   DllEntry.obj
 0001:00017dd0       ?LibDescription@@YAPEB_WXZ 0000000180018dd0 f   DllEntry.obj
 0001:00017e20       ?LibVersion@@YAKXZ         0000000180018e20 f   DllEntry.obj
 0001:00017e30       CommctrlIsolationAwarePrivatetRgCebPnQQeRff_pbZPgYQP_QYY 0000000180018e30 f i DllEntry.obj
 0001:00017f00       DllMain                    0000000180018f00 f   DllEntry.obj
 0001:00017f60       IsolationAwareInitCommonControls 0000000180018f60 f i DllEntry.obj
 0001:00018050       IsolationAwarePrivatenPgViNgRzlnPgpgk 0000000180019050 f i DllEntry.obj
 0001:000180e0       IsolationAwarePrivatezlybNQyVOeNelJ 00000001800190e0 f i DllEntry.obj
 0001:000180f0       WinbaseIsolationAwarePrivatetRgzlnPgpgk 00000001800190f0 f i DllEntry.obj
 0001:000182b0       ?EnableStuff@BerconXYZ@@AEAAXPEAVIParamBlock2@@H@Z 00000001800192b0 f   BerconCommon.obj
 0001:00018580       ?get@BerconXYZ@@AEAAHAEAVShadeContext@@AEAVPoint3@@11VMatrix3@@PEAH@Z 0000000180019580 f   BerconCommon.obj
 0001:00018a20       ?get@BerconXYZ@@AEAAHAEAVShadeContext@@AEAVPoint3@@VMatrix3@@PEAH@Z 0000000180019a20 f   BerconCommon.obj
 0001:00018c70       ?get@BerconXYZ@@QEAAHAEAVShadeContext@@AEAVPoint3@@11@Z 0000000180019c70 f   BerconCommon.obj
 0001:00018d60       ?get@BerconXYZ@@QEAAHAEAVShadeContext@@AEAVPoint3@@11PEAV3@@Z 0000000180019d60 f   BerconCommon.obj
 0001:00019110       ?get@BerconXYZ@@QEAAHAEAVShadeContext@@AEAVPoint3@@@Z 000000018001a110 f   BerconCommon.obj
 0001:000191e0       ?get@BerconXYZ@@QEAAHAEAVShadeContext@@AEAVPoint3@@PEAV3@@Z 000000018001a1e0 f   BerconCommon.obj
 0001:00019560       ?getBasis@BerconXYZ@@AEAAXVMatrix3@@PEAVPoint3@@@Z 000000018001a560 f   BerconCommon.obj
 0001:00019710       ?random@BerconXYZ@@AEAA?AVMatrix3@@AEAVShadeContext@@PEAV2@@Z 000000018001a710 f   BerconCommon.obj
 0001:00019a20       ?reset@BerconXYZ@@QEAAXPEAVIParamBlock2@@AEAVInterval@@HHHH@Z 000000018001aa20 f   BerconCommon.obj
 0001:00019dc0       ?seedRandomGen@BerconXYZ@@AEAAXAEAVShadeContext@@@Z 000000018001adc0 f   BerconCommon.obj
 0001:0001a1f0       ?update@BerconXYZ@@QEAAXPEAVIParamBlock2@@HAEAVInterval@@@Z 000000018001b1f0 f   BerconCommon.obj
 0001:0001a710       ?update@BerconXYZ@@QEAAXXZ 000000018001b710 f   BerconCommon.obj
 0001:0001a8b0       ?Create@BerconNoiseClassDesc@@UEAAPEAXH@Z 000000018001b8b0 f i BerconNoise.obj
 0001:0001a8f0       ?ClassName@BerconNoiseClassDesc@@UEAAPEB_WXZ 000000018001b8f0 f i BerconNoise.obj
 0001:0001a900       ?ClassID@BerconNoiseClassDesc@@UEAA?AVClass_ID@@XZ 000000018001b900 f i BerconNoise.obj
 0001:0001a900       ?ClassID@BerconNoise@@UEAA?AVClass_ID@@XZ 000000018001b900 f i BerconNoise.obj
 0001:0001a920       ?InternalName@BerconNoiseClassDesc@@UEAAPEB_WXZ 000000018001b920 f i BerconNoise.obj
 0001:0001a930       ??_GBerconNoiseClassDesc@@UEAAPEAXI@Z 000000018001b930 f i BerconNoise.obj
 0001:0001a930       ??_EBerconNoiseClassDesc@@UEAAPEAXI@Z 000000018001b930 f i BerconNoise.obj
 0001:0001a990       ??0BerconNoise@@QEAA@XZ    000000018001b990 f   BerconNoise.obj
 0001:0001ab40       ??1BerconNoise@@UEAA@XZ    000000018001bb40 f   BerconNoise.obj
 0001:0001aba8       ??_EBerconNoise@@WEA@EAAPEAXI@Z 000000018001bba8 f i BerconNoise.obj
 0001:0001abc0       ??_GBerconNoise@@UEAAPEAXI@Z 000000018001bbc0 f i BerconNoise.obj
 0001:0001abc0       ??_EBerconNoise@@UEAAPEAXI@Z 000000018001bbc0 f i BerconNoise.obj
 0001:0001ac10       ??_GBerconNoiseDlgProc@@UEAAPEAXI@Z 000000018001bc10 f i BerconNoise.obj
 0001:0001ac10       ??_EBerconNoiseDlgProc@@UEAAPEAXI@Z 000000018001bc10 f i BerconNoise.obj
 0001:0001ac60       ?ActivateTexDisplay@BerconNoise@@UEAAXH@Z 000000018001bc60 f i BerconNoise.obj
 0001:0001ac90       ?Clone@BerconNoise@@UEAAPEAVReferenceTarget@@AEAVRemapDir@@@Z 000000018001bc90 f   BerconNoise.obj
 0001:0001ae30       ?CreateParamDlg@BerconNoise@@UEAAPEAVParamDlg@@PEAUHWND__@@PEAVIMtlParams@@@Z 000000018001be30 f   BerconNoise.obj
 0001:0001af30       ?DeleteThis@BerconWoodDlgProc@@UEAAXXZ 000000018001bf30 f i BerconWood.obj
 0001:0001af30       ?DeleteThis@BerconGradient@@UEAAXXZ 000000018001bf30 f i BerconGradient.obj
 0001:0001af30       ?DeleteThis@BerconXYZDlgProc@@UEAAXXZ 000000018001bf30 f i BerconDistortion.obj
 0001:0001af30       ?DeleteThis@BerconDistortion@@UEAAXXZ 000000018001bf30 f i BerconDistortion.obj
 0001:0001af30       ?DeleteThis@BerconTile@@UEAAXXZ 000000018001bf30 f i BerconTile.obj
 0001:0001af30       ?DeleteThis@BerconWood@@UEAAXXZ 000000018001bf30 f i BerconWood.obj
 0001:0001af30       ?DeleteThis@BerconTileDlgProc@@UEAAXXZ 000000018001bf30 f i BerconTile.obj
 0001:0001af30       ?DeleteThis@BerconNoise@@UEAAXXZ 000000018001bf30 f i BerconNoise.obj
 0001:0001af30       ?DeleteThis@BerconNoiseDlgProc@@UEAAXXZ 000000018001bf30 f i BerconNoise.obj
 0001:0001af30       ?DeleteThis@BerconGradientDlgProc@@UEAAXXZ 000000018001bf30 f i BerconGradient.obj
 0001:0001af50       ?DiscardTexHandle@BerconNoise@@QEAAXXZ 000000018001bf50 f i BerconNoise.obj
 0001:0001af80       ?DlgProc@BerconNoiseDlgProc@@UEAA_JHPEAVIParamMap2@@PEAUHWND__@@I_K_J@Z 000000018001bf80 f   BerconNoise.obj
 0001:0001b4b0       ?EnableStuff@BerconNoise@@QEAAXXZ 000000018001c4b0 f   BerconNoise.obj
 0001:0001b7d0       ?EvalColor@BerconNoise@@UEAA?AVAColor@@AEAVShadeContext@@@Z 000000018001c7d0 f   BerconNoise.obj
 0001:0001bc60       ?EvalNormalPerturb@BerconNoise@@UEAA?AVPoint3@@AEAVShadeContext@@@Z 000000018001cc60 f   BerconNoise.obj
 0001:0001c210       ?EvalParameters@BerconNoise@@QEAA?AVNoiseParams@@PEAVShadeContext@@@Z 000000018001d210 f   BerconNoise.obj
 0001:0001c600       ?GetActiveTexHandle@BerconNoise@@UEAA_KHAEAVTexHandleMaker@@@Z 000000018001d600 f   BerconNoise.obj
 0001:0001c6c0       ?GetBerconNoiseDesc@@YAPEAVClassDesc2@@XZ 000000018001d6c0 f   BerconNoise.obj
 0001:0001c6d0       ?GetClassName@BerconNoise@@UEAAXAEAVWStr@@@Z 000000018001d6d0 f i BerconNoise.obj
 0001:0001c700       ?GetParamBlock@BerconNoise@@UEAAPEAVIParamBlock2@@H@Z 000000018001d700 f i BerconNoise.obj
 0001:0001c730       ?GetParamBlockByID@BerconNoise@@UEAAPEAVIParamBlock2@@F@Z 000000018001d730 f i BerconNoise.obj
 0001:0001c7d0       ?GetReference@BerconNoise@@UEAAPEAVReferenceTarget@@H@Z 000000018001d7d0 f   BerconNoise.obj
 0001:0001c7d0       ?SubAnim@BerconNoise@@UEAAPEAVAnimatable@@H@Z 000000018001d7d0 f   BerconNoise.obj
 0001:0001c820       ?GetSubTexmap@BerconNoise@@UEAAPEAVTexmap@@H@Z 000000018001d820 f i BerconNoise.obj
 0001:0001c830       ?GetSubTexmapSlotName@BerconNoise@@UEAA?AVWStr@@H@Z 000000018001d830 f   BerconNoise.obj
 0001:0001ca10       ?IsKeySelected@Animatable@@UEAAHH@Z 000000018001da10 f i BerconDistortion.obj
 0001:0001ca10       ?IsKeyAtTime@Animatable@@UEAAHHK@Z 000000018001da10 f i BerconDistortion.obj
 0001:0001ca10       ?CanPasteSubTrack@Animatable@@UEAAHHPEAVTrackClipObject@@VInterval@@K@Z 000000018001da10 f i BerconDistortion.obj
 0001:0001ca10       ?DebugFile@BerconSC@@UEAAPEAU_iobuf@@XZ 000000018001da10 f i BerconDistortion.obj
 0001:0001ca10       ?NeedsToSave@ClassDesc@@UEAAHXZ 000000018001da10 f i BerconDistortion.obj
 0001:0001ca10       ?CanManipulateNode@ClassDesc@@UEAAHPEAVINode@@@Z 000000018001da10 f i BerconDistortion.obj
 0001:0001ca10       ?GetTheXYZGen@BerconNoise@@UEAAPEAVXYZGen@@XZ 000000018001da10 f i BerconNoise.obj
 0001:0001ca10       ?IsSubCurveSelected@Animatable@@UEAAHH@Z 000000018001da10 f i BerconDistortion.obj
 0001:0001ca10       ?CreateQtWidget@ClassDesc2@@UEAAPEAVQMaxParamBlockWidget@MaxSDK@@AEAVReferenceMaker@@AEAVIParamBlock2@@FAEAVWStr@@AEAH3@Z 000000018001da10 f i BerconDistortion.obj
 0001:0001ca10       ?CanPasteTrack@Animatable@@UEAAHPEAVTrackClipObject@@VInterval@@K@Z 000000018001da10 f i BerconDistortion.obj
 0001:0001ca10       ?Execute@ICustomControl@@UEAA_JH_K00@Z 000000018001da10 f i BerconGradient.obj
 0001:0001ca10       ?GetActionTable@ClassDesc@@UEAAPEAVActionTable@@H@Z 000000018001da10 f i BerconDistortion.obj
 0001:0001ca10       ?GetAAFilterKernel@RenderGlobalContext@@UEAAPEAVFilterKernel@@XZ 000000018001da10 f i BerconDistortion.obj
 0001:0001ca10       ?Node@ShadeContext@@UEAAPEAVINode@@XZ 000000018001da10 f i BerconDistortion.obj
 0001:0001ca10       ?TrackViewWinProc@Animatable@@UEAA_JPEAUHWND__@@I_K_J@Z 000000018001da10 f i BerconDistortion.obj
 0001:0001ca10       __scrt_stub_for_is_c_termination_complete 000000018001da10 f i MSVCRT:ucrt_stubs.obj
 0001:0001ca10       ?GetTheXYZGen@Texmap@@UEAAPEAVXYZGen@@XZ 000000018001da10 f i BerconDistortion.obj
 0001:0001ca10       ?GetNSuperSample@ShadeContext@@UEAAHXZ 000000018001da10 f i BerconDistortion.obj
 0001:0001ca10       ?RenderEnd@Animatable@@UEAAHH@Z 000000018001da10 f i BerconDistortion.obj
 0001:0001ca10       ?EndCreate@ClassDesc@@UEAAHPEAVInterface@@@Z 000000018001da10 f i BerconDistortion.obj
 0001:0001ca10       ?IntersectWorld@RenderGlobalContext@@UEAAHAEAVRay@@HAEAUISect@@AEAVISectList@@H@Z 000000018001da10 f i BerconDistortion.obj
 0001:0001ca10       ?IsMultiMtl@MtlBase@@UEAAHXZ 000000018001da10 f i BerconDistortion.obj
 0001:0001ca10       ?Execute@RenderGlobalContext@@UEAA_JH_K00@Z 000000018001da10 f i BerconDistortion.obj
 0001:0001ca10       ?SetKeyBufferPresent@Animatable@@UEAAHXZ 000000018001da10 f i BerconDistortion.obj
 0001:0001ca10       ?GetViewParams@RenderGlobalContext@@UEAAPEAVViewParams@@XZ 000000018001da10 f i BerconDistortion.obj
 0001:0001ca10       ?GetEvalObject@ShadeContext@@UEAAPEAVObject@@XZ 000000018001da10 f i BerconDistortion.obj
 0001:0001ca10       ?IsTextureSuperSampleOn@ShadeContext@@UEAAHXZ 000000018001da10 f i BerconDistortion.obj
 0001:0001ca10       ?InvisibleProperty@Animatable@@UEAAHXZ 000000018001da10 f i BerconDistortion.obj
 0001:0001ca10       ?PaintSubFCurves@Animatable@@UEAAHHPEAVParamDimensionBase@@PEAUHDC__@@AEAVBox2@@2MHMHK@Z 000000018001da10 f i BerconDistortion.obj
 0001:0001ca10       ?CreateManipulator@ClassDesc@@UEAAPEAVManipulator@@PEAVReferenceTarget@@PEAVINode@@@Z 000000018001da10 f i BerconDistortion.obj
 0001:0001ca10       ?NumActionTables@ClassDesc@@UEAAHXZ 000000018001da10 f i BerconDistortion.obj
 0001:0001ca10       ?GetKeyTime@Animatable@@UEAAHH@Z 000000018001da10 f i BerconDistortion.obj
 0001:0001ca10       ?Execute@ShadeContext@@UEAA_JH_K00@Z 000000018001da10 f i BerconDistortion.obj
 0001:0001ca10       ?BypassTreeView@Animatable@@UEAAHXZ 000000018001da10 f i BerconDistortion.obj
 0001:0001ca10       ?IsCurveSelected@Animatable@@UEAAHXZ 000000018001da10 f i BerconDistortion.obj
 0001:0001ca10       ?CanCopySubTrack@Animatable@@UEAAHHVInterval@@K@Z 000000018001da10 f i BerconDistortion.obj
 0001:0001ca10       ?NumChildren@Animatable@@UEAAHXZ 000000018001da10 f i BerconDistortion.obj
 0001:0001ca10       ?CopySubTrack@Animatable@@UEAAPEAVTrackClipObject@@HVInterval@@K@Z 000000018001da10 f i BerconDistortion.obj
 0001:0001ca10       ?GetUVWSource@Texmap@@UEAAHXZ 000000018001da10 f i BerconDistortion.obj
 0001:0001ca10       ?ChildAnim@Animatable@@UEAAPEAV1@H@Z 000000018001da10 f i BerconDistortion.obj
 0001:0001ca10       ?CopyTrack@Animatable@@UEAAPEAVTrackClipObject@@VInterval@@K@Z 000000018001da10 f i BerconDistortion.obj
 0001:0001ca10       ?SupportTimeOperations@Animatable@@UEAAHXZ 000000018001da10 f i BerconDistortion.obj
 0001:0001ca10       ?Execute@IGradient@@UEAA_JH_K00@Z 000000018001da10 f i BerconGradient.obj
 0001:0001ca10       ?GetTheUVGen@Texmap@@UEAAPEAVUVGen@@XZ 000000018001da10 f i BerconDistortion.obj
 0001:0001ca10       ?CreateManipulator@ClassDesc@@UEAAPEAVManipulator@@PEAVINode@@@Z 000000018001da10 f i BerconDistortion.obj
 0001:0001ca10       ?GetNextKeyTime@Animatable@@UEAAHHKAEAH@Z 000000018001da10 f i BerconDistortion.obj
 0001:0001ca10       ?AssignController@Animatable@@UEAAHPEAV1@H@Z 000000018001da10 f i BerconDistortion.obj
 0001:0001ca10       ?CanDeleteSubAnim@Animatable@@UEAAHH@Z 000000018001da10 f i BerconDistortion.obj
 0001:0001ca10       ?BeginCreate@ClassDesc@@UEAAHPEAVInterface@@@Z 000000018001da10 f i BerconDistortion.obj
 0001:0001ca10       ?BumpBasisVectors@ShadeContext@@UEAAHQEAVPoint3@@HH@Z 000000018001da10 f i BerconDistortion.obj
 0001:0001ca10       ?NumSelKeys@Animatable@@UEAAHXZ 000000018001da10 f i BerconDistortion.obj
 0001:0001ca10       ?BypassPropertyLevel@Animatable@@UEAAHXZ 000000018001da10 f i BerconDistortion.obj
 0001:0001ca10       ?SelectSubAnim@Animatable@@UEAAHH@Z 000000018001da10 f i BerconDistortion.obj
 0001:0001ca10       ?ShouldPersistWeakRef@ReferenceMaker@@UEAAHPEAVReferenceTarget@@@Z 000000018001da10 f i BerconDistortion.obj
 0001:0001ca10       ?CanManipulate@ClassDesc@@UEAAHPEAVReferenceTarget@@@Z 000000018001da10 f i BerconDistortion.obj
 0001:0001ca10       ?IsSuperSampleOn@ShadeContext@@UEAAHXZ 000000018001da10 f i BerconDistortion.obj
 0001:0001ca10       ?GetParamMap@ClassDesc@@UEAAPEAVIParamMap2@@PEAVParamBlockDesc2@@@Z 000000018001da10 f i BerconDistortion.obj
 0001:0001ca10       ?GetUserDlgProc@ClassDesc@@UEAAPEAVParamMap2UserDlgProc@@PEAVParamBlockDesc2@@@Z 000000018001da10 f i BerconDistortion.obj
 0001:0001ca10       ?HandleOwnViewPerturb@Texmap@@UEAAHXZ 000000018001da10 f i BerconDistortion.obj
 0001:0001ca10       ?TrackParamsType@Animatable@@UEAAHXZ 000000018001da10 f i BerconDistortion.obj
 0001:0001ca10       ?IsManipulator@ClassDesc@@UEAAHXZ 000000018001da10 f i BerconDistortion.obj
 0001:0001ca10       ?GetCache@ShadeContext@@UEAAHPEAVTexmap@@AEAM@Z 000000018001da10 f i BerconDistortion.obj
 0001:0001ca10       ?RenderBegin@Animatable@@UEAAHHK@Z 000000018001da10 f i BerconDistortion.obj
 0001:0001ca10       ?GetCache@ShadeContext@@UEAAHPEAVTexmap@@AEAVPoint3@@@Z 000000018001da10 f i BerconDistortion.obj
 0001:0001ca10       ?GetCache@ShadeContext@@UEAAHPEAVTexmap@@AEAVAColor@@@Z 000000018001da10 f i BerconDistortion.obj
 0001:0001ca10       ?GetFCurveExtents@Animatable@@UEAAHPEAVParamDimensionBase@@AEAM1K@Z 000000018001da10 f i BerconDistortion.obj
 0001:0001ca10       ?GetKeyTimes@Animatable@@UEAAHAEAV?$Tab@H@@VInterval@@K@Z 000000018001da10 f i BerconDistortion.obj
 0001:0001ca10       ?DebugFile@ShadeContext@@UEAAPEAU_iobuf@@XZ 000000018001da10 f i BerconDistortion.obj
 0001:0001ca10       ?SetSelKeyCoordsExpr@Animatable@@UEAAHPEAVParamDimension@@PEB_W1K@Z 000000018001da10 f i BerconDistortion.obj
 0001:0001ca10       ?GetKeySelState@Animatable@@UEAAHAEAVBitArray@@VInterval@@K@Z 000000018001da10 f i BerconDistortion.obj
 0001:0001ca10       ?SetDlgThing@BerconDistortion@@UEAAHPEAVParamDlg@@@Z 000000018001da10 f i BerconDistortion.obj
 0001:0001ca10       ?Save@ClassDesc@@UEAA?AW4IOResult@@PEAVISave@@@Z 000000018001da10 f i BerconDistortion.obj
 0001:0001ca10       ?Load@ClassDesc@@UEAA?AW4IOResult@@PEAVILoad@@@Z 000000018001da10 f i BerconDistortion.obj
 0001:0001ca10       ?Antialias@ShadeContext@@UEAAHXZ 000000018001da10 f i BerconDistortion.obj
 0001:0001ca10       ?HasClassParams@ClassDesc@@UEAAHXZ 000000018001da10 f i BerconDistortion.obj
 0001:0001ca10       ?Execute@ClassDesc@@UEAA_JH_K00@Z 000000018001da10 f i BerconDistortion.obj
 0001:0001ca10       ?GetSubFCurveExtents@Animatable@@UEAAHHPEAVParamDimensionBase@@AEAM1K@Z 000000018001da10 f i BerconDistortion.obj
 0001:0001ca10       ?SupportsMultiMapsInViewport@MtlBase@@UEAAHXZ 000000018001da10 f i BerconDistortion.obj
 0001:0001ca10       ?SetCustomImageList@ResourceMakerCallback@@UEAAHAEAPEAU_IMAGELIST@@PEAVICurveCtl@@@Z 000000018001da10 f i BerconGradient.obj
 0001:0001ca10       ?PaintFCurves@Animatable@@UEAAHPEAVParamDimensionBase@@PEAUHDC__@@AEAVBox2@@2MHMHK@Z 000000018001da10 f i BerconDistortion.obj
 0001:0001ca10       ?NumRenderInstances@RenderGlobalContext@@UEAAHXZ 000000018001da10 f i BerconDistortion.obj
 0001:0001ca10       ?ProjType@ShadeContext@@UEAAHXZ 000000018001da10 f i BerconDistortion.obj
 0001:0001ca10       ?CanCopyTrack@Animatable@@UEAAHVInterval@@K@Z 000000018001da10 f i BerconDistortion.obj
 0001:0001ca10       ?GetToolTip@ResourceMakerCallback@@UEAAHHAEAVWStr@@PEAVICurveCtl@@@Z 000000018001da10 f i BerconGradient.obj
 0001:0001ca10       ?IsHighDynamicRange@Texmap@@UEBAHXZ 000000018001da10 f i BerconDistortion.obj
 0001:0001ca10       _is_c_termination_complete 000000018001da10 f i MSVCRT:ucrt_stubs.obj
 0001:0001ca10       ?DebugFile@RenderGlobalContext@@UEAAPEAU_iobuf@@XZ 000000018001da10 f i BerconDistortion.obj
 0001:0001ca10       ?GetRenderInstance@RenderGlobalContext@@UEAAPEAVRenderInstance@@H@Z 000000018001da10 f i BerconDistortion.obj
 0001:0001ca20       ?LocalRequirements@BerconNoise@@UEAAKH@Z 000000018001da20 f i BerconNoise.obj
 0001:0001ca40       ?MappingsRequired@BerconNoise@@UEAAXHAEAVBitArray@@0@Z 000000018001da40 f i BerconNoise.obj
 0001:0001ca60       ?NotifyRefChanged@BerconNoise@@UEAA?AW4RefResult@@AEBVInterval@@PEAVReferenceTarget@@AEA_KIH@Z 000000018001da60 f   BerconNoise.obj
 0001:0001cb70       ?NumRefs@BerconNoise@@UEAAHXZ 000000018001db70 f i BerconNoise.obj
 0001:0001cb80       ?NumSubTexmaps@BerconNoise@@UEAAHXZ 000000018001db80 f i BerconNoise.obj
 0001:0001cb90       ?Reset@BerconNoise@@UEAAXXZ 000000018001db90 f   BerconNoise.obj
 0001:0001d030       ?SetDlgThing@BerconNoise@@UEAAHPEAVParamDlg@@@Z 000000018001e030 f   BerconNoise.obj
 0001:0001d070       ?SetReference@BerconNoise@@EEAAXHPEAVReferenceTarget@@@Z 000000018001e070 f   BerconNoise.obj
 0001:0001d0c0       ?SetSubTexmap@BerconNoise@@UEAAXHPEAVTexmap@@@Z 000000018001e0c0 f   BerconNoise.obj
 0001:0001d190       ?SetThing@BerconNoiseDlgProc@@UEAAXPEAVReferenceTarget@@@Z 000000018001e190 f i BerconNoise.obj
 0001:0001d1a0       ?SubAnimName@BerconNoise@@UEAA?AVWStr@@H@Z 000000018001e1a0 f   BerconNoise.obj
 0001:0001d290       ?Update@BerconNoise@@UEAAXHAEAVInterval@@@Z 000000018001e290 f   BerconNoise.obj
 0001:0001d820       ?Validity@BerconNoise@@UEAA?AVInterval@@H@Z 000000018001e820 f   BerconNoise.obj
 0001:0001d870       ?applyDistortion@BerconNoise@@QEAAXAEAVShadeContext@@AEAVPoint3@@@Z 000000018001e870 f   BerconNoise.obj
 0001:0001d990       ?fBm@Fractal@@SAMVPoint3@@AEAVNoiseParams@@@Z 000000018001e990 f   fractal.obj
 0001:0001daf0       ?fBm@Fractal@@SAMVPoint3@@MAEAVNoiseParams@@@Z 000000018001eaf0 f   fractal.obj
 0001:0001dc70       ?fBm@Fractal@@SAMVPoint3@@MMM@Z 000000018001ec70 f   fractal.obj
 0001:0001ddb0       ?fBmTurb@Fractal@@SAMVPoint3@@AEAVNoiseParams@@@Z 000000018001edb0 f   fractal.obj
 0001:0001df30       ?fBmTurb@Fractal@@SAMVPoint3@@MAEAVNoiseParams@@@Z 000000018001ef30 f   fractal.obj
 0001:0001e0e0       ?fractal@Fractal@@SAMVPoint3@@AEAVNoiseParams@@@Z 000000018001f0e0 f   fractal.obj
 0001:0001e220       ?fractal@Fractal@@SAMVPoint3@@MAEAVNoiseParams@@@Z 000000018001f220 f   fractal.obj
 0001:0001e380       ?grain@Fractal@@SAMVPoint3@@MM@Z 000000018001f380 f   fractal.obj
 0001:0001e420       ?heteroTerrain@Fractal@@SAMVPoint3@@AEAVNoiseParams@@@Z 000000018001f420 f   fractal.obj
 0001:0001e5e0       ?hybridMultiFractal@Fractal@@SAMVPoint3@@AEAVNoiseParams@@@Z 000000018001f5e0 f   fractal.obj
 0001:0001e800       ?hybridMultiFractal@Fractal@@SAMVPoint3@@MAEAVNoiseParams@@@Z 000000018001f800 f   fractal.obj
 0001:0001ea60       ?ridgedMultiFractal@Fractal@@SAMVPoint3@@AEAVNoiseParams@@@Z 000000018001fa60 f   fractal.obj
 0001:0001ec10       ?ridgedMultiFractal@Fractal@@SAMVPoint3@@MAEAVNoiseParams@@@Z 000000018001fc10 f   fractal.obj
 0001:0001ede0       ?turbulence@Fractal@@SAMVPoint3@@AEAVNoiseParams@@@Z 000000018001fde0 f   fractal.obj
 0001:0001ef40       ?turbulence@Fractal@@SAMVPoint3@@MAEAVNoiseParams@@@Z 000000018001ff40 f   fractal.obj
 0001:0001f0d0       ?addKey@GradientRamp@@QEAAXHMVAColor@@PEAVTexmap@@@Z 00000001800200d0 f   GradientRamp.obj
 0001:0001f2f0       ?dragging@GradientRamp@@QEAAXHH_N00@Z 00000001800202f0 f   GradientRamp.obj
 0001:0001f360       ?getBump@GradientRamp@@QEAA?AVPoint3@@MV2@AEAVShadeContext@@@Z 0000000180020360 f   GradientRamp.obj
 0001:0001f710       ?getColor@GradientRamp@@QEAA?AVAColor@@M@Z 0000000180020710 f   GradientRamp.obj
 0001:0001f930       ?getColor@GradientRamp@@QEAA?AVAColor@@MAEAVShadeContext@@@Z 0000000180020930 f   GradientRamp.obj
 0001:0001fc20       ?getSubtex@GradientRamp@@QEAAPEAVTexmap@@H@Z 0000000180020c20 f   GradientRamp.obj
 0001:0001fcb0       ?interpolate@GradientRamp@@QEAAMMMM@Z 0000000180020cb0 f   GradientRamp.obj
 0001:0001fd10       ?invalidate@GradientRamp@@QEAAXXZ 0000000180020d10 f   GradientRamp.obj
 0001:0001fd30       ?leftDown@GradientRamp@@QEAAXHH_N00@Z 0000000180020d30 f   GradientRamp.obj
 0001:0001fdc0       ?leftUp@GradientRamp@@QEAAXHH_N00@Z 0000000180020dc0 f   GradientRamp.obj
[...]
 0004:00001a04       $pdata$?draw@Tile@@SA?AVTilePoint@@VPoint3@@AEAVTileParam@@@Z 0000000180040a04     tile.obj
 0004:00001a10       $pdata$?drawTile@Tile@@CA?AVTilePoint@@VPoint3@@QEAMAEAVTileParam@@HH@Z 0000000180040a10     tile.obj
 0004:00001a1c       $pdata$1$?drawTile@Tile@@CA?AVTilePoint@@VPoint3@@QEAMAEAVTileParam@@HH@Z 0000000180040a1c     tile.obj
 0004:00001a28       $pdata$2$?drawTile@Tile@@CA?AVTilePoint@@VPoint3@@QEAMAEAVTileParam@@HH@Z 0000000180040a28     tile.obj
 0004:00001a34       $pdata$?find_first_not_of@?$basic_string@_WU?$char_traits@_W@std@@V?$allocator@_W@2@@std@@QEBA_KAEBV12@_K@Z 0000000180040a34     tile.obj
 0004:00001a40       $pdata$?find_first_of@?$basic_string@_WU?$char_traits@_W@std@@V?$allocator@_W@2@@std@@QEBA_KAEBV12@_K@Z 0000000180040a40     tile.obj
 0004:00001a4c       $pdata$?getAngle@@YAMHM@Z  0000000180040a4c     tile.obj
 0004:00001a58       $pdata$?overflow@?$basic_stringbuf@_WU?$char_traits@_W@std@@V?$allocator@_W@2@@std@@MEAAGG@Z 0000000180040a58     tile.obj
 0004:00001a64       $pdata$0$?overflow@?$basic_stringbuf@_WU?$char_traits@_W@std@@V?$allocator@_W@2@@std@@MEAAGG@Z 0000000180040a64     tile.obj
 0004:00001a70       $pdata$2$?overflow@?$basic_stringbuf@_WU?$char_traits@_W@std@@V?$allocator@_W@2@@std@@MEAAGG@Z 0000000180040a70     tile.obj
 0004:00001a7c       $pdata$5$?overflow@?$basic_stringbuf@_WU?$char_traits@_W@std@@V?$allocator@_W@2@@std@@MEAAGG@Z 0000000180040a7c     tile.obj
 0004:00001a88       $pdata$11$?overflow@?$basic_stringbuf@_WU?$char_traits@_W@std@@V?$allocator@_W@2@@std@@MEAAGG@Z 0000000180040a88     tile.obj
 0004:00001a94       $pdata$12$?overflow@?$basic_stringbuf@_WU?$char_traits@_W@std@@V?$allocator@_W@2@@std@@MEAAGG@Z 0000000180040a94     tile.obj
 0004:00001aa0       $pdata$?parsePattern@@YAHV?$basic_string@_WU?$char_traits@_W@std@@V?$allocator@_W@2@@std@@PEAVTilePattern@@@Z 0000000180040aa0     tile.obj
 0004:00001aac       $pdata$?pat_herring@Tile@@CA?AVTilePoint@@VPoint3@@AEAVTileParam@@@Z 0000000180040aac     tile.obj
 0004:00001ab8       $pdata$?pat_xBond@Tile@@CA?AVTilePoint@@VPoint3@@AEAVTileParam@@@Z 0000000180040ab8     tile.obj
 0004:00001ac4       $pdata$0$?pat_xBond@Tile@@CA?AVTilePoint@@VPoint3@@AEAVTileParam@@@Z 0000000180040ac4     tile.obj
 0004:00001ad0       $pdata$1$?pat_xBond@Tile@@CA?AVTilePoint@@VPoint3@@AEAVTileParam@@@Z 0000000180040ad0     tile.obj
 0004:00001adc       $pdata$?rowcol@@YAHAEAM0AEAHMMAEAV?$vector@MV?$allocator@M@std@@@std@@MMM@Z 0000000180040adc     tile.obj
 0004:00001ae8       $pdata$5$?rowcol@@YAHAEAM0AEAHMMAEAV?$vector@MV?$allocator@M@std@@@std@@MMM@Z 0000000180040ae8     tile.obj
 0004:00001af4       $pdata$6$?rowcol@@YAHAEAM0AEAHMMAEAV?$vector@MV?$allocator@M@std@@@std@@MMM@Z 0000000180040af4     tile.obj
 0004:00001b00       $pdata$?seekoff@?$basic_stringbuf@_WU?$char_traits@_W@std@@V?$allocator@_W@2@@std@@MEAA?AV?$fpos@U_Mbstatet@@@2@_JHH@Z 0000000180040b00     tile.obj
 0004:00001b0c       $pdata$?seekpos@?$basic_stringbuf@_WU?$char_traits@_W@std@@V?$allocator@_W@2@@std@@MEAA?AV?$fpos@U_Mbstatet@@@2@V32@H@Z 0000000180040b0c     tile.obj
 0004:00001b18       $pdata$?setPattern@TilePattern@@QEAAXV?$basic_string@_WU?$char_traits@_W@std@@V?$allocator@_W@2@@std@@@Z 0000000180040b18     tile.obj
 0004:00001b24       $pdata$?setPreset@TilePattern@@QEAAXH@Z 0000000180040b24     tile.obj
 0004:00001b30       $pdata$?substr@?$basic_string@_WU?$char_traits@_W@std@@V?$allocator@_W@2@@std@@QEBA?AV12@_K0@Z 0000000180040b30     tile.obj
 0004:00001b3c       $pdata$?tokenize@@YAXAEBV?$basic_string@_WU?$char_traits@_W@std@@V?$allocator@_W@2@@std@@AEAV?$vector@V?$basic_string@_WU?$char_traits@_W@std@@V?$allocator@_W@2@@std@@V?$allocator@V?$basic_string@_WU?$char_traits@_W@std@@V?$allocator@_W@2@@std@@@2@@2@0@Z 0000000180040b3c     tile.obj
 0004:00001b48       $pdata$?uvMapping@Tile@@CAXAEAVTilePoint@@VPoint3@@QEAMAEAVTileParam@@H@Z 0000000180040b48     tile.obj
 0004:00001b54       $pdata$?add@Worley@@CAXJJJQEBNHPEANH@Z 0000000180040b54     worley.obj
 0004:00001b60       $pdata$11$?add@Worley@@CAXJJJQEBNHPEANH@Z 0000000180040b60     worley.obj
 0004:00001b6c       $pdata$12$?add@Worley@@CAXJJJQEBNHPEANH@Z 0000000180040b6c     worley.obj
 0004:00001b78       $pdata$13$?add@Worley@@CAXJJJQEBNHPEANH@Z 0000000180040b78     worley.obj
 0004:00001b84       $pdata$?noise@Worley@@SAXQEBNHPEANH@Z 0000000180040b84     worley.obj
 0004:00001b90       $pdata$??_Gtype_info@@UEAAPEAXI@Z 0000000180040b90     MSVCRT:std_type_info_static.obj
 0004:00001b9c       $pdata$__scrt_acquire_startup_lock 0000000180040b9c     MSVCRT:utility.obj
 0004:00001ba8       $pdata$__scrt_dllmain_after_initialize_c 0000000180040ba8     MSVCRT:utility.obj
 0004:00001bb4       $pdata$__scrt_dllmain_before_initialize_c 0000000180040bb4     MSVCRT:utility.obj
 0004:00001bc0       $pdata$__scrt_dllmain_crt_thread_attach 0000000180040bc0     MSVCRT:utility.obj
 0004:00001bcc       $pdata$__scrt_dllmain_crt_thread_detach 0000000180040bcc     MSVCRT:utility.obj
 0004:00001bd8       $pdata$__scrt_dllmain_exception_filter 0000000180040bd8     MSVCRT:utility.obj
 0004:00001be4       $pdata$__scrt_dllmain_uninitialize_c 0000000180040be4     MSVCRT:utility.obj
 0004:00001bf0       $pdata$__scrt_dllmain_uninitialize_critical 0000000180040bf0     MSVCRT:utility.obj
 0004:00001bfc       $pdata$__scrt_initialize_crt 0000000180040bfc     MSVCRT:utility.obj
 0004:00001c08       $pdata$__scrt_initialize_onexit_tables 0000000180040c08     MSVCRT:utility.obj
 0004:00001c14       $pdata$__scrt_is_nonwritable_in_current_image 0000000180040c14     MSVCRT:utility.obj
 0004:00001c20       $pdata$__scrt_release_startup_lock 0000000180040c20     MSVCRT:utility.obj
 0004:00001c2c       $pdata$__scrt_uninitialize_crt 0000000180040c2c     MSVCRT:utility.obj
 0004:00001c38       $pdata$_onexit             0000000180040c38     MSVCRT:utility.obj
 0004:00001c44       $pdata$atexit              0000000180040c44     MSVCRT:utility.obj
 0004:00001c50       $pdata$??2@YAPEAX_K@Z      0000000180040c50     MSVCRT:new_scalar.obj
 0004:00001c68       $pdata$?dllmain_crt_dispatch@@YAHQEAUHINSTANCE__@@KQEAX@Z 0000000180040c68     MSVCRT:dll_dllmain.obj
 0004:00001c74       $pdata$?dllmain_crt_process_attach@@YAHQEAUHINSTANCE__@@QEAX@Z 0000000180040c74     MSVCRT:dll_dllmain.obj
 0004:00001c80       $pdata$?dllmain_crt_process_detach@@YAH_N@Z 0000000180040c80     MSVCRT:dll_dllmain.obj
 0004:00001c8c       $pdata$?dllmain_dispatch@@YAHQEAUHINSTANCE__@@KQEAX@Z 0000000180040c8c     MSVCRT:dll_dllmain.obj
 0004:00001c98       $pdata$?dllmain_raw@@YAHQEAUHINSTANCE__@@KQEAX@Z 0000000180040c98     MSVCRT:dll_dllmain.obj
 0004:00001ca4       $pdata$_DllMainCRTStartup  0000000180040ca4     MSVCRT:dll_dllmain.obj
 0004:00001cb0       $pdata$__isa_available_init 0000000180040cb0     MSVCRT:_cpu_disp_.obj
 0004:00001cbc       $pdata$__scrt_fastfail     0000000180040cbc     MSVCRT:utility_desktop.obj
 0004:00001cc8       $pdata$??0bad_alloc@std@@QEAA@AEBV01@@Z 0000000180040cc8     MSVCRT:throw_bad_alloc.obj
 0004:00001cd4       $pdata$??0bad_array_new_length@std@@QEAA@AEBV01@@Z 0000000180040cd4     MSVCRT:throw_bad_alloc.obj
 0004:00001ce0       $pdata$??0exception@std@@QEAA@AEBV01@@Z 0000000180040ce0     MSVCRT:throw_bad_alloc.obj
 0004:00001cec       $pdata$??_Gexception@std@@UEAAPEAXI@Z 0000000180040cec     MSVCRT:throw_bad_alloc.obj
 0004:00001cec       $pdata$??_Gbad_array_new_length@std@@UEAAPEAXI@Z 0000000180040cec     MSVCRT:throw_bad_alloc.obj
 0004:00001cec       $pdata$??_Gbad_alloc@std@@UEAAPEAXI@Z 0000000180040cec     MSVCRT:throw_bad_alloc.obj
 0004:00001cf8       $pdata$?__scrt_throw_std_bad_alloc@@YAXXZ 0000000180040cf8     MSVCRT:throw_bad_alloc.obj
 0004:00001d04       $pdata$?__scrt_throw_std_bad_array_new_length@@YAXXZ 0000000180040d04     MSVCRT:throw_bad_alloc.obj
 0004:00001d10       $pdata$__security_init_cookie 0000000180040d10     MSVCRT:gs_support.obj
 0004:00001d1c       $pdata$__scrt_initialize_default_local_stdio_options 0000000180040d1c     MSVCRT:default_local_stdio_options.obj
 0004:00001d28       $pdata$_RTC_Initialize     0000000180040d28     MSVCRT:_initsect_.obj
 0004:00001d34       $pdata$_RTC_Terminate      0000000180040d34     MSVCRT:_initsect_.obj
 0004:00001d4c       $pdata$?dtor$1@?0???0BerconGradient@@QEAA@XZ@4HA 0000000180040d4c     BerconGradient.obj
 0004:00001d58       $pdata$?dtor$0@?0??GetSubTexmapSlotName@BerconGradient@@UEAA?AVWStr@@H@Z@4HA 0000000180040d58     BerconGradient.obj
 0004:00001d64       $pdata$?catch$1@?0??_Copy@?$basic_string@_WU?$char_traits@_W@std@@V?$allocator@_W@2@@std@@QEAAX_K0@Z@4HA 0000000180040d64     BerconTile.obj
 0004:00001d70       $pdata$?catch$0@?0??_Copy@?$basic_string@_WU?$char_traits@_W@std@@V?$allocator@_W@2@@std@@QEAAX_K0@Z@4HA 0000000180040d70     BerconTile.obj
 0004:00001d7c       $pdata$?dtor$0@?0??SubAnimName@BerconTile@@UEAA?AVWStr@@H@Z@4HA 0000000180040d7c     BerconTile.obj
 0004:00001d7c       $pdata$?dtor$0@?0??GetSubTexmapSlotName@BerconTile@@UEAA?AVWStr@@H@Z@4HA 0000000180040d7c     BerconTile.obj
 0004:00001d7c       $pdata$?dtor$0@?0??GetSubTexmapSlotName@BerconDistortion@@UEAA?AVWStr@@H@Z@4HA 0000000180040d7c     BerconDistortion.obj
 0004:00001d7c       $pdata$?dtor$0@?0??SubAnimName@BerconDistortion@@UEAA?AVWStr@@H@Z@4HA 0000000180040d7c     BerconDistortion.obj
 0004:00001d7c       $pdata$?dtor$0@?0??SubAnimName@BerconNoise@@UEAA?AVWStr@@H@Z@4HA 0000000180040d7c     BerconNoise.obj
 0004:00001d7c       $pdata$?dtor$0@?0??SubAnimName@BerconWood@@UEAA?AVWStr@@H@Z@4HA 0000000180040d7c     BerconWood.obj
 0004:00001d7c       $pdata$?dtor$0@?0??GetSubTexmapSlotName@BerconWood@@UEAA?AVWStr@@H@Z@4HA 0000000180040d7c     BerconWood.obj
 0004:00001d7c       $pdata$?dtor$0@?0??SubAnimName@BerconGradient@@UEAA?AVWStr@@H@Z@4HA 0000000180040d7c     BerconGradient.obj
 0004:00001d7c       $pdata$?dtor$0@?0??GetSubTexmapSlotName@BerconNoise@@UEAA?AVWStr@@H@Z@4HA 0000000180040d7c     BerconNoise.obj
 0004:00001d88       $pdata$CommctrlIsolationAwarePrivatetRgCebPnQQeRff_pbZPgYQP_QYY$fin$0 0000000180040d88     DllEntry.obj
 0004:00001d94       $pdata$IsolationAwareInitCommonControls$fin$0 0000000180040d94     DllEntry.obj
 0004:00001da0       $pdata$WinbaseIsolationAwarePrivatetRgzlnPgpgk$fin$0 0000000180040da0     DllEntry.obj
 0004:00001dac       $pdata$IsolationAwareRegisterClassExW$fin$0 0000000180040dac     IGradient.obj
 0004:00001db8       $pdata$?catch$0@?0???$_Uninitialized_move_al_unchecked1@PEAV?$basic_string@_WU?$char_traits@_W@std@@V?$allocator@_W@2@@std@@PEAV12@V?$allocator@V?$basic_string@_WU?$char_traits@_W@std@@V?$allocator@_W@2@@std@@@2@@std@@YAPEAV?$basic_string@_WU?$char_traits@_W@std@@V?$allocator@_W@2@@0@PEAV10@00AEAU?$_Wrap_alloc@V?$allocator@V?$basic_string@_WU?$char_traits@_W@std@@V?$allocator@_W@2@@std@@@std@@@0@U_General_ptr_iterator_tag@0@U_Any_tag@0@@Z@4HA 0000000180040db8     tile.obj
 0004:00001dc4       $pdata$?catch$1@?0???$_Uninitialized_move_al_unchecked1@PEAVTileRow@@PEAV1@V?$allocator@VTileRow@@@std@@@std@@YAPEAVTileRow@@PEAV1@00AEAU?$_Wrap_alloc@V?$allocator@VTileRow@@@std@@@0@U_General_ptr_iterator_tag@0@U_Any_tag@0@@Z@4HA 0000000180040dc4     tile.obj
 0004:00001dd0       $pdata$?catch$0@?0???0?$vector@MV?$allocator@M@std@@@std@@QEAA@AEBV01@@Z@4HA 0000000180040dd0     tile.obj
 0004:00001ddc       $pdata$?catch$0@?0??_Reallocate@?$vector@MV?$allocator@M@std@@@std@@IEAAX_K@Z@4HA 0000000180040ddc     tile.obj
 0004:00001de8       $pdata$?catch$0@?0??_Reallocate@?$vector@V?$basic_string@_WU?$char_traits@_W@std@@V?$allocator@_W@2@@std@@V?$allocator@V?$basic_string@_WU?$char_traits@_W@std@@V?$allocator@_W@2@@std@@@2@@std@@IEAAX_K@Z@4HA 0000000180040de8     tile.obj
 0004:00001df4       $pdata$?catch$0@?0??_Reallocate@?$vector@VTileRow@@V?$allocator@VTileRow@@@std@@@std@@IEAAX_K@Z@4HA 0000000180040df4     tile.obj
 0004:00001e00       $pdata$?dtor$9@?0??parsePattern@@YAHV?$basic_string@_WU?$char_traits@_W@std@@V?$allocator@_W@2@@std@@PEAVTilePattern@@@Z@4HA 0000000180040e00     tile.obj
 0004:00001e0c       $pdata$?dtor$13@?0??parsePattern@@YAHV?$basic_string@_WU?$char_traits@_W@std@@V?$allocator@_W@2@@std@@PEAVTilePattern@@@Z@4HA 0000000180040e0c     tile.obj
 0004:00001e18       $pdata$?dtor$18@?0??parsePattern@@YAHV?$basic_string@_WU?$char_traits@_W@std@@V?$allocator@_W@2@@std@@PEAVTilePattern@@@Z@4HA 0000000180040e18     tile.obj
 0004:00001e24       $pdata$?dtor$26@?0??parsePattern@@YAHV?$basic_string@_WU?$char_traits@_W@std@@V?$allocator@_W@2@@std@@PEAVTilePattern@@@Z@4HA 0000000180040e24     tile.obj
 0004:00001e30       $pdata$?dtor$28@?0??parsePattern@@YAHV?$basic_string@_WU?$char_traits@_W@std@@V?$allocator@_W@2@@std@@PEAVTilePattern@@@Z@4HA 0000000180040e30     tile.obj
 0004:00001e3c       $pdata$?dtor$0@?0??substr@?$basic_string@_WU?$char_traits@_W@std@@V?$allocator@_W@2@@std@@QEBA?AV12@_K0@Z@4HA 0000000180040e3c     tile.obj
 0004:00001e48       $pdata$__scrt_is_nonwritable_in_current_image$filt$0 0000000180040e48     MSVCRT:utility.obj
 0004:00001e54       $pdata$?fin$0@?0??dllmain_crt_process_attach@@YAHQEAUHINSTANCE__@@QEAX@Z@4HA 0000000180040e54     MSVCRT:dll_dllmain.obj
 0004:00001e60       $pdata$?fin$0@?0??dllmain_crt_process_detach@@YAH_N@Z@4HA 0000000180040e60     MSVCRT:dll_dllmain.obj
 0004:00001e6c       $pdata$?filt$0@?0??dllmain_dispatch@@YAHQEAUHINSTANCE__@@KQEAX@Z@4HA 0000000180040e6c     MSVCRT:dll_dllmain.obj
 0004:00001e78       $pdata$??__FBerconDistortionDesc@@YAXXZ 0000000180040e78     BerconDistortion.obj
 0004:00001e84       $pdata$??__Fxyz_blk@@YAXXZ 0000000180040e84     BerconDistortion.obj
 0004:00001e90       $pdata$??__FBerconGradientDesc@@YAXXZ 0000000180040e90     BerconGradient.obj
 0004:00001e9c       $pdata$??__Fxyz_blk@@YAXXZ 0000000180040e9c     BerconGradient.obj
 0004:00001ea8       $pdata$??__FBerconTileDesc@@YAXXZ 0000000180040ea8     BerconTile.obj
 0004:00001eb4       $pdata$??__Fxyz_blk@@YAXXZ 0000000180040eb4     BerconTile.obj
 0004:00001ec0       $pdata$??__FBerconWoodDesc@@YAXXZ 0000000180040ec0     BerconWood.obj
 0004:00001ecc       $pdata$??__Fxyz_blk@@YAXXZ 0000000180040ecc     BerconWood.obj
 0004:00001ed8       $pdata$??__FBerconNoiseDesc@@YAXXZ 0000000180040ed8     BerconNoise.obj
 0004:00001ee4       $pdata$??__Fxyz_blk@@YAXXZ 0000000180040ee4     BerconNoise.obj
 0005:00000000       __guard_fids__             0000000180041000     MSVCRT:std_type_info_static.obj
 0005:00000004       __guard_fids_?dllmain_crt_process_attach@@YAHQEAUHINSTANCE__@@QEAX@Z 0000000180041004     MSVCRT:dll_dllmain.obj
 0005:0000000c       __guard_fids_?dllmain_dispatch@@YAHQEAUHINSTANCE__@@KQEAX@Z 000000018004100c     MSVCRT:dll_dllmain.obj
 0005:00000010       __guard_fids__             0000000180041010     MSVCRT:throw_bad_alloc.obj
 0005:00000018       __guard_fids__             0000000180041018     MSVCRT:throw_bad_alloc.obj
 0005:00000020       __guard_fids__             0000000180041020     MSVCRT:throw_bad_alloc.obj
 0005:00000028       __guard_fids__             0000000180041028     MSVCRT:guard_support.obj
 0006:000009b0       $R000000                   00000001800429b0     BerconNoise.res
 0006:00000a68       $R0000B8                   0000000180042a68     BerconNoise.res
 0006:00000a98       $R0000E8                   0000000180042a98     BerconNoise.res
 0006:00000b40       $R000190                   0000000180042b40     BerconNoise.res
 0006:00000cd0       $R000320                   0000000180042cd0     BerconNoise.res
 0006:00000d78       $R0003C8                   0000000180042d78     BerconNoise.res
 0006:00000e20       $R000470                   0000000180042e20     BerconNoise.res
 0006:00000f10       $R000560                   0000000180042f10     BerconNoise.res
 0006:00000fb8       $R000608                   0000000180042fb8     BerconNoise.res
 0006:00001e20       $R001470                   0000000180043e20     BerconNoise.res
 0006:000030b0       $R002700                   00000001800450b0     BerconNoise.res
 0006:00004888       $R003ED8                   0000000180046888     BerconNoise.res
 0006:00005290       $R0048E0                   0000000180047290     BerconNoise.res
 0006:000054d8       $R004B28                   00000001800474d8     BerconNoise.res
 0006:00005650       $R004CA0                   0000000180047650     BerconNoise.res
 0006:00005e40       $R005490                   0000000180047e40     BerconNoise.res
 0006:00006a40       $R006090                   0000000180048a40     BerconNoise.res
 0006:00007b98       $R0071E8                   0000000180049b98     BerconNoise.res
 0006:00008d00       $R008350                   000000018004ad00     BerconNoise.res
 0006:00009cb8       $R009308                   000000018004bcb8     BerconNoise.res
 0006:0000ad50       $R00A3A0                   000000018004cd50     BerconNoise.res
 0006:0000b6d0       $R00AD20                   000000018004d6d0     BerconNoise.res
 0006:0000b6d8       $R00AD28                   000000018004d6d8     BerconNoise.res
 0006:0000b6e0       $R00AD30                   000000018004d6e0     BerconNoise.res
 0006:0000b6e8       $R00AD38                   000000018004d6e8     BerconNoise.res
 0006:0000b7a8       $R00ADF8                   000000018004d7a8     BerconNoise.res
 0006:000188f0       $R017F40                   000000018005a8f0     BerconNoise.res
 0006:00018a68       $R0180B8                   000000018005aa68     BerconNoise.res
 0006:00018ad0       $R018120                   000000018005aad0     BerconNoise.res
 0006:00018c38       $R018288                   000000018005ac38     BerconNoise.res
 0006:00018c88       $R0182D8                   000000018005ac88     BerconNoise.res
 0006:00018e50       $R0184A0                   000000018005ae50     BerconNoise.res
 0006:00019028       $R018678                   000000018005b028     BerconNoise.res
 0006:00019200       $R018850                   000000018005b200     BerconNoise.res
 0006:00019300       $R018950                   000000018005b300     BerconNoise.res
 0006:000193d0       $R018A20                   000000018005b3d0     BerconNoise.res
 0006:000194f8       $R018B48                   000000018005b4f8     BerconNoise.res
 0006:000195f8       $R018C48                   000000018005b5f8     BerconNoise.res
 0006:00019770       $R018DC0                   000000018005b770     BerconNoise.res
 0006:000198f0       $R018F40                   000000018005b8f0     BerconNoise.res
 0006:00019aa0       $R0190F0                   000000018005baa0     BerconNoise.res
 0006:00019b80       $R0191D0                   000000018005bb80     BerconNoise.res
 0006:00019cc0       $R019310                   000000018005bcc0     BerconNoise.res
 0006:00019e38       $R019488                   000000018005be38     BerconNoise.res
 0006:0001a048       $R019698                   000000018005c048     BerconNoise.res
 0006:0001a200       $R019850                   000000018005c200     BerconNoise.res
 0006:0001a318       $R019968                   000000018005c318     BerconNoise.res

 Exports

  ordinal    name

        1    ?LibDescription@@YAPEB_WXZ (wchar_t const * __cdecl LibDescription(void))
               exported name: LibDescription
        2    ?LibNumberClasses@@YAHXZ (int __cdecl LibNumberClasses(void))
               exported name: LibNumberClasses
        3    ?LibClassDesc@@YAPEAVClassDesc@@H@Z (class ClassDesc * __cdecl LibClassDesc(int))
               exported name: LibClassDesc
        4    ?LibVersion@@YAKXZ (unsigned long __cdecl LibVersion(void))
               exported name: LibVersion
        5    ??0VertexNormalsControl@@QEAA@XZ (public: __cdecl VertexNormalsControl::VertexNormalsControl(void))
        6    ?LibInitialize@@YAHXZ (int __cdecl LibInitialize(void))
        7    ?LibShutdown@@YAHXZ (int __cdecl LibShutdown(void))
